'vswhere.exe' is not recognized as an internal or external command,
operable program or batch file.
k=60 p=0.5 T=8 beta=0.1 w_max=20.0 brains=16
  n=  1000  kp=30.0 vs floor 3ln n=20.7  IN REGIME
  n=  2000  kp=30.0 vs floor 3ln n=22.8  IN REGIME
  n=  4000  kp=30.0 vs floor 3ln n=24.9  IN REGIME
  n=  8000  kp=30.0 vs floor 3ln n=27.0  IN REGIME
    B n= 1000 M=   8  rank1 0.125 pw/chance   6.68  distinct 0.969  fill 0.460  gated 0.000
    B n= 1000 M=  16  rank1 0.062 pw/chance  10.86  distinct 0.539  fill 0.673  gated 0.000
    B n= 1000 M=  32  rank1 0.031 pw/chance  13.51  distinct 0.270  fill 0.873  gated 0.000
    B n= 1000 M=  64  rank1 0.020 pw/chance  14.96  distinct 0.135  fill 0.980  gated 0.000
    B n= 1000 M= 128  rank1 0.016 pw/chance  15.90  distinct 0.067  fill 0.999  gated 0.000
    B n= 1000 M= 256  rank1 0.000 pw/chance  16.24  distinct 0.034  fill 1.000  gated 0.000
    B n= 1000  CEILING M* = 8.0  bracket [8, 8)  interior 0  [CLIFF: no interior point, m_star is interpolation only]  fill@max 1.000  CENSORED
    B n= 2000 M=   8  rank1 1.000 pw/chance   1.73  distinct 1.000  fill 0.290  gated 1.000
    B n= 2000 M=  16  rank1 0.773 pw/chance   2.58  distinct 1.000  fill 0.484  gated 0.000
    B n= 2000 M=  32  rank1 0.031 pw/chance   9.26  distinct 0.752  fill 0.698  gated 0.000
    B n= 2000 M=  64  rank1 0.010 pw/chance  20.07  distinct 0.376  fill 0.889  gated 0.000
    B n= 2000 M= 128  rank1 0.010 pw/chance  25.83  distinct 0.188  fill 0.982  gated 0.000
    B n= 2000 M= 256  rank1 0.008 pw/chance  29.32  distinct 0.094  fill 0.999  gated 0.000
    B n= 2000  CEILING M* = 11.3  bracket [8, 16)  interior 0  [CLIFF: no interior point, m_star is interpolation only]  fill@max 0.999  CENSORED
    B n= 4000 M=   8  rank1 1.000 pw/chance   1.26  distinct 1.000  fill 0.165  gated 1.000
    B n= 4000 M=  16  rank1 1.000 pw/chance   1.34  distinct 1.000  fill 0.302  gated 1.000
    B n= 4000 M=  32  rank1 1.000 pw/chance   1.39  distinct 1.000  fill 0.501  gated 1.000
    B n= 4000 M=  64  rank1 0.764 pw/chance   1.89  distinct 0.999  fill 0.734  gated 0.764
    B n= 4000 M= 128  rank1 0.004 pw/chance  16.19  distinct 0.617  fill 0.908  gated 0.000
    B n= 4000 M= 256  rank1 0.006 pw/chance  40.75  distinct 0.309  fill 0.987  gated 0.000
    B n= 4000  CEILING M* = 81.3  bracket [64, 128)  interior 1  [UNRESOLVED: bracket is 2.00x, refine before quoting m_star]  fill@max 0.987  CENSORED
    B n= 8000 M=   8  rank1 1.000 pw/chance   1.35  distinct 1.000  fill 0.090  gated 1.000
    B n= 8000 M=  16  rank1 1.000 pw/chance   1.19  distinct 1.000  fill 0.170  gated 1.000
    B n= 8000 M=  32  rank1 1.000 pw/chance   1.24  distinct 1.000  fill 0.309  gated 1.000
    B n= 8000 M=  64  rank1 1.000 pw/chance   1.23  distinct 1.000  fill 0.517  gated 1.000
    B n= 8000 M= 128  rank1 1.000 pw/chance   1.28  distinct 1.000  fill 0.756  gated 1.000
    B n= 8000 M= 256  rank1 0.945 pw/chance   1.39  distinct 1.000  fill 0.930  gated 0.945
    B n= 8000  CEILING M* >= 256 (CENSORED: curve never crossed)  fill@max 0.930  ok
    G n= 1000 M=   8  rank1 1.000 pw/chance   1.34  distinct 1.000  fill 0.496  gated 1.000
    G n= 1000 M=  16  rank1 0.859 pw/chance   1.39  distinct 1.000  fill 0.736  gated 0.859
    G n= 1000 M=  32  rank1 0.316 pw/chance   2.21  distinct 0.975  fill 0.919  gated 0.316
    G n= 1000 M=  64  rank1 0.119 pw/chance   4.58  distinct 0.717  fill 0.991  gated 0.000
    G n= 1000 M= 128  rank1 0.043 pw/chance   5.35  distinct 0.555  fill 1.000  gated 0.000
    G n= 1000 M= 256  rank1 0.010 pw/chance   4.67  distinct 0.633  fill 1.000  gated 0.000
    G n= 1000  CEILING M* = 25.3  bracket [16, 32)  interior 2  [UNRESOLVED: bracket is 2.00x, refine before quoting m_star]  fill@max 1.000  CENSORED
    G n= 2000 M=   8  rank1 1.000 pw/chance   1.27  distinct 1.000  fill 0.296  gated 1.000
    G n= 2000 M=  16  rank1 1.000 pw/chance   1.22  distinct 1.000  fill 0.500  gated 1.000
    G n= 2000 M=  32  rank1 1.000 pw/chance   1.19  distinct 1.000  fill 0.742  gated 1.000
    G n= 2000 M=  64  rank1 0.830 pw/chance   1.31  distinct 1.000  fill 0.928  gated 0.830
    G n= 2000 M= 128  rank1 0.166 pw/chance   4.02  distinct 0.813  fill 0.991  gated 0.000
    G n= 2000 M= 256  rank1 0.020 pw/chance  10.41  distinct 0.621  fill 1.000  gated 0.000
    G n= 2000  CEILING M* = 84.3  bracket [64, 128)  interior 1  [UNRESOLVED: bracket is 2.00x, refine before quoting m_star]  fill@max 1.000  CENSORED
    G n= 4000 M=   8  rank1 1.000 pw/chance   1.03  distinct 1.000  fill 0.166  gated 1.000
    G n= 4000 M=  16  rank1 1.000 pw/chance   1.10  distinct 1.000  fill 0.305  gated 1.000
    G n= 4000 M=  32  rank1 1.000 pw/chance   1.16  distinct 1.000  fill 0.510  gated 1.000
    G n= 4000 M=  64  rank1 1.000 pw/chance   1.18  distinct 1.000  fill 0.752  gated 1.000
    G n= 4000 M= 128  rank1 1.000 pw/chance   1.18  distinct 1.000  fill 0.932  gated 1.000
    G n= 4000 M= 256  rank1 0.459 pw/chance   2.20  distinct 0.979  fill 0.994  gated 0.459
    G n= 4000  CEILING M* = 242.9  bracket [128, 256)  interior 1  [UNRESOLVED: bracket is 2.00x, refine before quoting m_star]  fill@max 0.994  CENSORED
Traceback (most recent call last):
  File "F:\Github\assemblies\research\experiments\seq_capacity_scaling.py", line 258, in <module>
    main()
  File "F:\Github\assemblies\research\experiments\seq_capacity_scaling.py", line 209, in main
    cells = run_cell(n, arm, max(ms), nb, rng)
            ^^^^^^^^^^^^^^^^^^^^^^^^^^^^^^^^^^
  File "F:\Github\assemblies\research\experiments\seq_capacity_scaling.py", line 107, in run_cell
    res = batched_project_hashed(
          ^^^^^^^^^^^^^^^^^^^^^^^
  File "F:\Github\assemblies\neural_assemblies\core\torch_engine\_batched.py", line 467, in batched_project_hashed
    raise RuntimeError(
RuntimeError: synaptic_scaling would cross w_max=20.0 (bound 20.04 at round 4): column scaling and the clip do not commute, so the factored form is no longer exact. Re-run with w_max=None or fewer rounds.
