'vswhere.exe' is not recognized as an internal or external command,
operable program or batch file.
k=60 p=0.5 T=8 beta=0.1 w_max=20.0 brains=16
  n=  4000 k=  60 kp=30.0 vs floor 3ln n=24.9  IN REGIME   k*k/n=0.90
  n=  8000 k= 120 kp=60.0 vs floor 3ln n=27.0  IN REGIME   k*k/n=1.80
  n= 16000 k= 240 kp=120.0 vs floor 3ln n=29.0  IN REGIME   k*k/n=3.60
    B n= 4000 M=  32  rank1 1.000 pw/chance   1.35  distinct 1.000  fill 0.501  gated 1.000
    B n= 4000 M=  48  rank1 1.000 pw/chance   1.45  distinct 1.000  fill 0.641  gated 1.000
    B n= 4000 M=  64  rank1 1.000 pw/chance   1.47  distinct 1.000  fill 0.736  gated 1.000
    B n= 4000 M=  72  rank1 0.932 pw/chance   1.58  distinct 1.000  fill 0.772  gated 0.932
    B n= 4000 M=  80  rank1 0.805 pw/chance   1.73  distinct 1.000  fill 0.804  gated 0.805
    B n= 4000 M=  88  rank1 0.518 pw/chance   2.00  distinct 0.999  fill 0.830  gated 0.518
    B n= 4000 M=  96  rank1 0.355 pw/chance   2.99  distinct 0.989  fill 0.852  gated 0.000
    B n= 4000 M= 128  rank1 0.004 pw/chance   8.82  distinct 0.834  fill 0.912  gated 0.000
    B n= 4000 k=  60  CEILING M* = 88.3  bracket [88, 96)  interior 2  fill@M* 0.831  M*k/n 1.324  ok
    B n= 8000 M=  32  rank1 1.000 pw/chance   1.39  distinct 1.000  fill 0.469  gated 1.000
    B n= 8000 M=  48  rank1 1.000 pw/chance   1.40  distinct 1.000  fill 0.606  gated 1.000
    B n= 8000 M=  64  rank1 1.000 pw/chance   1.48  distinct 1.000  fill 0.704  gated 1.000
    B n= 8000 M=  72  rank1 1.000 pw/chance   1.51  distinct 1.000  fill 0.743  gated 1.000
    B n= 8000 M=  80  rank1 1.000 pw/chance   1.55  distinct 1.000  fill 0.777  gated 1.000
    B n= 8000 M=  88  rank1 1.000 pw/chance   1.69  distinct 1.000  fill 0.805  gated 1.000
    B n= 8000 M=  96  rank1 0.049 pw/chance   2.25  distinct 1.000  fill 0.828  gated 0.049
    B n= 8000 M= 128  rank1 0.008 pw/chance   9.12  distinct 0.799  fill 0.893  gated 0.000
    B n= 8000 k= 120  CEILING M* = 92.1  bracket [88, 96)  interior 0  [CLIFF: no interior point, m_star is interpolation only]  fill@M* 0.817  M*k/n 1.382  ok
    B n=16000 M=  32  rank1 1.000 pw/chance   1.33  distinct 1.000  fill 0.440  gated 1.000
    B n=16000 M=  48  rank1 1.000 pw/chance   1.38  distinct 1.000  fill 0.575  gated 1.000
    B n=16000 M=  64  rank1 1.000 pw/chance   1.50  distinct 1.000  fill 0.674  gated 1.000
    B n=16000 M=  72  rank1 1.000 pw/chance   1.64  distinct 1.000  fill 0.714  gated 1.000
    B n=16000 M=  80  rank1 0.748 pw/chance   1.90  distinct 1.000  fill 0.749  gated 0.748
    B n=16000 M=  88  rank1 0.139 pw/chance   2.48  distinct 0.993  fill 0.778  gated 0.139
    B n=16000 M=  96  rank1 0.012 pw/chance   4.31  distinct 0.956  fill 0.803  gated 0.000
    B n=16000 M= 128  rank1 0.016 pw/chance  12.95  distinct 0.718  fill 0.878  gated 0.000
    B n=16000 k= 240  CEILING M* = 83.2  bracket [80, 88)  interior 2  fill@M* 0.761  M*k/n 1.247  ok

  elapsed 424.0s

--- CAP2: fit log M* = a + b log n over UNCENSORED n ---
    B: only 2 uncensored supported n -- NOT ANSWERED at this k, p. No line is fitted.
  wrote F:\Github\assemblies\research\experiments\capacity_scaling_results.json
