'vswhere.exe' is not recognized as an internal or external command,
operable program or batch file.
k=sqrt(n) p=0.5 T=8 beta=0.1 w_max=20.0 brains=16
  n=  4000 k=  63 kp=31.5 vs floor 3ln n=24.9  IN REGIME   k*k/n=0.99
  n=  8000 k=  89 kp=44.5 vs floor 3ln n=27.0  IN REGIME   k*k/n=0.99
  n= 16000 k= 126 kp=63.0 vs floor 3ln n=29.0  IN REGIME   k*k/n=0.99
    B n= 4000 M=  32  rank1 1.000 pw/chance   1.39  distinct 1.000  fill 0.513  gated 1.000
    B n= 4000 M=  64  rank1 0.426 pw/chance   2.17  distinct 1.000  fill 0.743  gated 0.426
    B n= 4000 M= 128  rank1 0.016 pw/chance  18.15  distinct 0.565  fill 0.911  gated 0.000
    B n= 4000 M= 192  rank1 0.002 pw/chance  31.34  distinct 0.377  fill 0.966  gated 0.000
    B n= 4000 M= 256  rank1 0.008 pw/chance  39.06  distinct 0.282  fill 0.986  gated 0.000
    B n= 4000 M= 384  rank1 0.000 pw/chance  46.36  distinct 0.188  fill 0.997  gated 0.000
    B n= 4000 M= 512  rank1 0.000 pw/chance  45.74  distinct 0.141  fill 1.000  gated 0.000
    B n= 4000 k=  63  CEILING M* = 58.5  bracket [32, 64)  interior 1  [UNRESOLVED: bracket is 2.00x, refine before quoting m_star]  fill@M* 0.714  M*k/n 0.922  ok
    B n= 8000 M=  32  rank1 1.000 pw/chance   1.27  distinct 1.000  fill 0.395  gated 1.000
    B n= 8000 M=  64  rank1 1.000 pw/chance   1.28  distinct 1.000  fill 0.624  gated 1.000
    B n= 8000 M= 128  rank1 0.777 pw/chance   1.43  distinct 1.000  fill 0.846  gated 0.777
    B n= 8000 M= 192  rank1 0.004 pw/chance   9.82  distinct 0.786  fill 0.927  gated 0.000
    B n= 8000 M= 256  rank1 0.006 pw/chance  18.56  distinct 0.589  fill 0.965  gated 0.000
    B n= 8000 M= 384  rank1 0.006 pw/chance  41.11  distinct 0.393  fill 0.991  gated 0.000
    B n= 8000 M= 512  rank1 0.002 pw/chance  44.99  distinct 0.295  fill 0.998  gated 0.000
    B n= 8000 k=  89  CEILING M* = 147.9  bracket [128, 192)  interior 1  [UNRESOLVED: bracket is 1.50x, refine before quoting m_star]  fill@M* 0.875  M*k/n 1.646  ok
    B n=16000  UNMEASURABLE: k-WTA candidate set overflowed (1551 candidates) -- the drive is too flat for the histogram to narrow. Refusing to return a truncated winner set.

  elapsed 54.0s

--- CAP2: fit log M* = a + b log n over UNCENSORED n ---
    B: only 2 uncensored supported n -- NOT ANSWERED at this k, p. No line is fitted.
  wrote F:\Github\assemblies\research\experiments\capacity_scaling_results.json
