cell (10000, 75, 0.48), tau 67; beta 0.36474; kp 36.0; sigma/kp 0.120

U = 10 (V 347); decomposition error (max relative) 1.5e-06
  step  n(alive)  on-frac | correct: on_b on_L off_b off_L = sum | rival: on_b on_L off_b off_L = sum | field: on_b off_b learn
      1    600  0.493  | 0.733 0.380 0.000 0.000 = 1.113 | 0.643 0.152 0.000 0.000 = 0.795 | 0.603 0.000 0.052
      2    600  0.768  | 0.622 0.313 0.155 0.013 = 1.104 | 0.532 0.081 0.160 0.022 = 0.795 | 0.512 0.155 0.058
    3-4   1200  0.875  | 0.698 0.351 0.082 0.007 = 1.138 | 0.597 0.087 0.084 0.009 = 0.777 | 0.574 0.082 0.057
    5-8   2400  0.952  | 0.749 0.376 0.031 0.003 = 1.160 | 0.640 0.096 0.032 0.003 = 0.770 | 0.616 0.031 0.056
   9-15   4200  0.960  | 0.755 0.379 0.026 0.002 = 1.161 | 0.645 0.097 0.026 0.002 = 0.771 | 0.621 0.026 0.056

U = 40 (V 87); decomposition error (max relative) 1.2e-06
  step  n(alive)  on-frac | correct: on_b on_L off_b off_L = sum | rival: on_b on_L off_b off_L = sum | field: on_b off_b learn
      1    600  0.493  | 0.685 0.449 0.000 0.000 = 1.135 | 0.610 0.315 0.000 0.000 = 0.925 | 0.562 0.000 0.051
      2    543  0.706  | 0.532 0.290 0.172 0.021 = 1.016 | 0.459 0.129 0.186 0.219 = 0.992 | 0.437 0.172 0.056
    3-4    840  0.757  | 0.589 0.306 0.152 0.015 = 1.063 | 0.499 0.090 0.163 0.126 = 0.878 | 0.483 0.152 0.058
    5-8   1324  0.826  | 0.642 0.332 0.112 0.011 = 1.097 | 0.544 0.101 0.121 0.073 = 0.839 | 0.526 0.112 0.057
   9-15   1798  0.865  | 0.671 0.348 0.087 0.008 = 1.115 | 0.571 0.110 0.093 0.042 = 0.816 | 0.551 0.087 0.057

U = 50 (V 69); decomposition error (max relative) 9.1e-07
  step  n(alive)  on-frac | correct: on_b on_L off_b off_L = sum | rival: on_b on_L off_b off_L = sum | field: on_b off_b learn
      1    600  0.493  | 0.635 0.475 0.000 0.000 = 1.109 | 0.561 0.426 0.000 0.000 = 0.987 | 0.520 0.000 0.050
      2    401  0.646  | 0.440 0.262 0.174 0.027 = 0.902 | 0.377 0.162 0.191 0.393 = 1.123 | 0.360 0.174 0.053
    3-4    387  0.632  | 0.465 0.243 0.211 0.023 = 0.942 | 0.388 0.070 0.231 0.370 = 1.059 | 0.381 0.212 0.057
    5-8    237  0.653  | 0.497 0.259 0.215 0.022 = 0.994 | 0.416 0.073 0.236 0.251 = 0.977 | 0.408 0.215 0.059
   9-15     96  0.705  | 0.543 0.285 0.189 0.018 = 1.035 | 0.457 0.084 0.205 0.150 = 0.897 | 0.445 0.190 0.058
