
U = 40 (M 217, L 3472)
  brain  rel | first capture (token, % of writing) | captured share by write decile | largest cluster | replay of sequences written before / after the first capture
  980  0.60 |   none        | 0.000 0.000 0.000 0.000 0.000 0.000 0.000 0.000 0.000 0.000 |   1 | nan / nan
  981  0.96 |   none        | 0.000 0.000 0.000 0.000 0.000 0.000 0.000 0.000 0.000 0.000 |   0 | nan / nan
  982  0.00 |  2756 (79.4%) | 0.000 0.000 0.000 0.000 0.000 0.000 0.000 0.003 0.043 0.126 |  11 | 0.00 / 0.00
  983  0.66 |   none        | 0.000 0.000 0.000 0.000 0.000 0.000 0.000 0.000 0.000 0.000 |   1 | nan / nan
  984  0.20 |  3349 (96.5%) | 0.000 0.000 0.000 0.000 0.000 0.000 0.000 0.000 0.000 0.011 |   3 | 0.20 / 0.38
  985  0.00 |  1857 (53.5%) | 0.000 0.000 0.000 0.000 0.000 0.006 0.040 0.147 0.187 0.170 |  28 | 0.00 / 0.00
  986  0.03 |  3089 (89.0%) | 0.000 0.000 0.000 0.000 0.000 0.000 0.000 0.000 0.006 0.046 |   5 | 0.03 / 0.08
  987  0.29 |  3271 (94.2%) | 0.000 0.000 0.000 0.000 0.000 0.000 0.000 0.000 0.000 0.011 |   2 | 0.27 / 0.62
  988  0.80 |   none        | 0.000 0.000 0.000 0.000 0.000 0.000 0.000 0.000 0.000 0.000 |   1 | nan / nan
  989  0.99 |   none        | 0.000 0.000 0.000 0.000 0.000 0.000 0.000 0.000 0.000 0.000 |   0 | nan / nan
  990  0.91 |   none        | 0.000 0.000 0.000 0.000 0.000 0.000 0.000 0.000 0.000 0.000 |   0 | nan / nan
  991  0.00 |  2881 (83.0%) | 0.000 0.000 0.000 0.000 0.000 0.000 0.000 0.000 0.029 0.115 |   9 | 0.00 / 0.00
  992  0.98 |   none        | 0.000 0.000 0.000 0.000 0.000 0.000 0.000 0.000 0.000 0.000 |   0 | nan / nan
  993  0.00 |  1442 (41.5%) | 0.000 0.000 0.000 0.000 0.003 0.000 0.012 0.081 0.118 0.227 |  20 | 0.00 / 0.00
  994  0.74 |   none        | 0.000 0.000 0.000 0.000 0.000 0.000 0.000 0.000 0.000 0.000 |   0 | nan / nan
  995  0.00 |  3143 (90.5%) | 0.000 0.000 0.000 0.000 0.000 0.000 0.000 0.000 0.000 0.049 |   7 | 0.01 / 0.00
  996  0.00 |  2721 (78.4%) | 0.000 0.000 0.000 0.000 0.000 0.000 0.000 0.003 0.043 0.132 |  12 | 0.00 / 0.00
  997  0.97 |   none        | 0.000 0.000 0.000 0.000 0.000 0.000 0.000 0.000 0.000 0.000 |   1 | nan / nan
  998  0.11 |  3177 (91.5%) | 0.000 0.000 0.000 0.000 0.000 0.000 0.000 0.000 0.000 0.020 |   3 | 0.10 / 0.26
  999  0.29 |  2913 (83.9%) | 0.000 0.000 0.000 0.000 0.000 0.000 0.000 0.000 0.006 0.014 |   3 | 0.29 / 0.31

U = 50 (M 217, L 3472)
  brain  rel | first capture (token, % of writing) | captured share by write decile | largest cluster | replay of sequences written before / after the first capture
  980  0.10 |  2545 (73.3%) | 0.000 0.000 0.000 0.000 0.000 0.000 0.000 0.003 0.000 0.017 |   4 | 0.07 / 0.17
  981  0.00 |  2231 (64.3%) | 0.000 0.000 0.000 0.000 0.000 0.000 0.026 0.104 0.268 0.316 |  31 | 0.00 / 0.00
  982  0.00 |  3013 (86.8%) | 0.000 0.000 0.000 0.000 0.000 0.000 0.000 0.000 0.006 0.080 |  10 | 0.00 / 0.03
  983  0.04 |  2903 (83.6%) | 0.000 0.000 0.000 0.000 0.000 0.000 0.000 0.000 0.003 0.011 |   3 | 0.01 / 0.17
  984  0.00 |  2114 (60.9%) | 0.000 0.000 0.000 0.000 0.000 0.000 0.046 0.153 0.288 0.313 |  26 | 0.00 / 0.00
  985  0.02 |  3099 (89.3%) | 0.000 0.000 0.000 0.000 0.000 0.000 0.000 0.000 0.006 0.040 |   6 | 0.02 / 0.04
  986  0.00 |  2641 (76.1%) | 0.000 0.000 0.000 0.000 0.000 0.000 0.000 0.023 0.101 0.397 |  17 | 0.00 / 0.00
  987  0.00 |  2241 (64.5%) | 0.000 0.000 0.000 0.000 0.000 0.000 0.026 0.127 0.156 0.264 |  28 | 0.00 / 0.00
  988  0.00 |  2743 (79.0%) | 0.000 0.000 0.000 0.000 0.000 0.000 0.000 0.006 0.086 0.310 |  16 | 0.00 / 0.00
  989  0.00 |  2680 (77.2%) | 0.000 0.000 0.000 0.000 0.000 0.000 0.000 0.014 0.144 0.198 |  16 | 0.00 / 0.00
  990  0.00 |  2642 (76.1%) | 0.000 0.000 0.000 0.000 0.000 0.000 0.000 0.037 0.173 0.457 |  15 | 0.00 / 0.00
  991  0.01 |  2978 (85.8%) | 0.000 0.000 0.000 0.000 0.000 0.000 0.000 0.000 0.014 0.083 |   7 | 0.00 / 0.10
  992  0.01 |  3131 (90.2%) | 0.000 0.000 0.000 0.000 0.000 0.000 0.000 0.000 0.000 0.066 |   6 | 0.00 / 0.09
  993  0.00 |  2474 (71.3%) | 0.000 0.000 0.000 0.000 0.000 0.000 0.000 0.066 0.118 0.201 |  19 | 0.00 / 0.00
  994  0.02 |  3130 (90.1%) | 0.000 0.000 0.000 0.000 0.000 0.000 0.000 0.000 0.000 0.037 |   4 | 0.02 / 0.00
  995  0.00 |  2273 (65.5%) | 0.000 0.000 0.000 0.000 0.000 0.000 0.003 0.014 0.069 0.259 |  17 | 0.00 / 0.00
  996  0.00 |  3051 (87.9%) | 0.000 0.000 0.000 0.000 0.000 0.000 0.000 0.000 0.009 0.126 |   8 | 0.00 / 0.00
  997  0.28 |  3349 (96.5%) | 0.000 0.000 0.000 0.000 0.000 0.000 0.000 0.000 0.000 0.014 |   2 | 0.26 / 0.75
  998  0.03 |  3198 (92.1%) | 0.000 0.000 0.000 0.000 0.000 0.000 0.000 0.000 0.000 0.052 |   6 | 0.01 / 0.22
  999  0.00 |  2932 (84.4%) | 0.000 0.000 0.000 0.000 0.000 0.000 0.000 0.000 0.052 0.103 |  14 | 0.00 / 0.00
