cell (10000, 75, 0.48), tau 67; beta 0.3647; kp 36.0

U = 10 (V 347): reliability 1.000
  fan share of best rival 0.692 (chance 0.027); self overlap 0.910, trace (max other token of the word) 0.105
  step 1: margin 0.322 +- 0.046 (correct 1.115, rival 0.793); trace 0.120; rival in fan 0.973
  step  2 (alive): margin 0.314, self 0.775, trace 0.082, rival in fan 0.372
  step  4 (alive): margin 0.380, self 0.916, trace 0.098, rival in fan 0.630
  step  8 (alive): margin 0.397, self 0.966, trace 0.107, rival in fan 0.714
  step 15 (alive): margin 0.397, self 0.967, trace 0.107, rival in fan 0.708
  per brain: rel / prod of per-step win rates / Phi(m1/s1)^15 / m1 / s1 / trace1
    980: 1.00 / 1.00 / 1.00 / 0.325 / 0.045 / 0.151
    981: 1.00 / 1.00 / 1.00 / 0.330 / 0.042 / 0.162
    982: 1.00 / 1.00 / 1.00 / 0.319 / 0.043 / 0.134
    983: 1.00 / 1.00 / 1.00 / 0.323 / 0.043 / 0.115
    984: 1.00 / 1.00 / 1.00 / 0.331 / 0.041 / 0.107
    985: 1.00 / 1.00 / 1.00 / 0.323 / 0.041 / 0.121
    986: 1.00 / 1.00 / 1.00 / 0.316 / 0.041 / 0.124
    987: 1.00 / 1.00 / 1.00 / 0.308 / 0.053 / 0.117
    988: 1.00 / 1.00 / 1.00 / 0.318 / 0.047 / 0.110
    989: 1.00 / 1.00 / 1.00 / 0.320 / 0.051 / 0.119
    990: 1.00 / 1.00 / 1.00 / 0.321 / 0.046 / 0.110
    991: 1.00 / 1.00 / 1.00 / 0.317 / 0.048 / 0.107
    992: 1.00 / 1.00 / 1.00 / 0.326 / 0.046 / 0.131
    993: 1.00 / 1.00 / 1.00 / 0.330 / 0.051 / 0.124
    994: 1.00 / 1.00 / 1.00 / 0.324 / 0.046 / 0.119
    995: 1.00 / 1.00 / 1.00 / 0.323 / 0.046 / 0.130
    996: 1.00 / 1.00 / 1.00 / 0.324 / 0.044 / 0.122
    997: 1.00 / 1.00 / 1.00 / 0.326 / 0.048 / 0.101
    998: 1.00 / 1.00 / 1.00 / 0.317 / 0.042 / 0.117
    999: 1.00 / 1.00 / 1.00 / 0.319 / 0.047 / 0.123

U = 30 (V 116): reliability 0.930
  fan share of best rival 0.829 (chance 0.215); self overlap 0.846, trace (max other token of the word) 0.115
  step 1: margin 0.282 +- 0.061 (correct 1.141, rival 0.859); trace 0.144; rival in fan 0.994
  step  2 (alive): margin 0.258, self 0.764, trace 0.097, rival in fan 0.455
  step  4 (alive): margin 0.343, self 0.887, trace 0.111, rival in fan 0.846
  step  8 (alive): margin 0.368, self 0.946, trace 0.120, rival in fan 0.903
  step 15 (alive): margin 0.371, self 0.950, trace 0.121, rival in fan 0.902
  per brain: rel / prod of per-step win rates / Phi(m1/s1)^15 / m1 / s1 / trace1
    980: 0.99 / 0.99 / 1.00 / 0.288 / 0.060 / 0.203
    981: 0.96 / 0.97 / 1.00 / 0.280 / 0.059 / 0.189
    982: 0.96 / 0.97 / 1.00 / 0.280 / 0.059 / 0.151
    983: 1.00 / 1.00 / 1.00 / 0.288 / 0.050 / 0.128
    984: 1.00 / 1.00 / 1.00 / 0.284 / 0.054 / 0.123
    985: 0.97 / 0.97 / 1.00 / 0.283 / 0.059 / 0.147
    986: 1.00 / 1.00 / 1.00 / 0.272 / 0.066 / 0.143
    987: 0.99 / 1.00 / 1.00 / 0.291 / 0.053 / 0.140
    988: 1.00 / 1.00 / 1.00 / 0.279 / 0.057 / 0.133
    989: 1.00 / 1.00 / 1.00 / 0.294 / 0.048 / 0.150
    990: 0.95 / 0.94 / 1.00 / 0.286 / 0.063 / 0.143
    991: 0.00 / 0.00 / 0.99 / 0.265 / 0.085 / 0.146
    992: 0.96 / 0.93 / 1.00 / 0.273 / 0.064 / 0.147
    993: 0.97 / 0.98 / 1.00 / 0.285 / 0.059 / 0.137
    994: 1.00 / 1.00 / 1.00 / 0.278 / 0.056 / 0.129
    995: 0.96 / 0.96 / 1.00 / 0.281 / 0.076 / 0.149
    996: 1.00 / 1.00 / 1.00 / 0.287 / 0.054 / 0.148
    997: 0.99 / 0.99 / 1.00 / 0.270 / 0.065 / 0.163
    998: 0.88 / 0.85 / 0.99 / 0.269 / 0.080 / 0.155
    999: 1.00 / 1.00 / 1.00 / 0.298 / 0.051 / 0.147

U = 40 (V 87): reliability 0.428
  fan share of best rival 0.595 (chance 0.349); self overlap 0.505, trace (max other token of the word) 0.109
  step 1: margin 0.239 +- 0.087 (correct 1.145, rival 0.907); trace 0.151; rival in fan 0.926
  step  2 (alive): margin 0.092, self 0.742, trace 0.106, rival in fan 0.484
  step  4 (alive): margin 0.235, self 0.823, trace 0.109, rival in fan 0.722
  step  8 (alive): margin 0.297, self 0.879, trace 0.114, rival in fan 0.791
  step 15 (alive): margin 0.321, self 0.899, trace 0.116, rival in fan 0.820
  per brain: rel / prod of per-step win rates / Phi(m1/s1)^15 / m1 / s1 / trace1
    980: 0.61 / 0.54 / 1.00 / 0.259 / 0.073 / 0.215
    981: 0.97 / 0.98 / 1.00 / 0.274 / 0.065 / 0.179
    982: 0.00 / 0.00 / 0.51 / 0.201 / 0.117 / 0.169
    983: 0.68 / 0.53 / 1.00 / 0.271 / 0.074 / 0.157
    984: 0.24 / 0.14 / 1.00 / 0.265 / 0.076 / 0.160
    985: 0.00 / 0.00 / 0.02 / 0.120 / 0.171 / 0.159
    986: 0.03 / 0.02 / 0.99 / 0.242 / 0.077 / 0.159
    987: 0.28 / 0.20 / 0.99 / 0.264 / 0.079 / 0.146
    988: 0.79 / 0.63 / 1.00 / 0.260 / 0.071 / 0.155
    989: 0.97 / 0.97 / 1.00 / 0.258 / 0.064 / 0.149
    990: 0.88 / 0.84 / 1.00 / 0.251 / 0.073 / 0.148
    991: 0.00 / 0.00 / 0.62 / 0.207 / 0.111 / 0.146
    992: 0.98 / 1.00 / 1.00 / 0.269 / 0.058 / 0.156
    993: 0.00 / 0.00 / 0.01 / 0.111 / 0.171 / 0.141
    994: 0.78 / 0.76 / 1.00 / 0.262 / 0.068 / 0.149
    995: 0.00 / 0.00 / 1.00 / 0.263 / 0.071 / 0.147
    996: 0.00 / 0.00 / 0.81 / 0.208 / 0.095 / 0.151
    997: 0.96 / 0.94 / 1.00 / 0.268 / 0.070 / 0.150
    998: 0.11 / 0.09 / 0.99 / 0.259 / 0.082 / 0.147
    999: 0.28 / 0.23 / 1.00 / 0.258 / 0.075 / 0.151

U = 50 (V 69): reliability 0.028
  fan share of best rival 0.549 (chance 0.496); self overlap 0.178, trace (max other token of the word) 0.128
  step 1: margin 0.173 +- 0.122 (correct 1.135, rival 0.962); trace 0.155; rival in fan 0.863
  step  2 (alive): margin -0.078, self 0.704, trace 0.119, rival in fan 0.538
  step  4 (alive): margin 0.008, self 0.724, trace 0.107, rival in fan 0.608
  step  8 (alive): margin 0.120, self 0.778, trace 0.106, rival in fan 0.684
  step 15 (alive): margin 0.218, self 0.810, trace 0.106, rival in fan 0.758
  per brain: rel / prod of per-step win rates / Phi(m1/s1)^15 / m1 / s1 / trace1
    980: 0.09 / 0.06 / 0.84 / 0.235 / 0.103 / 0.237
    981: 0.00 / 0.00 / 0.01 / 0.104 / 0.156 / 0.193
    982: 0.01 / 0.01 / 0.91 / 0.227 / 0.090 / 0.176
    983: 0.04 / 0.02 / 0.99 / 0.237 / 0.074 / 0.149
    984: 0.00 / 0.00 / 0.00 / 0.080 / 0.165 / 0.158
    985: 0.02 / 0.01 / 0.97 / 0.240 / 0.083 / 0.162
    986: 0.00 / 0.00 / 0.07 / 0.128 / 0.131 / 0.159
    987: 0.00 / 0.00 / 0.01 / 0.114 / 0.166 / 0.145
    988: 0.00 / 0.00 / 0.05 / 0.131 / 0.142 / 0.143
    989: 0.00 / 0.00 / 0.03 / 0.120 / 0.155 / 0.147
    990: 0.00 / 0.00 / 0.00 / 0.016 / 0.197 / 0.159
    991: 0.03 / 0.03 / 0.72 / 0.221 / 0.110 / 0.158
    992: 0.01 / 0.01 / 0.89 / 0.223 / 0.092 / 0.161
    993: 0.00 / 0.00 / 0.06 / 0.144 / 0.154 / 0.145
    994: 0.02 / 0.01 / 1.00 / 0.251 / 0.074 / 0.155
    995: 0.00 / 0.00 / 0.01 / 0.096 / 0.153 / 0.163
    996: 0.00 / 0.00 / 0.87 / 0.223 / 0.094 / 0.151
    997: 0.30 / 0.24 / 0.96 / 0.245 / 0.089 / 0.163
    998: 0.04 / 0.03 / 0.88 / 0.237 / 0.099 / 0.149
    999: 0.00 / 0.00 / 0.52 / 0.191 / 0.111 / 0.152
