
U = 35 (M 223, V 102): masked odd 0.920; c 0.03: 0.938  c 0.1: 0.950  c 0.2: 0.786
  lens: correct word top-1 per step 0.940; mean rank of correct word 2.60 of 102
  brain 980: masked 1.00 (even 1.00)  gain c.03 +0.00 c.1 +0.00 c.2 -0.13 | gap +nan capture 0.00 hold 0.02 slack 0.315 top1 1.00 rank 0.0
  brain 981: masked 0.98 (even 0.97)  gain c.03 +0.02 c.1 +0.01 c.2 -0.23 | gap -0.263 capture 1.00 hold 0.00 slack 0.305 top1 0.97 rank 0.9
  brain 982: masked 0.91 (even 0.86)  gain c.03 +0.02 c.1 +0.04 c.2 -0.14 | gap -0.290 capture 0.19 hold 0.00 slack 0.296 top1 0.91 rank 3.2
  brain 983: masked 0.98 (even 0.97)  gain c.03 +0.01 c.1 +0.00 c.2 -0.15 | gap -0.129 capture 0.67 hold 0.00 slack 0.303 top1 0.98 rank 0.8
  brain 984: masked 0.97 (even 0.98)  gain c.03 +0.01 c.1 +0.01 c.2 -0.10 | gap -0.058 capture 1.00 hold 0.00 slack 0.309 top1 0.99 rank 0.2
  brain 985: masked 1.00 (even 0.99)  gain c.03 +0.00 c.1 +0.00 c.2 -0.15 | gap -0.052 capture 1.00 hold 0.02 slack 0.311 top1 0.99 rank 0.2
  brain 986: masked 0.93 (even 0.96)  gain c.03 +0.02 c.1 +0.00 c.2 -0.15 | gap -0.289 capture 0.20 hold 0.02 slack 0.303 top1 0.97 rank 1.6
  brain 987: masked 0.99 (even 1.00)  gain c.03 +0.01 c.1 +0.00 c.2 -0.25 | gap +nan capture 0.00 hold 0.02 slack 0.306 top1 1.00 rank 0.0
  brain 988: masked 0.97 (even 1.00)  gain c.03 +0.02 c.1 +0.02 c.2 -0.13 | gap +nan capture 0.00 hold 0.03 slack 0.311 top1 1.00 rank 0.0
  brain 989: masked 0.01 (even 0.02)  gain c.03 +0.17 c.1 +0.46 c.2 +0.24 | gap -0.341 capture 0.25 hold 0.00 slack 0.224 top1 0.19 rank 37.7
  brain 990: masked 0.95 (even 0.99)  gain c.03 +0.02 c.1 +0.00 c.2 -0.22 | gap +0.105 capture 1.00 hold 0.02 slack 0.306 top1 1.00 rank 0.1
  brain 991: masked 0.90 (even 0.88)  gain c.03 +0.01 c.1 +0.02 c.2 -0.16 | gap -0.434 capture 0.38 hold 0.00 slack 0.308 top1 0.92 rank 2.6
  brain 992: masked 0.96 (even 0.98)  gain c.03 +0.02 c.1 +0.02 c.2 -0.18 | gap -0.061 capture 1.00 hold 0.00 slack 0.310 top1 0.99 rank 0.5
  brain 993: masked 0.94 (even 0.95)  gain c.03 +0.01 c.1 +0.00 c.2 -0.20 | gap -0.269 capture 0.67 hold 0.00 slack 0.306 top1 0.96 rank 1.5
  brain 994: masked 0.99 (even 0.99)  gain c.03 +0.00 c.1 +0.00 c.2 -0.14 | gap -0.276 capture 1.00 hold 0.00 slack 0.315 top1 0.99 rank 0.3
  brain 995: masked 0.98 (even 0.98)  gain c.03 +0.01 c.1 +0.01 c.2 -0.16 | gap -0.081 capture 1.00 hold 0.02 slack 0.308 top1 0.99 rank 0.3
  brain 996: masked 1.00 (even 0.99)  gain c.03 +0.00 c.1 +0.00 c.2 -0.12 | gap -0.083 capture 1.00 hold 0.00 slack 0.314 top1 1.00 rank 0.1
  brain 997: masked 0.98 (even 0.97)  gain c.03 +0.02 c.1 +0.02 c.2 -0.05 | gap -0.147 capture 1.00 hold 0.00 slack 0.311 top1 0.98 rank 0.5
  brain 998: masked 0.97 (even 0.97)  gain c.03 +0.00 c.1 +0.00 c.2 -0.11 | gap -0.200 capture 1.00 hold 0.00 slack 0.312 top1 0.98 rank 0.8
  brain 999: masked 0.98 (even 0.99)  gain c.03 +0.00 c.1 +0.00 c.2 -0.15 | gap -0.325 capture 1.00 hold 0.02 slack 0.312 top1 0.99 rank 0.3
  logits by step (collapsed, 1 brains): j1 A 0.66/w 1.12  j2 A 0.69/w 1.04  j4 A 0.58/w 0.83  j8 A 0.78/w 0.71  j12 A 0.69/w 0.76  j15 A 0.67/w 0.69
  logits by step (other, 19 brains): j1 A 0.68/w 1.13  j2 A 0.74/w 1.09  j4 A 0.73/w 1.12  j8 A 0.73/w 1.12  j12 A 0.73/w 1.12  j15 A 0.73/w 1.12

U = 45 (M 223, V 79): masked odd 0.566; c 0.03: 0.670  c 0.1: 0.768  c 0.2: 0.555
  lens: correct word top-1 per step 0.686; mean rank of correct word 10.43 of 79
  brain 980: masked 0.07 (even 0.03)  gain c.03 +0.21 c.1 +0.45 c.2 +0.12 | gap -0.326 capture 0.17 hold 0.00 slack 0.221 top1 0.31 rank 23.4
  brain 981: masked 0.92 (even 0.95)  gain c.03 +0.04 c.1 +0.04 c.2 -0.20 | gap -0.155 capture 0.33 hold 0.00 slack 0.293 top1 0.97 rank 0.8
  brain 982: masked 0.77 (even 0.81)  gain c.03 +0.08 c.1 +0.11 c.2 -0.10 | gap -0.279 capture 0.24 hold 0.02 slack 0.287 top1 0.90 rank 3.0
  brain 983: masked 0.91 (even 0.90)  gain c.03 +0.01 c.1 +0.00 c.2 -0.23 | gap -0.432 capture 0.36 hold 0.02 slack 0.290 top1 0.93 rank 2.0
  brain 984: masked 0.89 (even 0.88)  gain c.03 +0.06 c.1 +0.06 c.2 -0.12 | gap -0.170 capture 0.07 hold 0.00 slack 0.280 top1 0.92 rank 2.7
  brain 985: masked 0.94 (even 0.95)  gain c.03 +0.05 c.1 +0.03 c.2 -0.15 | gap -0.204 capture 0.17 hold 0.00 slack 0.293 top1 0.96 rank 1.3
  brain 986: masked 0.76 (even 0.72)  gain c.03 +0.09 c.1 +0.13 c.2 -0.12 | gap -0.007 capture 0.19 hold 0.00 slack 0.268 top1 0.85 rank 4.0
  brain 987: masked 0.02 (even 0.04)  gain c.03 +0.25 c.1 +0.51 c.2 +0.26 | gap -0.353 capture 0.31 hold 0.00 slack 0.220 top1 0.27 rank 25.5
  brain 988: masked 0.04 (even 0.02)  gain c.03 +0.15 c.1 +0.41 c.2 +0.32 | gap -0.328 capture 0.27 hold 0.00 slack 0.217 top1 0.22 rank 27.9
  brain 989: masked 0.44 (even 0.38)  gain c.03 +0.23 c.1 +0.28 c.2 +0.07 | gap +0.024 capture 0.29 hold 0.62 slack 0.260 top1 0.64 rank 10.4
  brain 990: masked 0.96 (even 0.92)  gain c.03 +0.00 c.1 -0.01 c.2 -0.14 | gap -0.148 capture 0.00 hold 0.02 slack 0.288 top1 0.94 rank 1.8
  brain 991: masked 0.01 (even 0.02)  gain c.03 +0.08 c.1 +0.34 c.2 +0.16 | gap -0.290 capture 0.35 hold 0.02 slack 0.203 top1 0.14 rank 30.7
  brain 992: masked 0.53 (even 0.56)  gain c.03 +0.17 c.1 +0.25 c.2 -0.10 | gap -0.247 capture 0.16 hold 0.12 slack 0.278 top1 0.73 rank 7.6
  brain 993: masked 0.17 (even 0.17)  gain c.03 +0.23 c.1 +0.46 c.2 +0.19 | gap -0.251 capture 0.28 hold 0.03 slack 0.262 top1 0.49 rank 16.6
  brain 994: masked 0.93 (even 0.87)  gain c.03 +0.01 c.1 +0.02 c.2 -0.21 | gap -0.067 capture 0.13 hold 0.02 slack 0.275 top1 0.91 rank 2.5
  brain 995: masked 0.97 (even 0.95)  gain c.03 +0.00 c.1 +0.01 c.2 -0.10 | gap -0.140 capture 0.00 hold 0.00 slack 0.292 top1 0.97 rank 1.1
  brain 996: masked 0.97 (even 0.97)  gain c.03 +0.00 c.1 +0.01 c.2 -0.18 | gap -0.033 capture 1.00 hold 0.00 slack 0.290 top1 0.99 rank 0.6
  brain 997: masked 0.07 (even 0.05)  gain c.03 +0.19 c.1 +0.47 c.2 +0.14 | gap -0.261 capture 0.17 hold 0.00 slack 0.226 top1 0.30 rank 23.6
  brain 998: masked 0.06 (even 0.07)  gain c.03 +0.22 c.1 +0.42 c.2 +0.28 | gap -0.316 capture 0.17 hold 0.00 slack 0.255 top1 0.38 rank 20.6
  brain 999: masked 0.89 (even 0.89)  gain c.03 +0.02 c.1 +0.05 c.2 -0.12 | gap -0.110 capture 0.00 hold 0.02 slack 0.284 top1 0.92 rank 2.5
  logits by step (collapsed, 7 brains): j1 A 0.66/w 1.14  j2 A 0.71/w 1.05  j4 A 0.64/w 0.85  j8 A 0.78/w 0.78  j12 A 0.69/w 0.77  j15 A 0.68/w 0.73
  logits by step (other, 13 brains): j1 A 0.67/w 1.14  j2 A 0.75/w 1.09  j4 A 0.75/w 1.10  j8 A 0.75/w 1.08  j12 A 0.75/w 1.07  j15 A 0.75/w 1.06

U = 55 (M 223, V 65): masked odd 0.305; c 0.03: 0.424  c 0.1: 0.523  c 0.2: 0.320
  lens: correct word top-1 per step 0.481; mean rank of correct word 14.74 of 65
  brain 980: masked 0.01 (even 0.01)  gain c.03 +0.13 c.1 +0.31 c.2 +0.12 | gap -0.357 capture 0.18 hold 0.00 slack 0.181 top1 0.17 rank 24.5
  brain 981: masked 0.00 (even 0.00)  gain c.03 +0.00 c.1 +0.03 c.2 +0.04 | gap -0.415 capture 0.11 hold 0.00 slack 0.127 top1 0.06 rank 28.4
  brain 982: masked 0.01 (even 0.02)  gain c.03 +0.11 c.1 +0.38 c.2 +0.17 | gap -0.369 capture 0.24 hold 0.00 slack 0.192 top1 0.12 rank 25.9
  brain 983: masked 0.00 (even 0.00)  gain c.03 +0.02 c.1 +0.17 c.2 +0.14 | gap -0.427 capture 0.12 hold 0.00 slack 0.139 top1 0.08 rank 27.0
  brain 984: masked 0.00 (even 0.00)  gain c.03 +0.05 c.1 +0.11 c.2 +0.05 | gap -0.362 capture 0.38 hold 0.00 slack 0.185 top1 0.19 rank 23.9
  brain 985: masked 0.68 (even 0.84)  gain c.03 +0.06 c.1 +0.11 c.2 -0.25 | gap -0.214 capture 0.06 hold 0.00 slack 0.251 top1 0.88 rank 2.9
  brain 986: masked 0.41 (even 0.37)  gain c.03 +0.22 c.1 +0.32 c.2 +0.02 | gap -0.031 capture 0.31 hold 0.22 slack 0.245 top1 0.62 rank 9.2
  brain 987: masked 0.05 (even 0.13)  gain c.03 +0.34 c.1 +0.50 c.2 +0.30 | gap -0.318 capture 0.30 hold 0.00 slack 0.234 top1 0.42 rank 16.2
  brain 988: masked 0.02 (even 0.04)  gain c.03 +0.14 c.1 +0.34 c.2 +0.09 | gap -0.377 capture 0.20 hold 0.03 slack 0.205 top1 0.32 rank 19.4
  brain 989: masked 0.92 (even 0.94)  gain c.03 +0.03 c.1 +0.02 c.2 -0.24 | gap -0.195 capture 0.29 hold 0.00 slack 0.280 top1 0.96 rank 1.0
  brain 990: masked 0.87 (even 0.88)  gain c.03 +0.08 c.1 +0.03 c.2 -0.20 | gap -0.111 capture 0.00 hold 0.02 slack 0.265 top1 0.92 rank 2.1
  brain 991: masked 0.00 (even 0.00)  gain c.03 +0.12 c.1 +0.32 c.2 +0.13 | gap -0.386 capture 0.41 hold 0.00 slack 0.186 top1 0.15 rank 25.4
  brain 992: masked 0.82 (even 0.86)  gain c.03 +0.06 c.1 +0.09 c.2 -0.20 | gap -0.139 capture 0.12 hold 0.00 slack 0.265 top1 0.91 rank 2.0
  brain 993: masked 0.03 (even 0.08)  gain c.03 +0.16 c.1 +0.35 c.2 +0.14 | gap -0.384 capture 0.19 hold 0.00 slack 0.234 top1 0.33 rank 19.3
  brain 994: masked 0.00 (even 0.00)  gain c.03 +0.02 c.1 +0.11 c.2 +0.09 | gap -0.464 capture 0.18 hold 0.00 slack 0.127 top1 0.09 rank 27.4
  brain 995: masked 0.59 (even 0.57)  gain c.03 +0.14 c.1 +0.16 c.2 -0.16 | gap -0.102 capture 0.12 hold 0.03 slack 0.247 top1 0.73 rank 6.6
  brain 996: masked 0.91 (even 0.94)  gain c.03 +0.04 c.1 +0.05 c.2 -0.17 | gap -0.173 capture 0.14 hold 0.00 slack 0.280 top1 0.95 rank 1.3
  brain 997: masked 0.43 (even 0.46)  gain c.03 +0.24 c.1 +0.32 c.2 +0.05 | gap -0.047 capture 0.20 hold 0.18 slack 0.243 top1 0.71 rank 6.9
  brain 998: masked 0.26 (even 0.34)  gain c.03 +0.22 c.1 +0.26 c.2 -0.01 | gap -0.300 capture 0.18 hold 0.03 slack 0.232 top1 0.59 rank 10.7
  brain 999: masked 0.09 (even 0.11)  gain c.03 +0.22 c.1 +0.38 c.2 +0.19 | gap -0.102 capture 0.19 hold 0.12 slack 0.218 top1 0.42 rank 14.6
  logits by step (collapsed, 11 brains): j1 A 0.63/w 1.13  j2 A 0.58/w 0.95  j4 A 0.48/w 0.73  j8 A 0.68/w 0.73  j12 A 0.66/w 0.74  j15 A 0.52/w 0.68
  logits by step (other, 9 brains): j1 A 0.67/w 1.16  j2 A 0.75/w 1.09  j4 A 0.75/w 1.07  j8 A 0.77/w 1.04  j12 A 0.76/w 1.02  j15 A 0.76/w 1.02

failing brain-arms (masked < 0.5): 23
gain at c 0.03: masked rho +0.83; gap rho +0.72 (partial +0.33); capture rho +0.19 (partial +0.01); hold rho +0.23 (partial -0.27); slack rho +0.85 (partial +0.54); top1 rho +0.87 (partial +0.47); U rho -0.06 (partial -0.20)
gain at c 0.1: masked rho +0.34; gap rho +0.30 (partial +0.30); capture rho +0.13 (partial +0.15); hold rho -0.36 (partial -0.36); slack rho +0.48 (partial +0.46); top1 rho +0.28 (partial +0.25); U rho -0.44 (partial -0.45)
gain at c 0.2: masked rho -0.07; gap rho +0.01 (partial +0.42); capture rho +0.15 (partial +0.23); hold rho -0.42 (partial -0.14); slack rho +0.13 (partial +0.51); top1 rho -0.10 (partial +0.31); U rho -0.43 (partial -0.42)
