cell (10000, 75, 0.48), tau 67

U = 10 (V 347): step 1 a 0.775 fan seed 0.102 ok 1.000 | predicted reliability: two-chain 1.000, one-variable 1.000
  map (mean a' / b' / f' / ok) at selected points:
   a 0.5  b0.0: 0.52/0.01/0.04/1.00  b0.1: 0.53/0.03/0.04/1.00  b0.2: 0.52/0.07/0.04/1.00  b0.3: 0.49/0.16/0.04/1.00
   a 0.7  b0.0: 0.79/0.01/0.04/1.00  b0.1: 0.78/0.02/0.04/1.00  b0.2: 0.77/0.05/0.05/1.00  b0.3: 0.76/0.10/0.05/1.00
   a 0.9  b0.0: 0.94/0.01/0.04/1.00  b0.1: 0.94/0.01/0.04/1.00

U = 30 (V 116): step 1 a 0.764 fan seed 0.181 ok 0.998 | predicted reliability: two-chain 0.977, one-variable 0.949
  map (mean a' / b' / f' / ok) at selected points:
   a 0.5  b0.0: 0.53/0.01/0.07/1.00  b0.1: 0.52/0.03/0.07/1.00  b0.2: 0.51/0.08/0.06/0.99  b0.3: 0.49/0.16/0.06/0.99
   a 0.7  b0.0: 0.78/0.01/0.08/1.00  b0.1: 0.78/0.02/0.07/0.99  b0.2: 0.77/0.05/0.08/1.00  b0.3: 0.74/0.11/0.07/1.00
   a 0.9  b0.0: 0.93/0.01/0.07/1.00  b0.1: 0.93/0.01/0.07/1.00

U = 40 (V 87): step 1 a 0.712 fan seed 0.228 ok 0.933 | predicted reliability: two-chain 0.251, one-variable 0.283
  map (mean a' / b' / f' / ok) at selected points:
   a 0.5  b0.0: 0.47/0.01/0.10/0.84  b0.1: 0.47/0.04/0.10/0.84  b0.2: 0.45/0.07/0.09/0.83  b0.3: 0.44/0.13/0.09/0.85
   a 0.7  b0.0: 0.71/0.01/0.10/0.96  b0.1: 0.69/0.02/0.10/0.93  b0.2: 0.68/0.05/0.11/0.92  b0.3: 0.68/0.10/0.10/0.92
   a 0.9  b0.0: 0.86/0.01/0.09/0.94  b0.1: 0.85/0.02/0.10/0.96

U = 50 (V 69): step 1 a 0.608 fan seed 0.270 ok 0.771 | predicted reliability: two-chain 0.001, one-variable 0.002
  map (mean a' / b' / f' / ok) at selected points:
   a 0.5  b0.0: 0.36/0.01/0.14/0.53  b0.1: 0.37/0.04/0.14/0.53  b0.2: 0.34/0.09/0.13/0.49  b0.3: 0.36/0.13/0.12/0.61
   a 0.7  b0.0: 0.56/0.01/0.12/0.75  b0.1: 0.55/0.05/0.15/0.73  b0.2: 0.55/0.08/0.13/0.70  b0.3: 0.54/0.10/0.14/0.76
   a 0.9  b0.0: 0.71/0.01/0.14/0.84  b0.1: 0.68/0.05/0.15/0.77
