life: 24 days x 43 sequences (rho 0.01/day), vocabulary 165 words (4.2 uses per word per day), 100 sleep episodes per night
gates: reference median 1.397; set points 1.376-1.384
saturation check: clamping counts (max 12) at the clip leaves replay identical; SAT = 10

=== sat lifecycle + downscale 0.1 ===
day  4 (rho 0.04,  16.7 uses/word): today 0.996, 1-3 days 0.291, synapses potentiated 0.061 of all pairs, today read against the last 1 day(s) 0.996, today read against the last 3 day(s) 0.996, same-word overlap today 0.059 (different words 0.0061); dreams settled 0.000; tonight gate open 0.0000, removed 0.0000; flags 0.0010; counts held 133749787; downscaled 0.0908 tonight, 133749787 counts held
day  8 (rho 0.08,  33.4 uses/word): today 0.958, 1-3 days 0.249, 4-7 days 0.000, synapses potentiated 0.096 of all pairs, today read against the last 1 day(s) 0.959, today read against the last 3 day(s) 0.958, same-word overlap today 0.052 (different words 0.0062); dreams settled 0.000; tonight gate open 0.0600, removed 0.0030; flags 0.0072; counts held 229007471; downscaled 0.0833 tonight, 229007471 counts held
day 12 (rho 0.12,  50.0 uses/word): today 0.758, 1-3 days 0.080, 4-7 days 0.000, 8+ days 0.000, synapses potentiated 0.112 of all pairs, today read against the last 1 day(s) 0.759, today read against the last 3 day(s) 0.759, same-word overlap today 0.047 (different words 0.0063); dreams settled 0.000; tonight gate open 0.5585, removed 0.0247; flags 0.0258; counts held 283768371; downscaled 0.0767 tonight, 283768371 counts held
day 16 (rho 0.16,  66.7 uses/word): today 0.539, 1-3 days 0.031, 4-7 days 0.000, 8+ days 0.000, synapses potentiated 0.117 of all pairs, today read against the last 1 day(s) 0.539, today read against the last 3 day(s) 0.539, same-word overlap today 0.045 (different words 0.0063); dreams settled 0.000; tonight gate open 0.8017, removed 0.0329; flags 0.0516; counts held 310298611; downscaled 0.0732 tonight, 310298611 counts held

=== sat lifecycle + downscale 0.25 ===
Traceback (most recent call last):
  File "C:\Github\assemblies\research\notes\memory\probes\2026-10-10\probe_lifetime.py", line 248, in <module>
    r, g, j = sl.dream(mem, noise, gate, dev)
              ^^^^^^^^^^^^^^^^^^^^^^^^^^^^^^^
  File "C:\Github\assemblies\research\experiments\memory_sleep.py", line 87, in dream
    area.winners = torch.argsort(torch.rand(B, n, device=device, generator=gen), dim=1)[:, :k]
                   ^^^^^^^^^^^^^^^^^^^^^^^^^^^^^^^^^^^^^^^^^^^^^^^^^^^^^^^^^^^^^^^^^^^^
torch.AcceleratorError: CUDA error: unknown error
Search for `cudaErrorUnknown' in https://docs.nvidia.com/cuda/cuda-runtime-api/group__CUDART__TYPES.html for more information.
CUDA kernel errors might be asynchronously reported at some other API call, so the stacktrace below might be incorrect.
For debugging consider passing CUDA_LAUNCH_BLOCKING=1
Compile with `TORCH_USE_CUDA_DSA` to enable device-side assertions.

