sleep threshold (median rule) 1.397

HEALTHY U = 10: replay 1.000
  settled steps 0.000; faithful transitions 0.000; splices at a shared word 0.000; loops (a settled step revisiting a token) 0.000 of settled
  per dream: distinct settled tokens 0.00; longest faithful run 0.00 (max 0); contrast mean 1.347, p99 1.363
  transcripts, brain 981 (word / sequence:position / overlap / contrast):
    dream 1: (~w173 0.08) -> (~w31 0.07) -> (~w242 0.07) -> (~w84 0.07) -> (~w205 0.08) -> (~w121 0.07) -> (~w107 0.05) -> (~w212 0.05) -> (~w21 0.05) -> (~w106 0.07) -> (~w103 0.05) -> (~w222 0.07)
    dream 2: (~w223 0.07) -> (~w7 0.07) -> (~w293 0.07) -> (~w82 0.05) -> (~w183 0.05) -> (~w328 0.07) -> (~w129 0.07) -> (~w195 0.05) -> (~w87 0.07) -> (~w120 0.07) -> (~w242 0.05) -> (~w7 0.05)
    dream 3: (~w233 0.05) -> (~w192 0.07) -> (~w27 0.08) -> (~w121 0.07) -> (~w328 0.08) -> (~w34 0.05) -> (~w172 0.07) -> (~w311 0.07) -> (~w126 0.07) -> (~w295 0.08) -> (~w325 0.08) -> (~w135 0.07)
    dream 4: (~w30 0.07) -> (~w12 0.07) -> (~w18 0.07) -> (~w172 0.07) -> (~w77 0.05) -> (~w314 0.05) -> (~w239 0.07) -> (~w129 0.07) -> (~w3 0.08) -> (~w31 0.07) -> (~w316 0.07) -> (~w225 0.05)

CAPTURED U = 50: replay 0.025
  settled steps 0.814; faithful transitions 0.355; splices at a shared word 0.004; loops (a settled step revisiting a token) 0.057 of settled
  per dream: distinct settled tokens 9.22; longest faithful run 2.98 (max 9); contrast mean 6.696, p99 19.953
  transcripts, brain 981 (word / sequence:position / overlap / contrast):
    dream 1: w23/155:7/0.68/1.92 -> w15/155:8/1.00/13.60 -> w61/163:8/1.00/19.83 -> w21/163:9/1.00/19.94 -> w45/169:9/1.00/19.89 -> w19/174:13/1.00/20.14 -> w34/174:14/1.00/19.84 -> w12/179:15/1.00/16.18 -> w44/212:13/1.00/4.51 -> w56/213:13/0.93/2.89 -> w63/213:14/0.76/2.43 -> (~w59 0.48)
    dream 2: (~w26 0.39) -> w67/163:11/0.73/8.62 -> w34/174:14/1.00/14.82 -> w12/179:15/1.00/16.18 -> w44/212:13/1.00/4.51 -> w56/213:13/0.93/2.89 -> w63/213:14/0.76/2.43 -> (~w59 0.48) -> w55/214:11/0.80/2.93 -> w61/214:12/0.97/5.71 -> w19/215:11/0.97/3.81 -> w37/215:12/0.96/3.01
    dream 3: w19/174:13/0.60/1.69 -> w34/174:14/1.00/12.66 -> w12/179:15/1.00/16.18 -> w44/212:13/1.00/4.51 -> w56/213:13/0.93/2.89 -> w63/213:14/0.76/2.43 -> (~w59 0.48) -> w55/214:11/0.80/2.93 -> w61/214:12/0.97/5.71 -> w19/215:11/0.97/3.81 -> w37/215:12/0.96/3.01 -> w6/215:13/0.88/2.46
    dream 4: w45/169:9/0.60/1.71 -> w19/174:13/1.00/12.39 -> w34/174:14/1.00/19.84 -> w12/179:15/1.00/16.18 -> w44/212:13/1.00/4.51 -> w56/213:13/0.93/2.89 -> w63/213:14/0.76/2.43 -> (~w59 0.48) -> w55/214:11/0.80/2.93 -> w61/214:12/0.97/5.71 -> w19/215:11/0.97/3.81 -> w37/215:12/0.96/3.01

(300 episodes of sleep removed 0.0422 of counts)

SLEPT U = 50: replay 0.766
  settled steps 0.000; faithful transitions 0.000; splices at a shared word 0.000; loops (a settled step revisiting a token) 0.000 of settled
  per dream: distinct settled tokens 0.00; longest faithful run 0.00 (max 0); contrast mean 1.362, p99 1.399
  transcripts, brain 981 (word / sequence:position / overlap / contrast):
    dream 1: (~w39 0.07) -> (~w29 0.05) -> (~w59 0.05) -> (~w33 0.09) -> (~w18 0.07) -> (~w14 0.09) -> (~w29 0.05) -> (~w0 0.08) -> (~w28 0.07) -> (~w64 0.07) -> (~w32 0.05) -> (~w67 0.08)
    dream 2: (~w11 0.09) -> (~w11 0.07) -> (~w60 0.08) -> (~w5 0.07) -> (~w68 0.11) -> (~w50 0.13) -> (~w67 0.09) -> (~w8 0.08) -> (~w6 0.08) -> (~w25 0.07) -> (~w31 0.07) -> (~w24 0.15)
    dream 3: (~w0 0.07) -> (~w16 0.07) -> (~w19 0.07) -> (~w65 0.11) -> (~w48 0.11) -> (~w6 0.11) -> (~w48 0.13) -> (~w60 0.08) -> (~w42 0.07) -> (~w35 0.08) -> (~w64 0.07) -> (~w47 0.07)
    dream 4: (~w68 0.09) -> (~w16 0.07) -> (~w26 0.07) -> (~w14 0.07) -> (~w56 0.12) -> (~w30 0.11) -> (~w5 0.09) -> (~w55 0.11) -> (~w39 0.13) -> (~w18 0.09) -> (~w5 0.08) -> (~w28 0.11)
