[OFF seed=45] num bal=0.625 (PL=0.25 n=16) | tense bal=0.6011513157894737 | roles 4/4
[OFF seed=44] num bal=0.65625 (PL=0.3125 n=16) | tense bal=0.5271381578947368 | roles 4/4
[done ('OFF', 45)]
[OFF seed=42] num bal=0.46875 (PL=0.125 n=16) | tense bal=0.6060855263157895 | roles 4/4
[done ('OFF', 44)]
[done ('OFF', 42)]
[OFF seed=50] num bal=0.625 (PL=0.3125 n=16) | tense bal=0.6587171052631579 | roles 4/4
[done ('OFF', 50)]
[OFF seed=49] num bal=0.5 (PL=0.0625 n=16) | tense bal=0.4638157894736842 | roles 4/4
[done ('OFF', 49)]
[OFF seed=46] num bal=0.53125 (PL=0.125 n=16) | tense bal=0.5016447368421053 | roles 4/4
[done ('OFF', 46)]
[OFF seed=43] num bal=0.53125 (PL=0.25 n=16) | tense bal=0.5427631578947368 | roles 4/4
[OFF seed=47] num bal=0.5 (PL=0.125 n=16) | tense bal=0.569078947368421 | roles 4/4
[done ('OFF', 43)]
[done ('OFF', 47)]
[OFF seed=51] num bal=0.5 (PL=0.0625 n=16) | tense bal=0.5641447368421053 | roles 4/4
[done ('OFF', 51)]
[SCALED seed=44] num bal=0.6875 (PL=0.5625 n=16) | tense bal=0.5172697368421053 | roles 4/4
[SCALED seed=45] num bal=0.5625 (PL=0.625 n=16) | tense bal=0.5123355263157895 | roles 4/4
[done ('SCALED', 44)]
[done ('SCALED', 45)]
[OFF seed=48] num bal=0.5 (PL=0.125 n=16) | tense bal=0.553453947368421 | roles 4/4
[done ('OFF', 48)]
[SCALED seed=42] num bal=0.59375 (PL=0.5 n=16) | tense bal=0.606907894736842 | roles 4/4
[done ('SCALED', 42)]
[SCALED seed=43] num bal=0.71875 (PL=0.75 n=16) | tense bal=0.5172697368421053 | roles 4/4
[done ('SCALED', 43)]
[SCALED seed=48] num bal=0.53125 (PL=0.3125 n=16) | tense bal=0.5074013157894737 | roles 4/4
[SCALED seed=47] num bal=0.5625 (PL=0.625 n=16) | tense bal=0.5641447368421053 | roles 4/4
[done ('SCALED', 48)]
[done ('SCALED', 47)]
[SCALED seed=49] num bal=0.3125 (PL=0.1875 n=16) | tense bal=0.5797697368421053 | roles 4/4
[done ('SCALED', 49)]
[SCALED seed=50] num bal=0.46875 (PL=0.375 n=16) | tense bal=0.7064144736842105 | roles 4/4
[done ('SCALED', 50)]
[SCALED seed=46] num bal=0.65625 (PL=0.75 n=16) | tense bal=0.5542763157894737 | roles 4/4
[done ('SCALED', 46)]
[BOTH seed=42] num bal=0.4375 (PL=0.375 n=16) | tense bal=0.6488486842105263 | roles 4/4
[done ('BOTH', 42)]
[BOTH seed=44] num bal=0.625 (PL=0.6875 n=16) | tense bal=0.5592105263157895 | roles 4/4
[done ('BOTH', 44)]
[BOTH seed=43] num bal=0.75 (PL=0.8125 n=16) | tense bal=0.5328947368421053 | roles 4/4
[done ('BOTH', 43)]
[SCALED seed=51] num bal=0.6875 (PL=0.5625 n=16) | tense bal=0.712171052631579 | roles 4/4
[done ('SCALED', 51)]
[BOTH seed=45] num bal=0.65625 (PL=0.625 n=16) | tense bal=0.638157894736842 | roles 4/4
[done ('BOTH', 45)]
[BOTH seed=48] num bal=0.5 (PL=0.375 n=16) | tense bal=0.5074013157894737 | roles 4/4
[done ('BOTH', 48)]
[BOTH seed=47] num bal=0.53125 (PL=0.5 n=16) | tense bal=0.6217105263157895 | roles 4/4
[done ('BOTH', 47)]
[BOTH seed=46] num bal=0.625 (PL=0.6875 n=16) | tense bal=0.5542763157894737 | roles 4/4
[done ('BOTH', 46)]
[BOTH seed=49] num bal=0.375 (PL=0.25 n=16) | tense bal=0.5797697368421053 | roles 4/4
[done ('BOTH', 49)]
[BOTH seed=50] num bal=0.4375 (PL=0.3125 n=16) | tense bal=0.6488486842105263 | roles 4/4
[done ('BOTH', 50)]
[BOTH seed=51] num bal=0.71875 (PL=0.625 n=16) | tense bal=0.653782894736842 | roles 4/4
[done ('BOTH', 51)]

=== registered bars (diverse corpus vs uniform reference) ===
D1 min distinct PL forms per cell: 16 (bar >= 13)
number:OFF:diverse: 0.5437 +/- 0.0474 (n=10, 0.4688..0.6562)  vs uniform 0.5300+/-0.0384
  tense:OFF:diverse: 0.5588 +/- 0.0397 (n=10, 0.4638..0.6587)  vs uniform 0.6778 (D3 |delta| <= 0.05)
number:SCALED:diverse: 0.5781 +/- 0.0877 (n=10, 0.3125..0.7188)  vs uniform 0.6500+/-0.0584
  tense:SCALED:diverse: 0.5778 +/- 0.0548 (n=10, 0.5074..0.7122)  vs uniform 0.6415 (D3 |delta| <= 0.05)
number:BOTH:diverse: 0.5656 +/- 0.0915 (n=10, 0.3750..0.7500)  vs uniform 0.7100+/-0.0554
  tense:BOTH:diverse: 0.5945 +/- 0.0388 (n=10, 0.5074..0.6538)  vs uniform 0.6937 (D3 |delta| <= 0.05)
