[E12 R1 seed=46] PL 6/10 | delta mean=+9.24 range=(-10.67,+29.21) | shared image cols=4/30
[done (1, 46)]
[E12 R1 seed=45] PL 5/10 | delta mean=-0.74 range=(-68.09,+29.30) | shared image cols=3/30
[E12 R1 seed=44] PL 5/10 | delta mean=+0.86 range=(-16.74,+16.20) | shared image cols=4/30
[done (1, 45)]
[done (1, 44)]
[E12 R1 seed=42] PL 6/10 | delta mean=+6.24 range=(-28.05,+41.37) | shared image cols=1/30
[E12 R4 seed=46] PL 4/10 | delta mean=+8.81 range=(-36.10,+38.77) | shared image cols=8/30
[done (1, 42)]
[done (4, 46)]
[E12 R4 seed=45] PL 3/10 | delta mean=+19.22 range=(-11.49,+76.05) | shared image cols=13/30
[done (4, 45)]
[E12 R4 seed=42] PL 3/10 | delta mean=+6.12 range=(-20.98,+54.88) | shared image cols=17/30
[done (4, 42)]
[E12 R1 seed=43] PL 4/10 | delta mean=+2.40 range=(-19.21,+23.62) | shared image cols=2/30
[done (1, 43)]
[E12 R4 seed=44] PL 5/10 | delta mean=+27.89 range=(-17.43,+144.53) | shared image cols=9/30
[done (4, 44)]
[E12 R4 seed=43] PL 5/10 | delta mean=+2.95 range=(-27.71,+65.81) | shared image cols=11/30
[done (4, 43)]

=== registered bars ===
C1  rho(delta, correct) R1: 0.8456 +/- 0.0457 (n=5, 0.7817..0.8704)
C1' rho(delta, margin) R1: 0.8653 +/- 0.0962 (n=5, 0.7439..0.9573)
C1s delta(pass)-delta(fail) R1: 26.8853 +/- 10.7068 (n=5, 18.9769..39.5195)
C2  girls delta-rank per seed: [1, 1, 3, 3, 2] -> top-2 in 3/5 (bar >= 3)
C3  mean delta R4 - R1: 9.3986 +/- 16.2810 (n=5, -0.4271..27.0303)
C3a mean mass_PL R4 - R1: 10.7520 +/- 10.6907 (n=5, -1.9708..21.8001)
C3b mean mass_SG R4 - R1: 1.3534 +/- 9.6815 (n=5, -5.8639..9.8188)
    rho(delta, correct) R4: 0.7403 +/- 0.1353 (n=5, 0.5919..0.8528)

=== guards ===
R1: PL item acc per seed ['0.60', '0.40', '0.50', '0.50', '0.60'] | shared image cols [1, 2, 4, 3, 4]
R4: PL item acc per seed ['0.30', '0.50', '0.50', '0.30', '0.40'] | shared image cols [17, 11, 9, 13, 8]
