[OFF seed=47] num bal=0.5 (PL=0.1) | tense bal=0.7530434782608696 | roles 9/9 C1=True
[done ('OFF', 47)]
[OFF seed=49] num bal=0.55 (PL=0.1) | tense bal=0.6660869565217391 | roles 9/9 C1=True
[done ('OFF', 49)]
[SCALED seed=44] num bal=0.75 (PL=0.5) | tense bal=0.5843478260869566 | roles 9/9 C1=True
[done ('SCALED', 44)]
[OFF seed=42] num bal=0.5 (PL=0.0) | tense bal=0.771304347826087 | roles 9/9 C1=True
[OFF seed=43] num bal=0.55 (PL=0.1) | tense bal=0.731304347826087 | roles 9/9 C1=True
[OFF seed=44] num bal=0.5 (PL=0.0) | tense bal=0.6226086956521739 | roles 9/9 C1=True
[done ('OFF', 43)]
[done ('OFF', 42)]
[done ('OFF', 44)]
[OFF seed=46] num bal=0.5 (PL=0.1) | tense bal=0.5808695652173913 | roles 9/9 C1=True
[done ('OFF', 46)]
[OFF seed=50] num bal=0.55 (PL=0.1) | tense bal=0.711304347826087 | roles 9/9 C1=True
[done ('OFF', 50)]
[SCALED seed=45] num bal=0.55 (PL=0.4) | tense bal=0.6878260869565218 | roles 9/9 C1=True
[done ('SCALED', 45)]
[OFF seed=51] num bal=0.55 (PL=0.2) | tense bal=0.6078260869565217 | roles 9/9 C1=True
[SCALED seed=42] num bal=0.6499999999999999 (PL=0.6) | tense bal=0.6695652173913043 | roles 9/9 C1=True
[done ('OFF', 51)]
[done ('SCALED', 42)]
[OFF seed=48] num bal=0.65 (PL=0.3) | tense bal=0.6460869565217391 | roles 9/9 C1=True
[done ('OFF', 48)]
[SCALED seed=43] num bal=0.6 (PL=0.3) | tense bal=0.5843478260869566 | roles 9/9 C1=True
[done ('SCALED', 43)]
[OFF seed=45] num bal=0.45 (PL=0.0) | tense bal=0.6878260869565218 | roles 9/9 C1=True
[done ('OFF', 45)]
[SCALED seed=46] num bal=0.75 (PL=0.6) | tense bal=0.5478260869565217 | roles 9/9 C1=True
[done ('SCALED', 46)]
[SCALED seed=47] num bal=0.6 (PL=0.6) | tense bal=0.731304347826087 | roles 9/9 C1=True
[done ('SCALED', 47)]
[SCALED seed=51] num bal=0.75 (PL=0.7) | tense bal=0.7095652173913043 | roles 9/9 C1=True
[done ('SCALED', 51)]
[SCALED seed=49] num bal=0.7 (PL=0.7) | tense bal=0.691304347826087 | roles 9/9 C1=True
[done ('SCALED', 49)]
[SCALED seed=50] num bal=0.6 (PL=0.5) | tense bal=0.6278260869565218 | roles 9/9 C1=True
[SCALED seed=48] num bal=0.55 (PL=0.5) | tense bal=0.5808695652173913 | roles 9/9 C1=True
[done ('SCALED', 50)]
[done ('SCALED', 48)]
[LIN:2.0 seed=44] num bal=0.7 (PL=0.4) | tense bal=0.6460869565217391 | roles 9/9 C1=True
[LIN:2.0 seed=42] num bal=0.6499999999999999 (PL=0.6) | tense bal=0.7295652173913043 | roles 9/9 C1=True
[done ('LIN:2.0', 42)]
[done ('LIN:2.0', 44)]
[LIN:2.0 seed=46] num bal=0.8 (PL=0.8) | tense bal=0.5826086956521739 | roles 9/9 C1=True
[done ('LIN:2.0', 46)]
[LIN:2.0 seed=47] num bal=0.5 (PL=0.3) | tense bal=0.7130434782608696 | roles 9/9 C1=True
[LIN:2.0 seed=45] num bal=0.7 (PL=0.7) | tense bal=0.7278260869565217 | roles 9/9 C1=True
[LIN:2.0 seed=43] num bal=0.44999999999999996 (PL=0.2) | tense bal=0.6878260869565218 | roles 9/9 C1=True
[done ('LIN:2.0', 43)]
[done ('LIN:2.0', 45)]
[done ('LIN:2.0', 47)]
[LIN:2.0 seed=49] num bal=0.7 (PL=0.5) | tense bal=0.731304347826087 | roles 9/9 C1=True
[done ('LIN:2.0', 49)]
[LIN:2.0 seed=48] num bal=0.75 (PL=0.8) | tense bal=0.6460869565217391 | roles 9/9 C1=True
[done ('LIN:2.0', 48)]
[LIN:2.0 seed=50] num bal=0.7 (PL=0.5) | tense bal=0.6513043478260869 | roles 9/9 C1=True
[done ('LIN:2.0', 50)]
[LIN:4.0 seed=47] num bal=0.5 (PL=0.3) | tense bal=0.7130434782608696 | roles 9/9 C1=True
[done ('LIN:4.0', 47)]
[LIN:4.0 seed=45] num bal=0.7 (PL=0.7) | tense bal=0.7278260869565217 | roles 9/9 C1=True
[done ('LIN:4.0', 45)]
[LIN:2.0 seed=51] num bal=0.7 (PL=0.7) | tense bal=0.7095652173913043 | roles 9/9 C1=True
[done ('LIN:2.0', 51)]
[LIN:4.0 seed=42] num bal=0.6499999999999999 (PL=0.6) | tense bal=0.7295652173913043 | roles 9/9 C1=True
[done ('LIN:4.0', 42)]
[LIN:4.0 seed=49] num bal=0.7 (PL=0.5) | tense bal=0.731304347826087 | roles 9/9 C1=True
[LIN:4.0 seed=44] num bal=0.7 (PL=0.4) | tense bal=0.6460869565217391 | roles 9/9 C1=True
[LIN:4.0 seed=46] num bal=0.8 (PL=0.8) | tense bal=0.5826086956521739 | roles 9/9 C1=True
[done ('LIN:4.0', 49)]
[done ('LIN:4.0', 46)]
[done ('LIN:4.0', 44)]
[LIN:4.0 seed=43] num bal=0.44999999999999996 (PL=0.2) | tense bal=0.6878260869565218 | roles 9/9 C1=True
[LIN:4.0 seed=48] num bal=0.75 (PL=0.8) | tense bal=0.6460869565217391 | roles 9/9 C1=True
[done ('LIN:4.0', 43)]
[done ('LIN:4.0', 48)]
[LIN:4.0 seed=51] num bal=0.7 (PL=0.7) | tense bal=0.7095652173913043 | roles 9/9 C1=True
[done ('LIN:4.0', 51)]
[LIN:4.0 seed=50] num bal=0.7 (PL=0.5) | tense bal=0.6513043478260869 | roles 9/9 C1=True
[done ('LIN:4.0', 50)]

=== registered predictions ===
number:OFF: 0.5300 +/- 0.0384 (n=10, 0.4500..0.6500)
number:SCALED: 0.6500 +/- 0.0584 (n=10, 0.5500..0.7500)
number:LIN:2.0: 0.6650 +/- 0.0774 (n=10, 0.4500..0.8000)
number:LIN:4.0: 0.6650 +/- 0.0774 (n=10, 0.4500..0.8000)
tense:OFF: 0.6778 +/- 0.0458 (n=10, 0.5809..0.7713)
tense:SCALED: 0.6415 +/- 0.0460 (n=10, 0.5478..0.7313)
tense:LIN:2.0: 0.6825 +/- 0.0353 (n=10, 0.5826..0.7313)
tense:LIN:4.0: 0.6825 +/- 0.0353 (n=10, 0.5826..0.7313)

L1 best config: LIN:2.0 (mean 0.6650, bar 0.75)
L2 LIN:2.0-SCALED: 0.0150 +/- 0.0792 (n=10, -0.1500..0.2000)  (per-seed: [0.0, -0.15, -0.05, 0.15, 0.05, -0.1, 0.2, 0.0, 0.1, -0.05])
L3 tense LIN:2.0-OFF: 0.0047 +/- 0.0380 (n=10, -0.0600..0.1017)
L5 LIN configs differ: False
