seed=42 pl=0.891 sg=1.000
seed=43 pl=0.283 sg=0.997
seed=44 pl=0.500 sg=1.000
seed=45 pl=0.022 sg=0.997
seed=46 pl=0.717 sg=1.000
seed=47 pl=0.370 sg=0.997
seed=48 pl=0.848 sg=0.992
seed=49 pl=0.739 sg=1.000
seed=50 pl=0.870 sg=0.994
seed=51 pl=0.913 sg=1.000
seed=52 pl=0.826 sg=0.989
seed=53 pl=0.913 sg=0.994
{
  "A1_split_half_word_corr": 0.5188795920578284,
  "A1_exposure_vs_failure": -0.6121676036716531,
  "A2_drive_medians": {
    "own_fail": 0.02703137882053852,
    "own_pass": 0.12505501508712769,
    "other_fail": 0.06093510240316391,
    "other_pass": 0.056781500577926636
  },
  "A3_collision_vs_correct": {
    "per_seed": [
      0.1087709854779841,
      -0.15082102675336653,
      -0.1625108973331553,
      -0.2362467141030783,
      -0.4597766880950388,
      -0.27506617270143185,
      -0.09705539291688099,
      -0.4866558383272893,
      -0.18250754075678635,
      0.07592608307701415,
      -0.3830541247917012,
      0.13204538548352707
    ],
    "mean": -0.1764126618116836,
    "ci": 0.13271052177610118
  },
  "A4_pl_distribution": [
    0.022,
    0.283,
    0.37,
    0.5,
    0.717,
    0.739,
    0.826,
    0.848,
    0.87,
    0.891,
    0.913,
    0.913
  ],
  "A4_cross_n_corr": 0.15389675281277312,
  "A4_cross_n_seeds": 5
}
-> F:\Github\assemblies-run-e2\research\experiments\per_seed_pl_attribution_results.json
