'vswhere.exe' is not recognized as an internal or external command,
operable program or batch file.
  REFRACTED strength=0.0500 (= 0.5 beta) readout=masked
k=60 p=0.5 T=8 beta=0.1 w_max=20.0 brains=16
  n=  4000 k= 100 kp=50.0 vs floor 3ln n=24.9  IN REGIME   k*k/n=2.50
    B n= 4000 M=   8  rank1 0.984 pw/chance   0.00  distinct 1.000  fill 0.508  gated 0.984
    B n= 4000 M=  12  rank1 0.990 pw/chance   0.00  distinct 1.000  fill 0.730  gated 0.990
    B n= 4000 M=  16  rank1 0.992 pw/chance   0.05  distinct 1.000  fill 0.887  gated 0.992
    B n= 4000 M=  20  rank1 0.447 pw/chance   0.35  distinct 1.000  fill 0.955  gated 0.447
    B n= 4000 M=  24  rank1 0.258 pw/chance   0.93  distinct 1.000  fill 0.977  gated 0.258
    B n= 4000 M=  28  rank1 0.167 pw/chance   2.11  distinct 1.000  fill 0.984  gated 0.167
    B n= 4000 M=  32  rank1 0.141 pw/chance   3.36  distinct 1.000  fill 0.987  gated 0.000
    B n= 4000 M=  40  rank1 0.084 pw/chance   5.98  distinct 1.000  fill 0.989  gated 0.000
    B n= 4000 M=  48  rank1 0.088 pw/chance   9.46  distinct 1.000  fill 0.990  gated 0.000
    B n= 4000 M=  64  rank1 0.043 pw/chance  14.92  distinct 0.998  fill 0.991  gated 0.000
    B n= 4000 M=  80  rank1 0.031 pw/chance  19.30  distinct 0.948  fill 0.992  gated 0.000
    B n= 4000 k= 100  CEILING M* = 19.6  bracket [16, 20)  interior 3  fill@M* 0.949  M*k/n 0.489  ok

  elapsed 9.6s

--- CAP2: fit log M* = a + b log n over UNCENSORED n ---
    B: only 1 uncensored supported n -- NOT ANSWERED at this k, p. No line is fitted.
  wrote F:\Github\assemblies\research\experiments\capacity_scaling_results.json
