bringing up nodes...
bringing up nodes...

........................................................................ [  6%]
........................................................................ [ 13%]
.......................................................Xxx.............. [ 20%]
........................................................................ [ 26%]
...............................................F........................ [ 33%]
.......................................x................................ [ 40%]
x................F..FF.F..FF..F.F.F...................x................. [ 47%]
........................................................................ [ 53%]
.....................X.................................................. [ 60%]
........................................................................ [ 67%]
........................................................................ [ 74%]
....................s................................................... [ 80%]
........................................................................ [ 87%]
........................................................................ [ 94%]
.........F..................................................             [100%]
============================== warnings summary ===============================
neural_assemblies/tests/test_batched_projection.py::TestBatchedProjection::test_batched_equals_sequential
  F:\Github\assemblies\neural_assemblies\tests\test_batched_projection.py:28: UserWarning: Sparse invariant checks are implicitly disabled. Memory errors (e.g. SEGFAULT) will occur when operating on a sparse tensor which violates the invariants, but checks incur performance overhead. To silence this warning, explicitly opt in or out. See `torch.sparse.check_sparse_tensor_invariants.__doc__` for guidance.  (Triggered internally at C:\actions-runner\_work\pytorch\pytorch\aten\src\ATen\Context.cpp:767.)
    W = torch.sparse_coo_tensor(

neural_assemblies/tests/test_batched_projection.py::TestBatchedProjection::test_batched_equals_sequential
  F:\Github\assemblies\neural_assemblies\tests\test_batched_projection.py:30: UserWarning: Sparse CSR tensor support is in beta state. If you miss a functionality in the sparse tensor support, please submit a feature request to https://github.com/pytorch/pytorch/issues. (Triggered internally at C:\actions-runner\_work\pytorch\pytorch\aten\src\ATen\SparseCsrTensorImpl.cpp:51.)
    return W.to_sparse_csr()

neural_assemblies/tests/test_projection_parity.py::TestProjectIntoParityFull::test_seed_sweep_parity
  F:\Github\assemblies\neural_assemblies\tests\test_projection_parity.py:289: UserWarning: First-winner inputs differ by up to 5.0; acceptable due to RNG/rounding path differences
    warnings.warn(

neural_assemblies/tests/test_batched_trainer.py::TestSparseTrainer::test_sparse_learns_above_chance
  F:\Github\assemblies\neural_assemblies\assembly_calculus\batched_trainer.py:216: UserWarning: Sparse invariant checks are implicitly disabled. Memory errors (e.g. SEGFAULT) will occur when operating on a sparse tensor which violates the invariants, but checks incur performance overhead. To silence this warning, explicitly opt in or out. See `torch.sparse.check_sparse_tensor_invariants.__doc__` for guidance.  (Triggered internally at C:\actions-runner\_work\pytorch\pytorch\aten\src\ATen\Context.cpp:767.)
    self.W = torch.sparse_coo_tensor(

neural_assemblies/tests/test_batched_trainer.py::TestSparseTrainer::test_sparse_learns_above_chance
  F:\Github\assemblies\neural_assemblies\assembly_calculus\batched_trainer.py:237: UserWarning: Sparse CSR tensor support is in beta state. If you miss a functionality in the sparse tensor support, please submit a feature request to https://github.com/pytorch/pytorch/issues. (Triggered internally at C:\actions-runner\_work\pytorch\pytorch\aten\src\ATen\SparseCsrTensorImpl.cpp:51.)
    Wt = self.W.t().to_sparse_csr()

neural_assemblies/tests/test_batched_next_token.py::test_batched_matches_sequential_top1
  F:\Github\assemblies\neural_assemblies\core\torch_engine\_batched.py:40: UserWarning: Sparse invariant checks are implicitly disabled. Memory errors (e.g. SEGFAULT) will occur when operating on a sparse tensor which violates the invariants, but checks incur performance overhead. To silence this warning, explicitly opt in or out. See `torch.sparse.check_sparse_tensor_invariants.__doc__` for guidance.  (Triggered internally at C:\actions-runner\_work\pytorch\pytorch\aten\src\ATen\Context.cpp:767.)
    return torch.sparse_csr_tensor(crow, col, val, size=(n, n))

neural_assemblies/tests/test_batched_next_token.py::test_batched_matches_sequential_top1
  F:\Github\assemblies\neural_assemblies\core\torch_engine\_batched.py:40: UserWarning: Sparse CSR tensor support is in beta state. If you miss a functionality in the sparse tensor support, please submit a feature request to https://github.com/pytorch/pytorch/issues. (Triggered internally at C:\actions-runner\_work\pytorch\pytorch\aten\src\ATen\SparseCsrTensorImpl.cpp:51.)
    return torch.sparse_csr_tensor(crow, col, val, size=(n, n))

-- Docs: https://docs.pytest.org/en/stable/how-to/capture-warnings.html
=========================== short test summary info ===========================
FAILED neural_assemblies/tests/test_torch_parity.py::TestReciprocalParity::test_reciprocal_recovers[numpy_sparse]
FAILED neural_assemblies/tests/test_cuda_kernels.py::TestHashTableCorrectness::test_learned_connections_created
FAILED neural_assemblies/tests/test_cuda_kernels.py::TestHashTableCorrectness::test_hash_table_populated
FAILED neural_assemblies/tests/test_cuda_kernels.py::TestWeightAccumulation::test_weights_saturate
FAILED neural_assemblies/tests/test_cuda_kernels.py::TestWeightAccumulation::test_no_overflow
FAILED neural_assemblies/tests/test_cuda_kernels.py::TestCOOWeightsReset::test_reset_clears_state
FAILED neural_assemblies/tests/test_cuda_kernels.py::TestCOOWeightsReset::test_reset_then_rerun_matches_fresh
FAILED neural_assemblies/tests/test_cuda_kernels.py::TestMultiAreaProjection::test_area_to_area
FAILED neural_assemblies/tests/test_cuda_kernels.py::TestProjectRounds::test_stim_only_matches_sequential
FAILED neural_assemblies/tests/test_cuda_kernels.py::TestProjectRounds::test_area_source_matches_sequential
FAILED neural_assemblies/tests/test_erp_calibration.py::TestErpCalibration::test_fast_calibration_preserves_separation
11 failed, 1049 passed, 1 skipped, 5 xfailed, 2 xpassed, 7 warnings in 399.27s (0:06:39)
EXIT=1
