=== depth=SENTENCES seed=11 ===
  train_unsupervised (UNSUPERVISED)  wrote  130 role-lexicon entries
  ROLE_PATIENT   M=36   k=30   n=3000   alpha=0.360  retrieval=0.333  (chance 0.028) margin=1.286  spread=0.1582
  ROLE_AGENT     M=46   k=30   n=3000   alpha=0.460  retrieval=0.326  (chance 0.022) margin=1.240  spread=0.1286

=== depth=SENTENCES seed=42 ===
  train_unsupervised (UNSUPERVISED)  wrote  130 role-lexicon entries
  ROLE_PATIENT   M=36   k=30   n=3000   alpha=0.360  retrieval=0.417  (chance 0.028) margin=1.134  spread=0.1690
  ROLE_AGENT     M=46   k=30   n=3000   alpha=0.460  retrieval=0.391  (chance 0.022) margin=1.317  spread=0.1261

=== depth=FULL_TRAIN seed=11 ===
  train_roles (SUPERVISED)           wrote   25 role-lexicon entries
  ROLE_PATIENT   M=6    k=30   n=3000   alpha=0.060  retrieval=0.800  (chance 0.200) margin=1.103  spread=0.0956
  ROLE_AGENT     M=11   k=30   n=3000   alpha=0.110  retrieval=0.667  (chance 0.167) margin=5.500  spread=0.2188

=== depth=FULL_TRAIN seed=42 ===
  train_roles (SUPERVISED)           wrote   25 role-lexicon entries
  ROLE_PATIENT   M=6    k=30   n=3000   alpha=0.060  retrieval=0.800  (chance 0.200) margin=3.267  spread=0.1444
  ROLE_AGENT     M=11   k=30   n=3000   alpha=0.110  retrieval=0.667  (chance 0.167) margin=2.281  spread=0.2261

==============================================================================
MATCHED CANDIDATE SET -- readout difficulty equalised
depth        area            M stored    ret@6   ret@11  (chance 0.167 / 0.091)
------------------------------------------------------------------------------
FULL_TRAIN   ROLE_PATIENT           6      nan      nan
FULL_TRAIN   ROLE_AGENT            11    0.667      nan
SENTENCES    ROLE_PATIENT          36    0.729    0.639
SENTENCES    ROLE_AGENT            46    0.721    0.591

==============================================================================
ROUTE vs LOAD -- retrieval is only comparable at comparable alpha
depth        area              M   alpha  retrieval   margin   spread
------------------------------------------------------------------------------
SENTENCES    ROLE_PATIENT     36   0.360      0.375    1.210   0.1636
SENTENCES    ROLE_AGENT       46   0.460      0.359    1.278   0.1273
FULL_TRAIN   ROLE_PATIENT      6   0.060      0.800    2.185   0.1200
FULL_TRAIN   ROLE_AGENT       11   0.110      0.667    3.891   0.2224
