########## gain_x_depth ##########

  SWEEP gain_x_depth   25 configs x 2 seeds
  50 to run, 0 already done -> F:\Github\assemblies\research\experiments\sweep.csv

  [  1/50] n=4000 M=64 p=0.05 D=2 g=1.50 s=42  acc=1.000 marg= 10.36  [9s, eta 7m]
  [  2/50] n=4000 M=64 p=0.05 D=2 g=1.50 s=43  acc=1.000 marg= 10.47  [7s, eta 7m]
  [  3/50] n=4000 M=64 p=0.05 D=2 g=1.70 s=42  acc=1.000 marg= 10.57  [9s, eta 7m]
  [  4/50] n=4000 M=64 p=0.05 D=2 g=1.70 s=43  acc=1.000 marg= 12.13  [5s, eta 6m]
  [  5/50] n=4000 M=64 p=0.05 D=2 g=1.84 s=42  acc=1.000 marg= 10.38  [5s, eta 5m]
  [  6/50] n=4000 M=64 p=0.05 D=2 g=1.84 s=43  acc=1.000 marg= 11.12  [6s, eta 5m]
  [  7/50] n=4000 M=64 p=0.05 D=2 g=1.96 s=42  acc=1.000 marg= 10.26  [6s, eta 5m]
  [  8/50] n=4000 M=64 p=0.05 D=2 g=1.96 s=43  acc=1.000 marg= 10.54  [5s, eta 5m]
  [  9/50] n=4000 M=64 p=0.05 D=2 g=2.10 s=42  acc=1.000 marg=  7.69  [4s, eta 4m]
  [ 10/50] n=4000 M=64 p=0.05 D=2 g=2.10 s=43  acc=1.000 marg=  9.71  [4s, eta 4m]
  [ 11/50] n=4000 M=64 p=0.05 D=3 g=1.50 s=42  acc=1.000 marg=  8.75  [7s, eta 4m]
  [ 12/50] n=4000 M=64 p=0.05 D=3 g=1.50 s=43  acc=1.000 marg=  9.01  [6s, eta 4m]
  [ 13/50] n=4000 M=64 p=0.05 D=3 g=1.70 s=42  acc=1.000 marg=  9.16  [7s, eta 4m]
  [ 14/50] n=4000 M=64 p=0.05 D=3 g=1.70 s=43  acc=1.000 marg=  9.95  [9s, eta 4m]
  [ 15/50] n=4000 M=64 p=0.05 D=3 g=1.84 s=42  acc=1.000 marg=  9.12  [9s, eta 4m]
  [ 16/50] n=4000 M=64 p=0.05 D=3 g=1.84 s=43  acc=1.000 marg=  9.43  [8s, eta 4m]
  [ 17/50] n=4000 M=64 p=0.05 D=3 g=1.96 s=42  acc=1.000 marg=  7.55  [8s, eta 4m]
  [ 18/50] n=4000 M=64 p=0.05 D=3 g=1.96 s=43  acc=1.000 marg=  7.78  [9s, eta 4m]
  [ 19/50] n=4000 M=64 p=0.05 D=3 g=2.10 s=42  acc=1.000 marg=  4.22  [7s, eta 4m]
  [ 20/50] n=4000 M=64 p=0.05 D=3 g=2.10 s=43  acc=0.969 marg=  3.74  [7s, eta 3m]
  [ 21/50] n=4000 M=64 p=0.05 D=4 g=1.50 s=42  acc=1.000 marg=  6.75  [14s, eta 3m]
  [ 22/50] n=4000 M=64 p=0.05 D=4 g=1.50 s=43  acc=1.000 marg=  7.14  [12s, eta 3m]
  [ 23/50] n=4000 M=64 p=0.05 D=4 g=1.70 s=42  acc=1.000 marg=  8.98  [15s, eta 3m]
  [ 24/50] n=4000 M=64 p=0.05 D=4 g=1.70 s=43  acc=1.000 marg=  8.55  [15s, eta 3m]
  [ 25/50] n=4000 M=64 p=0.05 D=4 g=1.84 s=42  acc=1.000 marg=  6.69  [15s, eta 3m]
  [ 26/50] n=4000 M=64 p=0.05 D=4 g=1.84 s=43  acc=1.000 marg=  7.39  [12s, eta 3m]
  [ 27/50] n=4000 M=64 p=0.05 D=4 g=1.96 s=42  acc=1.000 marg=  3.98  [10s, eta 3m]
  [ 28/50] n=4000 M=64 p=0.05 D=4 g=1.96 s=43  acc=0.469 marg=  1.45  [11s, eta 3m]
  [ 29/50] n=4000 M=64 p=0.05 D=4 g=2.10 s=42  acc=0.219 marg=  1.18  [9s, eta 3m]
  [ 30/50] n=4000 M=64 p=0.05 D=4 g=2.10 s=43  acc=0.141 marg=  1.05  [9s, eta 3m]
  [ 31/50] n=4000 M=64 p=0.05 D=5 g=1.50 s=42  acc=1.000 marg=  5.23  [19s, eta 3m]
  [ 32/50] n=4000 M=64 p=0.05 D=5 g=1.50 s=43  acc=1.000 marg=  5.20  [17s, eta 3m]
  [ 33/50] n=4000 M=64 p=0.05 D=5 g=1.70 s=42  acc=1.000 marg=  7.29  [13s, eta 3m]
  [ 34/50] n=4000 M=64 p=0.05 D=5 g=1.70 s=43  acc=1.000 marg=  7.24  [15s, eta 3m]
  [ 35/50] n=4000 M=64 p=0.05 D=5 g=1.84 s=42  acc=1.000 marg=  6.31  [12s, eta 2m]
  [ 36/50] n=4000 M=64 p=0.05 D=5 g=1.84 s=43  acc=0.969 marg=  3.66  [12s, eta 2m]
  [ 37/50] n=4000 M=64 p=0.05 D=5 g=1.96 s=42  acc=0.172 marg=  1.18  [15s, eta 2m]
  [ 38/50] n=4000 M=64 p=0.05 D=5 g=1.96 s=43  acc=0.156 marg=  1.19  [16s, eta 2m]
  [ 39/50] n=4000 M=64 p=0.05 D=5 g=2.10 s=42  acc=0.078 marg=  1.01  [15s, eta 2m]
  [ 40/50] n=4000 M=64 p=0.05 D=5 g=2.10 s=43  acc=0.109 marg=  1.01  [12s, eta 2m]
  [ 41/50] n=4000 M=64 p=0.05 D=6 g=1.50 s=42  acc=0.938 marg=  3.43  [17s, eta 2m]
  [ 42/50] n=4000 M=64 p=0.05 D=6 g=1.50 s=43  acc=0.969 marg=  3.35  [15s, eta 1m]
  [ 43/50] n=4000 M=64 p=0.05 D=6 g=1.70 s=42  acc=1.000 marg=  6.91  [17s, eta 1m]
  [ 44/50] n=4000 M=64 p=0.05 D=6 g=1.70 s=43  acc=1.000 marg=  6.11  [15s, eta 1m]
  [ 45/50] n=4000 M=64 p=0.05 D=6 g=1.84 s=42  acc=0.078 marg=  1.22  [17s, eta 1m]
  [ 46/50] n=4000 M=64 p=0.05 D=6 g=1.84 s=43  acc=0.859 marg=  3.22  [18s, eta 1m]
  [ 47/50] n=4000 M=64 p=0.05 D=6 g=1.96 s=42  acc=0.016 marg=  1.01  [16s, eta 1m]
  [ 48/50] n=4000 M=64 p=0.05 D=6 g=1.96 s=43  acc=0.016 marg=  1.00  [23s, eta 0m]
  [ 49/50] n=4000 M=64 p=0.05 D=6 g=2.10 s=42  acc=0.078 marg=  1.01  [22s, eta 0m]
  [ 50/50] n=4000 M=64 p=0.05 D=6 g=2.10 s=43  acc=0.016 marg=  1.00  [20s, eta 0m]

  done in 9.8 min
########## gain_x_kp ##########

  SWEEP gain_x_kp   24 configs x 2 seeds
  48 to run, 0 already done -> F:\Github\assemblies\research\experiments\sweep.csv

  [  1/48] n=4000 M=64 p=0.02 D=5 g=1.50 s=42  acc=0.469 marg=  1.28  [17s, eta 14m]
  [  2/48] n=4000 M=64 p=0.02 D=5 g=1.50 s=43  acc=0.344 marg=  1.28  [17s, eta 13m]
  [  3/48] n=4000 M=64 p=0.02 D=5 g=1.70 s=42  acc=0.047 marg=  1.03  [16s, eta 13m]
  [  4/48] n=4000 M=64 p=0.02 D=5 g=1.70 s=43  acc=0.047 marg=  1.07  [16s, eta 12m]
  [  5/48] n=4000 M=64 p=0.02 D=5 g=1.84 s=42  acc=0.031 marg=  1.03  [16s, eta 12m]
  [  6/48] n=4000 M=64 p=0.02 D=5 g=1.84 s=43  acc=0.031 marg=  1.03  [16s, eta 12m]
  [  7/48] n=4000 M=64 p=0.02 D=5 g=1.96 s=42  acc=0.094 marg=  1.02  [14s, eta 11m]
  [  8/48] n=4000 M=64 p=0.02 D=5 g=1.96 s=43  acc=0.078 marg=  1.01  [14s, eta 11m]
  [  9/48] n=4000 M=64 p=0.02 D=5 g=2.10 s=42  acc=0.062 marg=  1.01  [12s, eta 10m]
  [ 10/48] n=4000 M=64 p=0.02 D=5 g=2.10 s=43  acc=0.047 marg=  1.02  [11s, eta 10m]
  [ 11/48] n=4000 M=64 p=0.02 D=5 g=2.35 s=42  acc=0.047 marg=  1.01  [14s, eta 9m]
  [ 12/48] n=4000 M=64 p=0.02 D=5 g=2.35 s=43  acc=0.047 marg=  1.01  [11s, eta 9m]
  [ 13/48] n=4000 M=64 p=0.05 D=5 g=1.50 s=42  acc=1.000 marg=  5.23  [15s, eta 9m]
  [ 14/48] n=4000 M=64 p=0.05 D=5 g=1.50 s=43  acc=1.000 marg=  5.20  [14s, eta 8m]
  [ 15/48] n=4000 M=64 p=0.05 D=5 g=1.70 s=42  acc=1.000 marg=  7.29  [13s, eta 8m]
  [ 16/48] n=4000 M=64 p=0.05 D=5 g=1.70 s=43  acc=1.000 marg=  7.24  [12s, eta 8m]
  [ 17/48] n=4000 M=64 p=0.05 D=5 g=1.84 s=42  acc=1.000 marg=  6.31  [14s, eta 7m]
  [ 18/48] n=4000 M=64 p=0.05 D=5 g=1.84 s=43  acc=0.969 marg=  3.66  [13s, eta 7m]
  [ 19/48] n=4000 M=64 p=0.05 D=5 g=1.96 s=42  acc=0.172 marg=  1.18  [15s, eta 7m]
  [ 20/48] n=4000 M=64 p=0.05 D=5 g=1.96 s=43  acc=0.156 marg=  1.19  [15s, eta 7m]
  [ 21/48] n=4000 M=64 p=0.05 D=5 g=2.10 s=42  acc=0.078 marg=  1.01  [13s, eta 6m]
  [ 22/48] n=4000 M=64 p=0.05 D=5 g=2.10 s=43  acc=0.109 marg=  1.01  [13s, eta 6m]
  [ 23/48] n=4000 M=64 p=0.05 D=5 g=2.35 s=42  acc=0.078 marg=  1.01  [11s, eta 6m]
  [ 24/48] n=4000 M=64 p=0.05 D=5 g=2.35 s=43  acc=0.078 marg=  1.01  [11s, eta 6m]
  [ 25/48] n=4000 M=64 p=0.1 D=5 g=1.50 s=42  acc=1.000 marg= 11.35  [13s, eta 5m]
  [ 26/48] n=4000 M=64 p=0.1 D=5 g=1.50 s=43  acc=1.000 marg= 11.06  [17s, eta 5m]
  [ 27/48] n=4000 M=64 p=0.1 D=5 g=1.70 s=42  acc=1.000 marg= 11.78  [13s, eta 5m]
  [ 28/48] n=4000 M=64 p=0.1 D=5 g=1.70 s=43  acc=1.000 marg= 12.14  [13s, eta 5m]
  [ 29/48] n=4000 M=64 p=0.1 D=5 g=1.84 s=42  acc=1.000 marg= 10.43  [15s, eta 4m]
  [ 30/48] n=4000 M=64 p=0.1 D=5 g=1.84 s=43  acc=1.000 marg=  9.83  [13s, eta 4m]
  [ 31/48] n=4000 M=64 p=0.1 D=5 g=1.96 s=42  acc=0.062 marg=  1.06  [16s, eta 4m]
  [ 32/48] n=4000 M=64 p=0.1 D=5 g=1.96 s=43  acc=0.281 marg=  1.58  [16s, eta 4m]
  [ 33/48] n=4000 M=64 p=0.1 D=5 g=2.10 s=42  acc=0.016 marg=  1.01  [15s, eta 4m]
  [ 34/48] n=4000 M=64 p=0.1 D=5 g=2.10 s=43  acc=0.047 marg=  1.02  [13s, eta 3m]
  [ 35/48] n=4000 M=64 p=0.1 D=5 g=2.35 s=42  acc=0.016 marg=  1.00  [14s, eta 3m]
  [ 36/48] n=4000 M=64 p=0.1 D=5 g=2.35 s=43  acc=0.016 marg=  1.00  [12s, eta 3m]
  [ 37/48] n=4000 M=64 p=0.2 D=5 g=1.50 s=42  acc=1.000 marg= 14.34  [14s, eta 3m]
  [ 38/48] n=4000 M=64 p=0.2 D=5 g=1.50 s=43  acc=1.000 marg= 14.30  [14s, eta 2m]
  [ 39/48] n=4000 M=64 p=0.2 D=5 g=1.70 s=42  acc=1.000 marg= 13.99  [15s, eta 2m]
  [ 40/48] n=4000 M=64 p=0.2 D=5 g=1.70 s=43  acc=1.000 marg= 14.15  [16s, eta 2m]
  [ 41/48] n=4000 M=64 p=0.2 D=5 g=1.84 s=42  acc=1.000 marg= 11.32  [17s, eta 2m]
  [ 42/48] n=4000 M=64 p=0.2 D=5 g=1.84 s=43  acc=0.750 marg=  6.12  [15s, eta 1m]
  [ 43/48] n=4000 M=64 p=0.2 D=5 g=1.96 s=42  acc=0.656 marg=  2.79  [14s, eta 1m]
  [ 44/48] n=4000 M=64 p=0.2 D=5 g=1.96 s=43  acc=0.047 marg=  1.04  [15s, eta 1m]
  [ 45/48] n=4000 M=64 p=0.2 D=5 g=2.10 s=42  acc=0.016 marg=  1.00  [13s, eta 1m]
  [ 46/48] n=4000 M=64 p=0.2 D=5 g=2.10 s=43  acc=0.016 marg=  1.00  [12s, eta 0m]
  [ 47/48] n=4000 M=64 p=0.2 D=5 g=2.35 s=42  acc=0.016 marg=  1.00  [12s, eta 0m]
  [ 48/48] n=4000 M=64 p=0.2 D=5 g=2.35 s=43  acc=0.016 marg=  1.00  [11s, eta 0m]

  done in 11.2 min
########## capacity_rel ##########

  SWEEP capacity_rel   24 configs x 2 seeds
  48 to run, 0 already done -> F:\Github\assemblies\research\experiments\sweep.csv

  [  1/48] n=2000 M=24 p=0.05 D=5 g=1.51 s=42  acc=1.000 marg=  4.29  [6s, eta 4m]
  [  2/48] n=2000 M=24 p=0.05 D=5 g=1.51 s=43  acc=1.000 marg=  4.29  [3s, eta 3m]
  [  3/48] n=2000 M=32 p=0.05 D=5 g=1.51 s=42  acc=1.000 marg=  4.51  [4s, eta 3m]
  [  4/48] n=2000 M=32 p=0.05 D=5 g=1.51 s=43  acc=0.938 marg=  3.75  [3s, eta 3m]
  [  5/48] n=2000 M=48 p=0.05 D=5 g=1.51 s=42  acc=0.375 marg=  1.51  [6s, eta 3m]
  [  6/48] n=2000 M=48 p=0.05 D=5 g=1.51 s=43  acc=0.333 marg=  1.30  [6s, eta 3m]
  [  7/48] n=2000 M=64 p=0.05 D=5 g=1.51 s=42  acc=0.031 marg=  1.01  [9s, eta 4m]
  [  8/48] n=2000 M=64 p=0.05 D=5 g=1.51 s=43  acc=0.031 marg=  1.02  [9s, eta 4m]
  [  9/48] n=2000 M=96 p=0.05 D=5 g=1.51 s=42  acc=0.010 marg=  1.00  [12s, eta 4m]
  [ 10/48] n=2000 M=96 p=0.05 D=5 g=1.51 s=43  acc=0.010 marg=  1.00  [13s, eta 4m]
  [ 11/48] n=2000 M=128 p=0.05 D=5 g=1.51 s=42  acc=0.016 marg=  1.00  [20s, eta 5m]
  [ 12/48] n=2000 M=128 p=0.05 D=5 g=1.51 s=43  acc=0.016 marg=  1.00  [17s, eta 5m]
  [ 13/48] n=4000 M=24 p=0.05 D=5 g=1.69 s=42  acc=1.000 marg= 11.79  [3s, eta 5m]
  [ 14/48] n=4000 M=24 p=0.05 D=5 g=1.69 s=43  acc=1.000 marg= 11.46  [3s, eta 5m]
  [ 15/48] n=4000 M=32 p=0.05 D=5 g=1.69 s=42  acc=1.000 marg= 10.73  [4s, eta 4m]
  [ 16/48] n=4000 M=32 p=0.05 D=5 g=1.69 s=43  acc=1.000 marg=  9.23  [5s, eta 4m]
  [ 17/48] n=4000 M=48 p=0.05 D=5 g=1.69 s=42  acc=1.000 marg=  8.03  [9s, eta 4m]
  [ 18/48] n=4000 M=48 p=0.05 D=5 g=1.69 s=43  acc=1.000 marg=  8.87  [10s, eta 4m]
  [ 19/48] n=4000 M=64 p=0.05 D=5 g=1.69 s=42  acc=1.000 marg=  6.65  [13s, eta 4m]
  [ 20/48] n=4000 M=64 p=0.05 D=5 g=1.69 s=43  acc=1.000 marg=  6.70  [14s, eta 4m]
  [ 21/48] n=4000 M=96 p=0.05 D=5 g=1.69 s=42  acc=0.521 marg=  1.54  [23s, eta 4m]
  [ 22/48] n=4000 M=96 p=0.05 D=5 g=1.69 s=43  acc=0.625 marg=  1.83  [23s, eta 4m]
  [ 23/48] n=4000 M=128 p=0.05 D=5 g=1.69 s=42  acc=0.031 marg=  1.00  [31s, eta 4m]
  [ 24/48] n=4000 M=128 p=0.05 D=5 g=1.69 s=43  acc=0.016 marg=  1.03  [30s, eta 5m]
  [ 25/48] n=4000 M=192 p=0.05 D=5 g=1.69 s=42  acc=0.031 marg=  1.01  [55s, eta 5m]
  [ 26/48] n=4000 M=192 p=0.05 D=5 g=1.69 s=43  acc=0.010 marg=  1.01  [48s, eta 5m]
  [ 27/48] n=4000 M=256 p=0.05 D=5 g=1.69 s=42  acc=0.016 marg=  1.01  [63s, eta 6m]
  [ 28/48] n=4000 M=256 p=0.05 D=5 g=1.69 s=43  acc=0.016 marg=  1.01  [66s, eta 6m]
  [ 29/48] n=8000 M=24 p=0.05 D=5 g=1.91 s=42  acc=1.000 marg= 32.48  [5s, eta 6m]
  [ 30/48] n=8000 M=24 p=0.05 D=5 g=1.91 s=43  acc=1.000 marg= 32.34  [5s, eta 5m]
  [ 31/48] n=8000 M=32 p=0.05 D=5 g=1.91 s=42  acc=1.000 marg= 24.96  [6s, eta 5m]
  [ 32/48] n=8000 M=32 p=0.05 D=5 g=1.91 s=43  acc=1.000 marg= 24.38  [6s, eta 4m]
  [ 33/48] n=8000 M=48 p=0.05 D=5 g=1.91 s=42  acc=1.000 marg= 19.95  [12s, eta 4m]
  [ 34/48] n=8000 M=48 p=0.05 D=5 g=1.91 s=43  acc=1.000 marg= 21.42  [11s, eta 4m]
  [ 35/48] n=8000 M=64 p=0.05 D=5 g=1.91 s=42  acc=1.000 marg= 19.18  [27s, eta 4m]
  [ 36/48] n=8000 M=64 p=0.05 D=5 g=1.91 s=43  acc=1.000 marg= 18.68  [20s, eta 3m]
  [ 37/48] n=8000 M=96 p=0.05 D=5 g=1.91 s=42  acc=1.000 marg= 15.21  [40s, eta 3m]
  [ 38/48] n=8000 M=96 p=0.05 D=5 g=1.91 s=43  acc=1.000 marg= 15.04  [48s, eta 3m]
  [ 39/48] n=8000 M=128 p=0.05 D=5 g=1.91 s=42  acc=1.000 marg= 11.69  [59s, eta 3m]
  [ 40/48] n=8000 M=128 p=0.05 D=5 g=1.91 s=43  acc=1.000 marg=  9.11  [62s, eta 3m]
  [ 41/48] n=8000 M=192 p=0.05 D=5 g=1.91 s=42  acc=0.682 marg=  2.30  [88s, eta 3m]
  [ 42/48] n=8000 M=192 p=0.05 D=5 g=1.91 s=43  acc=0.073 marg=  1.09  [90s, eta 2m]
  [ 43/48] n=8000 M=256 p=0.05 D=5 g=1.91 s=42  acc=0.051 marg=  1.02  [129s, eta 2m]
  [ 44/48] n=8000 M=256 p=0.05 D=5 g=1.91 s=43  acc=0.039 marg=  1.03  [106s, eta 2m]
  [ 45/48] n=8000 M=384 p=0.05 D=5 g=1.91 s=42  acc=0.039 marg=  1.02  [169s, eta 2m]
  [ 46/48] n=8000 M=384 p=0.05 D=5 g=1.91 s=43  acc=0.023 marg=  1.01  [165s, eta 1m]
  [ 47/48] n=8000 M=512 p=0.05 D=5 g=1.91 s=42  acc=0.004 marg=  1.01  [228s, eta 1m]
