
  SWEEP gain_x_alpha   112 configs x 3 seeds
  336 to run, 0 already done -> F:\Github\assemblies\research\experiments\sweep.csv

  [  1/336] n=4000 M=32 p=0.05 D=5 g=1.08 s=44  acc=0.750 marg=  2.20  [9s, eta 48m]
  [  2/336] n=4000 M=32 p=0.05 D=5 g=1.08 s=45  acc=0.656 marg=  1.94  [9s, eta 49m]
  [  3/336] n=4000 M=32 p=0.05 D=5 g=1.08 s=46  acc=0.781 marg=  1.70  [5s, eta 42m]
  [  4/336] n=4000 M=32 p=0.05 D=5 g=1.15 s=44  acc=0.906 marg=  3.22  [5s, eta 38m]
  [  5/336] n=4000 M=32 p=0.05 D=5 g=1.15 s=45  acc=0.844 marg=  3.00  [5s, eta 36m]
  [  6/336] n=4000 M=32 p=0.05 D=5 g=1.15 s=46  acc=0.938 marg=  2.87  [5s, eta 35m]
  [  7/336] n=4000 M=32 p=0.05 D=5 g=1.22 s=44  acc=0.938 marg=  3.83  [5s, eta 33m]
  [  8/336] n=4000 M=32 p=0.05 D=5 g=1.22 s=45  acc=0.938 marg=  3.67  [5s, eta 33m]
  [  9/336] n=4000 M=32 p=0.05 D=5 g=1.22 s=46  acc=1.000 marg=  3.18  [5s, eta 32m]
  [ 10/336] n=4000 M=32 p=0.05 D=5 g=1.30 s=44  acc=1.000 marg=  5.86  [6s, eta 32m]
  [ 11/336] n=4000 M=32 p=0.05 D=5 g=1.30 s=45  acc=1.000 marg=  3.90  [7s, eta 32m]
  [ 12/336] n=4000 M=32 p=0.05 D=5 g=1.30 s=46  acc=1.000 marg=  4.60  [6s, eta 32m]
  [ 13/336] n=4000 M=32 p=0.05 D=5 g=1.40 s=44  acc=1.000 marg=  6.55  [16s, eta 36m]
  [ 14/336] n=4000 M=32 p=0.05 D=5 g=1.40 s=45  acc=1.000 marg=  7.26  [8s, eta 36m]
  [ 15/336] n=4000 M=32 p=0.05 D=5 g=1.40 s=46  acc=1.000 marg=  6.83  [5s, eta 36m]
  [ 16/336] n=4000 M=32 p=0.05 D=5 g=1.50 s=44  acc=1.000 marg=  8.04  [5s, eta 35m]
  [ 17/336] n=4000 M=32 p=0.05 D=5 g=1.50 s=45  acc=1.000 marg=  7.83  [4s, eta 34m]
  [ 18/336] n=4000 M=32 p=0.05 D=5 g=1.50 s=46  acc=1.000 marg=  8.74  [5s, eta 33m]
  [ 19/336] n=4000 M=32 p=0.05 D=5 g=1.60 s=44  acc=1.000 marg=  8.77  [5s, eta 33m]
  [ 20/336] n=4000 M=32 p=0.05 D=5 g=1.60 s=45  acc=1.000 marg=  9.73  [5s, eta 33m]
  [ 21/336] n=4000 M=32 p=0.05 D=5 g=1.60 s=46  acc=1.000 marg=  9.58  [6s, eta 32m]
  [ 22/336] n=4000 M=32 p=0.05 D=5 g=1.70 s=44  acc=1.000 marg= 10.36  [6s, eta 32m]
  [ 23/336] n=4000 M=32 p=0.05 D=5 g=1.70 s=45  acc=1.000 marg=  9.09  [4s, eta 32m]
  [ 24/336] n=4000 M=32 p=0.05 D=5 g=1.70 s=46  acc=1.000 marg=  9.80  [4s, eta 31m]
  [ 25/336] n=4000 M=32 p=0.05 D=5 g=1.78 s=44  acc=1.000 marg= 10.22  [4s, eta 31m]
  [ 26/336] n=4000 M=32 p=0.05 D=5 g=1.78 s=45  acc=1.000 marg=  9.53  [3s, eta 30m]
  [ 27/336] n=4000 M=32 p=0.05 D=5 g=1.78 s=46  acc=1.000 marg= 10.97  [9s, eta 31m]
  [ 28/336] n=4000 M=32 p=0.05 D=5 g=1.84 s=44  acc=1.000 marg= 11.46  [6s, eta 30m]
  [ 29/336] n=4000 M=32 p=0.05 D=5 g=1.84 s=45  acc=1.000 marg= 10.51  [4s, eta 30m]
  [ 30/336] n=4000 M=32 p=0.05 D=5 g=1.84 s=46  acc=1.000 marg= 11.03  [4s, eta 30m]
  [ 31/336] n=4000 M=32 p=0.05 D=5 g=1.90 s=44  acc=1.000 marg=  9.61  [4s, eta 29m]
  [ 32/336] n=4000 M=32 p=0.05 D=5 g=1.90 s=45  acc=1.000 marg= 10.37  [4s, eta 29m]
  [ 33/336] n=4000 M=32 p=0.05 D=5 g=1.90 s=46  acc=1.000 marg=  9.97  [4s, eta 29m]
  [ 34/336] n=4000 M=32 p=0.05 D=5 g=1.96 s=44  acc=1.000 marg=  9.12  [4s, eta 28m]
  [ 35/336] n=4000 M=32 p=0.05 D=5 g=1.96 s=45  acc=1.000 marg=  9.95  [5s, eta 28m]
  [ 36/336] n=4000 M=32 p=0.05 D=5 g=1.96 s=46  acc=1.000 marg= 10.66  [5s, eta 28m]
  [ 37/336] n=4000 M=32 p=0.05 D=5 g=2.02 s=44  acc=1.000 marg=  9.67  [5s, eta 28m]
  [ 38/336] n=4000 M=32 p=0.05 D=5 g=2.02 s=45  acc=1.000 marg=  9.13  [5s, eta 27m]
  [ 39/336] n=4000 M=32 p=0.05 D=5 g=2.02 s=46  acc=1.000 marg= 10.26  [6s, eta 27m]
  [ 40/336] n=4000 M=32 p=0.05 D=5 g=2.10 s=44  acc=0.500 marg=  2.05  [5s, eta 27m]
  [ 41/336] n=4000 M=32 p=0.05 D=5 g=2.10 s=45  acc=1.000 marg=  6.25  [5s, eta 27m]
  [ 42/336] n=4000 M=32 p=0.05 D=5 g=2.10 s=46  acc=1.000 marg=  8.43  [6s, eta 27m]
  [ 43/336] n=4000 M=32 p=0.05 D=5 g=2.20 s=44  acc=0.406 marg=  1.40  [5s, eta 27m]
  [ 44/336] n=4000 M=32 p=0.05 D=5 g=2.20 s=45  acc=1.000 marg=  6.57  [5s, eta 27m]
  [ 45/336] n=4000 M=32 p=0.05 D=5 g=2.20 s=46  acc=0.438 marg=  1.92  [5s, eta 27m]
  [ 46/336] n=4000 M=32 p=0.05 D=5 g=2.35 s=44  acc=0.031 marg=  1.01  [9s, eta 27m]
  [ 47/336] n=4000 M=32 p=0.05 D=5 g=2.35 s=45  acc=0.344 marg=  1.36  [9s, eta 27m]
  [ 48/336] n=4000 M=32 p=0.05 D=5 g=2.35 s=46  acc=0.094 marg=  1.10  [8s, eta 27m]
  [ 49/336] n=4000 M=64 p=0.05 D=5 g=1.08 s=44  acc=0.109 marg=  1.17  [20s, eta 29m]
  [ 50/336] n=4000 M=64 p=0.05 D=5 g=1.08 s=45  acc=0.156 marg=  1.22  [19s, eta 30m]
  [ 51/336] n=4000 M=64 p=0.05 D=5 g=1.08 s=46  acc=0.094 marg=  1.22  [20s, eta 31m]
  [ 52/336] n=4000 M=64 p=0.05 D=5 g=1.15 s=44  acc=0.188 marg=  1.31  [18s, eta 32m]
  [ 53/336] n=4000 M=64 p=0.05 D=5 g=1.15 s=45  acc=0.188 marg=  1.30  [17s, eta 33m]
  [ 54/336] n=4000 M=64 p=0.05 D=5 g=1.15 s=46  acc=0.328 marg=  1.43  [14s, eta 33m]
  [ 55/336] n=4000 M=64 p=0.05 D=5 g=1.22 s=44  acc=0.547 marg=  1.48  [14s, eta 34m]
  [ 56/336] n=4000 M=64 p=0.05 D=5 g=1.22 s=45  acc=0.453 marg=  1.43  [14s, eta 34m]
  [ 57/336] n=4000 M=64 p=0.05 D=5 g=1.22 s=46  acc=0.562 marg=  1.59  [14s, eta 34m]
  [ 58/336] n=4000 M=64 p=0.05 D=5 g=1.30 s=44  acc=0.641 marg=  1.93  [15s, eta 35m]
  [ 59/336] n=4000 M=64 p=0.05 D=5 g=1.30 s=45  acc=0.734 marg=  1.87  [14s, eta 35m]
  [ 60/336] n=4000 M=64 p=0.05 D=5 g=1.30 s=46  acc=0.734 marg=  2.15  [13s, eta 36m]
  [ 61/336] n=4000 M=64 p=0.05 D=5 g=1.40 s=44  acc=0.953 marg=  3.53  [14s, eta 36m]
  [ 62/336] n=4000 M=64 p=0.05 D=5 g=1.40 s=45  acc=0.969 marg=  3.50  [13s, eta 36m]
  [ 63/336] n=4000 M=64 p=0.05 D=5 g=1.40 s=46  acc=0.938 marg=  2.99  [14s, eta 37m]
  [ 64/336] n=4000 M=64 p=0.05 D=5 g=1.50 s=44  acc=0.984 marg=  5.44  [11s, eta 37m]
  [ 65/336] n=4000 M=64 p=0.05 D=5 g=1.50 s=45  acc=1.000 marg=  5.04  [10s, eta 37m]
  [ 66/336] n=4000 M=64 p=0.05 D=5 g=1.50 s=46  acc=1.000 marg=  4.54  [10s, eta 37m]
  [ 67/336] n=4000 M=64 p=0.05 D=5 g=1.60 s=44  acc=1.000 marg=  6.26  [10s, eta 37m]
  [ 68/336] n=4000 M=64 p=0.05 D=5 g=1.60 s=45  acc=1.000 marg=  6.91  [10s, eta 37m]
  [ 69/336] n=4000 M=64 p=0.05 D=5 g=1.60 s=46  acc=1.000 marg=  6.38  [11s, eta 37m]
  [ 70/336] n=4000 M=64 p=0.05 D=5 g=1.70 s=44  acc=1.000 marg=  6.86  [9s, eta 36m]
  [ 71/336] n=4000 M=64 p=0.05 D=5 g=1.70 s=45  acc=1.000 marg=  7.83  [8s, eta 36m]
  [ 72/336] n=4000 M=64 p=0.05 D=5 g=1.70 s=46  acc=1.000 marg=  6.89  [9s, eta 36m]
  [ 73/336] n=4000 M=64 p=0.05 D=5 g=1.78 s=44  acc=1.000 marg=  5.96  [10s, eta 36m]
  [ 74/336] n=4000 M=64 p=0.05 D=5 g=1.78 s=45  acc=1.000 marg=  6.57  [11s, eta 36m]
  [ 75/336] n=4000 M=64 p=0.05 D=5 g=1.78 s=46  acc=1.000 marg=  6.51  [17s, eta 37m]
  [ 76/336] n=4000 M=64 p=0.05 D=5 g=1.84 s=44  acc=0.359 marg=  1.73  [19s, eta 37m]
  [ 77/336] n=4000 M=64 p=0.05 D=5 g=1.84 s=45  acc=1.000 marg=  6.37  [18s, eta 37m]
  [ 78/336] n=4000 M=64 p=0.05 D=5 g=1.84 s=46  acc=0.750 marg=  3.03  [18s, eta 38m]
  [ 79/336] n=4000 M=64 p=0.05 D=5 g=1.90 s=44  acc=0.312 marg=  1.37  [15s, eta 38m]
  [ 80/336] n=4000 M=64 p=0.05 D=5 g=1.90 s=45  acc=0.984 marg=  3.60  [14s, eta 38m]
  [ 81/336] n=4000 M=64 p=0.05 D=5 g=1.90 s=46  acc=0.688 marg=  2.11  [13s, eta 38m]
  [ 82/336] n=4000 M=64 p=0.05 D=5 g=1.96 s=44  acc=0.562 marg=  1.73  [13s, eta 38m]
  [ 83/336] n=4000 M=64 p=0.05 D=5 g=1.96 s=45  acc=0.094 marg=  1.02  [13s, eta 38m]
  [ 84/336] n=4000 M=64 p=0.05 D=5 g=1.96 s=46  acc=0.094 marg=  1.08  [12s, eta 38m]
  [ 85/336] n=4000 M=64 p=0.05 D=5 g=2.02 s=44  acc=0.125 marg=  1.19  [11s, eta 38m]
  [ 86/336] n=4000 M=64 p=0.05 D=5 g=2.02 s=45  acc=0.125 marg=  1.05  [10s, eta 38m]
  [ 87/336] n=4000 M=64 p=0.05 D=5 g=2.02 s=46  acc=0.094 marg=  1.02  [11s, eta 38m]
  [ 88/336] n=4000 M=64 p=0.05 D=5 g=2.10 s=44  acc=0.078 marg=  1.03  [12s, eta 38m]
  [ 89/336] n=4000 M=64 p=0.05 D=5 g=2.10 s=45  acc=0.078 marg=  1.01  [9s, eta 38m]
  [ 90/336] n=4000 M=64 p=0.05 D=5 g=2.10 s=46  acc=0.078 marg=  1.01  [8s, eta 38m]
  [ 91/336] n=4000 M=64 p=0.05 D=5 g=2.20 s=44  acc=0.047 marg=  1.01  [8s, eta 37m]
  [ 92/336] n=4000 M=64 p=0.05 D=5 g=2.20 s=45  acc=0.047 marg=  1.01  [7s, eta 37m]
  [ 93/336] n=4000 M=64 p=0.05 D=5 g=2.20 s=46  acc=0.047 marg=  1.01  [7s, eta 37m]
  [ 94/336] n=4000 M=64 p=0.05 D=5 g=2.35 s=44  acc=0.000 marg=  1.00  [7s, eta 37m]
  [ 95/336] n=4000 M=64 p=0.05 D=5 g=2.35 s=45  acc=0.031 marg=  1.01  [8s, eta 37m]
  [ 96/336] n=4000 M=64 p=0.05 D=5 g=2.35 s=46  acc=0.094 marg=  1.01  [6s, eta 36m]
  [ 97/336] n=4000 M=96 p=0.05 D=5 g=1.08 s=44  acc=0.010 marg=  1.18  [14s, eta 36m]
  [ 98/336] n=4000 M=96 p=0.05 D=5 g=1.08 s=45  acc=0.010 marg=  1.15  [14s, eta 36m]
  [ 99/336] n=4000 M=96 p=0.05 D=5 g=1.08 s=46  acc=0.042 marg=  1.16  [16s, eta 36m]
  [100/336] n=4000 M=96 p=0.05 D=5 g=1.15 s=44  acc=0.062 marg=  1.20  [14s, eta 36m]
  [101/336] n=4000 M=96 p=0.05 D=5 g=1.15 s=45  acc=0.052 marg=  1.21  [14s, eta 37m]
  [102/336] n=4000 M=96 p=0.05 D=5 g=1.15 s=46  acc=0.042 marg=  1.20  [13s, eta 37m]
  [103/336] n=4000 M=96 p=0.05 D=5 g=1.22 s=44  acc=0.333 marg=  1.34  [13s, eta 36m]
  [104/336] n=4000 M=96 p=0.05 D=5 g=1.22 s=45  acc=0.188 marg=  1.27  [14s, eta 36m]
  [105/336] n=4000 M=96 p=0.05 D=5 g=1.22 s=46  acc=0.292 marg=  1.34  [13s, eta 36m]
  [106/336] n=4000 M=96 p=0.05 D=5 g=1.30 s=44  acc=0.354 marg=  1.45  [12s, eta 36m]
  [107/336] n=4000 M=96 p=0.05 D=5 g=1.30 s=45  acc=0.427 marg=  1.44  [12s, eta 36m]
  [108/336] n=4000 M=96 p=0.05 D=5 g=1.30 s=46  acc=0.333 marg=  1.45  [12s, eta 36m]
  [109/336] n=4000 M=96 p=0.05 D=5 g=1.40 s=44  acc=0.667 marg=  1.98  [15s, eta 36m]
  [110/336] n=4000 M=96 p=0.05 D=5 g=1.40 s=45  acc=0.688 marg=  2.04  [12s, eta 36m]
  [111/336] n=4000 M=96 p=0.05 D=5 g=1.40 s=46  acc=0.708 marg=  2.00  [13s, eta 36m]
  [112/336] n=4000 M=96 p=0.05 D=5 g=1.50 s=44  acc=0.938 marg=  3.44  [14s, eta 36m]
  [113/336] n=4000 M=96 p=0.05 D=5 g=1.50 s=45  acc=0.938 marg=  3.14  [14s, eta 36m]
  [114/336] n=4000 M=96 p=0.05 D=5 g=1.50 s=46  acc=0.958 marg=  3.21  [13s, eta 36m]
  [115/336] n=4000 M=96 p=0.05 D=5 g=1.60 s=44  acc=0.917 marg=  3.20  [11s, eta 36m]
  [116/336] n=4000 M=96 p=0.05 D=5 g=1.60 s=45  acc=0.990 marg=  3.51  [12s, eta 36m]
  [117/336] n=4000 M=96 p=0.05 D=5 g=1.60 s=46  acc=0.990 marg=  3.68  [14s, eta 36m]
  [118/336] n=4000 M=96 p=0.05 D=5 g=1.70 s=44  acc=0.083 marg=  1.09  [16s, eta 36m]
  [119/336] n=4000 M=96 p=0.05 D=5 g=1.70 s=45  acc=0.354 marg=  1.48  [15s, eta 36m]
  [120/336] n=4000 M=96 p=0.05 D=5 g=1.70 s=46  acc=0.115 marg=  1.15  [14s, eta 36m]
  [121/336] n=4000 M=96 p=0.05 D=5 g=1.78 s=44  acc=0.010 marg=  1.01  [13s, eta 36m]
  [122/336] n=4000 M=96 p=0.05 D=5 g=1.78 s=45  acc=0.062 marg=  1.04  [13s, eta 36m]
  [123/336] n=4000 M=96 p=0.05 D=5 g=1.78 s=46  acc=0.021 marg=  1.03  [13s, eta 36m]
  [124/336] n=4000 M=96 p=0.05 D=5 g=1.84 s=44  acc=0.042 marg=  1.01  [12s, eta 35m]
  [125/336] n=4000 M=96 p=0.05 D=5 g=1.84 s=45  acc=0.042 marg=  1.05  [11s, eta 35m]
  [126/336] n=4000 M=96 p=0.05 D=5 g=1.84 s=46  acc=0.042 marg=  1.01  [11s, eta 35m]
  [127/336] n=4000 M=96 p=0.05 D=5 g=1.90 s=44  acc=0.052 marg=  1.01  [12s, eta 35m]
  [128/336] n=4000 M=96 p=0.05 D=5 g=1.90 s=45  acc=0.052 marg=  1.01  [10s, eta 35m]
  [129/336] n=4000 M=96 p=0.05 D=5 g=1.90 s=46  acc=0.052 marg=  1.01  [10s, eta 35m]
  [130/336] n=4000 M=96 p=0.05 D=5 g=1.96 s=44  acc=0.010 marg=  1.01  [10s, eta 35m]
  [131/336] n=4000 M=96 p=0.05 D=5 g=1.96 s=45  acc=0.031 marg=  1.01  [10s, eta 34m]
  [132/336] n=4000 M=96 p=0.05 D=5 g=1.96 s=46  acc=0.042 marg=  1.01  [10s, eta 34m]
  [133/336] n=4000 M=96 p=0.05 D=5 g=2.02 s=44  acc=0.010 marg=  1.00  [10s, eta 34m]
  [134/336] n=4000 M=96 p=0.05 D=5 g=2.02 s=45  acc=0.052 marg=  1.01  [10s, eta 34m]
  [135/336] n=4000 M=96 p=0.05 D=5 g=2.02 s=46  acc=0.031 marg=  1.01  [11s, eta 34m]
  [136/336] n=4000 M=96 p=0.05 D=5 g=2.10 s=44  acc=0.021 marg=  1.01  [10s, eta 34m]
  [137/336] n=4000 M=96 p=0.05 D=5 g=2.10 s=45  acc=0.021 marg=  1.01  [11s, eta 33m]
  [138/336] n=4000 M=96 p=0.05 D=5 g=2.10 s=46  acc=0.021 marg=  1.01  [10s, eta 33m]
  [139/336] n=4000 M=96 p=0.05 D=5 g=2.20 s=44  acc=0.010 marg=  1.00  [11s, eta 33m]
  [140/336] n=4000 M=96 p=0.05 D=5 g=2.20 s=45  acc=0.042 marg=  1.01  [14s, eta 33m]
  [141/336] n=4000 M=96 p=0.05 D=5 g=2.20 s=46  acc=0.031 marg=  1.00  [11s, eta 33m]
  [142/336] n=4000 M=96 p=0.05 D=5 g=2.35 s=44  acc=0.010 marg=  1.00  [11s, eta 33m]
  [143/336] n=4000 M=96 p=0.05 D=5 g=2.35 s=45  acc=0.042 marg=  1.01  [12s, eta 33m]
  [144/336] n=4000 M=96 p=0.05 D=5 g=2.35 s=46  acc=0.042 marg=  1.01  [10s, eta 32m]
  [145/336] n=4000 M=128 p=0.05 D=5 g=1.08 s=44  acc=0.016 marg=  1.19  [20s, eta 32m]
  [146/336] n=4000 M=128 p=0.05 D=5 g=1.08 s=45  acc=0.000 marg=  1.21  [19s, eta 32m]
  [147/336] n=4000 M=128 p=0.05 D=5 g=1.08 s=46  acc=0.023 marg=  1.20  [24s, eta 33m]
  [148/336] n=4000 M=128 p=0.05 D=5 g=1.15 s=44  acc=0.016 marg=  1.16  [21s, eta 33m]
  [149/336] n=4000 M=128 p=0.05 D=5 g=1.15 s=45  acc=0.031 marg=  1.17  [22s, eta 33m]
  [150/336] n=4000 M=128 p=0.05 D=5 g=1.15 s=46  acc=0.031 marg=  1.23  [21s, eta 33m]
  [151/336] n=4000 M=128 p=0.05 D=5 g=1.22 s=44  acc=0.086 marg=  1.21  [20s, eta 33m]
  [152/336] n=4000 M=128 p=0.05 D=5 g=1.22 s=45  acc=0.062 marg=  1.21  [18s, eta 33m]
  [153/336] n=4000 M=128 p=0.05 D=5 g=1.22 s=46  acc=0.062 marg=  1.22  [20s, eta 33m]
  [154/336] n=4000 M=128 p=0.05 D=5 g=1.30 s=44  acc=0.141 marg=  1.26  [19s, eta 33m]
  [155/336] n=4000 M=128 p=0.05 D=5 g=1.30 s=45  acc=0.242 marg=  1.33  [19s, eta 33m]
  [156/336] n=4000 M=128 p=0.05 D=5 g=1.30 s=46  acc=0.203 marg=  1.31  [21s, eta 33m]
  [157/336] n=4000 M=128 p=0.05 D=5 g=1.40 s=44  acc=0.438 marg=  1.59  [24s, eta 33m]
  [158/336] n=4000 M=128 p=0.05 D=5 g=1.40 s=45  acc=0.484 marg=  1.65  [30s, eta 33m]
