########## gain_x_alpha ##########

  SWEEP gain_x_alpha   64 configs x 2 seeds
  40 to run, 88 already done -> F:\Github\assemblies\research\experiments\sweep.csv

  [  1/40] n=4000 M=32 p=0.05 D=5 g=1.08 s=42  acc=0.781 marg=  1.79  [6s, eta 4m]
  [  2/40] n=4000 M=32 p=0.05 D=5 g=1.08 s=43  acc=0.750 marg=  1.91  [3s, eta 3m]
  [  3/40] n=4000 M=32 p=0.05 D=5 g=1.15 s=42  acc=0.875 marg=  2.84  [5s, eta 3m]
  [  4/40] n=4000 M=32 p=0.05 D=5 g=1.15 s=43  acc=1.000 marg=  2.91  [4s, eta 3m]
  [  5/40] n=4000 M=32 p=0.05 D=5 g=1.22 s=42  acc=0.969 marg=  4.06  [4s, eta 3m]
  [  6/40] n=4000 M=32 p=0.05 D=5 g=1.22 s=43  acc=0.969 marg=  3.45  [4s, eta 2m]
  [  7/40] n=4000 M=32 p=0.05 D=5 g=1.30 s=42  acc=1.000 marg=  4.98  [3s, eta 2m]
  [  8/40] n=4000 M=32 p=0.05 D=5 g=1.30 s=43  acc=1.000 marg=  5.15  [4s, eta 2m]
  [  9/40] n=4000 M=32 p=0.05 D=5 g=1.40 s=42  acc=1.000 marg=  6.98  [3s, eta 2m]
  [ 10/40] n=4000 M=32 p=0.05 D=5 g=1.40 s=43  acc=1.000 marg=  6.14  [4s, eta 2m]
  [ 11/40] n=4000 M=64 p=0.05 D=5 g=1.08 s=42  acc=0.094 marg=  1.19  [12s, eta 2m]
  [ 12/40] n=4000 M=64 p=0.05 D=5 g=1.08 s=43  acc=0.188 marg=  1.30  [11s, eta 2m]
  [ 13/40] n=4000 M=64 p=0.05 D=5 g=1.15 s=42  acc=0.344 marg=  1.27  [20s, eta 3m]
  [ 14/40] n=4000 M=64 p=0.05 D=5 g=1.15 s=43  acc=0.234 marg=  1.28  [18s, eta 3m]
  [ 15/40] n=4000 M=64 p=0.05 D=5 g=1.22 s=42  acc=0.453 marg=  1.52  [20s, eta 3m]
  [ 16/40] n=4000 M=64 p=0.05 D=5 g=1.22 s=43  acc=0.547 marg=  1.59  [13s, eta 3m]
  [ 17/40] n=4000 M=64 p=0.05 D=5 g=1.30 s=42  acc=0.688 marg=  1.97  [10s, eta 3m]
  [ 18/40] n=4000 M=64 p=0.05 D=5 g=1.30 s=43  acc=0.750 marg=  2.11  [9s, eta 3m]
  [ 19/40] n=4000 M=64 p=0.05 D=5 g=1.40 s=42  acc=0.953 marg=  3.07  [9s, eta 3m]
  [ 20/40] n=4000 M=64 p=0.05 D=5 g=1.40 s=43  acc=0.969 marg=  3.37  [11s, eta 3m]
  [ 21/40] n=4000 M=128 p=0.05 D=5 g=1.08 s=42  acc=0.008 marg=  1.15  [23s, eta 3m]
  [ 22/40] n=4000 M=128 p=0.05 D=5 g=1.08 s=43  acc=0.023 marg=  1.19  [27s, eta 3m]
  [ 23/40] n=4000 M=128 p=0.05 D=5 g=1.15 s=42  acc=0.031 marg=  1.18  [21s, eta 3m]
  [ 24/40] n=4000 M=128 p=0.05 D=5 g=1.15 s=43  acc=0.016 marg=  1.19  [19s, eta 3m]
  [ 25/40] n=4000 M=128 p=0.05 D=5 g=1.22 s=42  acc=0.094 marg=  1.20  [21s, eta 3m]
  [ 26/40] n=4000 M=128 p=0.05 D=5 g=1.22 s=43  acc=0.117 marg=  1.25  [22s, eta 3m]
  [ 27/40] n=4000 M=128 p=0.05 D=5 g=1.30 s=42  acc=0.188 marg=  1.33  [18s, eta 3m]
  [ 28/40] n=4000 M=128 p=0.05 D=5 g=1.30 s=43  acc=0.234 marg=  1.29  [25s, eta 2m]
  [ 29/40] n=4000 M=128 p=0.05 D=5 g=1.40 s=42  acc=0.477 marg=  1.51  [20s, eta 2m]
  [ 30/40] n=4000 M=128 p=0.05 D=5 g=1.40 s=43  acc=0.492 marg=  1.69  [17s, eta 2m]
  [ 31/40] n=4000 M=256 p=0.05 D=5 g=1.08 s=42  acc=0.004 marg=  1.17  [57s, eta 2m]
  [ 32/40] n=4000 M=256 p=0.05 D=5 g=1.08 s=43  acc=0.004 marg=  1.17  [78s, eta 2m]
  [ 33/40] n=4000 M=256 p=0.05 D=5 g=1.15 s=42  acc=0.020 marg=  1.15  [84s, eta 2m]
  [ 34/40] n=4000 M=256 p=0.05 D=5 g=1.15 s=43  acc=0.023 marg=  1.16  [76s, eta 2m]
  [ 35/40] n=4000 M=256 p=0.05 D=5 g=1.22 s=42  acc=0.023 marg=  1.17  [76s, eta 2m]
  [ 36/40] n=4000 M=256 p=0.05 D=5 g=1.22 s=43  acc=0.020 marg=  1.17  [62s, eta 2m]
  [ 37/40] n=4000 M=256 p=0.05 D=5 g=1.30 s=42  acc=0.051 marg=  1.16  [80s, eta 1m]
  [ 38/40] n=4000 M=256 p=0.05 D=5 g=1.30 s=43  acc=0.047 marg=  1.17  [82s, eta 1m]
  [ 39/40] n=4000 M=256 p=0.05 D=5 g=1.40 s=42  acc=0.008 marg=  1.02  [68s, eta 0m]
  [ 40/40] n=4000 M=256 p=0.05 D=5 g=1.40 s=43  acc=0.008 marg=  1.09  [63s, eta 0m]

  done in 18.5 min
########## gain_x_k ##########

  SWEEP gain_x_k   48 configs x 2 seeds
  96 to run, 0 already done -> F:\Github\assemblies\research\experiments\sweep.csv

  [  1/96] n=4000 M=128 p=0.1 D=5 g=1.08 s=42  acc=0.023 marg=  1.22  [26s, eta 41m]
  [  2/96] n=4000 M=128 p=0.1 D=5 g=1.08 s=43  acc=0.016 marg=  1.22  [29s, eta 43m]
  [  3/96] n=4000 M=128 p=0.1 D=5 g=1.15 s=42  acc=0.039 marg=  1.21  [36s, eta 47m]
  [  4/96] n=4000 M=128 p=0.1 D=5 g=1.15 s=43  acc=0.047 marg=  1.19  [38s, eta 49m]
  [  5/96] n=4000 M=128 p=0.1 D=5 g=1.22 s=42  acc=0.109 marg=  1.26  [38s, eta 51m]
  [  6/96] n=4000 M=128 p=0.1 D=5 g=1.22 s=43  acc=0.102 marg=  1.30  [39s, eta 51m]
  [  7/96] n=4000 M=128 p=0.1 D=5 g=1.30 s=42  acc=0.219 marg=  1.39  [33s, eta 51m]
  [  8/96] n=4000 M=128 p=0.1 D=5 g=1.30 s=43  acc=0.195 marg=  1.43  [29s, eta 49m]
  [  9/96] n=4000 M=128 p=0.1 D=5 g=1.40 s=42  acc=0.367 marg=  1.69  [27s, eta 48m]
  [ 10/96] n=4000 M=128 p=0.1 D=5 g=1.40 s=43  acc=0.516 marg=  2.12  [28s, eta 46m]
  [ 11/96] n=4000 M=128 p=0.1 D=5 g=1.50 s=42  acc=0.836 marg=  3.62  [23s, eta 45m]
  [ 12/96] n=4000 M=128 p=0.1 D=5 g=1.50 s=43  acc=0.820 marg=  3.30  [25s, eta 43m]
  [ 13/96] n=4000 M=128 p=0.1 D=5 g=1.60 s=42  acc=0.938 marg=  5.11  [33s, eta 43m]
  [ 14/96] n=4000 M=128 p=0.1 D=5 g=1.60 s=43  acc=0.969 marg=  5.30  [28s, eta 42m]
  [ 15/96] n=4000 M=128 p=0.1 D=5 g=1.70 s=42  acc=0.977 marg=  6.10  [27s, eta 41m]
  [ 16/96] n=4000 M=128 p=0.1 D=5 g=1.70 s=43  acc=0.984 marg=  6.60  [43s, eta 42m]
  [ 17/96] n=4000 M=128 p=0.1 D=5 g=1.78 s=42  acc=1.000 marg=  7.84  [36s, eta 42m]
  [ 18/96] n=4000 M=128 p=0.1 D=5 g=1.78 s=43  acc=0.992 marg=  7.52  [24s, eta 41m]
  [ 19/96] n=4000 M=128 p=0.1 D=5 g=1.84 s=42  acc=1.000 marg=  7.93  [21s, eta 39m]
  [ 20/96] n=4000 M=128 p=0.1 D=5 g=1.84 s=43  acc=1.000 marg=  8.46  [29s, eta 39m]
  [ 21/96] n=4000 M=128 p=0.1 D=5 g=1.90 s=42  acc=0.992 marg=  8.45  [33s, eta 38m]
  [ 22/96] n=4000 M=128 p=0.1 D=5 g=1.90 s=43  acc=1.000 marg=  8.07  [43s, eta 39m]
  [ 23/96] n=4000 M=128 p=0.1 D=5 g=1.96 s=42  acc=0.992 marg=  7.24  [41s, eta 39m]
  [ 24/96] n=4000 M=128 p=0.1 D=5 g=1.96 s=43  acc=1.000 marg=  8.54  [45s, eta 39m]
  [ 25/96] n=4000 M=128 p=0.1 D=5 g=2.02 s=42  acc=0.992 marg=  7.54  [23s, eta 38m]
  [ 26/96] n=4000 M=128 p=0.1 D=5 g=2.02 s=43  acc=1.000 marg=  8.06  [25s, eta 37m]
  [ 27/96] n=4000 M=128 p=0.1 D=5 g=2.10 s=42  acc=0.992 marg=  5.48  [27s, eta 36m]
  [ 28/96] n=4000 M=128 p=0.1 D=5 g=2.10 s=43  acc=0.773 marg=  4.71  [34s, eta 36m]
  [ 29/96] n=4000 M=128 p=0.1 D=5 g=2.20 s=42  acc=0.305 marg=  1.92  [33s, eta 35m]
  [ 30/96] n=4000 M=128 p=0.1 D=5 g=2.20 s=43  acc=0.586 marg=  2.56  [39s, eta 35m]
  [ 31/96] n=4000 M=128 p=0.1 D=5 g=2.35 s=42  acc=0.102 marg=  1.04  [50s, eta 35m]
  [ 32/96] n=4000 M=128 p=0.1 D=5 g=2.35 s=43  acc=0.062 marg=  1.26  [23s, eta 34m]
  [ 33/96] n=4000 M=64 p=0.05 D=5 g=1.08 s=42  acc=0.094 marg=  1.19  [12s, eta 33m]
  [ 34/96] n=4000 M=64 p=0.05 D=5 g=1.08 s=43  acc=0.188 marg=  1.30  [11s, eta 32m]
  [ 35/96] n=4000 M=64 p=0.05 D=5 g=1.15 s=42  acc=0.344 marg=  1.27  [9s, eta 31m]
  [ 36/96] n=4000 M=64 p=0.05 D=5 g=1.15 s=43  acc=0.234 marg=  1.28  [10s, eta 30m]
  [ 37/96] n=4000 M=64 p=0.05 D=5 g=1.22 s=42  acc=0.453 marg=  1.52  [9s, eta 29m]
  [ 38/96] n=4000 M=64 p=0.05 D=5 g=1.22 s=43  acc=0.547 marg=  1.59  [11s, eta 28m]
  [ 39/96] n=4000 M=64 p=0.05 D=5 g=1.30 s=42  acc=0.688 marg=  1.97  [12s, eta 27m]
  [ 40/96] n=4000 M=64 p=0.05 D=5 g=1.30 s=43  acc=0.750 marg=  2.11  [11s, eta 26m]
  [ 41/96] n=4000 M=64 p=0.05 D=5 g=1.40 s=42  acc=0.953 marg=  3.07  [10s, eta 25m]
  [ 42/96] n=4000 M=64 p=0.05 D=5 g=1.40 s=43  acc=0.969 marg=  3.37  [10s, eta 24m]
  [ 43/96] n=4000 M=64 p=0.05 D=5 g=1.50 s=42  acc=1.000 marg=  5.23  [9s, eta 23m]
  [ 44/96] n=4000 M=64 p=0.05 D=5 g=1.50 s=43  acc=1.000 marg=  5.20  [10s, eta 23m]
  [ 45/96] n=4000 M=64 p=0.05 D=5 g=1.60 s=42  acc=1.000 marg=  6.46  [11s, eta 22m]
  [ 46/96] n=4000 M=64 p=0.05 D=5 g=1.60 s=43  acc=1.000 marg=  6.74  [9s, eta 21m]
  [ 47/96] n=4000 M=64 p=0.05 D=5 g=1.70 s=42  acc=1.000 marg=  7.29  [10s, eta 21m]
  [ 48/96] n=4000 M=64 p=0.05 D=5 g=1.70 s=43  acc=1.000 marg=  7.24  [9s, eta 20m]
  [ 49/96] n=4000 M=64 p=0.05 D=5 g=1.78 s=42  acc=1.000 marg=  6.24  [9s, eta 19m]
  [ 50/96] n=4000 M=64 p=0.05 D=5 g=1.78 s=43  acc=1.000 marg=  6.42  [10s, eta 19m]
  [ 51/96] n=4000 M=64 p=0.05 D=5 g=1.84 s=42  acc=1.000 marg=  6.31  [11s, eta 18m]
  [ 52/96] n=4000 M=64 p=0.05 D=5 g=1.84 s=43  acc=0.969 marg=  3.66  [11s, eta 17m]
  [ 53/96] n=4000 M=64 p=0.05 D=5 g=1.90 s=42  acc=0.609 marg=  2.67  [12s, eta 17m]
  [ 54/96] n=4000 M=64 p=0.05 D=5 g=1.90 s=43  acc=0.219 marg=  1.33  [12s, eta 16m]
  [ 55/96] n=4000 M=64 p=0.05 D=5 g=1.96 s=42  acc=0.172 marg=  1.18  [12s, eta 16m]
  [ 56/96] n=4000 M=64 p=0.05 D=5 g=1.96 s=43  acc=0.156 marg=  1.19  [15s, eta 15m]
  [ 57/96] n=4000 M=64 p=0.05 D=5 g=2.02 s=42  acc=0.172 marg=  1.10  [11s, eta 15m]
  [ 58/96] n=4000 M=64 p=0.05 D=5 g=2.02 s=43  acc=0.062 marg=  1.01  [11s, eta 14m]
  [ 59/96] n=4000 M=64 p=0.05 D=5 g=2.10 s=42  acc=0.078 marg=  1.01  [13s, eta 14m]
  [ 60/96] n=4000 M=64 p=0.05 D=5 g=2.10 s=43  acc=0.109 marg=  1.01  [14s, eta 13m]
  [ 61/96] n=4000 M=64 p=0.05 D=5 g=2.20 s=42  acc=0.125 marg=  1.02  [14s, eta 13m]
  [ 62/96] n=4000 M=64 p=0.05 D=5 g=2.20 s=43  acc=0.047 marg=  1.01  [11s, eta 12m]
  [ 63/96] n=4000 M=64 p=0.05 D=5 g=2.35 s=42  acc=0.078 marg=  1.01  [10s, eta 12m]
  [ 64/96] n=4000 M=64 p=0.05 D=5 g=2.35 s=43  acc=0.078 marg=  1.01  [9s, eta 11m]
  [ 65/96] n=4000 M=32 p=0.025 D=5 g=1.08 s=42  acc=0.656 marg=  1.74  [8s, eta 11m]
  [ 66/96] n=4000 M=32 p=0.025 D=5 g=1.08 s=43  acc=0.656 marg=  1.61  [8s, eta 11m]
  [ 67/96] n=4000 M=32 p=0.025 D=5 g=1.15 s=42  acc=0.938 marg=  2.19  [8s, eta 10m]
  [ 68/96] n=4000 M=32 p=0.025 D=5 g=1.15 s=43  acc=0.875 marg=  2.11  [8s, eta 10m]
  [ 69/96] n=4000 M=32 p=0.025 D=5 g=1.22 s=42  acc=0.906 marg=  2.80  [8s, eta 9m]
  [ 70/96] n=4000 M=32 p=0.025 D=5 g=1.22 s=43  acc=0.906 marg=  2.52  [10s, eta 9m]
  [ 71/96] n=4000 M=32 p=0.025 D=5 g=1.30 s=42  acc=1.000 marg=  3.01  [11s, eta 8m]
  [ 72/96] n=4000 M=32 p=0.025 D=5 g=1.30 s=43  acc=0.969 marg=  3.20  [9s, eta 8m]
  [ 73/96] n=4000 M=32 p=0.025 D=5 g=1.40 s=42  acc=1.000 marg=  4.22  [8s, eta 8m]
  [ 74/96] n=4000 M=32 p=0.025 D=5 g=1.40 s=43  acc=1.000 marg=  4.53  [11s, eta 7m]
  [ 75/96] n=4000 M=32 p=0.025 D=5 g=1.50 s=42  acc=1.000 marg=  4.93  [8s, eta 7m]
  [ 76/96] n=4000 M=32 p=0.025 D=5 g=1.50 s=43  acc=1.000 marg=  4.83  [8s, eta 6m]
  [ 77/96] n=4000 M=32 p=0.025 D=5 g=1.60 s=42  acc=1.000 marg=  5.22  [7s, eta 6m]
  [ 78/96] n=4000 M=32 p=0.025 D=5 g=1.60 s=43  acc=1.000 marg=  4.52  [7s, eta 6m]
  [ 79/96] n=4000 M=32 p=0.025 D=5 g=1.70 s=42  acc=0.750 marg=  1.47  [7s, eta 5m]
  [ 80/96] n=4000 M=32 p=0.025 D=5 g=1.70 s=43  acc=1.000 marg=  2.93  [7s, eta 5m]
  [ 81/96] n=4000 M=32 p=0.025 D=5 g=1.78 s=42  acc=0.031 marg=  1.04  [7s, eta 5m]
  [ 82/96] n=4000 M=32 p=0.025 D=5 g=1.78 s=43  acc=0.094 marg=  1.07  [9s, eta 4m]
  [ 83/96] n=4000 M=32 p=0.025 D=5 g=1.84 s=42  acc=0.031 marg=  1.00  [7s, eta 4m]
  [ 84/96] n=4000 M=32 p=0.025 D=5 g=1.84 s=43  acc=0.031 marg=  1.08  [8s, eta 4m]
  [ 85/96] n=4000 M=32 p=0.025 D=5 g=1.90 s=42  acc=0.062 marg=  1.00  [7s, eta 3m]
  [ 86/96] n=4000 M=32 p=0.025 D=5 g=1.90 s=43  acc=0.031 marg=  1.00  [5s, eta 3m]
  [ 87/96] n=4000 M=32 p=0.025 D=5 g=1.96 s=42  acc=0.094 marg=  1.01  [6s, eta 3m]
  [ 88/96] n=4000 M=32 p=0.025 D=5 g=1.96 s=43  acc=0.031 marg=  1.00  [7s, eta 2m]
  [ 89/96] n=4000 M=32 p=0.025 D=5 g=2.02 s=42  acc=0.062 marg=  1.01  [6s, eta 2m]
  [ 90/96] n=4000 M=32 p=0.025 D=5 g=2.02 s=43  acc=0.062 marg=  1.00  [6s, eta 2m]
  [ 91/96] n=4000 M=32 p=0.025 D=5 g=2.10 s=42  acc=0.062 marg=  1.00  [6s, eta 1m]
  [ 92/96] n=4000 M=32 p=0.025 D=5 g=2.10 s=43  acc=0.031 marg=  1.00  [6s, eta 1m]
  [ 93/96] n=4000 M=32 p=0.025 D=5 g=2.20 s=42  acc=0.000 marg=  1.00  [6s, eta 1m]
  [ 94/96] n=4000 M=32 p=0.025 D=5 g=2.20 s=43  acc=0.062 marg=  1.00  [6s, eta 1m]
  [ 95/96] n=4000 M=32 p=0.025 D=5 g=2.35 s=42  acc=0.062 marg=  1.00  [6s, eta 0m]
  [ 96/96] n=4000 M=32 p=0.025 D=5 g=2.35 s=43  acc=0.031 marg=  1.00  [5s, eta 0m]

  done in 26.8 min
########## gain_x_depth ##########

  SWEEP gain_x_depth   25 configs x 2 seeds
  0 to run, 50 already done -> F:\Github\assemblies\research\experiments\sweep.csv


  done in 0.0 min
########## gain_x_kp ##########

  SWEEP gain_x_kp   24 configs x 2 seeds
  0 to run, 48 already done -> F:\Github\assemblies\research\experiments\sweep.csv


  done in 0.0 min
