brown seed=42 sg_e2p=1.000 pl_e2p=1.000 pl_e1=0.889 bal=0.967
brown seed=43 sg_e2p=1.000 pl_e2p=1.000 pl_e1=0.889 bal=0.967
brown seed=44 sg_e2p=1.000 pl_e2p=1.000 pl_e1=0.889 bal=0.967
brown seed=45 sg_e2p=1.000 pl_e2p=1.000 pl_e1=0.926 bal=0.978
brown seed=46 sg_e2p=1.000 pl_e2p=1.000 pl_e1=0.704 bal=0.913
brown seed=47 sg_e2p=1.000 pl_e2p=1.000 pl_e1=0.815 bal=0.946
brown seed=48 sg_e2p=1.000 pl_e2p=1.000 pl_e1=0.778 bal=0.935
brown seed=49 sg_e2p=1.000 pl_e2p=1.000 pl_e1=1.000 bal=1.000
brown seed=50 sg_e2p=1.000 pl_e2p=1.000 pl_e1=0.852 bal=0.957
brown seed=51 sg_e2p=1.000 pl_e2p=1.000 pl_e1=0.741 bal=0.924
synth L1G1 seed=42 overall=0.773 bal=0.567
synth L1G1 seed=43 overall=0.758 bal=0.558
synth L1G1 seed=44 overall=0.797 bal=0.580
synth L1G1 seed=45 overall=0.766 bal=0.563
synth L1G1 seed=46 overall=0.758 bal=0.592
synth L0G4 seed=42 overall=0.867 bal=0.551
synth L0G4 seed=43 overall=0.891 bal=0.564
synth L0G4 seed=44 overall=0.906 bal=0.607
synth L0G4 seed=45 overall=0.867 bal=0.585
synth L0G4 seed=46 overall=0.898 bal=0.534
{
  "R1_min_e2p": {
    "mean": 1,
    "ci": 0.0,
    "n": 10
  },
  "R1_per_seed_min_e2p": [
    1,
    1,
    1,
    1,
    1,
    1,
    1,
    1,
    1,
    1
  ],
  "headline_bal": {
    "mean": 0.9554347826086956,
    "ci": 0.018850000000000006,
    "n": 10
  },
  "headline_sg_e2p": {
    "mean": 1,
    "ci": 0.0,
    "n": 10
  },
  "headline_pl_e2p": {
    "mean": 1,
    "ci": 0.0,
    "n": 10
  },
  "headline_pl_e1": {
    "mean": 0.8481481481481481,
    "ci": 0.06422962962962962,
    "n": 10
  },
  "R2a_delta_e2p": {
    "mean": 0.05217391304347822,
    "ci": 0.14828601438636038,
    "n": 5
  },
  "R2b_delta_e1": {
    "mean": -0.04957264957264955,
    "ci": 0.07896860740516912,
    "n": 5
  }
}
-> F:\Github\assemblies-run-e2\research\experiments\adoption_gate_results.json
