'vswhere.exe' is not recognized as an internal or external command,
operable program or batch file.
k=60 p=0.5 T=8 beta=0.1 w_max=20.0 brains=16
  n=  4000  kp=30.0 vs floor 3ln n=24.9  IN REGIME
  n=  8000  kp=30.0 vs floor 3ln n=27.0  IN REGIME
  n= 16000  kp=30.0 vs floor 3ln n=29.0  IN REGIME
    B n= 4000 M=  16  rank1 1.000 pw/chance   1.37  distinct 1.000  fill 0.302  gated 1.000
    B n= 4000 M=  32  rank1 1.000 pw/chance   1.40  distinct 1.000  fill 0.501  gated 1.000
    B n= 4000 M=  64  rank1 0.752 pw/chance   1.92  distinct 0.999  fill 0.734  gated 0.752
    B n= 4000 M= 128  rank1 0.010 pw/chance  16.96  distinct 0.617  fill 0.908  gated 0.000
    B n= 4000 M= 256  rank1 0.010 pw/chance  41.36  distinct 0.309  fill 0.987  gated 0.000
    B n= 4000 M= 512  rank1 0.004 pw/chance  50.17  distinct 0.154  fill 1.000  gated 0.000
    B n= 4000  CEILING M* = 80.7  bracket [64, 128)  interior 1  [UNRESOLVED: bracket is 2.00x, refine before quoting m_star]  fill@max 0.792  ok
    B n= 8000 M=  16  rank1 1.000 pw/chance   1.26  distinct 1.000  fill 0.170  gated 1.000
    B n= 8000 M=  32  rank1 1.000 pw/chance   1.21  distinct 1.000  fill 0.309  gated 1.000
    B n= 8000 M=  64  rank1 1.000 pw/chance   1.24  distinct 1.000  fill 0.517  gated 1.000
    B n= 8000 M= 128  rank1 1.000 pw/chance   1.26  distinct 1.000  fill 0.756  gated 1.000
    B n= 8000 M= 256  rank1 0.943 pw/chance   1.38  distinct 1.000  fill 0.930  gated 0.943
    B n= 8000 M= 512  rank1 0.000 pw/chance  19.08  distinct 0.649  fill 0.991  gated 0.000
    B n= 8000  CEILING M* = 354.6  bracket [256, 512)  interior 0  [CLIFF: no interior point, m_star is interpolation only]  fill@max 0.959  CENSORED
    B n=16000 M=  16  rank1 1.000 pw/chance   1.14  distinct 1.000  fill 0.092  gated 1.000
    B n=16000 M=  32  rank1 1.000 pw/chance   1.20  distinct 1.000  fill 0.176  gated 1.000
    B n=16000 M=  64  rank1 1.000 pw/chance   1.17  distinct 1.000  fill 0.319  gated 1.000
    B n=16000 M= 128  rank1 1.000 pw/chance   1.14  distinct 1.000  fill 0.531  gated 1.000
    B n=16000 M= 256  rank1 1.000 pw/chance   1.11  distinct 1.000  fill 0.769  gated 1.000
    B n=16000 M= 512  rank1 1.000 pw/chance   1.17  distinct 1.000  fill 0.937  gated 1.000
    B n=16000  CEILING M* >= 512 (CENSORED: curve never crossed)  fill@max 0.937  ok
    G n= 4000 M=  16  rank1 1.000 pw/chance   1.10  distinct 1.000  fill 0.305  gated 1.000
    G n= 4000 M=  32  rank1 1.000 pw/chance   1.17  distinct 1.000  fill 0.510  gated 1.000
    G n= 4000 M=  64  rank1 1.000 pw/chance   1.17  distinct 1.000  fill 0.752  gated 1.000
    G n= 4000 M= 128  rank1 1.000 pw/chance   1.14  distinct 1.000  fill 0.932  gated 1.000
    G n= 4000 M= 256  rank1 0.455 pw/chance   2.06  distinct 0.979  fill 0.994  gated 0.455
    G n= 4000 M= 512  rank1 0.041 pw/chance   9.20  distinct 0.695  fill 1.000  gated 0.000
    G n= 4000  CEILING M* = 241.8  bracket [128, 256)  interior 1  [UNRESOLVED: bracket is 2.00x, refine before quoting m_star]  fill@max 0.989  CENSORED
    G n= 8000  UNMEASURABLE: synaptic_scaling would cross w_max=20.0 (bound 20.04 at round 4): column scaling and the clip do not commute, so the factored form is no longer exact. Re-run with w_max=None or fewer rounds.
    G n=16000  UNMEASURABLE: synaptic_scaling would cross w_max=20.0 (bound 20.08 at round 4): column scaling and the clip do not commute, so the factored form is no longer exact. Re-run with w_max=None or fewer rounds.

  elapsed 116.6s

--- CAP2: fit log M* = a + b log n over UNCENSORED n ---
    B: only 1 uncensored supported n -- NOT ANSWERED at this k, p. No line is fitted.
    G: only 0 uncensored supported n -- NOT ANSWERED at this k, p. No line is fitted.
  wrote F:\Github\assemblies\research\experiments\capacity_scaling_results.json
