[b100 OFF seed=42] num bal=0.5277777777777778 (PL=0.05555555555555555 n=18) | tense bal=0.7819767441860466 | roles 4/4
[done (100, 'OFF', 42)]
[b100 OFF seed=51] num bal=0.5277777777777778 (PL=0.05555555555555555 n=18) | tense bal=0.7005813953488372 | roles 4/4
[done (100, 'OFF', 51)]
[b100 OFF seed=43] num bal=0.5277777777777778 (PL=0.05555555555555555 n=18) | tense bal=0.7125322997416021 | roles 4/4
[done (100, 'OFF', 43)]
[b100 OFF seed=45] num bal=0.5 (PL=0.05555555555555555 n=18) | tense bal=0.6498708010335917 | roles 4/4
[b100 OFF seed=48] num bal=0.5277777777777778 (PL=0.16666666666666666 n=18) | tense bal=0.7541989664082687 | roles 4/4
[done (100, 'OFF', 45)]
[done (100, 'OFF', 48)]
[b100 OFF seed=49] num bal=0.5 (PL=0.0 n=18) | tense bal=0.6521317829457365 | roles 4/4
[b100 SCALED seed=43] num bal=0.5 (PL=0.5555555555555556 n=18) | tense bal=0.687015503875969 | roles 4/4
[done (100, 'SCALED', 43)]
[done (100, 'OFF', 49)]
[b100 OFF seed=46] num bal=0.5 (PL=0.05555555555555555 n=18) | tense bal=0.7493540051679586 | roles 4/4
[done (100, 'OFF', 46)]
[b100 SCALED seed=44] num bal=0.6944444444444444 (PL=0.6111111111111112 n=18) | tense bal=0.5872093023255813 | roles 4/4
[done (100, 'SCALED', 44)]
[b100 OFF seed=47] num bal=0.5 (PL=0.0 n=18) | tense bal=0.6243540051679586 | roles 4/4
[done (100, 'OFF', 47)]
[b100 OFF seed=50] num bal=0.5 (PL=0.0 n=18) | tense bal=0.6986434108527132 | roles 4/4
[b100 SCALED seed=45] num bal=0.6111111111111112 (PL=0.7222222222222222 n=18) | tense bal=0.661498708010336 | roles 4/4
[done (100, 'OFF', 50)]
[done (100, 'SCALED', 45)]
[b100 OFF seed=44] num bal=0.4444444444444444 (PL=0.0 n=18) | tense bal=0.6498708010335917 | roles 4/4
[done (100, 'OFF', 44)]
[b100 SCALED seed=42] num bal=0.5833333333333333 (PL=0.6666666666666666 n=18) | tense bal=0.6359819121447028 | roles 4/4
[done (100, 'SCALED', 42)]
[b100 SCALED seed=47] num bal=0.7222222222222222 (PL=0.5555555555555556 n=18) | tense bal=0.6427648578811369 | roles 4/4
[done (100, 'SCALED', 47)]
[b100 SCALED seed=48] num bal=0.5833333333333334 (PL=0.6111111111111112 n=18) | tense bal=0.6915374677002584 | roles 4/4
[done (100, 'SCALED', 48)]
[b100 SCALED seed=46] num bal=0.6388888888888888 (PL=0.7222222222222222 n=18) | tense bal=0.7936046511627908 | roles 4/4
[done (100, 'SCALED', 46)]
[b100 SCALED seed=50] num bal=0.6388888888888888 (PL=0.7222222222222222 n=18) | tense bal=0.5988372093023255 | roles 4/4
[done (100, 'SCALED', 50)]
[b100 SCALED seed=49] num bal=0.5555555555555556 (PL=0.3888888888888889 n=18) | tense bal=0.5920542635658915 | roles 4/4
[done (100, 'SCALED', 49)]
[b100 BOTH seed=42] num bal=0.5555555555555556 (PL=0.5555555555555556 n=18) | tense bal=0.7170542635658914 | roles 4/4
[done (100, 'BOTH', 42)]
[b100 BOTH seed=43] num bal=0.5 (PL=0.5 n=18) | tense bal=0.726421188630491 | roles 4/4
[done (100, 'BOTH', 43)]
[b100 BOTH seed=44] num bal=0.6944444444444444 (PL=0.6666666666666666 n=18) | tense bal=0.524547803617571 | roles 4/4
[done (100, 'BOTH', 44)]
[b100 SCALED seed=51] num bal=0.6388888888888888 (PL=0.5555555555555556 n=18) | tense bal=0.6960594315245479 | roles 4/4
[done (100, 'SCALED', 51)]
[b100 BOTH seed=45] num bal=0.5555555555555556 (PL=0.5555555555555556 n=18) | tense bal=0.6847545219638242 | roles 4/4
[done (100, 'BOTH', 45)]
[b100 BOTH seed=47] num bal=0.6944444444444444 (PL=0.4444444444444444 n=18) | tense bal=0.693798449612403 | roles 4/4
[done (100, 'BOTH', 47)]
[b100 BOTH seed=46] num bal=0.6111111111111112 (PL=0.5555555555555556 n=18) | tense bal=0.7147932816537468 | roles 4/4
[done (100, 'BOTH', 46)]
[b100 BOTH seed=48] num bal=0.6666666666666667 (PL=0.7222222222222222 n=18) | tense bal=0.6821705426356589 | roles 4/4
[done (100, 'BOTH', 48)]
[b100 BOTH seed=49] num bal=0.5277777777777778 (PL=0.2222222222222222 n=18) | tense bal=0.5478036175710594 | roles 4/4
[done (100, 'BOTH', 49)]
[b100 BOTH seed=51] num bal=0.6944444444444444 (PL=0.6666666666666666 n=18) | tense bal=0.66828165374677 | roles 4/4
[done (100, 'BOTH', 51)]
[b100 BOTH seed=50] num bal=0.6388888888888888 (PL=0.7222222222222222 n=18) | tense bal=0.5478036175710594 | roles 4/4
[done (100, 'BOTH', 50)]
[b200 OFF seed=43] num bal=0.525 (PL=0.1 n=40) | tense bal=0.585112205801861 | roles 4/4
[done (200, 'OFF', 43)]
[b200 OFF seed=45] num bal=0.475 (PL=0.075 n=40) | tense bal=0.6030377668308703 | roles 4/4
[done (200, 'OFF', 45)]
[b200 OFF seed=42] num bal=0.5875 (PL=0.25 n=40) | tense bal=0.6354679802955665 | roles 4/4
[b200 OFF seed=44] num bal=0.5375 (PL=0.15 n=40) | tense bal=0.6606458675424193 | roles 4/4
[done (200, 'OFF', 42)]
[done (200, 'OFF', 44)]
[b200 OFF seed=46] num bal=0.4375 (PL=0.225 n=40) | tense bal=0.5749863163656267 | roles 4/4
[b200 OFF seed=50] num bal=0.5125 (PL=0.175 n=40) | tense bal=0.6661193212917351 | roles 4/4
[done (200, 'OFF', 46)]
[done (200, 'OFF', 50)]
[b200 OFF seed=47] num bal=0.525 (PL=0.075 n=40) | tense bal=0.5957854406130269 | roles 4/4
[done (200, 'OFF', 47)]
[b200 OFF seed=49] num bal=0.5125 (PL=0.15 n=40) | tense bal=0.534072249589491 | roles 4/4
[done (200, 'OFF', 49)]
[b200 OFF seed=48] num bal=0.4875 (PL=0.075 n=40) | tense bal=0.5912698412698413 | roles 4/4
[done (200, 'OFF', 48)]
[b200 OFF seed=51] num bal=0.44999999999999996 (PL=0.075 n=40) | tense bal=0.571975916803503 | roles 4/4
[done (200, 'OFF', 51)]
[b200 SCALED seed=42] num bal=0.6000000000000001 (PL=0.55 n=40) | tense bal=0.6699507389162561 | roles 4/4
[done (200, 'SCALED', 42)]
[b200 SCALED seed=43] num bal=0.675 (PL=0.575 n=40) | tense bal=0.6447728516694033 | roles 4/4
[done (200, 'SCALED', 43)]
[b200 SCALED seed=44] num bal=0.7 (PL=0.7 n=40) | tense bal=0.6654351395730707 | roles 4/4
[done (200, 'SCALED', 44)]
[b200 SCALED seed=45] num bal=0.5375 (PL=0.575 n=40) | tense bal=0.5985221674876847 | roles 4/4
[done (200, 'SCALED', 45)]
[b200 SCALED seed=48] num bal=0.6625000000000001 (PL=0.675 n=40) | tense bal=0.5819649698960043 | roles 4/4
[done (200, 'SCALED', 48)]
[b200 SCALED seed=46] num bal=0.575 (PL=0.55 n=40) | tense bal=0.5971538040503558 | roles 4/4
[done (200, 'SCALED', 46)]
[b200 SCALED seed=47] num bal=0.6375 (PL=0.55 n=40) | tense bal=0.623015873015873 | roles 4/4
[done (200, 'SCALED', 47)]
[b200 SCALED seed=51] num bal=0.6625 (PL=0.725 n=40) | tense bal=0.5833333333333333 | roles 4/4
[done (200, 'SCALED', 51)]
[b200 SCALED seed=49] num bal=0.625 (PL=0.55 n=40) | tense bal=0.6275314723590586 | roles 4/4
[done (200, 'SCALED', 49)]
[b200 SCALED seed=50] num bal=0.5375000000000001 (PL=0.525 n=40) | tense bal=0.6833607006020799 | roles 4/4
[done (200, 'SCALED', 50)]
[b200 BOTH seed=42] num bal=0.5375000000000001 (PL=0.55 n=40) | tense bal=0.6720032840722496 | roles 4/4
[b200 BOTH seed=43] num bal=0.5625 (PL=0.55 n=40) | tense bal=0.6813081554460865 | roles 4/4
[done (200, 'BOTH', 42)]
[done (200, 'BOTH', 43)]
[b200 BOTH seed=45] num bal=0.5375 (PL=0.575 n=40) | tense bal=0.6330049261083743 | roles 4/4
[done (200, 'BOTH', 45)]
[b200 BOTH seed=44] num bal=0.6875 (PL=0.675 n=40) | tense bal=0.623015873015873 | roles 4/4
[done (200, 'BOTH', 44)]
[b200 BOTH seed=46] num bal=0.475 (PL=0.375 n=40) | tense bal=0.6409414340448822 | roles 4/4
[done (200, 'BOTH', 46)]
[b200 BOTH seed=47] num bal=0.5875 (PL=0.525 n=40) | tense bal=0.6085112205801861 | roles 4/4
[done (200, 'BOTH', 47)]
[b200 BOTH seed=49] num bal=0.6375 (PL=0.6 n=40) | tense bal=0.5706075533661741 | roles 4/4
[done (200, 'BOTH', 49)]
[b200 BOTH seed=48] num bal=0.6000000000000001 (PL=0.55 n=40) | tense bal=0.6098795840175151 | roles 4/4
[done (200, 'BOTH', 48)]
[b200 BOTH seed=51] num bal=0.6625 (PL=0.725 n=40) | tense bal=0.5946907498631636 | roles 4/4
[done (200, 'BOTH', 51)]
[b200 BOTH seed=50] num bal=0.575 (PL=0.6 n=40) | tense bal=0.7026546250684181 | roles 4/4
[done (200, 'BOTH', 50)]

=== registered bars (vs measured budget-50 references) ===
OFF: b50 0.5300+/-0.0384 (ref)  ->  b100 0.5056+/-0.0183  ->  b200 0.5050+/-0.0316
  tense b100: 0.6974+/-0.0379 (b50 ref 0.6778, B3 |delta| <= 0.05)
  tense b200: 0.6018+/-0.0295 (b50 ref 0.6778, B3 |delta| <= 0.05)
SCALED: b50 0.6500+/-0.0584 (ref)  ->  b100 0.6167+/-0.0466  ->  b200 0.6212+/-0.0409
  tense b100: 0.6587+/-0.0449 (b50 ref 0.6415, B3 |delta| <= 0.05)
  tense b200: 0.6275+/-0.0266 (b50 ref 0.6415, B3 |delta| <= 0.05)
BOTH: b50 0.7100+/-0.0554 (ref)  ->  b100 0.6139+/-0.0534  ->  b200 0.5863+/-0.0457
  tense b100: 0.6507+/-0.0562 (b50 ref 0.6937, B3 |delta| <= 0.05)
  tense b200: 0.6337+/-0.0296 (b50 ref 0.6937, B3 |delta| <= 0.05)
B5 min distinct PL forms by budget: {100: 18, 200: 40} (b50 reference: 10)
