(2000, 60) beta=0.025 c=2: rank-1 626.6646405695643 .. 4078.8339436917513, completion None .. None
(2000, 60) beta=0.0354 c=2: rank-1 359.62746659893395 .. 2553.382378898984, completion None .. None
(2000, 60) beta=0.05 c=3: rank-1 146.6084407431848 .. 1667.970131592613, completion None .. None
(2000, 60) beta=0.0707 c=5: rank-1 None .. 953.568352870329, completion None .. 458.56479845869103
(2000, 60) beta=0.1 c=5: rank-1 None .. 438.21724333284016, completion None .. 284.5938957902293
(2000, 60) beta=0.1414 c=6: rank-1 None .. 258.4833742480542, completion None .. 201.47767400809113
(2000, 60) beta=0.2 c=6: rank-1 None .. 179.9395488444716, completion None .. 163.54238963532998
(2000, 60) beta=0.2828 c=7: rank-1 None .. 131.2112588446548, completion None .. 730.0453055647797
(4000, 120) beta=0.025 c=2: rank-1 626.4709438283929 .. None, completion None .. None
(4000, 120) beta=0.0354 c=3: rank-1 285.0458725798688 .. None, completion None .. None
(4000, 120) beta=0.05 c=4: rank-1 None .. 2442.040835435562, completion None .. 1240.70575736966
(4000, 120) beta=0.0707 c=5: rank-1 None .. 911.2914873225142, completion None .. 684.1842113431658
(4000, 120) beta=0.1 c=6: rank-1 None .. 398.4692168197334, completion None .. 341.60075450356595
(4000, 120) beta=0.1414 c=6: rank-1 None .. 266.17779136648886, completion None .. 260.46595579621743
(4000, 120) beta=0.2 c=7: rank-1 None .. 208.2069580258636, completion None .. 219.40364139400782
(4000, 120) beta=0.2828 c=7: rank-1 None .. 113.64559516562582, completion None .. 1096.18356934534
(8000, 240) beta=0.025 c=3: rank-1 540.836603927966 .. 4975.382644187442, completion None .. None
(8000, 240) beta=0.0354 c=4: rank-1 None .. 3547.240053901058, completion 26.013217856007934 .. 2671.728493567757
(8000, 240) beta=0.05 c=5: rank-1 None .. 1368.8656112039546, completion None .. 1301.0949744084292
(8000, 240) beta=0.0707 c=6: rank-1 None .. 510.55088984114315, completion None .. 496.5537879063051
(8000, 240) beta=0.1 c=6: rank-1 None .. 353.629082192142, completion None .. 357.52792328874733
(8000, 240) beta=0.1414 c=7: rank-1 None .. 256.413876299939, completion None .. 275.53583278086387
(8000, 240) beta=0.2 c=7: rank-1 None .. 200.86277664011533, completion None .. 3096.6472190634254
(8000, 240) beta=0.2828 c=7: rank-1 None .. 113.21772519547227, completion None .. 1461.0045016442598
(4000, 60) beta=0.025 c=1: rank-1 1322.92078856161 .. 13959.779774409732, completion None .. None
(4000, 60) beta=0.0354 c=2: rank-1 882.8522042833188 .. 9977.68881189906, completion None .. None
(4000, 60) beta=0.05 c=3: rank-1 451.93883897516076 .. 5530.732827471843, completion None .. None
(4000, 60) beta=0.0707 c=4: rank-1 None .. 3635.580346349138, completion 151.0548132898502 .. 1491.225616988268
(4000, 60) beta=0.1 c=5: rank-1 None .. 1920.9596707438197, completion None .. 1029.7034448528761
(4000, 60) beta=0.1414 c=6: rank-1 None .. 892.278070477948, completion None .. 608.1318705189121
(4000, 60) beta=0.2 c=6: rank-1 None .. 627.6609431362733, completion None .. 492.3472238062136
(4000, 60) beta=0.2828 c=7: rank-1 None .. 406.4531381234227, completion None .. 415.94549888381783
(8000, 120) beta=0.025 c=2: rank-1 1310.471917647076 .. 18541.40739037223, completion None .. None
(8000, 120) beta=0.0354 c=3: rank-1 845.966328789181 .. 19083.96878716277, completion None .. None
(8000, 120) beta=0.05 c=4: rank-1 23.999995359822748 .. 10913.687513237988, completion 439.3279140495033 .. 4195.858317438027
(8000, 120) beta=0.0707 c=5: rank-1 None .. 5570.431842966045, completion None .. 3875.2829808359916
(8000, 120) beta=0.1 c=6: rank-1 None .. 2277.2457904586963, completion None .. 1979.349101700673
(8000, 120) beta=0.1414 c=6: rank-1 None .. 1246.1829987056308, completion None .. 1227.4775587529966
(8000, 120) beta=0.2 c=7: rank-1 None .. 1001.5883965963366, completion None .. 1103.9582273323526
(8000, 120) beta=0.2828 c=7: rank-1 None .. 617.4579007537011, completion None .. 2175.917571364153
wrote C:\Github\assemblies-runs-20260930b\research\results\runs\memory.learning-rate\learning-rate-20261001\results.json
