(2000, 60) beta=0.025 c=2: rank-1 627.069374152494 .. 4158.558342274159, completion None .. None, distinct None .. None
(2000, 60) beta=0.0297 c=2: rank-1 476.2232196373213 .. 3366.2132022118744, completion None .. None, distinct None .. None
(2000, 60) beta=0.0354 c=3: rank-1 366.3839782914847 .. 2568.423467847961, completion None .. None, distinct None .. None
(2000, 60) beta=0.042 c=3: rank-1 278.63466990805955 .. 2109.5382739359957, completion None .. None, distinct None .. None
(2000, 60) beta=0.05 c=3: rank-1 150.160478129187 .. 1683.4167506302324, completion None .. None, distinct None .. None
(2000, 60) beta=0.0595 c=4: rank-1 None .. 1291.7599257672562, completion 373.28951165326816 .. 390.3042032783369, distinct 373.28951165326816 .. 390.3042032783369
(2000, 60) beta=0.0707 c=4: rank-1 None .. 958.5005148544534, completion None .. 456.7325180196673, distinct None .. 456.7325180196673
(2000, 60) beta=0.0841 c=5: rank-1 None .. 662.8454646983806, completion None .. 384.81614220680314, distinct None .. 384.81614220680314
(2000, 60) beta=0.1 c=5: rank-1 None .. 445.11669053506427, completion None .. 290.09721345069096, distinct None .. 290.09721345069096
(2000, 60) beta=0.1189 c=6: rank-1 None .. 315.38638177157003, completion None .. 227.32560087718983, distinct None .. 225.4190809245512
(2000, 60) beta=0.1414 c=6: rank-1 None .. 264.917039974929, completion None .. 201.2330871281814, distinct None .. 196.7528452004179
(3000, 90) beta=0.025 c=2: rank-1 626.6709823405223 .. 5128.933387478262, completion None .. None, distinct None .. None
(3000, 90) beta=0.0297 c=2: rank-1 459.4738702849719 .. 4627.058403953138, completion None .. None, distinct None .. None
(3000, 90) beta=0.0354 c=3: rank-1 327.2949692170972 .. 3431.4254784496916, completion None .. None, distinct None .. None
(3000, 90) beta=0.042 c=3: rank-1 189.2719441440329 .. 2554.9342600887135, completion None .. None, distinct None .. None
(3000, 90) beta=0.05 c=4: rank-1 None .. 2036.8787682685618, completion 525.5701452446804 .. 812.2283711731309, distinct 525.5701452446804 .. 812.2283711731309
(3000, 90) beta=0.0595 c=5: rank-1 None .. 1443.3508821245791, completion None .. 844.800761967886, distinct None .. 844.800761967886
(3000, 90) beta=0.0707 c=5: rank-1 None .. 1010.3895657074228, completion None .. 622.3785855239865, distinct None .. 622.3785855239865
(3000, 90) beta=0.0841 c=5: rank-1 None .. 604.5837079727996, completion None .. 443.4050067376323, distinct None .. 443.4050067376323
(3000, 90) beta=0.1 c=6: rank-1 None .. 418.0898588321244, completion None .. 327.0607545252379, distinct None .. 325.682295473702
(3000, 90) beta=0.1189 c=6: rank-1 None .. 316.3105415354774, completion None .. 271.26630980276445, distinct None .. 264.5667099727754
(3000, 90) beta=0.1414 c=6: rank-1 None .. 263.52262769923124, completion None .. 230.81393237699612, distinct None .. 222.01233051018102
(4000, 120) beta=0.025 c=2: rank-1 625.8674293560034 .. None, completion None .. None, distinct None .. None
(4000, 120) beta=0.0297 c=3: rank-1 446.134964845343 .. None, completion None .. None, distinct None .. None
(4000, 120) beta=0.0354 c=3: rank-1 287.0164117861448 .. None, completion None .. None, distinct None .. None
(4000, 120) beta=0.042 c=4: rank-1 None .. 3323.156676974997, completion None .. None, distinct None .. None
(4000, 120) beta=0.05 c=4: rank-1 None .. 2445.7330048838917, completion None .. 1244.8002427609715, distinct None .. 1244.8002427609715
(4000, 120) beta=0.0595 c=5: rank-1 None .. 1455.485300097342, completion None .. 1041.766757035469, distinct None .. 1041.766757035469
(4000, 120) beta=0.0707 c=5: rank-1 None .. 895.9683862093632, completion None .. 681.6629241753751, distinct None .. 681.6629241753751
(4000, 120) beta=0.0841 c=6: rank-1 None .. 519.4089336115014, completion None .. 444.0675756934882, distinct None .. 443.6242356083954
(4000, 120) beta=0.1 c=6: rank-1 None .. 405.40978972690857, completion None .. 346.2356270317109, distinct None .. 337.15635897696484
(4000, 120) beta=0.1189 c=6: rank-1 None .. 314.24969986910173, completion None .. 285.4458473633932, distinct None .. 273.2193776383779
(4000, 120) beta=0.1414 c=6: rank-1 None .. 277.92917575028696, completion None .. 256.0, distinct None .. 240.1462457487856
(6000, 180) beta=0.025 c=3: rank-1 620.8482732649959 .. 5013.367858724178, completion None .. None, distinct None .. None
(6000, 180) beta=0.0297 c=3: rank-1 367.6012308688348 .. 3858.180901549815, completion None .. None, distinct None .. None
(6000, 180) beta=0.0354 c=4: rank-1 None .. 3633.943225262831, completion None .. None, distinct None .. None
(6000, 180) beta=0.042 c=4: rank-1 None .. 2963.937161371236, completion None .. 2149.0517312898714, distinct None .. 2149.0517312898714
(6000, 180) beta=0.05 c=5: rank-1 None .. 1796.3257106536132, completion None .. 1641.6158123986586, distinct None .. 1641.3422351392774
(6000, 180) beta=0.0595 c=5: rank-1 None .. 1207.4179849947834, completion None .. 993.2278268825885, distinct None .. 993.2278268825885
(6000, 180) beta=0.0707 c=6: rank-1 None .. 681.0610320399741, completion None .. 599.1861460532624, distinct None .. 598.1098942658085
(6000, 180) beta=0.0841 c=6: rank-1 None .. 454.163422557567, completion None .. 439.0181077919872, distinct None .. 432.06078526989427
(6000, 180) beta=0.1 c=6: rank-1 None .. 385.12316135912715, completion None .. 373.2134133784341, distinct None .. 350.2303267696306
(6000, 180) beta=0.1189 c=6: rank-1 None .. 299.8105763973945, completion None .. 301.0762297663166, distinct None .. 282.4145495466622
(6000, 180) beta=0.1414 c=6: rank-1 None .. 263.22799085557443, completion None .. 273.09420516913707, distinct None .. 248.93373992884094
(8000, 240) beta=0.025 c=3: rank-1 542.8688246474384 .. 4990.545244227875, completion None .. None, distinct None .. None
(8000, 240) beta=0.0297 c=3: rank-1 31.364135211701445 .. 3558.6695165232095, completion None .. None, distinct None .. None
(8000, 240) beta=0.0354 c=4: rank-1 None .. 3548.038639374647, completion 24.87875065788487 .. 2729.2321320506935, distinct 24.87875065788487 .. 2729.2321320506935
(8000, 240) beta=0.042 c=5: rank-1 None .. 2507.481833315024, completion None .. 2357.754024991249, distinct None .. 2350.9169534011403
(8000, 240) beta=0.05 c=5: rank-1 None .. 1375.201466677118, completion None .. 1305.2401064386263, distinct None .. 1305.2401064386263
(8000, 240) beta=0.0595 c=6: rank-1 None .. 896.0096674361547, completion None .. 846.5809996129245, distinct None .. 846.1470547471091
(8000, 240) beta=0.0707 c=6: rank-1 None .. 521.1562368904888, completion None .. 503.67349839015316, distinct None .. 495.4199471241818
(8000, 240) beta=0.0841 c=6: rank-1 None .. 428.3701998713984, completion None .. 426.34727567884966, distinct None .. 416.69071716733333
(8000, 240) beta=0.1 c=6: rank-1 None .. 350.03166410524517, completion None .. 360.95589376386334, distinct None .. 336.15313827183206
(8000, 240) beta=0.1189 c=6: rank-1 None .. 292.2313487295147, completion None .. 307.93518639972933, distinct None .. 285.28441134115707
(8000, 240) beta=0.1414 c=7: rank-1 None .. 263.718394941374, completion None .. 284.20543490835234, distinct None .. 254.83367116002844
(4000, 60) beta=0.025 c=1: rank-1 1318.6892244829241 .. 14002.379892043733, completion None .. None, distinct None .. None
(4000, 60) beta=0.0297 c=1: rank-1 1247.6363110569687 .. 11737.72378247744, completion None .. None, distinct None .. None
(4000, 60) beta=0.0354 c=2: rank-1 880.3405417395016 .. 10006.82605334601, completion None .. None, distinct None .. None
(4000, 60) beta=0.042 c=2: rank-1 627.677934216063 .. 7415.5252739104035, completion None .. None, distinct None .. None
(4000, 60) beta=0.05 c=2: rank-1 448.14293676675373 .. 5551.730710178888, completion None .. None, distinct None .. None
(4000, 60) beta=0.0595 c=3: rank-1 219.41827805478204 .. 4889.092934875711, completion None .. None, distinct None .. None
(4000, 60) beta=0.0707 c=4: rank-1 None .. 3645.2824011511566, completion 142.23081447469013 .. 1505.3004317614602, distinct 142.23081447469013 .. 1505.3004317614602
(4000, 60) beta=0.0841 c=4: rank-1 None .. 2620.6708299690313, completion None .. 1254.1387483049864, distinct None .. 1254.1387483049864
(4000, 60) beta=0.1 c=5: rank-1 None .. 1899.362687908599, completion None .. 1007.208934336277, distinct None .. 1007.208934336277
(4000, 60) beta=0.1189 c=5: rank-1 None .. 1305.360274935282, completion None .. 771.17794213677, distinct None .. 771.17794213677
(4000, 60) beta=0.1414 c=6: rank-1 None .. 921.4867322684098, completion None .. 588.6784195739584, distinct None .. 588.6784195739584
(8000, 120) beta=0.025 c=1: rank-1 1309.6779006705224 .. 18512.48474391373, completion None .. None, distinct None .. None
(8000, 120) beta=0.0297 c=2: rank-1 1238.1917004351744 .. 19774.367784540635, completion None .. None, distinct None .. None
(8000, 120) beta=0.0354 c=2: rank-1 851.8029998244363 .. 18958.885013182065, completion None .. None, distinct None .. None
(8000, 120) beta=0.042 c=3: rank-1 504.3061193388168 .. 15223.381299349918, completion None .. None, distinct None .. None
(8000, 120) beta=0.05 c=4: rank-1 20.764500435290934 .. 11243.25172873837, completion 428.4764267242529 .. 4048.1855254913053, distinct 428.4764267242529 .. 4048.1855254913053
(8000, 120) beta=0.0595 c=4: rank-1 None .. 8499.595147623788, completion None .. 4157.06328711944, distinct None .. 4157.06328711944
(8000, 120) beta=0.0707 c=5: rank-1 None .. 5490.677090426714, completion None .. 3819.855575415986, distinct None .. 3819.855575415986
(8000, 120) beta=0.0841 c=5: rank-1 None .. 3596.4306432192343, completion None .. 2904.9105365967007, distinct None .. 2904.9105365967007
(8000, 120) beta=0.1 c=6: rank-1 None .. 2196.1904581272897, completion None .. 1852.254046447606, distinct None .. 1844.2068780750762
(8000, 120) beta=0.1189 c=6: rank-1 None .. 1471.822011698232, completion None .. 1365.0473858570615, distinct None .. 1311.9318680716804
(8000, 120) beta=0.1414 c=6: rank-1 None .. 1311.5157035785933, completion None .. 1241.8568193666297, distinct None .. 1180.7823653711998
wrote C:\Github\assemblies-runs-20260930b\research\results\runs\memory.learning-rate\learning-rate-distinct-20261001\results.json
