brown n=3000 seed=42 mi sg/pl 0.540/0.761 mass sg/pl 0.592/0.826
brown n=3000 seed=43 mi sg/pl 0.700/0.630 mass sg/pl 0.570/0.739
brown n=3000 seed=44 mi sg/pl 0.567/0.565 mass sg/pl 0.601/0.587
brown n=3000 seed=45 mi sg/pl 0.410/0.674 mass sg/pl 0.529/0.739
brown n=3000 seed=46 mi sg/pl 0.518/0.783 mass sg/pl 0.529/0.870
brown n=10000 seed=42 mi sg/pl 0.212/0.848 mass sg/pl 0.468/0.717
brown n=10000 seed=43 mi sg/pl 0.198/0.913 mass sg/pl 0.493/0.739
brown n=10000 seed=44 mi sg/pl 0.251/0.848 mass sg/pl 0.510/0.761
brown n=10000 seed=45 mi sg/pl 0.215/0.870 mass sg/pl 0.518/0.717
brown n=10000 seed=46 mi sg/pl 0.215/0.848 mass sg/pl 0.504/0.674
synth seed=42 mi_bal 0.545 mass_bal 0.490
synth seed=43 mi_bal 0.634 mass_bal 0.554
synth seed=44 mi_bal 0.627 mass_bal 0.566
synth seed=45 mi_bal 0.655 mass_bal 0.686
synth seed=46 mi_bal 0.706 mass_bal 0.574
{
  "M1_mass_bal_3000": {
    "mean": 0.6581806204335848,
    "ci": 0.05899996394277546
  },
  "M1_mass_sg_3000": {
    "mean": 0.5641873278236914,
    "ci": 0.04226173798116044
  },
  "M1_mass_sg_10000": {
    "mean": 0.4986225895316804,
    "ci": 0.02381763874967234
  },
  "M2_delta_mass": {
    "mean": -0.047999760450353327,
    "ci": 0.082443674211607
  },
  "M2_delta_mi": {
    "mean": -0.07315846209126842,
    "ci": 0.07381097925904188
  },
  "M2_abs_shrinks": true,
  "M3_paired_mass_minus_mi": {
    "mean": -0.05924426450742241,
    "ci": 0.07298812370390965
  }
}
-> F:\Github\assemblies-run-e2\research\experiments\mass_readout_gate_results.json
