(4000, 60) many M=8 (256 elements): 1.00
(4000, 60) many M=11 (352 elements): 1.00
(4000, 60) many M=16 (512 elements): 1.00
(4000, 60) many M=23 (736 elements): 1.00
(4000, 60) many M=32 (1024 elements): 1.00
(4000, 60) many M=45 (1440 elements): 1.00
(4000, 60) many M=64 (2048 elements): 0.98
(4000, 60) many M=91 (2912 elements): 0.13
(4000, 60) many M=128 (4096 elements): 0.03
(4000, 60) noise nu=0: first miss median 399 of 399
(4000, 60) noise nu=0.05: first miss median 399 of 399
(4000, 60) noise nu=0.07: first miss median 399 of 399
(4000, 60) noise nu=0.1: first miss median 39 of 399
(4000, 60) noise nu=0.2: first miss median 4 of 399
(4000, 60) cue eta=0.25: 1.00
(4000, 60) cue eta=0.5: 0.45
(8000, 60) many M=8 (256 elements): 1.00
(8000, 60) many M=11 (352 elements): 1.00
(8000, 60) many M=16 (512 elements): 1.00
(8000, 60) many M=23 (736 elements): 1.00
(8000, 60) many M=32 (1024 elements): 1.00
(8000, 60) many M=45 (1440 elements): 1.00
(8000, 60) many M=64 (2048 elements): 1.00
(8000, 60) many M=91 (2912 elements): 1.00
(8000, 60) many M=128 (4096 elements): 1.00
(8000, 60) many M=181 (5792 elements): 0.44
(8000, 60) many M=256 (8192 elements): 0.02
(8000, 60) many M=362 (11584 elements): 0.08
(8000, 60) noise nu=0: first miss median 399 of 399
(8000, 60) noise nu=0.05: first miss median 399 of 399
(8000, 60) noise nu=0.07: first miss median 399 of 399
(8000, 60) noise nu=0.1: first miss median 232 of 399
(8000, 60) noise nu=0.2: first miss median 3 of 399
(8000, 60) cue eta=0.25: 1.00
(8000, 60) cue eta=0.5: 0.05
wrote C:\Github\assemblies-runs-20260930b\research\results\runs\memory.robustness\robustness-20261007\results.json
