(6000, 90, 0.4) L=1104 rho=0.060: full 1.00
(6000, 90, 0.4) L=1203 rho=0.065: full 1.00
(6000, 90, 0.4) L=1312 rho=0.071: full 1.00
(6000, 90, 0.4) L=1431 rho=0.078: full 1.00
(6000, 90, 0.4) L=1561 rho=0.085: full 1.00
(6000, 90, 0.4) L=1702 rho=0.093: full 1.00
(6000, 90, 0.4) L=1856 rho=0.101: full 1.00
(6000, 90, 0.4) L=2024 rho=0.110: full 1.00
(6000, 90, 0.4) L=2207 rho=0.120: full 1.00
(6000, 90, 0.4) L=2407 rho=0.131: full 0.95
(6000, 90, 0.4) L=2625 rho=0.143: full 0.40
(6000, 90, 0.4) L=2862 rho=0.156: full 0.00
(6000, 90, 0.4) L=3121 rho=0.170: full 0.00
(12000, 80, 0.5) L=5749 rho=0.060: full 1.00
(12000, 80, 0.5) L=6270 rho=0.065: full 1.00
(12000, 80, 0.5) L=6837 rho=0.071: full 1.00
(12000, 80, 0.5) L=7456 rho=0.078: full 1.00
(12000, 80, 0.5) L=8131 rho=0.085: full 1.00
(12000, 80, 0.5) L=8866 rho=0.093: full 1.00
(12000, 80, 0.5) L=9669 rho=0.101: full 1.00
(12000, 80, 0.5) L=10544 rho=0.110: full 1.00
(12000, 80, 0.5) L=11498 rho=0.120: full 0.00
(12000, 80, 0.5) L=12539 rho=0.131: full 0.00
(6000, 40, 0.5) L=3104 rho=0.060: full 1.00
(6000, 40, 0.5) L=3385 rho=0.065: full 1.00
(6000, 40, 0.5) L=3691 rho=0.071: full 1.00
(6000, 40, 0.5) L=4025 rho=0.078: full 1.00
(6000, 40, 0.5) L=4389 rho=0.085: full 1.00
(6000, 40, 0.5) L=4786 rho=0.093: full 0.10
(6000, 40, 0.5) L=5220 rho=0.101: full 0.00
(6000, 40, 0.5) L=5692 rho=0.110: full 0.00
wrote C:\Github\assemblies-runs-20260930b\research\results\runs\memory.load-law\load-law-20261008\results.json
