(2000, 60, 0.5) tau=0: limit 43
(2000, 60, 0.5) tau=1: limit 69
(2000, 60, 0.5) tau=2: limit 107
(2000, 60, 0.5) tau=4: limit 153
(2000, 60, 0.5) tau=8: limit 305
(2000, 60, 0.5) tau=16: limit 553
(2000, 60, 0.5) tau=32: limit 673
(2000, 60, 0.5) tau=64: limit 616
(2000, 60, 0.5) tau=128: limit 473
(2000, 60, 0.5) tau=256: limit 558
(2000, 60, 0.5) tau=512: limit 589
(2000, 60, 0.5) tau=inf: limit 529
(4000, 60, 0.5) tau=0: limit 208
(4000, 60, 0.5) tau=1: limit 233
(4000, 60, 0.5) tau=2: limit 305
(4000, 60, 0.5) tau=4: limit 431
(4000, 60, 0.5) tau=8: limit 747
(4000, 60, 0.5) tau=16: limit 1219
(4000, 60, 0.5) tau=32: limit 1738
(4000, 60, 0.5) tau=64: limit 2309
(4000, 60, 0.5) tau=128: limit 1685
(4000, 60, 0.5) tau=256: limit 1184
(4000, 60, 0.5) tau=512: limit 560
(4000, 60, 0.5) tau=inf: limit 506
(8000, 60, 0.5) tau=0: limit 861
(8000, 60, 0.5) tau=1: limit 1132
(8000, 60, 0.5) tau=2: limit 1218
(8000, 60, 0.5) tau=4: limit 1579
(8000, 60, 0.5) tau=8: limit 1871
(8000, 60, 0.5) tau=16: limit 3444
(8000, 60, 0.5) tau=32: limit 4872
(8000, 60, 0.5) tau=64: limit 6890
(8000, 60, 0.5) tau=128: limit 6838
(8000, 60, 0.5) tau=256: limit 3825
(8000, 60, 0.5) tau=512: limit 576
(8000, 60, 0.5) tau=inf: limit 264
(4000, 30, 0.5) tau=0: limit 591
(4000, 30, 0.5) tau=1: limit 621
(4000, 30, 0.5) tau=2: limit 751
(4000, 30, 0.5) tau=4: limit 861
(4000, 30, 0.5) tau=8: limit 1218
(4000, 30, 0.5) tau=16: limit 1722
(4000, 30, 0.5) tau=32: limit 2422
(4000, 30, 0.5) tau=64: limit 2462
(4000, 30, 0.5) tau=128: limit 2325
(4000, 30, 0.5) tau=256: limit 1380
(4000, 30, 0.5) tau=512: limit 331
(4000, 30, 0.5) tau=inf: limit 302
wrote C:\Github\assemblies-runs-20260930b\research\results\runs\memory.recovery\recovery-20261007\results.json
