(2000, 60, 0.5) beta=0.04983 (0.1400 theta): distinct [None, None]
(2000, 60, 0.5) beta=0.05129 (0.1441 theta): distinct [None, None]
(2000, 60, 0.5) beta=0.05279 (0.1483 theta): distinct [None, None]
(2000, 60, 0.5) beta=0.05434 (0.1527 theta): distinct [None, None]
(2000, 60, 0.5) beta=0.05593 (0.1571 theta): distinct [None, None]
(2000, 60, 0.5) beta=0.05757 (0.1617 theta): distinct [None, None]
(2000, 60, 0.5) beta=0.05926 (0.1665 theta): distinct [373.75912733896007, 387.3118091963154]
(2000, 60, 0.5) beta=0.06099 (0.1714 theta): distinct [240.95562734724916, 439.35258520185323]
(2000, 60, 0.5) beta=0.06278 (0.1764 theta): distinct [140.2266319269497, 476.13710547507617]
(2000, 60, 0.5) beta=0.06462 (0.1816 theta): distinct [39.191835884530846, 496.4982585739734]
(2000, 60, 0.5) beta=0.06651 (0.1869 theta): distinct [21.37467073661551, 473.7678189672475]
(2000, 60, 0.5) beta=0.06846 (0.1923 theta): distinct [None, 473.5847196185533]
(2000, 60, 0.5) beta=0.07047 (0.1980 theta): distinct [None, 450.79192526883446]
(2000, 60, 0.5) beta=0.07253 (0.2038 theta): distinct [None, 441.6845737367533]
(2000, 60, 0.5) beta=0.07466 (0.2098 theta): distinct [None, 433.2498415382482]
(2000, 60, 0.5) beta=0.07685 (0.2159 theta): distinct [None, 421.3950615609536]
(4000, 60, 0.5) beta=0.05205 (0.1400 theta): distinct [None, None]
(4000, 60, 0.5) beta=0.05358 (0.1441 theta): distinct [None, None]
(4000, 60, 0.5) beta=0.05515 (0.1483 theta): distinct [None, None]
(4000, 60, 0.5) beta=0.05676 (0.1527 theta): distinct [None, None]
(4000, 60, 0.5) beta=0.05843 (0.1572 theta): distinct [None, None]
(4000, 60, 0.5) beta=0.06014 (0.1618 theta): distinct [None, None]
(4000, 60, 0.5) beta=0.0619 (0.1665 theta): distinct [874.7443069867913, 1568.5607081789512]
(4000, 60, 0.5) beta=0.06371 (0.1714 theta): distinct [738.9084344226818, 1563.9933538182243]
(4000, 60, 0.5) beta=0.06558 (0.1764 theta): distinct [465.95261580461863, 1612.933006487044]
(4000, 60, 0.5) beta=0.0675 (0.1815 theta): distinct [324.18925074268276, 1567.6356882347543]
(4000, 60, 0.5) beta=0.06948 (0.1869 theta): distinct [190.3330994700766, 1563.769963700628]
(4000, 60, 0.5) beta=0.07152 (0.1924 theta): distinct [89.42424099993313, 1502.6330581897769]
(4000, 60, 0.5) beta=0.07361 (0.1980 theta): distinct [48.28263989615708, 1410.6971565186404]
(4000, 60, 0.5) beta=0.07577 (0.2038 theta): distinct [23.99999798253097, 1361.8972991627518]
(4000, 60, 0.5) beta=0.07799 (0.2098 theta): distinct [5.999999033296311, 1341.819593834955]
(4000, 60, 0.5) beta=0.08027 (0.2159 theta): distinct [None, 1309.5117778409751]
(8000, 60, 0.5) beta=0.05418 (0.1400 theta): distinct [None, None]
(8000, 60, 0.5) beta=0.05577 (0.1441 theta): distinct [None, None]
(8000, 60, 0.5) beta=0.05741 (0.1483 theta): distinct [None, None]
(8000, 60, 0.5) beta=0.05909 (0.1527 theta): distinct [None, None]
(8000, 60, 0.5) beta=0.06082 (0.1571 theta): distinct [None, None]
(8000, 60, 0.5) beta=0.0626 (0.1617 theta): distinct [None, None]
(8000, 60, 0.5) beta=0.06444 (0.1665 theta): distinct [3207.4657076638787, 4229.445595357433]
(8000, 60, 0.5) beta=0.06632 (0.1714 theta): distinct [1389.0586505720876, 4458.93397782591]
(8000, 60, 0.5) beta=0.06827 (0.1764 theta): distinct [1000.7022072533291, 4465.29694521926]
(8000, 60, 0.5) beta=0.07027 (0.1816 theta): distinct [894.3453577625916, 4498.15636847718]
(8000, 60, 0.5) beta=0.07233 (0.1869 theta): distinct [698.9580797133832, 4542.652950189039]
(8000, 60, 0.5) beta=0.07445 (0.1924 theta): distinct [504.8070749060488, 4432.271497685348]
(8000, 60, 0.5) beta=0.07663 (0.1980 theta): distinct [274.82480952808265, 4379.8764991624075]
(8000, 60, 0.5) beta=0.07887 (0.2038 theta): distinct [168.8208636358846, 4254.532823588901]
(8000, 60, 0.5) beta=0.08118 (0.2098 theta): distinct [100.7150460884783, 4030.4546369713025]
(8000, 60, 0.5) beta=0.08356 (0.2159 theta): distinct [53.913467599183186, 3730.4799639917474]
(16000, 60, 0.5) beta=0.05623 (0.1400 theta): distinct [None, None]
(16000, 60, 0.5) beta=0.05788 (0.1441 theta): distinct [None, None]
(16000, 60, 0.5) beta=0.05958 (0.1483 theta): distinct [None, None]
(16000, 60, 0.5) beta=0.06132 (0.1527 theta): distinct [None, None]
(16000, 60, 0.5) beta=0.06312 (0.1571 theta): distinct [None, None]
(16000, 60, 0.5) beta=0.06497 (0.1617 theta): distinct [None, None]
(16000, 60, 0.5) beta=0.06687 (0.1665 theta): distinct [None, None]
(16000, 60, 0.5) beta=0.06883 (0.1714 theta): distinct [4467.8006728436385, 12308.101863587865]
(16000, 60, 0.5) beta=0.07085 (0.1764 theta): distinct [3399.8860622670227, 12862.808623125971]
(16000, 60, 0.5) beta=0.07293 (0.1816 theta): distinct [2630.4391539742956, 12845.135122620331]
(16000, 60, 0.5) beta=0.07506 (0.1869 theta): distinct [1803.534540018875, 12973.422124003337]
(16000, 60, 0.5) beta=0.07726 (0.1923 theta): distinct [1311.2825262607748, 12647.815147512561]
(16000, 60, 0.5) beta=0.07953 (0.1980 theta): distinct [991.4895373952303, 12118.83824201092]
(16000, 60, 0.5) beta=0.08186 (0.2038 theta): distinct [819.8154725882571, 11541.348823071095]
(16000, 60, 0.5) beta=0.08426 (0.2098 theta): distinct [505.6358311259161, 11045.728327862815]
(16000, 60, 0.5) beta=0.08672 (0.2159 theta): distinct [270.3298572246247, 10763.540035322423]
wrote C:\Github\assemblies-runs-20260930b\research\results\runs\memory.criticality\criticality-20261003\results.json
