(2000, 60, 0.5) beta=0.0427 (0.120 theta): distinct [None, None]
(2000, 60, 0.5) beta=0.0453 (0.127 theta): distinct [None, None]
(2000, 60, 0.5) beta=0.0479 (0.135 theta): distinct [None, None]
(2000, 60, 0.5) beta=0.0508 (0.143 theta): distinct [None, None]
(2000, 60, 0.5) beta=0.0538 (0.151 theta): distinct [None, None]
(2000, 60, 0.5) beta=0.057 (0.160 theta): distinct [None, None]
(2000, 60, 0.5) beta=0.0604 (0.170 theta): distinct [294.6679156520477, 438.80728278801564]
(2000, 60, 0.5) beta=0.064 (0.180 theta): distinct [59.9746885302981, 506.7195544511224]
(2000, 60, 0.5) beta=0.0678 (0.190 theta): distinct [8.0, 475.85815301817587]
(2000, 60, 0.5) beta=0.0718 (0.202 theta): distinct [None, 453.16011455805756]
(2000, 60, 0.5) beta=0.0761 (0.214 theta): distinct [None, 426.49258023013374]
(2000, 60, 0.5) beta=0.0806 (0.226 theta): distinct [None, 408.79999267890366]
(2000, 60, 0.5) beta=0.0854 (0.240 theta): distinct [None, 357.7466365025337]
(2000, 60, 0.5) beta=0.0905 (0.254 theta): distinct [None, 327.5156994499776]
(2000, 60, 0.5) beta=0.0959 (0.269 theta): distinct [None, 305.77610954839383]
(2000, 60, 0.5) beta=0.1016 (0.285 theta): distinct [None, 284.5938957902293]
(2000, 60, 0.5) beta=0.1076 (0.302 theta): distinct [None, 263.65470382951315]
(4000, 60, 0.5) beta=0.0446 (0.120 theta): distinct [None, None]
(4000, 60, 0.5) beta=0.0473 (0.127 theta): distinct [None, None]
(4000, 60, 0.5) beta=0.0501 (0.135 theta): distinct [None, None]
(4000, 60, 0.5) beta=0.0531 (0.143 theta): distinct [None, None]
(4000, 60, 0.5) beta=0.0562 (0.151 theta): distinct [None, None]
(4000, 60, 0.5) beta=0.0596 (0.160 theta): distinct [None, None]
(4000, 60, 0.5) beta=0.0631 (0.170 theta): distinct [714.0935273968055, 1594.235388604743]
(4000, 60, 0.5) beta=0.0668 (0.180 theta): distinct [318.76673427567187, 1596.5187781935301]
(4000, 60, 0.5) beta=0.0708 (0.190 theta): distinct [94.07336307000553, 1484.767596222283]
(4000, 60, 0.5) beta=0.075 (0.202 theta): distinct [33.04090390147622, 1407.5501182120918]
(4000, 60, 0.5) beta=0.0795 (0.214 theta): distinct [None, 1311.389734859554]
(4000, 60, 0.5) beta=0.0842 (0.226 theta): distinct [None, 1266.0204816000273]
(4000, 60, 0.5) beta=0.0892 (0.240 theta): distinct [None, 1204.3049190652664]
(4000, 60, 0.5) beta=0.0945 (0.254 theta): distinct [None, 1128.8083975468705]
(4000, 60, 0.5) beta=0.1002 (0.270 theta): distinct [None, 1001.8544063998224]
(4000, 60, 0.5) beta=0.1061 (0.285 theta): distinct [None, 920.9670843092962]
(4000, 60, 0.5) beta=0.1124 (0.302 theta): distinct [None, 840.3652012127889]
(4000, 80, 0.5) beta=0.0386 (0.120 theta): distinct [None, None]
(4000, 80, 0.5) beta=0.0409 (0.127 theta): distinct [None, None]
(4000, 80, 0.5) beta=0.0434 (0.135 theta): distinct [None, None]
(4000, 80, 0.5) beta=0.0459 (0.143 theta): distinct [None, None]
(4000, 80, 0.5) beta=0.0487 (0.151 theta): distinct [None, None]
(4000, 80, 0.5) beta=0.0516 (0.160 theta): distinct [None, None]
(4000, 80, 0.5) beta=0.0546 (0.170 theta): distinct [614.484634424257, 1394.0631144944525]
(4000, 80, 0.5) beta=0.0579 (0.180 theta): distinct [212.02328142106083, 1435.2141685349618]
(4000, 80, 0.5) beta=0.0613 (0.190 theta): distinct [50.1721349188435, 1372.971616373575]
(4000, 80, 0.5) beta=0.065 (0.202 theta): distinct [10.448465076814594, 1325.9401446395739]
(4000, 80, 0.5) beta=0.0688 (0.214 theta): distinct [None, 1276.2904714890014]
(4000, 80, 0.5) beta=0.0729 (0.226 theta): distinct [None, 1240.4849582066583]
(4000, 80, 0.5) beta=0.0773 (0.240 theta): distinct [None, 1153.6963095819926]
(4000, 80, 0.5) beta=0.0819 (0.254 theta): distinct [None, 1099.2992381123306]
(4000, 80, 0.5) beta=0.0867 (0.269 theta): distinct [None, 967.5434040264422]
(4000, 80, 0.5) beta=0.0919 (0.285 theta): distinct [None, 865.4581607700018]
(4000, 80, 0.5) beta=0.0974 (0.302 theta): distinct [None, 745.746533412472]
(4000, 160, 0.5) beta=0.0273 (0.120 theta): distinct [None, None]
(4000, 160, 0.5) beta=0.0289 (0.127 theta): distinct [None, None]
(4000, 160, 0.5) beta=0.0307 (0.135 theta): distinct [None, None]
(4000, 160, 0.5) beta=0.0325 (0.143 theta): distinct [None, None]
(4000, 160, 0.5) beta=0.0344 (0.151 theta): distinct [None, None]
(4000, 160, 0.5) beta=0.0365 (0.160 theta): distinct [None, None]
(4000, 160, 0.5) beta=0.0386 (0.170 theta): distinct [158.4853908306808, 1035.9699503844515]
(4000, 160, 0.5) beta=0.0409 (0.180 theta): distinct [14.144083180860958, 1083.1881701665022]
(4000, 160, 0.5) beta=0.0434 (0.191 theta): distinct [None, 993.2910303620861]
(4000, 160, 0.5) beta=0.0459 (0.202 theta): distinct [None, 892.5310561156203]
(4000, 160, 0.5) beta=0.0487 (0.214 theta): distinct [None, 808.3278053645373]
(4000, 160, 0.5) beta=0.0516 (0.227 theta): distinct [None, 660.475653030234]
(4000, 160, 0.5) beta=0.0546 (0.240 theta): distinct [None, 602.5333234975287]
(4000, 160, 0.5) beta=0.0579 (0.254 theta): distinct [None, 534.7110587695493]
(4000, 160, 0.5) beta=0.0613 (0.269 theta): distinct [None, 432.31439591381405]
(4000, 160, 0.5) beta=0.065 (0.285 theta): distinct [None, 348.19813263960555]
(4000, 160, 0.5) beta=0.0688 (0.302 theta): distinct [None, 314.45725460286036]
(8000, 120, 0.5) beta=0.0328 (0.120 theta): distinct [None, None]
(8000, 120, 0.5) beta=0.0348 (0.127 theta): distinct [None, None]
(8000, 120, 0.5) beta=0.0369 (0.135 theta): distinct [None, None]
(8000, 120, 0.5) beta=0.0391 (0.143 theta): distinct [None, None]
(8000, 120, 0.5) beta=0.0414 (0.151 theta): distinct [None, None]
(8000, 120, 0.5) beta=0.0438 (0.160 theta): distinct [None, None]
(8000, 120, 0.5) beta=0.0464 (0.170 theta): distinct [1097.708506278531, 3396.9497246824276]
(8000, 120, 0.5) beta=0.0492 (0.180 theta): distinct [499.8715267980253, 3972.218679816759]
(8000, 120, 0.5) beta=0.0521 (0.190 theta): distinct [174.52915711674046, 4181.616453090678]
(8000, 120, 0.5) beta=0.0552 (0.202 theta): distinct [41.22940005214353, 4242.732468126392]
(8000, 120, 0.5) beta=0.0585 (0.214 theta): distinct [10.482964338245207, 4235.776315805086]
(8000, 120, 0.5) beta=0.062 (0.227 theta): distinct [None, 4191.664326309367]
(8000, 120, 0.5) beta=0.0657 (0.240 theta): distinct [None, 4120.770286692935]
(8000, 120, 0.5) beta=0.0696 (0.254 theta): distinct [None, 3980.266736366886]
(8000, 120, 0.5) beta=0.0737 (0.269 theta): distinct [None, 3705.128922872732]
(8000, 120, 0.5) beta=0.0781 (0.285 theta): distinct [None, 3420.564324411763]
(8000, 120, 0.5) beta=0.0828 (0.303 theta): distinct [None, 3183.0667552967293]
(8000, 240, 0.25) beta=0.0402 (0.120 theta): distinct [None, None]
(8000, 240, 0.25) beta=0.0426 (0.127 theta): distinct [None, None]
(8000, 240, 0.25) beta=0.0451 (0.135 theta): distinct [None, None]
(8000, 240, 0.25) beta=0.0478 (0.143 theta): distinct [None, None]
(8000, 240, 0.25) beta=0.0507 (0.151 theta): distinct [None, None]
(8000, 240, 0.25) beta=0.0537 (0.160 theta): distinct [None, None]
(8000, 240, 0.25) beta=0.0569 (0.170 theta): distinct [None, None]
(8000, 240, 0.25) beta=0.0603 (0.180 theta): distinct [16.726306270652135, 977.6145314234351]
(8000, 240, 0.25) beta=0.0638 (0.190 theta): distinct [None, 1080.6550243211036]
(8000, 240, 0.25) beta=0.0676 (0.202 theta): distinct [None, 1148.579134494541]
(8000, 240, 0.25) beta=0.0717 (0.214 theta): distinct [None, 1160.448798935237]
(8000, 240, 0.25) beta=0.0759 (0.226 theta): distinct [None, 1125.524469404007]
(8000, 240, 0.25) beta=0.0804 (0.240 theta): distinct [None, 1058.8742019159422]
(8000, 240, 0.25) beta=0.0852 (0.254 theta): distinct [None, 931.1157642989969]
(8000, 240, 0.25) beta=0.0903 (0.269 theta): distinct [None, 838.8334992696093]
(8000, 240, 0.25) beta=0.0957 (0.286 theta): distinct [None, 703.0546660539]
(8000, 240, 0.25) beta=0.1013 (0.302 theta): distinct [None, 617.3662014703349]
(4000, 10, 0.5) beta=0.1093 (0.120 theta): distinct [None, None]
(4000, 10, 0.5) beta=0.1158 (0.127 theta): distinct [None, None]
(4000, 10, 0.5) beta=0.1227 (0.135 theta): distinct [None, None]
(4000, 10, 0.5) beta=0.13 (0.143 theta): distinct [None, None]
(4000, 10, 0.5) beta=0.1377 (0.151 theta): distinct [None, None]
(4000, 10, 0.5) beta=0.1459 (0.160 theta): distinct [None, None]
(4000, 10, 0.5) beta=0.1546 (0.170 theta): distinct [None, None]
(4000, 10, 0.5) beta=0.1637 (0.180 theta): distinct [960.5849829951424, 1144.560446682006]
(4000, 10, 0.5) beta=0.1735 (0.191 theta): distinct [470.65483646415254, 1560.9456613642362]
(4000, 10, 0.5) beta=0.1838 (0.202 theta): distinct [195.98616921059818, 1313.7801917667398]
(4000, 10, 0.5) beta=0.1947 (0.214 theta): distinct [2.0, 1317.85567522197]
(4000, 10, 0.5) beta=0.2063 (0.227 theta): distinct [None, 1311.0877863962382]
(4000, 10, 0.5) beta=0.2186 (0.240 theta): distinct [None, 1236.5249046144554]
(4000, 10, 0.5) beta=0.2316 (0.254 theta): distinct [None, 1261.6391684721923]
(4000, 10, 0.5) beta=0.2453 (0.269 theta): distinct [None, 1192.8700550905628]
(4000, 10, 0.5) beta=0.2599 (0.285 theta): distinct [None, 1108.7905285251354]
(4000, 10, 0.5) beta=0.2754 (0.302 theta): distinct [None, 1105.6419778125335]
(4000, 10, 0.5) beta=0.2918 (0.320 theta): distinct [None, 1084.6195799013467]
(4000, 10, 0.5) beta=0.3091 (0.339 theta): distinct [None, 1140.4951376699528]
(4000, 10, 0.5) beta=0.3275 (0.360 theta): distinct [None, 1083.2317281480039]
(4000, 10, 0.5) beta=0.347 (0.381 theta): distinct [None, 1070.2602325132607]
(4000, 10, 0.5) beta=0.3676 (0.404 theta): distinct [None, 1033.1998219226841]
(4000, 20, 0.5) beta=0.0773 (0.120 theta): distinct [None, None]
(4000, 20, 0.5) beta=0.0819 (0.127 theta): distinct [None, None]
(4000, 20, 0.5) beta=0.0867 (0.135 theta): distinct [None, None]
(4000, 20, 0.5) beta=0.0919 (0.143 theta): distinct [None, None]
(4000, 20, 0.5) beta=0.0974 (0.151 theta): distinct [None, None]
(4000, 20, 0.5) beta=0.1032 (0.160 theta): distinct [None, None]
(4000, 20, 0.5) beta=0.1093 (0.170 theta): distinct [None, None]
(4000, 20, 0.5) beta=0.1158 (0.180 theta): distinct [632.6210830709548, 1553.6353780911384]
(4000, 20, 0.5) beta=0.1227 (0.191 theta): distinct [394.8408424306892, 1456.314380003109]
(4000, 20, 0.5) beta=0.13 (0.202 theta): distinct [167.72744922936937, 1442.0350289218272]
(4000, 20, 0.5) beta=0.1377 (0.214 theta): distinct [None, 1281.7892648213258]
(4000, 20, 0.5) beta=0.1459 (0.227 theta): distinct [None, 1202.8695879534257]
(4000, 20, 0.5) beta=0.1546 (0.240 theta): distinct [None, 1168.2752375410278]
(4000, 20, 0.5) beta=0.1637 (0.254 theta): distinct [None, 1093.909735544943]
(4000, 20, 0.5) beta=0.1735 (0.269 theta): distinct [None, 1001.2421355191092]
(4000, 20, 0.5) beta=0.1838 (0.285 theta): distinct [None, 965.2017601619228]
(4000, 20, 0.5) beta=0.1947 (0.302 theta): distinct [None, 914.2085157991698]
(4000, 20, 0.5) beta=0.2063 (0.320 theta): distinct [None, 897.6863110188547]
(4000, 20, 0.5) beta=0.2186 (0.339 theta): distinct [None, 863.7965327966768]
(4000, 20, 0.5) beta=0.2316 (0.360 theta): distinct [None, 843.7054850324649]
(4000, 20, 0.5) beta=0.2453 (0.381 theta): distinct [None, 853.4866509418723]
(4000, 20, 0.5) beta=0.2599 (0.404 theta): distinct [None, 821.6923532577774]
(8000, 100, 0.05) beta=0.1568 (0.120 theta): distinct [None, None]
(8000, 100, 0.05) beta=0.1661 (0.127 theta): distinct [None, None]
(8000, 100, 0.05) beta=0.176 (0.135 theta): distinct [None, None]
(8000, 100, 0.05) beta=0.1865 (0.143 theta): distinct [None, None]
(8000, 100, 0.05) beta=0.1976 (0.151 theta): distinct [None, None]
(8000, 100, 0.05) beta=0.2093 (0.160 theta): distinct [None, 71.7541029465362]
(8000, 100, 0.05) beta=0.2218 (0.170 theta): distinct [None, 118.8632286207827]
(8000, 100, 0.05) beta=0.2349 (0.180 theta): distinct [None, 138.55385269106196]
(8000, 100, 0.05) beta=0.2489 (0.190 theta): distinct [None, 153.2323513404399]
(8000, 100, 0.05) beta=0.2637 (0.202 theta): distinct [None, 154.67485647856606]
(8000, 100, 0.05) beta=0.2794 (0.214 theta): distinct [None, 158.04378582916985]
(8000, 100, 0.05) beta=0.296 (0.227 theta): distinct [None, 160.35891151474962]
(8000, 100, 0.05) beta=0.3136 (0.240 theta): distinct [None, 167.35130668528308]
(8000, 100, 0.05) beta=0.3323 (0.254 theta): distinct [None, 182.89396854837582]
(8000, 100, 0.05) beta=0.352 (0.269 theta): distinct [None, 191.32716177717802]
(8000, 100, 0.05) beta=0.373 (0.285 theta): distinct [None, 198.72438562622457]
(8000, 100, 0.05) beta=0.3951 (0.302 theta): distinct [None, 195.91552817596133]
(8000, 100, 0.05) beta=0.4186 (0.320 theta): distinct [None, 192.963015017068]
(8000, 100, 0.05) beta=0.4435 (0.339 theta): distinct [None, 191.62964669559977]
(8000, 100, 0.05) beta=0.4699 (0.360 theta): distinct [None, 186.8113120435183]
(8000, 100, 0.05) beta=0.4978 (0.381 theta): distinct [None, 189.02902225532466]
(8000, 100, 0.05) beta=0.5274 (0.404 theta): distinct [None, 190.85295774805238]
(8000, 200, 0.05) beta=0.1109 (0.120 theta): distinct [None, None]
(8000, 200, 0.05) beta=0.1175 (0.127 theta): distinct [None, None]
(8000, 200, 0.05) beta=0.1245 (0.135 theta): distinct [None, None]
(8000, 200, 0.05) beta=0.1319 (0.143 theta): distinct [None, None]
(8000, 200, 0.05) beta=0.1397 (0.151 theta): distinct [None, None]
(8000, 200, 0.05) beta=0.148 (0.160 theta): distinct [2.9999998066592077, 66.66925540545074]
(8000, 200, 0.05) beta=0.1568 (0.170 theta): distinct [None, 117.83013530362742]
(8000, 200, 0.05) beta=0.1661 (0.180 theta): distinct [None, 138.81238671330544]
(8000, 200, 0.05) beta=0.176 (0.190 theta): distinct [None, 148.78793567119732]
(8000, 200, 0.05) beta=0.1865 (0.202 theta): distinct [None, 154.54508677429317]
(8000, 200, 0.05) beta=0.1976 (0.214 theta): distinct [None, 159.97796282100072]
(8000, 200, 0.05) beta=0.2093 (0.227 theta): distinct [None, 169.9674737726814]
(8000, 200, 0.05) beta=0.2218 (0.240 theta): distinct [None, 180.10799504330473]
(8000, 200, 0.05) beta=0.2349 (0.254 theta): distinct [None, 185.10755649685848]
(8000, 200, 0.05) beta=0.2489 (0.269 theta): distinct [None, 184.30797475236213]
(8000, 200, 0.05) beta=0.2637 (0.285 theta): distinct [None, 184.33814253541826]
(8000, 200, 0.05) beta=0.2794 (0.302 theta): distinct [None, 177.15031733128893]
(8000, 200, 0.05) beta=0.296 (0.320 theta): distinct [None, 175.8246939577975]
(8000, 200, 0.05) beta=0.3136 (0.339 theta): distinct [None, 165.16938711710014]
(8000, 200, 0.05) beta=0.3323 (0.360 theta): distinct [None, 157.35700239127755]
(8000, 200, 0.05) beta=0.352 (0.381 theta): distinct [None, 153.51380299801343]
(8000, 200, 0.05) beta=0.373 (0.404 theta): distinct [None, 145.10562363040867]
wrote C:\Github\assemblies-runs-20260930b\research\results\runs\memory.onset\onset-20261002-r3\results.json
(4000, 10, 0.5) beta=0.0364 (0.040 theta): distinct 0, rank-1 32768
(4000, 10, 0.5) beta=0.0433 (0.048 theta): distinct 0, rank-1 32768
(4000, 10, 0.5) beta=0.0515 (0.057 theta): distinct 0, rank-1 32768
(4000, 10, 0.5) beta=0.0613 (0.067 theta): distinct 0, rank-1 32768
(4000, 10, 0.5) beta=0.0729 (0.080 theta): distinct 0, rank-1 26687
(4000, 10, 0.5) beta=0.0866 (0.095 theta): distinct 0, rank-1 19149
(4000, 10, 0.5) beta=0.103 (0.113 theta): distinct 0, rank-1 2
(4000, 10, 0.5) beta=0.1225 (0.135 theta): distinct 0, rank-1 9754
(4000, 10, 0.5) beta=0.1275 (0.140 theta): distinct 0, rank-1 2
(4000, 10, 0.5) beta=0.1431 (0.157 theta): distinct 0, rank-1 3
(4000, 10, 0.5) beta=0.1606 (0.176 theta): distinct 0, rank-1 7
(4000, 10, 0.5) beta=0.1803 (0.198 theta): distinct 1314, rank-1 3907
(4000, 10, 0.5) beta=0.2024 (0.222 theta): distinct 1234, rank-1 3233
(4000, 10, 0.5) beta=0.2272 (0.249 theta): distinct 1164, rank-1 2565
(4000, 10, 0.5) beta=0.255 (0.280 theta): distinct 1106, rank-1 2017
(4000, 10, 0.5) beta=0.2862 (0.314 theta): distinct 1114, rank-1 1570
(4000, 10, 0.5) beta=0.3213 (0.353 theta): distinct 1119, rank-1 1349
(4000, 10, 0.5) beta=0.3606 (0.396 theta): distinct 1070, rank-1 1211
(4000, 14, 0.5) beta=0.0308 (0.040 theta): distinct 0, rank-1 32768
(4000, 14, 0.5) beta=0.0366 (0.048 theta): distinct 0, rank-1 32768
(4000, 14, 0.5) beta=0.0435 (0.057 theta): distinct 0, rank-1 32768
(4000, 14, 0.5) beta=0.0518 (0.067 theta): distinct 0, rank-1 31272
(4000, 14, 0.5) beta=0.0616 (0.080 theta): distinct 0, rank-1 23752
(4000, 14, 0.5) beta=0.0732 (0.095 theta): distinct 0, rank-1 2
(4000, 14, 0.5) beta=0.0871 (0.113 theta): distinct 0, rank-1 13065
(4000, 14, 0.5) beta=0.1036 (0.135 theta): distinct 0, rank-1 10373
(4000, 14, 0.5) beta=0.1078 (0.140 theta): distinct 0, rank-1 9152
(4000, 14, 0.5) beta=0.121 (0.157 theta): distinct 0, rank-1 2
(4000, 14, 0.5) beta=0.1358 (0.176 theta): distinct 0, rank-1 3
(4000, 14, 0.5) beta=0.1524 (0.198 theta): distinct 1148, rank-1 4807
(4000, 14, 0.5) beta=0.1711 (0.222 theta): distinct 1031, rank-1 3684
(4000, 14, 0.5) beta=0.192 (0.249 theta): distinct 1002, rank-1 2693
(4000, 14, 0.5) beta=0.2155 (0.280 theta): distinct 908, rank-1 2261
(4000, 14, 0.5) beta=0.2419 (0.314 theta): distinct 851, rank-1 1866
(4000, 14, 0.5) beta=0.2715 (0.353 theta): distinct 847, rank-1 1369
(4000, 14, 0.5) beta=0.3048 (0.396 theta): distinct 849, rank-1 1193
(4000, 20, 0.5) beta=0.0258 (0.040 theta): distinct 0, rank-1 2
(4000, 20, 0.5) beta=0.0306 (0.048 theta): distinct 0, rank-1 32768
(4000, 20, 0.5) beta=0.0364 (0.057 theta): distinct 0, rank-1 32768
(4000, 20, 0.5) beta=0.0433 (0.067 theta): distinct 0, rank-1 2
(4000, 20, 0.5) beta=0.0515 (0.080 theta): distinct 0, rank-1 21166
(4000, 20, 0.5) beta=0.0613 (0.095 theta): distinct 0, rank-1 2
(4000, 20, 0.5) beta=0.0729 (0.113 theta): distinct 0, rank-1 12288
(4000, 20, 0.5) beta=0.0866 (0.134 theta): distinct 0, rank-1 9711
(4000, 20, 0.5) beta=0.0902 (0.140 theta): distinct 0, rank-1 8991
(4000, 20, 0.5) beta=0.1012 (0.157 theta): distinct 0, rank-1 2
(4000, 20, 0.5) beta=0.1136 (0.176 theta): distinct 0, rank-1 3
(4000, 20, 0.5) beta=0.1275 (0.198 theta): distinct 1513, rank-1 4872
(4000, 20, 0.5) beta=0.1431 (0.222 theta): distinct 1286, rank-1 4080
(4000, 20, 0.5) beta=0.1606 (0.249 theta): distinct 1143, rank-1 3018
(4000, 20, 0.5) beta=0.1803 (0.280 theta): distinct 981, rank-1 2492
(4000, 20, 0.5) beta=0.2024 (0.314 theta): distinct 910, rank-1 1985
(4000, 20, 0.5) beta=0.2272 (0.353 theta): distinct 844, rank-1 1585
(4000, 20, 0.5) beta=0.255 (0.396 theta): distinct 812, rank-1 1297
(4000, 28, 0.5) beta=0.0259 (0.048 theta): distinct 0, rank-1 2
(4000, 28, 0.5) beta=0.0308 (0.057 theta): distinct 0, rank-1 29175
(4000, 28, 0.5) beta=0.0366 (0.067 theta): distinct 0, rank-1 21963
(4000, 28, 0.5) beta=0.0435 (0.080 theta): distinct 0, rank-1 19279
(4000, 28, 0.5) beta=0.0518 (0.095 theta): distinct 0, rank-1 14138
(4000, 28, 0.5) beta=0.0616 (0.113 theta): distinct 0, rank-1 2
(4000, 28, 0.5) beta=0.0732 (0.134 theta): distinct 0, rank-1 3
(4000, 28, 0.5) beta=0.0762 (0.140 theta): distinct 0, rank-1 2
(4000, 28, 0.5) beta=0.0855 (0.157 theta): distinct 0, rank-1 6655
(4000, 28, 0.5) beta=0.096 (0.176 theta): distinct 0, rank-1 3
(4000, 28, 0.5) beta=0.1078 (0.198 theta): distinct 1383, rank-1 4854
(4000, 28, 0.5) beta=0.121 (0.222 theta): distinct 1213, rank-1 4071
(4000, 28, 0.5) beta=0.1358 (0.250 theta): distinct 1068, rank-1 3010
(4000, 28, 0.5) beta=0.1524 (0.280 theta): distinct 912, rank-1 2412
(4000, 28, 0.5) beta=0.1711 (0.314 theta): distinct 837, rank-1 1923
(4000, 28, 0.5) beta=0.192 (0.353 theta): distinct 765, rank-1 1548
(4000, 28, 0.5) beta=0.2155 (0.396 theta): distinct 727, rank-1 1337
(4000, 40, 0.5) beta=0.0258 (0.057 theta): distinct 0, rank-1 2
(4000, 40, 0.5) beta=0.0306 (0.067 theta): distinct 0, rank-1 19880
(4000, 40, 0.5) beta=0.0364 (0.080 theta): distinct 0, rank-1 14536
(4000, 40, 0.5) beta=0.0433 (0.095 theta): distinct 0, rank-1 2
(4000, 40, 0.5) beta=0.0515 (0.113 theta): distinct 0, rank-1 2
(4000, 40, 0.5) beta=0.0613 (0.135 theta): distinct 0, rank-1 7287
(4000, 40, 0.5) beta=0.0638 (0.140 theta): distinct 0, rank-1 3
(4000, 40, 0.5) beta=0.0716 (0.157 theta): distinct 0, rank-1 2
(4000, 40, 0.5) beta=0.0803 (0.176 theta): distinct 0, rank-1 2
(4000, 40, 0.5) beta=0.0902 (0.198 theta): distinct 1473, rank-1 4232
(4000, 40, 0.5) beta=0.1012 (0.222 theta): distinct 1280, rank-1 3490
(4000, 40, 0.5) beta=0.1136 (0.249 theta): distinct 1152, rank-1 2708
(4000, 40, 0.5) beta=0.1275 (0.280 theta): distinct 950, rank-1 2152
(4000, 40, 0.5) beta=0.1431 (0.314 theta): distinct 850, rank-1 1687
(4000, 40, 0.5) beta=0.1606 (0.353 theta): distinct 743, rank-1 1335
(4000, 40, 0.5) beta=0.1803 (0.396 theta): distinct 688, rank-1 1206
(4000, 56, 0.5) beta=0.0259 (0.067 theta): distinct 0, rank-1 14731
(4000, 56, 0.5) beta=0.0308 (0.080 theta): distinct 0, rank-1 12446
(4000, 56, 0.5) beta=0.0366 (0.095 theta): distinct 0, rank-1 10091
(4000, 56, 0.5) beta=0.0435 (0.113 theta): distinct 0, rank-1 2
(4000, 56, 0.5) beta=0.0518 (0.135 theta): distinct 0, rank-1 5683
(4000, 56, 0.5) beta=0.0539 (0.140 theta): distinct 0, rank-1 2
(4000, 56, 0.5) beta=0.0605 (0.157 theta): distinct 0, rank-1 3
(4000, 56, 0.5) beta=0.0679 (0.176 theta): distinct 0, rank-1 3
(4000, 56, 0.5) beta=0.0762 (0.198 theta): distinct 1392, rank-1 3618
(4000, 56, 0.5) beta=0.0855 (0.222 theta): distinct 1286, rank-1 2765
(4000, 56, 0.5) beta=0.096 (0.249 theta): distinct 1147, rank-1 2410
(4000, 56, 0.5) beta=0.1078 (0.280 theta): distinct 936, rank-1 1801
(4000, 56, 0.5) beta=0.121 (0.314 theta): distinct 795, rank-1 1383
(4000, 56, 0.5) beta=0.1358 (0.353 theta): distinct 684, rank-1 1156
(4000, 56, 0.5) beta=0.1524 (0.396 theta): distinct 562, rank-1 938
(4000, 80, 0.5) beta=0.0258 (0.080 theta): distinct 0, rank-1 9959
(4000, 80, 0.5) beta=0.0306 (0.095 theta): distinct 0, rank-1 2
(4000, 80, 0.5) beta=0.0364 (0.113 theta): distinct 0, rank-1 6801
(4000, 80, 0.5) beta=0.0433 (0.134 theta): distinct 0, rank-1 2
(4000, 80, 0.5) beta=0.0451 (0.140 theta): distinct 0, rank-1 3
(4000, 80, 0.5) beta=0.0506 (0.157 theta): distinct 0, rank-1 2
(4000, 80, 0.5) beta=0.0568 (0.176 theta): distinct 1468, rank-1 3605
(4000, 80, 0.5) beta=0.0638 (0.198 theta): distinct 1342, rank-1 2822
(4000, 80, 0.5) beta=0.0716 (0.222 theta): distinct 1249, rank-1 2469
(4000, 80, 0.5) beta=0.0803 (0.249 theta): distinct 1137, rank-1 1849
(4000, 80, 0.5) beta=0.0902 (0.280 theta): distinct 891, rank-1 1390
(4000, 80, 0.5) beta=0.1012 (0.314 theta): distinct 691, rank-1 1062
(4000, 80, 0.5) beta=0.1136 (0.353 theta): distinct 549, rank-1 735
(4000, 80, 0.5) beta=0.1275 (0.396 theta): distinct 456, rank-1 606
(4000, 112, 0.5) beta=0.0259 (0.095 theta): distinct 0, rank-1 2
(4000, 112, 0.5) beta=0.0308 (0.113 theta): distinct 0, rank-1 5182
(4000, 112, 0.5) beta=0.0366 (0.134 theta): distinct 0, rank-1 3
(4000, 112, 0.5) beta=0.0381 (0.140 theta): distinct 0, rank-1 4356
(4000, 112, 0.5) beta=0.0428 (0.157 theta): distinct 0, rank-1 3561
(4000, 112, 0.5) beta=0.048 (0.176 theta): distinct 1220, rank-1 2644
(4000, 112, 0.5) beta=0.0539 (0.198 theta): distinct 1239, rank-1 2443
(4000, 112, 0.5) beta=0.0605 (0.222 theta): distinct 1144, rank-1 1754
(4000, 112, 0.5) beta=0.0679 (0.250 theta): distinct 901, rank-1 1265
(4000, 112, 0.5) beta=0.0762 (0.280 theta): distinct 657, rank-1 907
(4000, 112, 0.5) beta=0.0855 (0.314 theta): distinct 456, rank-1 600
(4000, 112, 0.5) beta=0.096 (0.353 theta): distinct 339, rank-1 421
(4000, 112, 0.5) beta=0.1078 (0.396 theta): distinct 279, rank-1 330
(4000, 160, 0.5) beta=0.0258 (0.113 theta): distinct 0, rank-1 2511
(4000, 160, 0.5) beta=0.0306 (0.134 theta): distinct 0, rank-1 3
(4000, 160, 0.5) beta=0.0319 (0.140 theta): distinct 0, rank-1 3
(4000, 160, 0.5) beta=0.0358 (0.157 theta): distinct 0, rank-1 2484
(4000, 160, 0.5) beta=0.0402 (0.177 theta): distinct 1059, rank-1 1774
(4000, 160, 0.5) beta=0.0451 (0.198 theta): distinct 918, rank-1 1256
(4000, 160, 0.5) beta=0.0506 (0.222 theta): distinct 693, rank-1 890
(4000, 160, 0.5) beta=0.0568 (0.249 theta): distinct 577, rank-1 632
(4000, 160, 0.5) beta=0.0638 (0.280 theta): distinct 395, rank-1 470
(4000, 160, 0.5) beta=0.0716 (0.314 theta): distinct 293, rank-1 330
(4000, 160, 0.5) beta=0.0803 (0.353 theta): distinct 265, rank-1 287
(4000, 160, 0.5) beta=0.0902 (0.396 theta): distinct 208, rank-1 234
(2000, 20, 0.5) beta=0.0293 (0.048 theta): distinct 0, rank-1 14368
(2000, 20, 0.5) beta=0.0349 (0.057 theta): distinct 0, rank-1 10813
(2000, 20, 0.5) beta=0.0415 (0.067 theta): distinct 0, rank-1 9458
(2000, 20, 0.5) beta=0.0493 (0.080 theta): distinct 0, rank-1 7140
(2000, 20, 0.5) beta=0.0586 (0.095 theta): distinct 0, rank-1 2
(2000, 20, 0.5) beta=0.0697 (0.113 theta): distinct 0, rank-1 2
(2000, 20, 0.5) beta=0.0829 (0.134 theta): distinct 0, rank-1 3293
(2000, 20, 0.5) beta=0.0863 (0.140 theta): distinct 0, rank-1 2975
(2000, 20, 0.5) beta=0.0969 (0.157 theta): distinct 0, rank-1 2718
(2000, 20, 0.5) beta=0.1087 (0.176 theta): distinct 389, rank-1 2322
(2000, 20, 0.5) beta=0.1221 (0.198 theta): distinct 508, rank-1 1832
(2000, 20, 0.5) beta=0.137 (0.222 theta): distinct 489, rank-1 1455
(2000, 20, 0.5) beta=0.1538 (0.249 theta): distinct 446, rank-1 1258
(2000, 20, 0.5) beta=0.1726 (0.280 theta): distinct 426, rank-1 1049
(2000, 20, 0.5) beta=0.1938 (0.314 theta): distinct 392, rank-1 792
(2000, 20, 0.5) beta=0.2175 (0.353 theta): distinct 382, rank-1 655
(2000, 20, 0.5) beta=0.2441 (0.396 theta): distinct 368, rank-1 586
(8000, 20, 0.5) beta=0.0268 (0.040 theta): distinct 0, rank-1 0
(8000, 20, 0.5) beta=0.0319 (0.048 theta): distinct 0, rank-1 0
(8000, 20, 0.5) beta=0.0379 (0.057 theta): distinct 0, rank-1 2
(8000, 20, 0.5) beta=0.0451 (0.067 theta): distinct 0, rank-1 32768
(8000, 20, 0.5) beta=0.0536 (0.080 theta): distinct 0, rank-1 32768
(8000, 20, 0.5) beta=0.0638 (0.095 theta): distinct 0, rank-1 32768
(8000, 20, 0.5) beta=0.0758 (0.113 theta): distinct 0, rank-1 32768
(8000, 20, 0.5) beta=0.0902 (0.135 theta): distinct 0, rank-1 24021
(8000, 20, 0.5) beta=0.0938 (0.140 theta): distinct 0, rank-1 22616
(8000, 20, 0.5) beta=0.1053 (0.157 theta): distinct 0, rank-1 2
(8000, 20, 0.5) beta=0.1182 (0.176 theta): distinct 0, rank-1 2
(8000, 20, 0.5) beta=0.1327 (0.198 theta): distinct 0, rank-1 6
(8000, 20, 0.5) beta=0.149 (0.222 theta): distinct 3222, rank-1 10054
(8000, 20, 0.5) beta=0.1672 (0.249 theta): distinct 2657, rank-1 8013
(8000, 20, 0.5) beta=0.1877 (0.280 theta): distinct 2323, rank-1 6214
(8000, 20, 0.5) beta=0.2107 (0.314 theta): distinct 2042, rank-1 4873
(8000, 20, 0.5) beta=0.2365 (0.353 theta): distinct 1902, rank-1 3850
(8000, 20, 0.5) beta=0.2654 (0.396 theta): distinct 1821, rank-1 2914
(10000, 100, 0.01) beta=0.1208 (0.040 theta): distinct 0, rank-1 2
(10000, 100, 0.01) beta=0.1436 (0.048 theta): distinct 0, rank-1 2
(10000, 100, 0.01) beta=0.1708 (0.057 theta): distinct 0, rank-1 0
(10000, 100, 0.01) beta=0.2031 (0.067 theta): distinct 0, rank-1 6
(10000, 100, 0.01) beta=0.2416 (0.080 theta): distinct 0, rank-1 49
(10000, 100, 0.01) beta=0.2873 (0.095 theta): distinct 0, rank-1 106
(10000, 100, 0.01) beta=0.3416 (0.113 theta): distinct 0, rank-1 114
(10000, 100, 0.01) beta=0.4063 (0.135 theta): distinct 0, rank-1 108
(10000, 100, 0.01) beta=0.4227 (0.140 theta): distinct 0, rank-1 103
(10000, 100, 0.01) beta=0.4745 (0.157 theta): distinct 0, rank-1 72
(10000, 100, 0.01) beta=0.5326 (0.176 theta): distinct 0, rank-1 39
(10000, 100, 0.01) beta=0.5979 (0.198 theta): distinct 0, rank-1 32
(10000, 100, 0.01) beta=0.6711 (0.222 theta): distinct 0, rank-1 12
(10000, 100, 0.01) beta=0.7533 (0.249 theta): distinct 0, rank-1 9
(10000, 100, 0.01) beta=0.8455 (0.280 theta): distinct 0, rank-1 7
(10000, 100, 0.01) beta=0.949 (0.314 theta): distinct 0, rank-1 7
(10000, 100, 0.01) beta=1.0653 (0.353 theta): distinct 0, rank-1 6
(10000, 100, 0.01) beta=1.1957 (0.396 theta): distinct 0, rank-1 0
(10000, 200, 0.01) beta=0.0854 (0.040 theta): distinct 0, rank-1 0
(10000, 200, 0.01) beta=0.1016 (0.048 theta): distinct 0, rank-1 3
(10000, 200, 0.01) beta=0.1208 (0.057 theta): distinct 0, rank-1 0
(10000, 200, 0.01) beta=0.1436 (0.067 theta): distinct 0, rank-1 3
(10000, 200, 0.01) beta=0.1708 (0.080 theta): distinct 0, rank-1 14
(10000, 200, 0.01) beta=0.2031 (0.095 theta): distinct 0, rank-1 179
(10000, 200, 0.01) beta=0.2416 (0.113 theta): distinct 0, rank-1 176
(10000, 200, 0.01) beta=0.2873 (0.135 theta): distinct 0, rank-1 153
(10000, 200, 0.01) beta=0.2989 (0.140 theta): distinct 2, rank-1 148
(10000, 200, 0.01) beta=0.3355 (0.157 theta): distinct 3, rank-1 143
(10000, 200, 0.01) beta=0.3766 (0.176 theta): distinct 3, rank-1 139
(10000, 200, 0.01) beta=0.4227 (0.198 theta): distinct 3, rank-1 139
(10000, 200, 0.01) beta=0.4745 (0.222 theta): distinct 2, rank-1 135
(10000, 200, 0.01) beta=0.5326 (0.249 theta): distinct 0, rank-1 134
(10000, 200, 0.01) beta=0.5979 (0.280 theta): distinct 0, rank-1 133
(10000, 200, 0.01) beta=0.6711 (0.314 theta): distinct 0, rank-1 77
(10000, 200, 0.01) beta=0.7533 (0.353 theta): distinct 0, rank-1 20
(10000, 200, 0.01) beta=0.8455 (0.396 theta): distinct 0, rank-1 18
(10000, 400, 0.01) beta=0.0604 (0.040 theta): distinct 0, rank-1 0
(10000, 400, 0.01) beta=0.0718 (0.048 theta): distinct 0, rank-1 0
(10000, 400, 0.01) beta=0.0854 (0.057 theta): distinct 0, rank-1 0
(10000, 400, 0.01) beta=0.1016 (0.067 theta): distinct 0, rank-1 3
(10000, 400, 0.01) beta=0.1208 (0.080 theta): distinct 0, rank-1 8
(10000, 400, 0.01) beta=0.1436 (0.095 theta): distinct 0, rank-1 207
(10000, 400, 0.01) beta=0.1708 (0.113 theta): distinct 0, rank-1 165
(10000, 400, 0.01) beta=0.2031 (0.135 theta): distinct 6, rank-1 151
(10000, 400, 0.01) beta=0.2114 (0.140 theta): distinct 22, rank-1 145
(10000, 400, 0.01) beta=0.2373 (0.157 theta): distinct 28, rank-1 134
(10000, 400, 0.01) beta=0.2663 (0.176 theta): distinct 29, rank-1 94
(10000, 400, 0.01) beta=0.2989 (0.198 theta): distinct 30, rank-1 76
(10000, 400, 0.01) beta=0.3355 (0.222 theta): distinct 31, rank-1 62
(10000, 400, 0.01) beta=0.3766 (0.249 theta): distinct 50, rank-1 58
(10000, 400, 0.01) beta=0.4227 (0.280 theta): distinct 52, rank-1 56
(10000, 400, 0.01) beta=0.4745 (0.314 theta): distinct 51, rank-1 54
(10000, 400, 0.01) beta=0.5326 (0.353 theta): distinct 51, rank-1 55
(10000, 400, 0.01) beta=0.5979 (0.396 theta): distinct 50, rank-1 56
(10000, 800, 0.01) beta=0.0427 (0.040 theta): distinct 0, rank-1 2
(10000, 800, 0.01) beta=0.0508 (0.048 theta): distinct 0, rank-1 3
(10000, 800, 0.01) beta=0.0604 (0.057 theta): distinct 0, rank-1 3
(10000, 800, 0.01) beta=0.0718 (0.067 theta): distinct 0, rank-1 4
(10000, 800, 0.01) beta=0.0854 (0.080 theta): distinct 0, rank-1 13
(10000, 800, 0.01) beta=0.1016 (0.095 theta): distinct 0, rank-1 137
(10000, 800, 0.01) beta=0.1208 (0.113 theta): distinct 0, rank-1 132
(10000, 800, 0.01) beta=0.1436 (0.135 theta): distinct 13, rank-1 91
(10000, 800, 0.01) beta=0.1495 (0.140 theta): distinct 15, rank-1 88
(10000, 800, 0.01) beta=0.1678 (0.157 theta): distinct 28, rank-1 79
(10000, 800, 0.01) beta=0.1883 (0.176 theta): distinct 29, rank-1 64
(10000, 800, 0.01) beta=0.2114 (0.198 theta): distinct 31, rank-1 60
(10000, 800, 0.01) beta=0.2373 (0.222 theta): distinct 39, rank-1 56
(10000, 800, 0.01) beta=0.2663 (0.249 theta): distinct 38, rank-1 53
(10000, 800, 0.01) beta=0.2989 (0.280 theta): distinct 34, rank-1 47
(10000, 800, 0.01) beta=0.3355 (0.314 theta): distinct 30, rank-1 42
(10000, 800, 0.01) beta=0.3766 (0.353 theta): distinct 26, rank-1 34
(10000, 800, 0.01) beta=0.4227 (0.396 theta): distinct 26, rank-1 27
wrote C:\Github\assemblies-runs-20260930b\research\results\runs\memory.regimes\regimes-20261002-r3\results.json
