..........F.Fx......FFF.x.....................x...................       [100%]
================================== FAILURES ===================================
_ TestErpCalibration.test_calibration_separates_category_violation_from_grammatical _
neural_assemblies\tests\test_erp_calibration.py:79: in test_calibration_separates_category_violation_from_grammatical
    assert catv["p600_excess_median"] > gram["p600_excess_median"]
E   assert 0.0 > 0.54475
________ TestErpCalibration.test_fast_calibration_preserves_separation ________
neural_assemblies\tests\test_erp_calibration.py:105: in test_fast_calibration_preserves_separation
    assert full.separation["p600_auc"] > CHANCE
E   assert 0.0 > 0.5
_ TestExcessIsClippedAtItsOwnNull.test_grammatical_excess_is_crushed_against_the_floor _
neural_assemblies\tests\test_erp_metric_range.py:90: in test_grammatical_excess_is_crushed_against_the_floor
    assert spread_gram <= spread_catv or min(gram) == 0.0, (
E   AssertionError: the clipping asymmetry has gone: grammatical excess [0.54435, 0.54415, 0.5457500000000001] (spread 0.00160) is no longer crushed relative to violation [0.0, 0.0009500000000000064, 0.0008500000000000174] (spread 0.00095). If the baseline is no longer the grammatical median, this defect is fixed and Cohen's d may finally be an effect size
E   assert (0.0016000000000000458 <= 0.0009500000000000064 or 0.54415 == 0.0)
E    +  where 0.54415 = min([0.54435, 0.54415, 0.5457500000000001])
_ TestRawQuantityIsSaturated.test_raw_p600_uses_a_reasonable_fraction_of_its_range _
[XPASS(strict)] KNOWN DEFECT, pinned deliberately: raw p600 uses ~0.7% of its range ([0.9879, 0.9953]) in every condition, grammatical included. P600 is 1 - normalized_energy, so the role area receives ~1% of its normalizing scale throughout. Not fixed by making the parse read-only -- both arms sit at ~0.99. See research/notes/erp_metric_is_clipped.md
_ TestRawQuantityIsSaturated.test_the_separation_itself_is_real_and_correctly_signed _
neural_assemblies\tests\test_erp_metric_range.py:138: in test_the_separation_itself_is_real_and_correctly_signed
    assert sep.auc > 0.5, (
E   AssertionError: violations do not score above grammatical: AUC 0.000 on gram [0.9901, 0.9899, 0.9915] vs catv [0.4449, 0.4467, 0.4466]. At or below 0.5 the separation itself has gone, which is a bigger problem than its scale
E   assert 0.0 > 0.5
E    +  where 0.0 = Separation(label='p600', auc=0.0, n_high=3, n_low=3, span=0.5466).auc
=========================== short test summary info ===========================
FAILED neural_assemblies/tests/test_erp_calibration.py::TestErpCalibration::test_calibration_separates_category_violation_from_grammatical
FAILED neural_assemblies/tests/test_erp_calibration.py::TestErpCalibration::test_fast_calibration_preserves_separation
FAILED neural_assemblies/tests/test_erp_metric_range.py::TestExcessIsClippedAtItsOwnNull::test_grammatical_excess_is_crushed_against_the_floor
FAILED neural_assemblies/tests/test_erp_metric_range.py::TestRawQuantityIsSaturated::test_raw_p600_uses_a_reasonable_fraction_of_its_range
FAILED neural_assemblies/tests/test_erp_metric_range.py::TestRawQuantityIsSaturated::test_the_separation_itself_is_real_and_correctly_signed
5 failed, 58 passed, 1388 deselected, 3 xfailed in 398.67s (0:06:38)
