(1000, 60, 0.5) refracted beta=0.055: distinct None .. None, rank-1 337.8496383326993
(1000, 60, 0.5) refracted beta=0.0654: distinct None .. 133.15927008924479, rank-1 252.38543376452108
(1000, 60, 0.5) refracted beta=0.0778: distinct None .. 114.9100314256666, rank-1 171.80784195624128
(1000, 60, 0.5) refracted beta=0.0925: distinct None .. 87.42482842130697, rank-1 121.84056395318123
(1000, 60, 0.5) refracted beta=0.11: distinct None .. 80.6576999419426, rank-1 95.19582181111366
(1000, 60, 0.5) control beta=0.0125: distinct None .. None, rank-1 2.168943548685578
(1000, 60, 0.5) control beta=0.025: distinct None .. None, rank-1 None
(1000, 60, 0.5) control beta=0.05: distinct None .. None, rank-1 9.71379639043018
(1000, 60, 0.5) control beta=0.1: distinct None .. 5.198068956646315, rank-1 5.46008993405293
(1000, 60, 0.5) control beta=0.2: distinct None .. 3.2648854174043915, rank-1 3.3974167094534953
(1000, 60, 0.5) control beta=0.4: distinct None .. None, rank-1 None
(2000, 60, 0.5) refracted beta=0.055: distinct None .. None, rank-1 1388.2701036104434
(2000, 60, 0.5) refracted beta=0.0654: distinct 21.79851124219198 .. 491.7390520698587, rank-1 None
(2000, 60, 0.5) refracted beta=0.0778: distinct None .. 420.75703268527553, rank-1 757.7239456775335
(2000, 60, 0.5) refracted beta=0.0925: distinct None .. 318.57414924523965, rank-1 None
(2000, 60, 0.5) refracted beta=0.11: distinct None .. 242.85952833239753, rank-1 377.94245935844623
(2000, 60, 0.5) control beta=0.0125: distinct None .. None, rank-1 None
(2000, 60, 0.5) control beta=0.025: distinct None .. None, rank-1 2.1483494480005074
(2000, 60, 0.5) control beta=0.05: distinct None .. None, rank-1 36.262563095535796
(2000, 60, 0.5) control beta=0.1: distinct None .. 15.74475219529165, rank-1 18.111599279803254
(2000, 60, 0.5) control beta=0.2: distinct None .. 6.271516896353509, rank-1 6.661676211117948
(2000, 60, 0.5) control beta=0.4: distinct None .. 3.31572282430628, rank-1 3.31572282430628
(4000, 60, 0.5) refracted beta=0.055: distinct None .. None, rank-1 5135.286624115391
(4000, 60, 0.5) refracted beta=0.0654: distinct 459.19361898796336 .. 1615.7733224146025, rank-1 None
(4000, 60, 0.5) refracted beta=0.0778: distinct None .. 1325.183246616834, rank-1 None
(4000, 60, 0.5) refracted beta=0.0925: distinct None .. 1164.0702708265633, rank-1 None
(4000, 60, 0.5) refracted beta=0.11: distinct None .. 866.8413204528878, rank-1 None
(4000, 60, 0.5) control beta=0.0125: distinct None .. None, rank-1 None
(4000, 60, 0.5) control beta=0.025: distinct None .. None, rank-1 None
(4000, 60, 0.5) control beta=0.05: distinct None .. None, rank-1 3.0000000654710766
(4000, 60, 0.5) control beta=0.1: distinct None .. 63.45678798655381, rank-1 68.12516173287906
(4000, 60, 0.5) control beta=0.2: distinct None .. 18.108495054676087, rank-1 18.908985098321526
(4000, 60, 0.5) control beta=0.4: distinct None .. 7.588257497668257, rank-1 7.588257497668257
(8000, 60, 0.5) refracted beta=0.055: distinct None .. None, rank-1 15429.480256246974
(8000, 60, 0.5) refracted beta=0.0654: distinct 2508.277496609973 .. 4359.642833740113, rank-1 None
(8000, 60, 0.5) refracted beta=0.0778: distinct 194.9819346834959 .. 4287.541973728092, rank-1 None
(8000, 60, 0.5) refracted beta=0.0925: distinct None .. 3446.646206810724, rank-1 None
(8000, 60, 0.5) refracted beta=0.11: distinct None .. 2891.6047793178354, rank-1 None
(8000, 60, 0.5) control beta=0.0125: distinct None .. None, rank-1 None
(8000, 60, 0.5) control beta=0.025: distinct None .. None, rank-1 2499.372123565355
(8000, 60, 0.5) control beta=0.05: distinct None .. None, rank-1 930.7406783656728
(8000, 60, 0.5) control beta=0.1: distinct None .. 311.5448133776919, rank-1 311.5448133776919
(8000, 60, 0.5) control beta=0.2: distinct None .. 72.14511614086246, rank-1 73.72078496909968
(8000, 60, 0.5) control beta=0.4: distinct None .. 24.892957326860294, rank-1 25.0563994205243
(2000, 120, 0.5) refracted beta=0.0384: distinct None .. None, rank-1 676.3803735512043
(2000, 120, 0.5) refracted beta=0.0457: distinct None .. 302.7917163633416, rank-1 483.79976976182877
(2000, 120, 0.5) refracted beta=0.0544: distinct None .. 220.9621164125981, rank-1 310.10439759710766
(2000, 120, 0.5) refracted beta=0.0647: distinct None .. 150.15983516654796, rank-1 180.56666132768305
(2000, 120, 0.5) refracted beta=0.0769: distinct None .. 108.33582255724794, rank-1 123.68487950734601
(2000, 120, 0.5) control beta=0.0125: distinct None .. None, rank-1 None
(2000, 120, 0.5) control beta=0.025: distinct None .. None, rank-1 2.495053021258497
(2000, 120, 0.5) control beta=0.05: distinct None .. 8.661280213320197, rank-1 9.890067629850323
(2000, 120, 0.5) control beta=0.1: distinct None .. 4.928451893181557, rank-1 5.191125349335396
(2000, 120, 0.5) control beta=0.2: distinct None .. 3.168977186832246, rank-1 3.289286126420975
(2000, 120, 0.5) control beta=0.4: distinct None .. 2.1322291695165063, rank-1 2.1322291695165063
(4000, 120, 0.5) refracted beta=0.0384: distinct None .. None, rank-1 3691.0214766128747
(4000, 120, 0.5) refracted beta=0.0457: distinct 202.7793719541992 .. 1207.5646803065838, rank-1 None
(4000, 120, 0.5) refracted beta=0.0544: distinct None .. 1202.6577642428963, rank-1 1830.2813516630983
(4000, 120, 0.5) refracted beta=0.0647: distinct None .. 869.6401979796291, rank-1 1236.6491706881832
(4000, 120, 0.5) refracted beta=0.0769: distinct None .. 562.8467627621936, rank-1 688.8189575581002
(4000, 120, 0.5) control beta=0.0125: distinct None .. None, rank-1 None
(4000, 120, 0.5) control beta=0.025: distinct None .. None, rank-1 2.258693889746303
(4000, 120, 0.5) control beta=0.05: distinct None .. 38.044786328501345, rank-1 40.83871279141712
(4000, 120, 0.5) control beta=0.1: distinct None .. 15.625391598033255, rank-1 17.007311059827384
(4000, 120, 0.5) control beta=0.2: distinct None .. 6.546534712209215, rank-1 7.016457898468999
(4000, 120, 0.5) control beta=0.4: distinct None .. 3.3019273118043615, rank-1 3.3019273118043615
(8000, 120, 0.5) refracted beta=0.0384: distinct None .. None, rank-1 None
(8000, 120, 0.5) refracted beta=0.0457: distinct 1504.7875957277718 .. 3093.898902673136, rank-1 None
(8000, 120, 0.5) refracted beta=0.0544: distinct 53.359194275859565 .. 4138.493438076019, rank-1 None
(8000, 120, 0.5) refracted beta=0.0647: distinct None .. 4077.629665917895, rank-1 None
(8000, 120, 0.5) refracted beta=0.0769: distinct None .. 3511.8200307890374, rank-1 4820.26658798023
(8000, 120, 0.5) control beta=0.0125: distinct None .. None, rank-1 None
(8000, 120, 0.5) control beta=0.025: distinct None .. None, rank-1 None
(8000, 120, 0.5) control beta=0.05: distinct None .. 157.77847128796256, rank-1 196.06837552422107
(8000, 120, 0.5) control beta=0.1: distinct None .. 76.35263177281634, rank-1 77.78187612917858
(8000, 120, 0.5) control beta=0.2: distinct None .. 21.812537840658756, rank-1 21.987235216604233
(8000, 120, 0.5) control beta=0.4: distinct None .. 10.518446348087014, rank-1 10.518446348087014
(4000, 120, 0.25) refracted beta=0.055: distinct None .. None, rank-1 2444.3080855358776
(4000, 120, 0.25) refracted beta=0.0654: distinct None .. None, rank-1 1820.2761945566704
(4000, 120, 0.25) refracted beta=0.0778: distinct None .. None, rank-1 1372.904769159316
(4000, 120, 0.25) refracted beta=0.0925: distinct None .. 442.3325711419439, rank-1 None
(4000, 120, 0.25) refracted beta=0.11: distinct None .. 404.76908129969087, rank-1 658.1861102598602
(4000, 120, 0.25) control beta=0.0125: distinct None .. None, rank-1 None
(4000, 120, 0.25) control beta=0.025: distinct None .. None, rank-1 None
(4000, 120, 0.25) control beta=0.05: distinct None .. None, rank-1 2.108620487174239
(4000, 120, 0.25) control beta=0.1: distinct None .. 18.876046323698585, rank-1 19.7597174986472
(4000, 120, 0.25) control beta=0.2: distinct None .. 6.893924192394731, rank-1 7.364592254301143
(4000, 120, 0.25) control beta=0.4: distinct None .. 2.8185795541636733, rank-1 2.8185795541636733
(8000, 240, 0.125) refracted beta=0.055: distinct None .. None, rank-1 951.5302150754476
(8000, 240, 0.125) refracted beta=0.0654: distinct None .. None, rank-1 1449.0932674480146
(8000, 240, 0.125) refracted beta=0.0778: distinct None .. None, rank-1 1555.3328138332793
(8000, 240, 0.125) refracted beta=0.0925: distinct None .. 409.8110859609738, rank-1 None
(8000, 240, 0.125) refracted beta=0.11: distinct None .. 502.31967259453955, rank-1 None
(8000, 240, 0.125) control beta=0.0125: distinct None .. None, rank-1 2.2133638494303374
(8000, 240, 0.125) control beta=0.025: distinct None .. None, rank-1 2.273200604711398
(8000, 240, 0.125) control beta=0.05: distinct None .. None, rank-1 2.411586745185427
(8000, 240, 0.125) control beta=0.1: distinct None .. 19.24295951288156, rank-1 20.61470006377793
(8000, 240, 0.125) control beta=0.2: distinct None .. 6.761979388152751, rank-1 7.083229133724316
(8000, 240, 0.125) control beta=0.4: distinct None .. 3.125860915127781, rank-1 3.125860915127781
(8000, 240, 0.25) refracted beta=0.0384: distinct None .. None, rank-1 1977.8158958144058
(8000, 240, 0.25) refracted beta=0.0457: distinct None .. None, rank-1 3228.876483119784
(8000, 240, 0.25) refracted beta=0.0544: distinct None .. None, rank-1 2504.2640482192733
(8000, 240, 0.25) refracted beta=0.0647: distinct None .. 1075.9483143965047, rank-1 None
(8000, 240, 0.25) refracted beta=0.0769: distinct None .. 1108.9385658758918, rank-1 1370.3382241041097
(8000, 240, 0.25) control beta=0.0125: distinct None .. None, rank-1 None
(8000, 240, 0.25) control beta=0.025: distinct None .. None, rank-1 2.108620487174239
(8000, 240, 0.25) control beta=0.05: distinct None .. None, rank-1 54.48424842515604
(8000, 240, 0.25) control beta=0.1: distinct None .. 19.340371684807454, rank-1 19.718327959226226
(8000, 240, 0.25) control beta=0.2: distinct None .. 6.363852560117545, rank-1 6.898070173082465
(8000, 240, 0.25) control beta=0.4: distinct None .. 3.103272696863065, rank-1 3.103272696863065
wrote C:\Github\assemblies-runs-20260930b\research\results\runs\memory.recall-law\recall-law-20261001\results.json
