(4000, 10, 0.5) beta=0.0015 (0.002 theta): rank-1 0, distinct 0
(4000, 10, 0.5) beta=0.00212 (0.002 theta): rank-1 0, distinct 0
(4000, 10, 0.5) beta=0.003 (0.003 theta): rank-1 0, distinct 0
(4000, 10, 0.5) beta=0.00424 (0.005 theta): rank-1 0, distinct 0
(4000, 10, 0.5) beta=0.006 (0.007 theta): rank-1 0, distinct 0
(4000, 10, 0.5) beta=0.00849 (0.009 theta): rank-1 0, distinct 0
(4000, 10, 0.5) beta=0.012 (0.013 theta): rank-1 0, distinct 0
(4000, 10, 0.5) beta=0.01697 (0.019 theta): rank-1 0, distinct 0
(4000, 10, 0.5) beta=0.024 (0.026 theta): rank-1 0, distinct 0
(4000, 10, 0.5) beta=0.03394 (0.037 theta): rank-1 81290, distinct 0
(4000, 10, 0.5) beta=0.048 (0.053 theta): rank-1 52621, distinct 0
(4000, 10, 0.5) beta=0.06788 (0.075 theta): rank-1 29475, distinct 0
(4000, 10, 0.5) beta=0.096 (0.105 theta): rank-1 15111, distinct 0
(4000, 10, 0.5) beta=0.13576 (0.149 theta): rank-1 7843, distinct 0
(4000, 10, 0.5) beta=0.192 (0.211 theta): rank-1 3676, distinct 1350
(4000, 10, 0.5) beta=0.27153 (0.298 theta): rank-1 1871, distinct 1138
(4000, 20, 0.5) beta=0.0015 (0.002 theta): rank-1 0, distinct 0
(4000, 20, 0.5) beta=0.00212 (0.003 theta): rank-1 0, distinct 0
(4000, 20, 0.5) beta=0.003 (0.005 theta): rank-1 0, distinct 0
(4000, 20, 0.5) beta=0.00424 (0.007 theta): rank-1 0, distinct 0
(4000, 20, 0.5) beta=0.006 (0.009 theta): rank-1 0, distinct 0
(4000, 20, 0.5) beta=0.00849 (0.013 theta): rank-1 0, distinct 0
(4000, 20, 0.5) beta=0.012 (0.019 theta): rank-1 0, distinct 0
(4000, 20, 0.5) beta=0.01697 (0.026 theta): rank-1 109640, distinct 0
(4000, 20, 0.5) beta=0.024 (0.037 theta): rank-1 60896, distinct 0
(4000, 20, 0.5) beta=0.03394 (0.053 theta): rank-1 40765, distinct 0
(4000, 20, 0.5) beta=0.048 (0.075 theta): rank-1 22643, distinct 0
(4000, 20, 0.5) beta=0.06788 (0.105 theta): rank-1 13555, distinct 0
(4000, 20, 0.5) beta=0.096 (0.149 theta): rank-1 8229, distinct 0
(4000, 20, 0.5) beta=0.13576 (0.211 theta): rank-1 4325, distinct 1292
(4000, 20, 0.5) beta=0.192 (0.298 theta): rank-1 2158, distinct 916
(4000, 40, 0.5) beta=0.0015 (0.003 theta): rank-1 0, distinct 0
(4000, 40, 0.5) beta=0.00212 (0.005 theta): rank-1 0, distinct 0
(4000, 40, 0.5) beta=0.003 (0.007 theta): rank-1 0, distinct 0
(4000, 40, 0.5) beta=0.00424 (0.009 theta): rank-1 0, distinct 0
(4000, 40, 0.5) beta=0.006 (0.013 theta): rank-1 0, distinct 0
(4000, 40, 0.5) beta=0.00849 (0.019 theta): rank-1 0, distinct 0
(4000, 40, 0.5) beta=0.012 (0.026 theta): rank-1 51316, distinct 0
(4000, 40, 0.5) beta=0.01697 (0.037 theta): rank-1 39160, distinct 0
(4000, 40, 0.5) beta=0.024 (0.053 theta): rank-1 25711, distinct 0
(4000, 40, 0.5) beta=0.03394 (0.075 theta): rank-1 16131, distinct 0
(4000, 40, 0.5) beta=0.048 (0.105 theta): rank-1 10294, distinct 0
(4000, 40, 0.5) beta=0.06788 (0.149 theta): rank-1 5937, distinct 0
(4000, 40, 0.5) beta=0.096 (0.211 theta): rank-1 3870, distinct 1339
(4000, 40, 0.5) beta=0.13576 (0.298 theta): rank-1 1903, distinct 881
(4000, 80, 0.5) beta=0.0015 (0.005 theta): rank-1 0, distinct 0
(4000, 80, 0.5) beta=0.00212 (0.007 theta): rank-1 0, distinct 0
(4000, 80, 0.5) beta=0.003 (0.009 theta): rank-1 0, distinct 0
(4000, 80, 0.5) beta=0.00424 (0.013 theta): rank-1 0, distinct 0
(4000, 80, 0.5) beta=0.006 (0.019 theta): rank-1 27917, distinct 0
(4000, 80, 0.5) beta=0.00849 (0.026 theta): rank-1 18974, distinct 0
(4000, 80, 0.5) beta=0.012 (0.037 theta): rank-1 14282, distinct 0
(4000, 80, 0.5) beta=0.01697 (0.053 theta): rank-1 10535, distinct 0
(4000, 80, 0.5) beta=0.024 (0.075 theta): rank-1 10352, distinct 0
(4000, 80, 0.5) beta=0.03394 (0.105 theta): rank-1 7242, distinct 0
(4000, 80, 0.5) beta=0.048 (0.149 theta): rank-1 4753, distinct 0
(4000, 80, 0.5) beta=0.06788 (0.211 theta): rank-1 2564, distinct 1299
(4000, 80, 0.5) beta=0.096 (0.298 theta): rank-1 1208, distinct 780
(4000, 160, 0.5) beta=0.0015 (0.007 theta): rank-1 0, distinct 0
(4000, 160, 0.5) beta=0.00212 (0.009 theta): rank-1 0, distinct 0
(4000, 160, 0.5) beta=0.003 (0.013 theta): rank-1 12521, distinct 0
(4000, 160, 0.5) beta=0.00424 (0.019 theta): rank-1 8519, distinct 0
(4000, 160, 0.5) beta=0.006 (0.026 theta): rank-1 6553, distinct 0
(4000, 160, 0.5) beta=0.00849 (0.037 theta): rank-1 5145, distinct 0
(4000, 160, 0.5) beta=0.012 (0.053 theta): rank-1 4533, distinct 0
(4000, 160, 0.5) beta=0.01697 (0.075 theta): rank-1 3432, distinct 0
(4000, 160, 0.5) beta=0.024 (0.105 theta): rank-1 2508, distinct 0
(4000, 160, 0.5) beta=0.03394 (0.149 theta): rank-1 2509, distinct 0
(4000, 160, 0.5) beta=0.048 (0.211 theta): rank-1 1105, distinct 837
(4000, 160, 0.5) beta=0.06788 (0.298 theta): rank-1 391, distinct 323
(2000, 40, 0.5) beta=0.0015 (0.003 theta): rank-1 0, distinct 0
(2000, 40, 0.5) beta=0.00212 (0.005 theta): rank-1 0, distinct 0
(2000, 40, 0.5) beta=0.003 (0.007 theta): rank-1 0, distinct 0
(2000, 40, 0.5) beta=0.00424 (0.010 theta): rank-1 39578, distinct 0
(2000, 40, 0.5) beta=0.006 (0.014 theta): rank-1 27962, distinct 0
(2000, 40, 0.5) beta=0.00849 (0.019 theta): rank-1 19624, distinct 0
(2000, 40, 0.5) beta=0.012 (0.028 theta): rank-1 14137, distinct 0
(2000, 40, 0.5) beta=0.01697 (0.039 theta): rank-1 10117, distinct 0
(2000, 40, 0.5) beta=0.024 (0.055 theta): rank-1 7303, distinct 0
(2000, 40, 0.5) beta=0.03394 (0.078 theta): rank-1 4997, distinct 0
(2000, 40, 0.5) beta=0.048 (0.110 theta): rank-1 2860, distinct 0
(2000, 40, 0.5) beta=0.06788 (0.156 theta): rank-1 1873, distinct 0
(2000, 40, 0.5) beta=0.096 (0.220 theta): rank-1 1106, distinct 458
(8000, 40, 0.5) beta=0.0015 (0.003 theta): rank-1 0, distinct 0
(8000, 40, 0.5) beta=0.00212 (0.004 theta): rank-1 0, distinct 0
(8000, 40, 0.5) beta=0.003 (0.006 theta): rank-1 0, distinct 0
(8000, 40, 0.5) beta=0.00424 (0.009 theta): rank-1 0, distinct 0
(8000, 40, 0.5) beta=0.006 (0.013 theta): rank-1 0, distinct 0
(8000, 40, 0.5) beta=0.00849 (0.018 theta): rank-1 0, distinct 0
(8000, 40, 0.5) beta=0.012 (0.025 theta): rank-1 0, distinct 0
(8000, 40, 0.5) beta=0.01697 (0.036 theta): rank-1 0, distinct 0
(8000, 40, 0.5) beta=0.024 (0.051 theta): rank-1 83381, distinct 0
(8000, 40, 0.5) beta=0.03394 (0.072 theta): rank-1 56715, distinct 0
(8000, 40, 0.5) beta=0.048 (0.101 theta): rank-1 31867, distinct 0
(8000, 40, 0.5) beta=0.06788 (0.143 theta): rank-1 19230, distinct 0
(8000, 40, 0.5) beta=0.096 (0.203 theta): rank-1 11128, distinct 4133
(8000, 40, 0.5) beta=0.13576 (0.286 theta): rank-1 6399, distinct 2552
wrote C:\Github\assemblies-runs-20260930b\research\results\runs\memory.recognition\recognition-20261003-a23\results.json
