(4000, 10, 0.5) beta=0.0015 (0.002 theta): rank-1 2, distinct 0
(4000, 10, 0.5) beta=0.00212 (0.002 theta): rank-1 2, distinct 0
(4000, 10, 0.5) beta=0.003 (0.003 theta): rank-1 2, distinct 0
(4000, 10, 0.5) beta=0.00424 (0.005 theta): rank-1 0, distinct 0
(4000, 10, 0.5) beta=0.006 (0.007 theta): rank-1 2, distinct 0
(4000, 10, 0.5) beta=0.00849 (0.009 theta): rank-1 2, distinct 0
(4000, 10, 0.5) beta=0.012 (0.013 theta): rank-1 0, distinct 0
(4000, 10, 0.5) beta=0.01697 (0.019 theta): rank-1 0, distinct 0
(4000, 10, 0.5) beta=0.024 (0.026 theta): rank-1 0, distinct 0
(4000, 10, 0.5) beta=0.03394 (0.037 theta): rank-1 81366, distinct 0
(4000, 10, 0.5) beta=0.048 (0.053 theta): rank-1 53387, distinct 0
(4000, 10, 0.5) beta=0.06788 (0.075 theta): rank-1 29720, distinct 0
(4000, 10, 0.5) beta=0.096 (0.105 theta): rank-1 14886, distinct 0
(4000, 10, 0.5) beta=0.13576 (0.149 theta): rank-1 3, distinct 0
(4000, 10, 0.5) beta=0.192 (0.211 theta): rank-1 3656, distinct 1289
(4000, 10, 0.5) beta=0.27153 (0.298 theta): rank-1 1987, distinct 1098
(4000, 20, 0.5) beta=0.0015 (0.002 theta): rank-1 2, distinct 0
(4000, 20, 0.5) beta=0.00212 (0.003 theta): rank-1 2, distinct 0
(4000, 20, 0.5) beta=0.003 (0.005 theta): rank-1 2, distinct 0
(4000, 20, 0.5) beta=0.00424 (0.007 theta): rank-1 2, distinct 0
(4000, 20, 0.5) beta=0.006 (0.009 theta): rank-1 2, distinct 0
(4000, 20, 0.5) beta=0.00849 (0.013 theta): rank-1 0, distinct 0
(4000, 20, 0.5) beta=0.012 (0.019 theta): rank-1 0, distinct 0
(4000, 20, 0.5) beta=0.01697 (0.026 theta): rank-1 109253, distinct 0
(4000, 20, 0.5) beta=0.024 (0.037 theta): rank-1 2, distinct 0
(4000, 20, 0.5) beta=0.03394 (0.053 theta): rank-1 2, distinct 0
(4000, 20, 0.5) beta=0.048 (0.075 theta): rank-1 2, distinct 0
(4000, 20, 0.5) beta=0.06788 (0.105 theta): rank-1 13515, distinct 0
(4000, 20, 0.5) beta=0.096 (0.149 theta): rank-1 7982, distinct 0
(4000, 20, 0.5) beta=0.13576 (0.211 theta): rank-1 4555, distinct 1341
(4000, 20, 0.5) beta=0.192 (0.298 theta): rank-1 2318, distinct 920
(4000, 40, 0.5) beta=0.0015 (0.003 theta): rank-1 2, distinct 0
(4000, 40, 0.5) beta=0.00212 (0.005 theta): rank-1 0, distinct 0
(4000, 40, 0.5) beta=0.003 (0.007 theta): rank-1 0, distinct 0
(4000, 40, 0.5) beta=0.00424 (0.009 theta): rank-1 0, distinct 0
(4000, 40, 0.5) beta=0.006 (0.013 theta): rank-1 3, distinct 0
(4000, 40, 0.5) beta=0.00849 (0.019 theta): rank-1 2, distinct 0
(4000, 40, 0.5) beta=0.012 (0.026 theta): rank-1 50511, distinct 0
(4000, 40, 0.5) beta=0.01697 (0.037 theta): rank-1 39703, distinct 0
(4000, 40, 0.5) beta=0.024 (0.053 theta): rank-1 2, distinct 0
(4000, 40, 0.5) beta=0.03394 (0.075 theta): rank-1 15744, distinct 0
(4000, 40, 0.5) beta=0.048 (0.105 theta): rank-1 10258, distinct 0
(4000, 40, 0.5) beta=0.06788 (0.149 theta): rank-1 2, distinct 0
(4000, 40, 0.5) beta=0.096 (0.211 theta): rank-1 3808, distinct 1328
(4000, 40, 0.5) beta=0.13576 (0.298 theta): rank-1 1869, distinct 892
