'vswhere.exe' is not recognized as an internal or external command,
operable program or batch file.
  REFRACTED strength=0.1 readout=masked
k=60 p=0.5 T=8 beta=0.1 w_max=20.0 brains=16
  n=  4000 k= 100 kp=50.0 vs floor 3ln n=24.9  IN REGIME   k*k/n=2.50
    B n= 4000 M=   8  rank1 0.141 pw/chance   0.39  distinct 1.000  fill 0.989  gated 0.141
    B n= 4000 M=  12  rank1 0.120 pw/chance   0.63  distinct 1.000  fill 1.000  gated 0.120
    B n= 4000 M=  16  rank1 0.066 pw/chance   0.95  distinct 1.000  fill 1.000  gated 0.066
    B n= 4000 M=  20  rank1 0.050 pw/chance   2.19  distinct 1.000  fill 1.000  gated 0.050
    B n= 4000 M=  24  rank1 0.042 pw/chance   3.32  distinct 1.000  fill 1.000  gated 0.000
    B n= 4000 M=  28  rank1 0.036 pw/chance   6.87  distinct 0.993  fill 1.000  gated 0.000
    B n= 4000 M=  32  rank1 0.031 pw/chance   8.81  distinct 0.912  fill 1.000  gated 0.000
    B n= 4000 M=  40  rank1 0.031 pw/chance  13.30  distinct 0.730  fill 1.000  gated 0.000
    B n= 4000 M=  48  rank1 0.029 pw/chance  16.45  distinct 0.608  fill 1.000  gated 0.000
    B n= 4000 M=  64  rank1 0.006 pw/chance  22.22  distinct 0.456  fill 1.000  gated 0.000
    B n= 4000 M=  80  rank1 0.031 pw/chance  25.95  distinct 0.365  fill 1.000  gated 0.000
    B n= 4000 M=  96  rank1 0.021 pw/chance  26.56  distinct 0.304  fill 1.000  gated 0.000
    B n= 4000 k= 100  CEILING M* = 8.0  bracket [8, 8)  interior 2  fill@M* 0.989  M*k/n 0.200  CENSORED

  elapsed 9.1s

--- CAP2: fit log M* = a + b log n over UNCENSORED n ---
    B: only 0 uncensored supported n -- NOT ANSWERED at this k, p. No line is fitted.
  wrote F:\Github\assemblies\research\experiments\capacity_scaling_results.json
