[R2 OFF seed=46] num bal=0.55 (PL=0.1) | tense bal=0.6060869565217392 | roles 4/4
[done (2, 'OFF', 46)]
[R2 OFF seed=49] num bal=0.5 (PL=0.1) | tense bal=0.7043478260869566 | roles 4/4
[done (2, 'OFF', 49)]
[R2 OFF seed=43] num bal=0.5 (PL=0.0) | tense bal=0.7295652173913043 | roles 4/4
[R2 OFF seed=48] num bal=0.65 (PL=0.3) | tense bal=0.6443478260869566 | roles 4/4
[done (2, 'OFF', 43)]
[done (2, 'OFF', 48)]
[R2 OFF seed=47] num bal=0.5 (PL=0.0) | tense bal=0.691304347826087 | roles 4/4
[done (2, 'OFF', 47)]
[R2 OFF seed=51] num bal=0.55 (PL=0.1) | tense bal=0.7060869565217391 | roles 4/4
[done (2, 'OFF', 51)]
[R2 OFF seed=50] num bal=0.5 (PL=0.0) | tense bal=0.751304347826087 | roles 4/4
[R2 OFF seed=44] num bal=0.65 (PL=0.3) | tense bal=0.5878260869565217 | roles 4/4
[done (2, 'OFF', 50)]
[done (2, 'OFF', 44)]
[R2 OFF seed=45] num bal=0.55 (PL=0.1) | tense bal=0.7295652173913043 | roles 4/4
[done (2, 'OFF', 45)]
[R2 SCALED seed=42] num bal=0.5 (PL=0.3) | tense bal=0.6860869565217391 | roles 4/4
[done (2, 'SCALED', 42)]
[R2 OFF seed=42] num bal=0.55 (PL=0.1) | tense bal=0.6895652173913043 | roles 4/4
[done (2, 'OFF', 42)]
[R2 SCALED seed=43] num bal=0.55 (PL=0.4) | tense bal=0.6191304347826088 | roles 4/4
[done (2, 'SCALED', 43)]
[R2 SCALED seed=44] num bal=0.8500000000000001 (PL=0.8) | tense bal=0.6878260869565218 | roles 4/4
[done (2, 'SCALED', 44)]
[R2 SCALED seed=45] num bal=0.7 (PL=0.6) | tense bal=0.7460869565217392 | roles 4/4
[done (2, 'SCALED', 45)]
[R2 SCALED seed=46] num bal=0.7 (PL=0.7) | tense bal=0.5808695652173913 | roles 4/4
[done (2, 'SCALED', 46)]
[R2 SCALED seed=49] num bal=0.4 (PL=0.2) | tense bal=0.6860869565217391 | roles 4/4
[R2 SCALED seed=48] num bal=0.65 (PL=0.5) | tense bal=0.6895652173913043 | roles 4/4
[R2 SCALED seed=50] num bal=0.44999999999999996 (PL=0.3) | tense bal=0.6478260869565218 | roles 4/4
[done (2, 'SCALED', 49)]
[done (2, 'SCALED', 48)]
[done (2, 'SCALED', 50)]
[R2 SCALED seed=47] num bal=0.6000000000000001 (PL=0.4) | tense bal=0.751304347826087 | roles 4/4
[done (2, 'SCALED', 47)]
[R2 SCALED seed=51] num bal=0.7 (PL=0.5) | tense bal=0.671304347826087 | roles 4/4
[done (2, 'SCALED', 51)]
[R4 OFF seed=44] num bal=0.6 (PL=0.2) | tense bal=0.6278260869565218 | roles 4/4
[done (4, 'OFF', 44)]
[R4 OFF seed=43] num bal=0.5 (PL=0.0) | tense bal=0.7095652173913043 | roles 4/4
[done (4, 'OFF', 43)]
[R4 OFF seed=42] num bal=0.6 (PL=0.3) | tense bal=0.8078260869565217 | roles 4/4
[done (4, 'OFF', 42)]
[R4 OFF seed=45] num bal=0.65 (PL=0.4) | tense bal=0.7895652173913044 | roles 4/4
[done (4, 'OFF', 45)]
[R4 OFF seed=46] num bal=0.6 (PL=0.2) | tense bal=0.7095652173913043 | roles 4/4
[done (4, 'OFF', 46)]
[R4 OFF seed=47] num bal=0.5 (PL=0.0) | tense bal=0.7530434782608696 | roles 4/4
[done (4, 'OFF', 47)]
[R4 OFF seed=48] num bal=0.7 (PL=0.4) | tense bal=0.6643478260869565 | roles 4/4
[done (4, 'OFF', 48)]
[R4 OFF seed=49] num bal=0.5 (PL=0.2) | tense bal=0.7260869565217392 | roles 4/4
[done (4, 'OFF', 49)]
[R4 OFF seed=50] num bal=0.6 (PL=0.2) | tense bal=0.7130434782608696 | roles 4/4
[done (4, 'OFF', 50)]
[R4 OFF seed=51] num bal=0.6 (PL=0.2) | tense bal=0.7443478260869565 | roles 4/4
[done (4, 'OFF', 51)]
[R4 SCALED seed=43] num bal=0.39999999999999997 (PL=0.1) | tense bal=0.6426086956521739 | roles 4/4
[R4 SCALED seed=44] num bal=0.8 (PL=0.8) | tense bal=0.6008695652173913 | roles 4/4
[done (4, 'SCALED', 43)]
[done (4, 'SCALED', 44)]
[R4 SCALED seed=42] num bal=0.44999999999999996 (PL=0.2) | tense bal=0.682608695652174 | roles 4/4
[done (4, 'SCALED', 42)]
[R4 SCALED seed=47] num bal=0.5 (PL=0.3) | tense bal=0.7530434782608696 | roles 4/4
[done (4, 'SCALED', 47)]
[R4 SCALED seed=45] num bal=0.75 (PL=0.6) | tense bal=0.6860869565217391 | roles 4/4
[done (4, 'SCALED', 45)]
[R4 SCALED seed=46] num bal=0.9 (PL=0.8) | tense bal=0.6660869565217391 | roles 4/4
[done (4, 'SCALED', 46)]
[R4 SCALED seed=48] num bal=0.6499999999999999 (PL=0.6) | tense bal=0.6460869565217391 | roles 4/4
[done (4, 'SCALED', 48)]
[R4 SCALED seed=50] num bal=0.6 (PL=0.5) | tense bal=0.6860869565217391 | roles 4/4
[done (4, 'SCALED', 50)]
[R4 SCALED seed=49] num bal=0.5 (PL=0.2) | tense bal=0.6391304347826088 | roles 4/4
[done (4, 'SCALED', 49)]
[R4 SCALED seed=51] num bal=0.75 (PL=0.7) | tense bal=0.7278260869565217 | roles 4/4
[done (4, 'SCALED', 51)]

=== registered bars (vs measured R=1 references) ===
OFF: R1 0.5300+/-0.0384 (ref)  ->  R2 0.5500+/-0.0413  ->  R4 0.5850+/-0.0478
  tense R2: 0.6840+/-0.0389 (R1 ref 0.6778, P3 guards degradation only)
  tense R4: 0.7245+/-0.0384 (R1 ref 0.6778, P3 guards degradation only)
SCALED: R1 0.6500+/-0.0584 (ref)  ->  R2 0.6100+/-0.0980  ->  R4 0.6300+/-0.1195
  tense R2: 0.6766+/-0.0371 (R1 ref 0.6415, P3 guards degradation only)
  tense R4: 0.6730+/-0.0319 (R1 ref 0.6415, P3 guards degradation only)
