tail_rounds=1 (train_roles' own protocol)  seeds=[11, 12, 42]

########## ROLE_PATIENT ##########
 seed arm        overall   rebound   untouched   spread   margin
----------------------------------------------------------------
   11 baseline     0.333         -           -   0.1582   1.2860
   11 guided       0.333     0.208       0.583   0.1695   1.1940
   11 random       0.389     0.417       0.333   0.1733   1.2006

   12 baseline     0.417         -           -   0.1692   1.1541
   12 guided       0.222     0.143       0.333   0.1838   1.1178
   12 random       0.278     0.381       0.133   0.1806   1.1350

   42 baseline     0.417         -           -   0.1690   1.1342
   42 guided       0.389     0.286       0.533   0.1792   1.1093
   42 random       0.361     0.429       0.267   0.1857   1.1205

########## ROLE_AGENT ##########
 seed arm        overall   rebound   untouched   spread   margin
----------------------------------------------------------------
   11 baseline     0.326         -           -   0.1286   1.2398
   11 guided       0.391     0.194       0.800   0.2133   1.1944
   11 random       0.391     0.452       0.267   0.1882   1.2532

   12 baseline     0.348         -           -   0.1643   1.7106
   12 guided       0.348     0.167       0.688   0.2532   1.6070
   12 random       0.370     0.333       0.438   0.2229   1.6023

   42 baseline     0.391         -           -   0.1261   1.3167
   42 guided       0.326     0.179       0.556   0.2050   1.2174
   42 random       0.326     0.357       0.278   0.2084   1.2444

==============================================================
MEANS ACROSS SEEDS
  ROLE_PATIENT   guided   overall=0.315 rebound=0.212 untouched=0.483 spread=0.1775 margin=1.1404
  ROLE_PATIENT   random   overall=0.343 rebound=0.409 untouched=0.244 spread=0.1799 margin=1.1520
  ROLE_AGENT     guided   overall=0.355 rebound=0.180 untouched=0.681 spread=0.2238 margin=1.3396
  ROLE_AGENT     random   overall=0.362 rebound=0.381 untouched=0.327 spread=0.2065 margin=1.3666

READ THE UNTOUCHED COLUMN FIRST. If it falls by about what `rebound`
gains, the area is at capacity and this is redistribution, not
learning -- and `overall` will look like progress anyway. Then read
guided vs random: only that difference is attributable to the error
signal, because both arms share the re-snapshot recency bias.
