n=3000 G1 seed=42 parse=1.000 (A 1.00/P 1.00) ret=1 (n=72)
n=3000 G1 seed=43 parse=1.000 (A 1.00/P 1.00) ret=0.986 (n=72)
n=3000 G1 seed=44 parse=1.000 (A 1.00/P 1.00) ret=1 (n=72)
n=3000 G1 seed=45 parse=1.000 (A 1.00/P 1.00) ret=1 (n=72)
n=3000 G1 seed=46 parse=1.000 (A 1.00/P 1.00) ret=0.986 (n=72)
n=3000 G1 seed=47 parse=1.000 (A 1.00/P 1.00) ret=0.972 (n=72)
n=3000 G1 seed=48 parse=1.000 (A 1.00/P 1.00) ret=1 (n=72)
n=3000 G1 seed=49 parse=1.000 (A 1.00/P 1.00) ret=0.986 (n=72)
n=3000 G1 seed=50 parse=1.000 (A 1.00/P 1.00) ret=0.986 (n=72)
n=3000 G1 seed=51 parse=1.000 (A 1.00/P 1.00) ret=0.986 (n=72)
n=3000 G4 seed=42 parse=1.000 (A 1.00/P 1.00) ret=0.931 (n=72)
n=3000 G4 seed=43 parse=1.000 (A 1.00/P 1.00) ret=0.944 (n=72)
n=3000 G4 seed=44 parse=1.000 (A 1.00/P 1.00) ret=0.931 (n=72)
n=3000 G4 seed=45 parse=1.000 (A 1.00/P 1.00) ret=0.931 (n=72)
n=3000 G4 seed=46 parse=1.000 (A 1.00/P 1.00) ret=0.903 (n=72)
n=3000 G4 seed=47 parse=1.000 (A 1.00/P 1.00) ret=0.931 (n=72)
n=3000 G4 seed=48 parse=1.000 (A 1.00/P 1.00) ret=0.958 (n=72)
n=3000 G4 seed=49 parse=1.000 (A 1.00/P 1.00) ret=0.944 (n=72)
n=3000 G4 seed=50 parse=1.000 (A 1.00/P 1.00) ret=0.917 (n=72)
n=3000 G4 seed=51 parse=1.000 (A 1.00/P 1.00) ret=0.944 (n=72)
n=100000 G1 seed=42 parse=1.000 (A 1.00/P 1.00) ret=1 (n=72)
n=100000 G1 seed=43 parse=1.000 (A 1.00/P 1.00) ret=1 (n=72)
n=100000 G1 seed=44 parse=1.000 (A 1.00/P 1.00) ret=1 (n=72)
n=100000 G1 seed=45 parse=1.000 (A 1.00/P 1.00) ret=1 (n=72)
n=100000 G1 seed=46 parse=1.000 (A 1.00/P 1.00) ret=1 (n=72)
n=100000 G4 seed=42 parse=1.000 (A 1.00/P 1.00) ret=1 (n=72)
n=100000 G4 seed=43 parse=1.000 (A 1.00/P 1.00) ret=1 (n=72)
n=100000 G4 seed=44 parse=1.000 (A 1.00/P 1.00) ret=1 (n=72)
n=100000 G4 seed=45 parse=1.000 (A 1.00/P 1.00) ret=1 (n=72)
n=100000 G4 seed=46 parse=1.000 (A 1.00/P 1.00) ret=0.972 (n=72)
{
  "n3000_G1_parse": {
    "mean": 1,
    "ci": 0.0,
    "n": 10
  },
  "n3000_G1_ret": {
    "mean": 0.9902777777777778,
    "ci": 0.006705493993089392,
    "n": 10
  },
  "n3000_G1_gap": {
    "mean": 0.97875,
    "ci": 0.008246500983582209,
    "n": 10
  },
  "n3000_G4_parse": {
    "mean": 1,
    "ci": 0.0,
    "n": 10
  },
  "n3000_G4_ret": {
    "mean": 0.9333333333333333,
    "ci": 0.011278928512720601,
    "n": 10
  },
  "n3000_G4_gap": {
    "mean": 0.8945833333333333,
    "ci": 0.03304131324947602,
    "n": 10
  },
  "n100000_G1_parse": {
    "mean": 1,
    "ci": 0.0,
    "n": 5
  },
  "n100000_G1_ret": {
    "mean": 1,
    "ci": 0.0,
    "n": 5
  },
  "n100000_G1_gap": {
    "mean": 0.9941666666666666,
    "ci": 0.005897865904055633,
    "n": 5
  },
  "n100000_G4_parse": {
    "mean": 1,
    "ci": 0.0,
    "n": 5
  },
  "n100000_G4_ret": {
    "mean": 0.9944444444444445,
    "ci": 0.015422222222222226,
    "n": 5
  },
  "n100000_G4_gap": {
    "mean": 0.9875,
    "ci": 0.008178868435724414,
    "n": 5
  },
  "interaction_ret_delta_n3000": {
    "mean": -0.056944444444444464,
    "ci": 0.011894158035370568,
    "n": 10
  },
  "interaction_ret_delta_n100000": {
    "mean": -0.005555555555555558,
    "ci": 0.015422222222222226,
    "n": 5
  }
}
-> F:\Github\assemblies-run-e2\research\experiments\role_recipe_2x2_results.json
