A1: mod-3 FSM through our Brain. n_arc=5000 n_state=500 k=70 p=0.2 beta=0.1 presentations=15
    kp per fiber = 14, both conjuncts = 28, floor 3 ln n = 25.6

  [main] refraction on, drive-proportional
    seed  1: pos=2      neg=reject       .  arc across-state 0.000 across-symbol 0.000  (2.9s)
    seed  2: pos=0      neg=0            .  arc across-state 0.000 across-symbol 0.000  (1.4s)
    seed  3: pos=0      neg=reject       .  arc across-state 0.000 across-symbol 0.000  (1.3s)
    seed  4: pos=accept neg=reject DECIDED  arc across-state 0.000 across-symbol 0.000  (1.3s)
    seed  5: pos=reject neg=reject       .  arc across-state 0.000 across-symbol 0.000  (1.6s)
    seed  6: pos=accept neg=reject DECIDED  arc across-state 0.000 across-symbol 0.000  (1.4s)
    seed  7: pos=1      neg=reject       .  arc across-state 0.000 across-symbol 0.000  (1.4s)
    seed  8: pos=accept neg=reject DECIDED  arc across-state 0.000 across-symbol 0.000  (1.5s)
    seed  9: pos=accept neg=reject DECIDED  arc across-state 0.000 across-symbol 0.000  (1.3s)
    seed 10: pos=accept neg=reject DECIDED  arc across-state 0.000 across-symbol 0.000  (1.3s)

  [null] refraction OFF -- must FAIL, or the result is void
    seed  1: pos=1      neg=1            .  arc across-state 0.871 across-symbol 1.000  (0.7s)
    seed  2: pos=0      neg=0            .  arc across-state 0.919 across-symbol 1.000  (0.7s)
    seed  3: pos=2      neg=0            .  arc across-state 0.848 across-symbol 1.000  (0.8s)
    seed  4: pos=2      neg=2            .  arc across-state 0.840 across-symbol 0.995  (0.6s)
    seed  5: pos=1      neg=1            .  arc across-state 0.895 across-symbol 1.000  (0.5s)
    seed  6: pos=1      neg=1            .  arc across-state 0.857 across-symbol 1.000  (0.6s)
    seed  7: pos=1      neg=1            .  arc across-state 0.892 across-symbol 0.997  (0.6s)
    seed  8: pos=2      neg=2            .  arc across-state 0.924 across-symbol 1.000  (0.6s)
    seed  9: pos=1      neg=1            .  arc across-state 0.895 across-symbol 1.000  (0.6s)
    seed 10: pos=1      neg=1            .  arc across-state 0.910 across-symbol 1.000  (0.6s)

  [degen] zero presentations
    seed  1: pos=0      neg=0            .  arc across-state 1.000 across-symbol 1.000  (0.0s)
    seed  2: pos=0      neg=0            .  arc across-state 1.000 across-symbol 1.000  (0.0s)
    seed  3: pos=0      neg=0            .  arc across-state 1.000 across-symbol 1.000  (0.0s)
    seed  4: pos=0      neg=0            .  arc across-state 1.000 across-symbol 1.000  (0.0s)
    seed  5: pos=0      neg=0            .  arc across-state 1.000 across-symbol 1.000  (0.0s)
    seed  6: pos=0      neg=0            .  arc across-state 1.000 across-symbol 1.000  (0.0s)
    seed  7: pos=0      neg=0            .  arc across-state 1.000 across-symbol 1.000  (0.0s)
    seed  8: pos=0      neg=0            .  arc across-state 1.000 across-symbol 1.000  (0.0s)
    seed  9: pos=0      neg=0            .  arc across-state 1.000 across-symbol 1.000  (0.0s)
    seed 10: pos=0      neg=0            .  arc across-state 1.000 across-symbol 1.000  (0.0s)

  [degen] beta = 0
    seed  1: pos=2      neg=0            .  arc across-state 0.164 across-symbol 0.048  (1.1s)
    seed  2: pos=1      neg=accept       .  arc across-state 0.172 across-symbol 0.058  (1.3s)
    seed  3: pos=0      neg=1            .  arc across-state 0.169 across-symbol 0.058  (1.2s)
    seed  4: pos=0      neg=reject       .  arc across-state 0.172 across-symbol 0.052  (1.2s)
    seed  5: pos=accept neg=reject DECIDED  arc across-state 0.178 across-symbol 0.050  (1.2s)
    seed  6: pos=reject neg=1            .  arc across-state 0.169 across-symbol 0.051  (1.3s)
    seed  7: pos=0      neg=2            .  arc across-state 0.188 across-symbol 0.050  (1.7s)
    seed  8: pos=accept neg=2            .  arc across-state 0.167 across-symbol 0.051  (1.9s)
    seed  9: pos=1      neg=accept       .  arc across-state 0.175 across-symbol 0.049  (1.6s)
    seed 10: pos=1      neg=2            .  arc across-state 0.153 across-symbol 0.051  (1.2s)

  [A/B] constant-increment refraction rule
    seed  1: pos=1      neg=1            .  arc across-state 0.890 across-symbol 1.000  (0.6s)
    seed  2: pos=0      neg=0            .  arc across-state 0.914 across-symbol 1.000  (0.7s)
    seed  3: pos=0      neg=0            .  arc across-state 0.886 across-symbol 1.000  (0.9s)
    seed  4: pos=2      neg=2            .  arc across-state 0.886 across-symbol 1.000  (0.7s)
    seed  5: pos=1      neg=1            .  arc across-state 0.900 across-symbol 1.000  (0.7s)
    seed  6: pos=1      neg=1            .  arc across-state 0.867 across-symbol 1.000  (0.7s)
    seed  7: pos=1      neg=1            .  arc across-state 0.924 across-symbol 1.000  (1.1s)
    seed  8: pos=0      neg=2            .  arc across-state 0.921 across-symbol 0.997  (0.9s)
    seed  9: pos=1      neg=2            .  arc across-state 0.876 across-symbol 1.000  (0.7s)
    seed 10: pos=1      neg=0            .  arc across-state 0.938 across-symbol 1.000  (0.7s)

=== SUMMARY ===
  arm                  decided  across-state  across-symbol  state-asm ov    max w
  main                    5/10         0.000          0.000         0.000     7.40
  null                    0/10         0.885          0.999         0.000    20.00
  degen_untrained         0/10         1.000          1.000         0.000     0.00
  degen_beta0             1/10         0.171          0.052         0.000     1.00
  constant_rule           0/10         0.900          1.000         0.000    20.00

=== BARS ===
  P-PRE    PASS
  P-GOLD   FAIL
  P-CONJ   PASS
  P-NULL   PASS
  P-DEGEN  PASS

wrote research/experiments/seq_a1_fsm_parity_results.json
