k=40 p=0.05 candidates=6 (chance 0.167) subsets=40 seeds=[42, 7, 123]
SRC population built ONCE at M_MAX and never changed, so source
separation is fixed and only TARGET load varies.

     n     M   alpha    ret@6   margin  tgt spread  src spread
--------------------------------------------------------------
  2000     6   0.120    1.000   17.555      0.0272      0.0172
  2000    12   0.240    1.000   17.257      0.0290      0.0172
  2000    24   0.480    1.000   14.050      0.0382      0.0172
  2000    48   0.960    1.000   10.055      0.0415      0.0172
  2000    96   1.920    1.000    6.035      0.0415      0.0172

  4000     6   0.060    1.000   33.194      0.0072      0.0109
  4000    12   0.120    1.000   31.191      0.0088      0.0109
  4000    24   0.240    1.000   27.807      0.0136      0.0109
  4000    48   0.480    1.000   20.646      0.0167      0.0109
  4000    96   0.960    1.000   14.695      0.0167      0.0109

==============================================================
DOES THE CEILING TRACK M OR alpha? Same accuracy at same alpha means
capacity is EXTENSIVE and alpha is the law; same accuracy at same M
means it is not.
  alpha n=2000  n=4000
----------------------------------------
  0.060    -     1.000
  0.120  1.000   1.000
  0.240  1.000   1.000
  0.480  1.000   1.000
  0.960  1.000   1.000
  1.920  1.000     -  

The parser sits at alpha 0.36-0.46 with ret@6 = 0.729/0.721. Read
this table at that alpha: if the toy substrate is much higher there,
the parser is losing something this design does not model.
