n=2000 k=40 M=24 (alpha=0.48) candidates=6 (chance 0.167) seeds=[42, 7, 123]
parser reference: source spread 0.13, ret@6 0.725

 shared k  src spread  tgt spread    ret@6    margin
----------------------------------------------------
        0      0.0171      0.0399    1.000    13.437
        1      0.0158      0.0358    1.000    14.800
        2      0.0149      0.0381    1.000    13.778
        4      0.4963      0.4022    0.297     1.081
        8      0.3882      0.3170    0.368     1.129
       16      0.7747      0.4402    0.178     1.068
       40      0.9261      0.4945    0.168     1.066


BUILD ROUNDS (shared k = 0) -- does UNDER-CONVERGENCE produce the
intermediate overlap that shared drive cannot?
 rounds  src spread  tgt spread    ret@6    margin
--------------------------------------------------
      1      0.0133      0.0279    1.000    13.107
      2      0.0141      0.0322    1.000    16.726
      3      0.0150      0.0286    1.000    17.273
      6      0.0171      0.0399    1.000    13.437
     12      0.0175      0.0402    1.000    14.312
     24      0.0172      0.0406    1.000    14.059

** NO USABLE POINT NEAR THE PARSER'S SPREAD. Closest row is spread 0.0175 with ret@6 1.000 (chance 0.167).
   2 row(s) are AT CHANCE -- the knob overshoots into total collapse rather than passing through the regime of interest.
   The curve must NOT be extrapolated into the gap. Report the range covered and pick a knob with resolution there. **
