(1333, 40, 0.75) beta=0.0272 c=2: distinct None
(1333, 40, 0.75) beta=0.0323 c=3: distinct None
(1333, 40, 0.75) beta=0.0384 c=3: distinct None
(1333, 40, 0.75) beta=0.0457 c=4: distinct 491.6324818127144
(1333, 40, 0.75) beta=0.0544 c=4: distinct 458.9675006782076
(1333, 40, 0.75) beta=0.0647 c=5: distinct 380.9109262418784
(1333, 40, 0.75) beta=0.0769 c=5: distinct 299.005495843064
(1333, 40, 0.75) beta=0.0914 c=6: distinct 251.0779169087233
(1333, 40, 0.75) beta=0.1087 c=6: distinct 209.90956906820963
(2000, 60, 0.5) beta=0.0389 c=2: distinct None
(2000, 60, 0.5) beta=0.0462 c=3: distinct None
(2000, 60, 0.5) beta=0.055 c=3: distinct None
(2000, 60, 0.5) beta=0.0654 c=4: distinct 496.81531708890367
(2000, 60, 0.5) beta=0.0778 c=5: distinct 424.5943469817268
(2000, 60, 0.5) beta=0.0925 c=5: distinct 322.1785287315688
(2000, 60, 0.5) beta=0.11 c=5: distinct 243.09670304494776
(2000, 60, 0.5) beta=0.1308 c=6: distinct 210.44410654895364
(2000, 60, 0.5) beta=0.1555 c=6: distinct 176.04201418713436
(4000, 120, 0.25) beta=0.048 c=3: distinct None
(4000, 120, 0.25) beta=0.0571 c=3: distinct None
(4000, 120, 0.25) beta=0.0679 c=4: distinct None
(4000, 120, 0.25) beta=0.0808 c=4: distinct 396.80117146450476
(4000, 120, 0.25) beta=0.096 c=5: distinct 436.2794867119633
(4000, 120, 0.25) beta=0.1142 c=5: distinct 386.98573781278066
(4000, 120, 0.25) beta=0.1358 c=6: distinct 294.4597343493927
(4000, 120, 0.25) beta=0.1615 c=6: distinct 244.01517900721572
(4000, 120, 0.25) beta=0.1921 c=6: distinct 215.12734279410572
(8000, 240, 0.125) beta=0.0521 c=3: distinct None
(8000, 240, 0.125) beta=0.0619 c=3: distinct None
(8000, 240, 0.125) beta=0.0736 c=4: distinct None
(8000, 240, 0.125) beta=0.0876 c=4: distinct 293.96938253803876
(8000, 240, 0.125) beta=0.1041 c=5: distinct 484.6013439887135
(8000, 240, 0.125) beta=0.1238 c=5: distinct 488.6993760863076
(8000, 240, 0.125) beta=0.1473 c=6: distinct 402.860184353913
(8000, 240, 0.125) beta=0.1751 c=6: distinct 329.60202125444624
(8000, 240, 0.125) beta=0.2083 c=6: distinct 285.298071667569
(4000, 120, 0.5) beta=0.0272 c=2: distinct None
(4000, 120, 0.5) beta=0.0323 c=3: distinct None
(4000, 120, 0.5) beta=0.0384 c=3: distinct None
(4000, 120, 0.5) beta=0.0457 c=4: distinct 1204.958345263246
(4000, 120, 0.5) beta=0.0544 c=5: distinct 1186.5846211145083
(4000, 120, 0.5) beta=0.0647 c=5: distinct 871.7697569501104
(4000, 120, 0.5) beta=0.0769 c=5: distinct 564.5098691149881
(4000, 120, 0.5) beta=0.0914 c=6: distinct 405.8428550135944
(4000, 120, 0.5) beta=0.1087 c=6: distinct 294.09098492332424
(8000, 240, 0.25) beta=0.0335 c=3: distinct None
(8000, 240, 0.25) beta=0.0398 c=3: distinct None
(8000, 240, 0.25) beta=0.0474 c=4: distinct None
(8000, 240, 0.25) beta=0.0563 c=4: distinct None
(8000, 240, 0.25) beta=0.067 c=5: distinct 1129.347661554346
(8000, 240, 0.25) beta=0.0797 c=5: distinct 1055.9423386708747
(8000, 240, 0.25) beta=0.0947 c=6: distinct 754.2140182894148
(8000, 240, 0.25) beta=0.1127 c=6: distinct 467.1096207199245
(8000, 240, 0.25) beta=0.134 c=6: distinct 395.2074274424679
wrote C:\Github\assemblies-runs-20260930b\research\results\runs\memory.sparse-law\sparse-law-20261001\results.json
