........................................................................ [  4%]
........................................................................ [  9%]
........................................................................ [ 14%]
..............x......................................................... [ 19%]
........................................................................ [ 24%]
........................................................................ [ 29%]
........................................................................ [ 34%]
......................X......xxX.x...................................... [ 39%]
........................................................................ [ 44%]
..............................s......................................... [ 49%]
x...........................Xx.........................................x [ 54%]
........................................................................ [ 59%]
................................................................x....... [ 64%]
................................x.x..................................... [ 69%]
........................................................................ [ 74%]
..........................................................x............. [ 79%]
........................................................................ [ 84%]
........................................................................ [ 89%]
........................................................................ [ 94%]
x....................................................................... [ 99%]
.....                                                                    [100%]
============================== warnings summary ===============================
neural_assemblies/tests/test_batched_next_token.py::test_batched_matches_sequential_top1
  F:\Github\assemblies\neural_assemblies\core\torch_engine\_batched.py:40: UserWarning: Sparse invariant checks are implicitly disabled. Memory errors (e.g. SEGFAULT) will occur when operating on a sparse tensor which violates the invariants, but checks incur performance overhead. To silence this warning, explicitly opt in or out. See `torch.sparse.check_sparse_tensor_invariants.__doc__` for guidance.  (Triggered internally at C:\actions-runner\_work\pytorch\pytorch\aten\src\ATen\Context.cpp:767.)
    return torch.sparse_csr_tensor(crow, col, val, size=(n, n))

neural_assemblies/tests/test_batched_next_token.py::test_batched_matches_sequential_top1
  F:\Github\assemblies\neural_assemblies\core\torch_engine\_batched.py:40: UserWarning: Sparse CSR tensor support is in beta state. If you miss a functionality in the sparse tensor support, please submit a feature request to https://github.com/pytorch/pytorch/issues. (Triggered internally at C:\actions-runner\_work\pytorch\pytorch\aten\src\ATen\SparseCsrTensorImpl.cpp:51.)
    return torch.sparse_csr_tensor(crow, col, val, size=(n, n))

neural_assemblies/tests/test_projection_parity.py::TestProjectIntoParityFull::test_seed_sweep_parity
  F:\Github\assemblies\neural_assemblies\tests\test_projection_parity.py:289: UserWarning: First-winner inputs differ by up to 6.0; acceptable due to RNG/rounding path differences
    warnings.warn(

neural_assemblies/tests/test_projection_parity.py::TestProjectIntoParityFull::test_seed_sweep_parity
  F:\Github\assemblies\neural_assemblies\tests\test_projection_parity.py:298: UserWarning: Per-winner input allocations differ by up to 4.0; acceptable
    warnings.warn(

-- Docs: https://docs.pytest.org/en/stable/how-to/capture-warnings.html
1429 passed, 1 skipped, 141 deselected, 12 xfailed, 3 xpassed, 4 warnings in 1470.11s (0:24:30)
