........................................................................ [  5%]
........................................................................ [ 11%]
...........................................x............................ [ 17%]
........................................................................ [ 22%]
........................................................................ [ 28%]
........................................................................ [ 34%]
............................................x........................... [ 40%]
........................................................................ [ 45%]
.............s........................x...........................Xx.... [ 51%]
................................x....................................... [ 57%]
........................................................................ [ 62%]
..............x..........x.............................................. [ 68%]
........................................................................ [ 74%]
................x....................................................... [ 80%]
........................................................................ [ 85%]
........................................................................ [ 91%]
..............................x......................................... [ 97%]
...................................                                      [100%]
============================== warnings summary ===============================
neural_assemblies/tests/test_batched_next_token.py::test_batched_matches_sequential_top1
  F:\Github\assemblies\neural_assemblies\core\torch_engine\_batched.py:40: UserWarning: Sparse invariant checks are implicitly disabled. Memory errors (e.g. SEGFAULT) will occur when operating on a sparse tensor which violates the invariants, but checks incur performance overhead. To silence this warning, explicitly opt in or out. See `torch.sparse.check_sparse_tensor_invariants.__doc__` for guidance.  (Triggered internally at C:\actions-runner\_work\pytorch\pytorch\aten\src\ATen\Context.cpp:767.)
    return torch.sparse_csr_tensor(crow, col, val, size=(n, n))

neural_assemblies/tests/test_batched_next_token.py::test_batched_matches_sequential_top1
  F:\Github\assemblies\neural_assemblies\core\torch_engine\_batched.py:40: UserWarning: Sparse CSR tensor support is in beta state. If you miss a functionality in the sparse tensor support, please submit a feature request to https://github.com/pytorch/pytorch/issues. (Triggered internally at C:\actions-runner\_work\pytorch\pytorch\aten\src\ATen\SparseCsrTensorImpl.cpp:51.)
    return torch.sparse_csr_tensor(crow, col, val, size=(n, n))

neural_assemblies/tests/test_projection_parity.py::TestProjectIntoParityFull::test_seed_sweep_parity
  F:\Github\assemblies\neural_assemblies\tests\test_projection_parity.py:289: UserWarning: First-winner inputs differ by up to 5.0; acceptable due to RNG/rounding path differences
    warnings.warn(

neural_assemblies/tests/test_projection_parity.py::TestProjectIntoParityFull::test_seed_sweep_parity
  F:\Github\assemblies\neural_assemblies\tests\test_projection_parity.py:298: UserWarning: Per-winner input allocations differ by up to 4.0; acceptable
    warnings.warn(

-- Docs: https://docs.pytest.org/en/stable/how-to/capture-warnings.html
1248 passed, 1 skipped, 116 deselected, 9 xfailed, 1 xpassed, 4 warnings in 1069.27s (0:17:49)
