........................................................................ [  5%]
........................................................................ [ 11%]
...........................................x............................ [ 17%]
........................................................................ [ 22%]
........................................................................ [ 28%]
........................................................................ [ 34%]
....................................F.......x........................... [ 40%]
........................................................................ [ 45%]
.............s........................x...........................Xx.... [ 51%]
................................x....................................... [ 57%]
........................................................................ [ 62%]
..............x..........x.............................................. [ 68%]
........................................................................ [ 74%]
................x....................................................... [ 80%]
........................................................................ [ 85%]
........................................................................ [ 91%]
..............................x......................................... [ 97%]
...................................                                      [100%]
================================== FAILURES ===================================
________ TestErpCalibration.test_fast_calibration_preserves_separation ________

self = <neural_assemblies.tests.test_erp_calibration.TestErpCalibration object at 0x00000233A41D1400>
forked_parser = <function forked_parser.<locals>._make at 0x00000233C66C2480>

    def test_fast_calibration_preserves_separation(self, forked_parser):
        # Two SEPARATE forks on purpose: calibrating one must not contaminate
        # the other, since the whole point is comparing full against fast on
        # identically-trained parsers.
        parser = forked_parser("SENTENCES", seed=42)
        full = calibrate_erp_thresholds(parser, fast=False)
        parser2 = forked_parser("SENTENCES", seed=42)
        fast = calibrate_erp_thresholds(parser2, fast=True)
>       assert fast.separation["p600_auc"] > CHANCE
E       assert 0.4444444444444444 > 0.5

neural_assemblies\tests\test_erp_calibration.py:95: AssertionError
============================== warnings summary ===============================
neural_assemblies/tests/test_batched_next_token.py::test_batched_matches_sequential_top1
  F:\Github\assemblies\neural_assemblies\core\torch_engine\_batched.py:40: UserWarning: Sparse invariant checks are implicitly disabled. Memory errors (e.g. SEGFAULT) will occur when operating on a sparse tensor which violates the invariants, but checks incur performance overhead. To silence this warning, explicitly opt in or out. See `torch.sparse.check_sparse_tensor_invariants.__doc__` for guidance.  (Triggered internally at C:\actions-runner\_work\pytorch\pytorch\aten\src\ATen\Context.cpp:767.)
    return torch.sparse_csr_tensor(crow, col, val, size=(n, n))

neural_assemblies/tests/test_batched_next_token.py::test_batched_matches_sequential_top1
  F:\Github\assemblies\neural_assemblies\core\torch_engine\_batched.py:40: UserWarning: Sparse CSR tensor support is in beta state. If you miss a functionality in the sparse tensor support, please submit a feature request to https://github.com/pytorch/pytorch/issues. (Triggered internally at C:\actions-runner\_work\pytorch\pytorch\aten\src\ATen\SparseCsrTensorImpl.cpp:51.)
    return torch.sparse_csr_tensor(crow, col, val, size=(n, n))

neural_assemblies/tests/test_projection_parity.py::TestProjectIntoParityFull::test_seed_sweep_parity
  F:\Github\assemblies\neural_assemblies\tests\test_projection_parity.py:298: UserWarning: Per-winner input allocations differ by up to 5.0; acceptable
    warnings.warn(

-- Docs: https://docs.pytest.org/en/stable/how-to/capture-warnings.html
=========================== short test summary info ===========================
FAILED neural_assemblies/tests/test_erp_calibration.py::TestErpCalibration::test_fast_calibration_preserves_separation
1 failed, 1247 passed, 1 skipped, 117 deselected, 9 xfailed, 1 xpassed, 3 warnings in 1417.56s (0:23:37)
