bringing up nodes...
bringing up nodes...

........................................................................ [  6%]
........................................................................ [ 13%]
..........................................x...............F..Xx......... [ 19%]
........................................................................ [ 26%]
........................................................................ [ 33%]
............F.................F..F.FFF...F.F.F.......................... [ 39%]
x........................................................x.............. [ 46%]
............................F......................x.................... [ 53%]
.......................................................................x [ 59%]
........................................................................ [ 66%]
.......................................................s................ [ 72%]
........................................................................ [ 79%]
........................................................................ [ 86%]
........................................................................ [ 92%]
........................................................................ [ 99%]
......                                                                   [100%]
============================== warnings summary ===============================
neural_assemblies/tests/test_batched_trainer.py::TestSparseTrainer::test_sparse_learns_above_chance
  F:\Github\assemblies\neural_assemblies\assembly_calculus\batched_trainer.py:216: UserWarning: Sparse invariant checks are implicitly disabled. Memory errors (e.g. SEGFAULT) will occur when operating on a sparse tensor which violates the invariants, but checks incur performance overhead. To silence this warning, explicitly opt in or out. See `torch.sparse.check_sparse_tensor_invariants.__doc__` for guidance.  (Triggered internally at C:\actions-runner\_work\pytorch\pytorch\aten\src\ATen\Context.cpp:767.)
    self.W = torch.sparse_coo_tensor(

neural_assemblies/tests/test_batched_trainer.py::TestSparseTrainer::test_sparse_learns_above_chance
  F:\Github\assemblies\neural_assemblies\assembly_calculus\batched_trainer.py:237: UserWarning: Sparse CSR tensor support is in beta state. If you miss a functionality in the sparse tensor support, please submit a feature request to https://github.com/pytorch/pytorch/issues. (Triggered internally at C:\actions-runner\_work\pytorch\pytorch\aten\src\ATen\SparseCsrTensorImpl.cpp:51.)
    Wt = self.W.t().to_sparse_csr()

neural_assemblies/tests/test_batched_projection.py::TestBatchedProjection::test_batched_equals_sequential
  F:\Github\assemblies\neural_assemblies\tests\test_batched_projection.py:28: UserWarning: Sparse invariant checks are implicitly disabled. Memory errors (e.g. SEGFAULT) will occur when operating on a sparse tensor which violates the invariants, but checks incur performance overhead. To silence this warning, explicitly opt in or out. See `torch.sparse.check_sparse_tensor_invariants.__doc__` for guidance.  (Triggered internally at C:\actions-runner\_work\pytorch\pytorch\aten\src\ATen\Context.cpp:767.)
    W = torch.sparse_coo_tensor(

neural_assemblies/tests/test_batched_projection.py::TestBatchedProjection::test_batched_equals_sequential
  F:\Github\assemblies\neural_assemblies\tests\test_batched_projection.py:30: UserWarning: Sparse CSR tensor support is in beta state. If you miss a functionality in the sparse tensor support, please submit a feature request to https://github.com/pytorch/pytorch/issues. (Triggered internally at C:\actions-runner\_work\pytorch\pytorch\aten\src\ATen\SparseCsrTensorImpl.cpp:51.)
    return W.to_sparse_csr()

neural_assemblies/tests/test_projection_parity.py::TestProjectIntoParityFull::test_seed_sweep_parity
  F:\Github\assemblies\neural_assemblies\tests\test_projection_parity.py:289: UserWarning: First-winner inputs differ by up to 5.0; acceptable due to RNG/rounding path differences
    warnings.warn(

neural_assemblies/tests/test_projection_parity.py::TestProjectIntoParityFull::test_seed_sweep_parity
  F:\Github\assemblies\neural_assemblies\tests\test_projection_parity.py:298: UserWarning: Per-winner input allocations differ by up to 4.0; acceptable
    warnings.warn(

-- Docs: https://docs.pytest.org/en/stable/how-to/capture-warnings.html
=========================== short test summary info ===========================
FAILED neural_assemblies/tests/test_torch_parity.py::TestReciprocalParity::test_reciprocal_recovers[numpy_sparse]
FAILED neural_assemblies/tests/test_cuda_kernels.py::TestHashTableCorrectness::test_learned_connections_created
FAILED neural_assemblies/tests/test_cuda_kernels.py::TestHashTableCorrectness::test_hash_table_populated
FAILED neural_assemblies/tests/test_cuda_kernels.py::TestWeightAccumulation::test_weights_saturate
FAILED neural_assemblies/tests/test_cuda_kernels.py::TestWeightAccumulation::test_no_overflow
FAILED neural_assemblies/tests/test_cuda_kernels.py::TestCOOWeightsReset::test_reset_clears_state
FAILED neural_assemblies/tests/test_cuda_kernels.py::TestCOOWeightsReset::test_reset_then_rerun_matches_fresh
FAILED neural_assemblies/tests/test_cuda_kernels.py::TestMultiAreaProjection::test_area_to_area
FAILED neural_assemblies/tests/test_cuda_kernels.py::TestProjectRounds::test_stim_only_matches_sequential
FAILED neural_assemblies/tests/test_cuda_kernels.py::TestProjectRounds::test_area_source_matches_sequential
FAILED neural_assemblies/tests/test_statistics_performance.py::TestStatisticsPerformance::test_batch_processing_performance
11 failed, 1067 passed, 1 skipped, 6 xfailed, 1 xpassed, 6 warnings in 423.15s (0:07:03)
EXIT=1
