........................................................................ [  5%]
........................................................................ [ 11%]
...........................................x............................ [ 17%]
........................................................................ [ 22%]
........................................................................ [ 28%]
........................................................................ [ 34%]
....................................F......Fx........................... [ 40%]
........................................................................ [ 45%]
.............s........................x...........................Xx.... [ 51%]
................................x....................................... [ 57%]
........................................................................ [ 62%]
..............x..........x.............................................. [ 68%]
........................................................................ [ 74%]
...............x........................................................ [ 80%]
........................................................................ [ 85%]
........................................................................ [ 91%]
.............................x.......................................... [ 97%]
..................................                                       [100%]
================================== FAILURES ===================================
________ TestErpCalibration.test_fast_calibration_preserves_separation ________

self = <neural_assemblies.tests.test_erp_calibration.TestErpCalibration object at 0x000002527CC65550>
forked_parser = <function forked_parser.<locals>._make at 0x00000252250F23E0>

    def test_fast_calibration_preserves_separation(self, forked_parser):
        # Two SEPARATE forks on purpose: calibrating one must not contaminate
        # the other, since the whole point is comparing full against fast on
        # identically-trained parsers.
        parser = forked_parser("SENTENCES", seed=42)
        full = calibrate_erp_thresholds(parser, fast=False)
        parser2 = forked_parser("SENTENCES", seed=42)
        fast = calibrate_erp_thresholds(parser2, fast=True)
>       assert fast.separation.get("p600_cohens_d", 0) > 0.3
E       AssertionError: assert 0.2666666666666375 > 0.3
E        +  where 0.2666666666666375 = <built-in method get of dict object at 0x000002532B9CF480>('p600_cohens_d', 0)
E        +    where <built-in method get of dict object at 0x000002532B9CF480> = {'n400_auc': 1.0, 'n400_cohens_d': 3.9948917116861837, 'n400_span': 0.029799999999999938, 'p600_auc': 0.4444444444444444, ...}.get
E        +      where {'n400_auc': 1.0, 'n400_cohens_d': 3.9948917116861837, 'n400_span': 0.029799999999999938, 'p600_auc': 0.4444444444444444, ...} = ErpCalibrationReport(readiness=ErpReadiness(n400_ready=True, p600_ready=True, prediction_lexicon_size=161, sentences_s....0, 'n400_span': 0.029799999999999938, 'p600_auc': 0.4444444444444444, 'p600_span': 0.0022000000000000908}, tuned=True).separation

neural_assemblies\tests\test_erp_calibration.py:56: AssertionError
_ TestExcessIsClippedAtItsOwnNull.test_grammatical_excess_lands_on_the_floor __

self = <neural_assemblies.tests.test_erp_metric_range.TestExcessIsClippedAtItsOwnNull object at 0x000002527CBB4530>
forked_parser = <function forked_parser.<locals>._make at 0x00000252250F23E0>

    def test_grammatical_excess_lands_on_the_floor(self, forked_parser):
        """And it does so in practice, not just in principle."""
        report = calibrate_erp_thresholds(forked_parser("SENTENCES", seed=11))
        vals = [float(s.p600_excess) for s in _samples(report, "grammatical")]
        assert vals, "no grammatical samples -- the calibration did not run"
>       assert any(v == 0.0 for v in vals), (
            f"grammatical p600_excess no longer hits the 0.0 floor: {vals}. If "
            f"the baseline is no longer the grammatical median, this defect is "
            f"fixed and Cohen's d may finally be an effect size")
E       AssertionError: grammatical p600_excess no longer hits the 0.0 floor: [0.0010499999999998844, 0.00264999999999993, 0.0019499999999998963]. If the baseline is no longer the grammatical median, this defect is fixed and Cohen's d may finally be an effect size
E       assert False
E        +  where False = any(<generator object TestExcessIsClippedAtItsOwnNull.test_grammatical_excess_lands_on_the_floor.<locals>.<genexpr> at 0x00000253599B3850>)

neural_assemblies\tests\test_erp_metric_range.py:69: AssertionError
============================== warnings summary ===============================
neural_assemblies/tests/test_batched_next_token.py::test_batched_matches_sequential_top1
  F:\Github\assemblies\neural_assemblies\core\torch_engine\_batched.py:40: UserWarning: Sparse invariant checks are implicitly disabled. Memory errors (e.g. SEGFAULT) will occur when operating on a sparse tensor which violates the invariants, but checks incur performance overhead. To silence this warning, explicitly opt in or out. See `torch.sparse.check_sparse_tensor_invariants.__doc__` for guidance.  (Triggered internally at C:\actions-runner\_work\pytorch\pytorch\aten\src\ATen\Context.cpp:767.)
    return torch.sparse_csr_tensor(crow, col, val, size=(n, n))

neural_assemblies/tests/test_batched_next_token.py::test_batched_matches_sequential_top1
  F:\Github\assemblies\neural_assemblies\core\torch_engine\_batched.py:40: UserWarning: Sparse CSR tensor support is in beta state. If you miss a functionality in the sparse tensor support, please submit a feature request to https://github.com/pytorch/pytorch/issues. (Triggered internally at C:\actions-runner\_work\pytorch\pytorch\aten\src\ATen\SparseCsrTensorImpl.cpp:51.)
    return torch.sparse_csr_tensor(crow, col, val, size=(n, n))

neural_assemblies/tests/test_projection_parity.py::TestProjectIntoParityFull::test_seed_sweep_parity
  F:\Github\assemblies\neural_assemblies\tests\test_projection_parity.py:289: UserWarning: First-winner inputs differ by up to 5.0; acceptable due to RNG/rounding path differences
    warnings.warn(

neural_assemblies/tests/test_projection_parity.py::TestProjectIntoParityFull::test_seed_sweep_parity
  F:\Github\assemblies\neural_assemblies\tests\test_projection_parity.py:298: UserWarning: Per-winner input allocations differ by up to 4.0; acceptable
    warnings.warn(

-- Docs: https://docs.pytest.org/en/stable/how-to/capture-warnings.html
=========================== short test summary info ===========================
FAILED neural_assemblies/tests/test_erp_calibration.py::TestErpCalibration::test_fast_calibration_preserves_separation
FAILED neural_assemblies/tests/test_erp_metric_range.py::TestExcessIsClippedAtItsOwnNull::test_grammatical_excess_lands_on_the_floor
2 failed, 1245 passed, 1 skipped, 116 deselected, 9 xfailed, 1 xpassed, 4 warnings in 987.31s (0:16:27)
