[GAIN seed=42] num bal=0.55 (PL=0.1 SG=1.0) | tense bal=0.7078260869565217 | roles 9/9 C1=True C2=0.03333333333333333
[done ('GAIN', 42)]
[GAIN seed=46] num bal=0.55 (PL=0.2 SG=0.9) | tense bal=0.6695652173913043 | roles 9/9 C1=True C2=0.06666666666666667
[done ('GAIN', 46)]
[GAIN seed=44] num bal=0.5 (PL=0.0 SG=1.0) | tense bal=0.6443478260869566 | roles 9/9 C1=True C2=0.03333333333333333
[OFF seed=44] num bal=0.5 (PL=0.0 SG=1.0) | tense bal=0.6226086956521739 | roles 9/9 C1=True C2=0.03333333333333333
[done ('OFF', 44)]
[done ('GAIN', 44)]
[SCALED seed=42] num bal=0.6499999999999999 (PL=0.6 SG=0.7) | tense bal=0.6695652173913043 | roles 9/9 C1=True C2=0.03333333333333333
[done ('SCALED', 42)]
[SCALED seed=43] num bal=0.6 (PL=0.3 SG=0.9) | tense bal=0.5843478260869566 | roles 9/9 C1=True C2=0.016666666666666666
[GAIN seed=43] num bal=0.55 (PL=0.1 SG=1.0) | tense bal=0.6678260869565218 | roles 9/9 C1=True C2=0.016666666666666666
[OFF seed=46] num bal=0.5 (PL=0.1 SG=0.9) | tense bal=0.5808695652173913 | roles 9/9 C1=True C2=0.06666666666666667
[done ('OFF', 46)]
[done ('GAIN', 43)]
[done ('SCALED', 43)]
[OFF seed=43] num bal=0.55 (PL=0.1 SG=1.0) | tense bal=0.731304347826087 | roles 9/9 C1=True C2=0.016666666666666666
[done ('OFF', 43)]
[OFF seed=42] num bal=0.5 (PL=0.0 SG=1.0) | tense bal=0.771304347826087 | roles 9/9 C1=True C2=0.03333333333333333
[done ('OFF', 42)]
[OFF seed=45] num bal=0.45 (PL=0.0 SG=0.9) | tense bal=0.6878260869565218 | roles 9/9 C1=True C2=0.016666666666666666
[GAIN seed=45] num bal=0.55 (PL=0.1 SG=1.0) | tense bal=0.6843478260869565 | roles 9/9 C1=True C2=0.016666666666666666
[done ('OFF', 45)]
[done ('GAIN', 45)]
[SCALED seed=44] num bal=0.75 (PL=0.5 SG=1.0) | tense bal=0.5843478260869566 | roles 9/9 C1=True C2=0.03333333333333333
[SCALED seed=45] num bal=0.55 (PL=0.4 SG=0.7) | tense bal=0.6878260869565218 | roles 9/9 C1=True C2=0.016666666666666666
[done ('SCALED', 44)]
[done ('SCALED', 45)]
[SCALED seed=46] num bal=0.75 (PL=0.6 SG=0.9) | tense bal=0.5478260869565217 | roles 9/9 C1=True C2=0.06666666666666667
[done ('SCALED', 46)]
[BOTH seed=42] num bal=0.75 (PL=0.7 SG=0.8) | tense bal=0.7295652173913043 | roles 9/9 C1=True C2=0.03333333333333333
[done ('BOTH', 42)]
[BOTH seed=44] num bal=0.8 (PL=0.6 SG=1.0) | tense bal=0.6678260869565218 | roles 9/9 C1=True C2=0.03333333333333333
[done ('BOTH', 44)]
[BOTH seed=43] num bal=0.6 (PL=0.3 SG=0.9) | tense bal=0.6695652173913043 | roles 9/9 C1=True C2=0.016666666666666666
[done ('BOTH', 43)]
[BOTH seed=45] num bal=0.8 (PL=0.8 SG=0.8) | tense bal=0.7478260869565218 | roles 9/9 C1=True C2=0.016666666666666666
[done ('BOTH', 45)]
[BOTH seed=46] num bal=0.75 (PL=0.6 SG=0.9) | tense bal=0.6295652173913043 | roles 9/9 C1=True C2=0.06666666666666667
[done ('BOTH', 46)]

=== registered predictions ===
number:OFF: 0.5000 +/- 0.0439 (n=5, 0.4500..0.5500)
number:GAIN: 0.5400 +/- 0.0278 (n=5, 0.5000..0.5500)
number:SCALED: 0.6600 +/- 0.1110 (n=5, 0.5500..0.7500)
number:BOTH: 0.7400 +/- 0.1020 (n=5, 0.6000..0.8000)
tense:OFF: 0.6788 +/- 0.0964 (n=5, 0.5809..0.7713)
tense:GAIN: 0.6748 +/- 0.0290 (n=5, 0.6443..0.7078)
tense:SCALED: 0.6148 +/- 0.0752 (n=5, 0.5478..0.6878)
tense:BOTH: 0.6889 +/- 0.0604 (n=5, 0.6296..0.7478)
R2 number BOTH-SCALED: 0.0800 +/- 0.1287 (n=5, 0.0000..0.2500)  (per-seed: [0.1, 0.0, 0.05, 0.25, 0.0])
R3 number GAIN-OFF: 0.0400 +/- 0.0519 (n=5, 0.0000..0.1000)  (per-seed: [0.05, 0.0, 0.0, 0.1, 0.05])
tense BOTH-OFF: 0.0101 +/- 0.0709 (n=5, -0.0617..0.0600)  (per-seed: [-0.042, -0.062, 0.045, 0.06, 0.049])
