(4000, 10, 0.5) beta=0.0911 c=1: distinct None, rank-1 None
(4000, 10, 0.5) beta=0.1083 c=2: distinct None, rank-1 None
(4000, 10, 0.5) beta=0.1288 c=2: distinct None, rank-1 None
(4000, 10, 0.5) beta=0.1532 c=3: distinct None, rank-1 6276.884985132795
(4000, 10, 0.5) beta=0.1821 c=3: distinct 1356.4066060950265, rank-1 None
(4000, 10, 0.5) beta=0.2166 c=4: distinct 1279.6256553526362, rank-1 None
(4000, 10, 0.5) beta=0.2576 c=5: distinct 1134.6973019819384, rank-1 None
(4000, 10, 0.5) beta=0.3063 c=6: distinct 1085.892539575592, rank-1 1400.4021438280088
(4000, 10, 0.5) beta=0.3643 c=6: distinct 1099.4439643540522, rank-1 1249.5796046944297
(4000, 20, 0.5) beta=0.0644 c=1: distinct None, rank-1 None
(4000, 20, 0.5) beta=0.0766 c=2: distinct None, rank-1 None
(4000, 20, 0.5) beta=0.0911 c=2: distinct None, rank-1 None
(4000, 20, 0.5) beta=0.1083 c=3: distinct 1306.0346886408108, rank-1 None
(4000, 20, 0.5) beta=0.1288 c=3: distinct 1381.8291993867447, rank-1 None
(4000, 20, 0.5) beta=0.1532 c=5: distinct 1191.736532720744, rank-1 None
(4000, 20, 0.5) beta=0.1821 c=5: distinct 1003.1728299599217, rank-1 None
(4000, 20, 0.5) beta=0.2166 c=5: distinct 891.5470527007392, rank-1 None
(4000, 20, 0.5) beta=0.2576 c=6: distinct 849.3012527294677, rank-1 1244.2717384538978
(4000, 40, 0.5) beta=0.0455 c=2: distinct None, rank-1 None
(4000, 40, 0.5) beta=0.0542 c=2: distinct None, rank-1 None
(4000, 40, 0.5) beta=0.0644 c=2: distinct None, rank-1 6813.4519748938765
(4000, 40, 0.5) beta=0.0766 c=3: distinct None, rank-1 5211.570495355076
(4000, 40, 0.5) beta=0.0911 c=4: distinct 1451.5655671074944, rank-1 None
(4000, 40, 0.5) beta=0.1083 c=5: distinct 1204.059565356055, rank-1 None
(4000, 40, 0.5) beta=0.1288 c=5: distinct 944.3068254512079, rank-1 None
(4000, 40, 0.5) beta=0.1532 c=6: distinct 765.0400310975091, rank-1 None
(4000, 40, 0.5) beta=0.1821 c=6: distinct 687.4771089295859, rank-1 None
(4000, 60, 0.5) beta=0.0372 c=2: distinct None, rank-1 None
(4000, 60, 0.5) beta=0.0442 c=2: distinct None, rank-1 7038.272025046133
(4000, 60, 0.5) beta=0.0526 c=3: distinct None, rank-1 5270.8434974868605
(4000, 60, 0.5) beta=0.0625 c=3: distinct 1589.1200337029081, rank-1 None
(4000, 60, 0.5) beta=0.0744 c=4: distinct 1388.3552330511477, rank-1 None
(4000, 60, 0.5) beta=0.0884 c=5: distinct 1217.9865300885856, rank-1 None
(4000, 60, 0.5) beta=0.1052 c=5: distinct 927.1074436037827, rank-1 None
(4000, 60, 0.5) beta=0.1251 c=6: distinct 711.3765383292005, rank-1 None
(4000, 60, 0.5) beta=0.1487 c=6: distinct 574.347012467533, rank-1 829.2361306120224
(4000, 80, 0.5) beta=0.0322 c=2: distinct None, rank-1 7719.268638286594
(4000, 80, 0.5) beta=0.0383 c=2: distinct None, rank-1 6098.039845475628
(4000, 80, 0.5) beta=0.0455 c=3: distinct None, rank-1 4983.500708713438
(4000, 80, 0.5) beta=0.0542 c=4: distinct 1283.9270338122021, rank-1 None
(4000, 80, 0.5) beta=0.0644 c=4: distinct 1312.0041252362366, rank-1 None
(4000, 80, 0.5) beta=0.0766 c=5: distinct 1169.397286546361, rank-1 2040.555678031626
(4000, 80, 0.5) beta=0.0911 c=5: distinct 883.7468702118649, rank-1 1363.2411725088753
(4000, 80, 0.5) beta=0.1083 c=6: distinct 589.2139280377996, rank-1 824.4570419351576
(4000, 80, 0.5) beta=0.1288 c=6: distinct 469.22950414820946, rank-1 600.8963373011994
(4000, 160, 0.5) beta=0.0271 c=3: distinct None, rank-1 2509.8720769319625
(4000, 160, 0.5) beta=0.0322 c=4: distinct None, rank-1 2507.481833315024
(4000, 160, 0.5) beta=0.0383 c=4: distinct 1016.7816330990582, rank-1 None
(4000, 160, 0.5) beta=0.0455 c=5: distinct 911.9280256073483, rank-1 1253.7307011346554
(4000, 160, 0.5) beta=0.0542 c=5: distinct 604.9191871700693, rank-1 687.7167398387928
(4000, 160, 0.5) beta=0.0644 c=5: distinct 385.92939390276166, rank-1 443.0547065258439
(4000, 160, 0.5) beta=0.0766 c=6: distinct 279.95681589108074, rank-1 299.8502956753438
(4000, 160, 0.5) beta=0.0911 c=6: distinct 201.4300921769565, rank-1 224.0773488969927
(8000, 100, 0.05) beta=0.1307 c=4: distinct None, rank-1 1492.1526983587646
(8000, 100, 0.05) beta=0.1554 c=4: distinct None, rank-1 1170.8282842389583
(8000, 100, 0.05) beta=0.1848 c=5: distinct None, rank-1 877.3415451310185
(8000, 100, 0.05) beta=0.2198 c=5: distinct 112.75564398146307, rank-1 None
(8000, 100, 0.05) beta=0.2613 c=6: distinct 154.86658603195585, rank-1 None
(8000, 100, 0.05) beta=0.3108 c=6: distinct 167.06847888041668, rank-1 None
(8000, 100, 0.05) beta=0.3696 c=6: distinct 200.5696164872834, rank-1 231.64826317779628
(8000, 100, 0.05) beta=0.4395 c=6: distinct 190.50871967713798, rank-1 204.72935601511062
(8000, 100, 0.05) beta=0.5227 c=6: distinct 188.36275648150465, rank-1 199.08637638367537
(8000, 200, 0.05) beta=0.0924 c=4: distinct None, rank-1 926.4308169518691
(8000, 200, 0.05) beta=0.1099 c=4: distinct None, rank-1 835.928048400452
(8000, 200, 0.05) beta=0.1307 c=5: distinct None, rank-1 710.3447557320723
(8000, 200, 0.05) beta=0.1554 c=5: distinct 111.07605621269185, rank-1 None
(8000, 200, 0.05) beta=0.1848 c=5: distinct 155.11851921293658, rank-1 None
(8000, 200, 0.05) beta=0.2198 c=6: distinct 177.2085638737669, rank-1 None
(8000, 200, 0.05) beta=0.2613 c=6: distinct 181.73903992458585, rank-1 242.07298309456328
(8000, 200, 0.05) beta=0.3108 c=6: distinct 166.94757108182944, rank-1 186.8972272413708
(8000, 200, 0.05) beta=0.3696 c=6: distinct 146.38830873673524, rank-1 157.12891718868943
(8000, 400, 0.05) beta=0.0653 c=4: distinct None, rank-1 350.9133037979823
(8000, 400, 0.05) beta=0.0777 c=4: distinct None, rank-1 484.4436647613625
(8000, 400, 0.05) beta=0.0924 c=5: distinct None, rank-1 479.41601259393116
(8000, 400, 0.05) beta=0.1099 c=5: distinct 116.29571794125695, rank-1 None
(8000, 400, 0.05) beta=0.1307 c=5: distinct 161.41360570598917, rank-1 None
(8000, 400, 0.05) beta=0.1554 c=6: distinct 150.18395482053836, rank-1 183.13342552335973
(8000, 400, 0.05) beta=0.1848 c=6: distinct 130.90243798701425, rank-1 154.23092670055135
(8000, 400, 0.05) beta=0.2198 c=6: distinct 131.4522678814789, rank-1 141.65528572164112
(8000, 400, 0.05) beta=0.2613 c=6: distinct 94.97575051750233, rank-1 118.87290223079434
(10000, 100, 0.01) beta=0.302 c=5: distinct None, rank-1 109.39085434490686
(10000, 100, 0.01) beta=0.3591 c=4: distinct None, rank-1 111.74617793233718
(10000, 100, 0.01) beta=0.427 c=3: distinct None, rank-1 102.90319497881835
(10000, 100, 0.01) beta=0.5078 c=2: distinct None, rank-1 58.14785897062848
(10000, 100, 0.01) beta=0.6039 c=1: distinct None, rank-1 27.125433197360625
(10000, 100, 0.01) beta=0.7182 c=1: distinct None, rank-1 13.463462225544157
(10000, 100, 0.01) beta=0.8541 c=1: distinct None, rank-1 9.288930633077104
(10000, 100, 0.01) beta=1.0157 c=1: distinct None, rank-1 7.705372418370483
(10000, 100, 0.01) beta=1.2079 c=1: distinct None, rank-1 None
wrote C:\Github\assemblies-runs-20260930b\research\results\runs\memory.threshold-law\threshold-law-20261001\results.json
