    A n=1000 k=50 s=50 FEAT 4000x100: 20 brains (V x seed) in one launch, 36864 steps  [130s]
    B n=2000 k=50 s=50 FEAT 4000x100: 20 brains (V x seed) in one launch, 36864 steps  [129s]
    C n=4000 k=50 s=50 FEAT 4000x100: 20 brains (V x seed) in one launch, 36864 steps  [128s]
    A n=1000 k=50 s=50 FEAT 4000x100: 20 brains (V x seed) in one launch, 36864 steps  [129s]
    B n=2000 k=50 s=50 FEAT 4000x100: 20 brains (V x seed) in one launch, 36864 steps  [24s]
    A n=1000 k=50 s=50 FEAT 4000x100: 20 brains (V x seed) in one launch, 36864 steps  [26s]
    C n=4000 k=50 s=50 FEAT 4000x100: 20 brains (V x seed) in one launch, 36864 steps  [28s]
    B n=2000 k=50 s=50 FEAT 4000x100: 20 brains (V x seed) in one launch, 36864 steps  [29s]
    A n=1000 k=50 s=50 FEAT 4000x100: 20 brains (V x seed) in one launch, 36864 steps  [29s]
    B n=2000 k=50 s=50 FEAT 4000x100: 20 brains (V x seed) in one launch, 36864 steps  [29s]
    A n=1000 k=50 s=50 FEAT 4000x100: 20 brains (V x seed) in one launch, 36864 steps  [25s]
    C n=4000 k=50 s=50 FEAT 4000x100: 20 brains (V x seed) in one launch, 36864 steps  [27s]
    B n=2000 k=50 s=50 FEAT 4000x100: 20 brains (V x seed) in one launch, 36864 steps  [32s]
    A n=1000 k=50 s=50 FEAT 4000x100: 20 brains (V x seed) in one launch, 36864 steps  [28s]
    B n=2000 k=50 s=50 FEAT 4000x100: 20 brains (V x seed) in one launch, 36864 steps  [28s]
    B n=2000 k=50 s=50 FEAT 4000x100: 20 brains (V x seed) in one launch, 36864 steps  [30s]
    B n=2000 k=50 s=50 FEAT 4000x100: 20 brains (V x seed) in one launch, 18432 steps  [15s]
    C n=4000 k=50 s=50 FEAT 4000x100: 20 brains (V x seed) in one launch, 18432 steps  [14s]
    A n=1000 k=50 s=50 FEAT 4000x100: 20 brains (V x seed) in one launch, 18432 steps  [16s]
    C n=4000 k=50 s=50 FEAT 4000x100: 20 brains (V x seed) in one launch, 18432 steps  [11s]
    B n=2000 k=50 s=50 FEAT 4000x100: 20 brains (V x seed) in one launch, 18432 steps  [11s]
    A n=1000 k=50 s=50 FEAT 4000x100: 20 brains (V x seed) in one launch, 18432 steps  [13s]
    C n=4000 k=50 s=50 FEAT 4000x100: 20 brains (V x seed) in one launch, 36864 steps  [38s]
    A n=1000 k=50 s=50 FEAT 4000x100: 20 brains (V x seed) in one launch, 36864 steps  [36s]
    A n=1000 k=50 s=50 FEAT 4000x100: 20 brains (V x seed) in one launch, 18432 steps  [17s]
    B n=2000 k=50 s=50 FEAT 4000x100: 20 brains (V x seed) in one launch, 18432 steps  [18s]
    C n=4000 k=50 s=50 FEAT 4000x100: 20 brains (V x seed) in one launch, 18432 steps  [18s]
    A n=1000 k=50 s=50 FEAT 4000x100: 20 brains (V x seed) in one launch, 18432 steps  [16s]
    B n=2000 k=50 s=50 FEAT 4000x100: 20 brains (V x seed) in one launch, 18432 steps  [13s]
    C n=4000 k=50 s=50 FEAT 4000x100: 20 brains (V x seed) in one launch, 36864 steps  [22s]
    C n=4000 k=50 s=50 FEAT 4000x100: 20 brains (V x seed) in one launch, 18432 steps  [15s]
    A n=1000 k=50 s=50 FEAT 4000x100: 20 brains (V x seed) in one launch, 18432 steps  [15s]
    C n=4000 k=50 s=50 FEAT 4000x100: 20 brains (V x seed) in one launch, 18432 steps  [14s]
    A n=1000 k=50 s=50 FEAT 4000x100: 20 brains (V x seed) in one launch, 18432 steps  [14s]
    B n=2000 k=50 s=50 FEAT 4000x100: 20 brains (V x seed) in one launch, 18432 steps  [16s]
    B n=2000 k=50 s=50 FEAT 4000x100: 20 brains (V x seed) in one launch, 18432 steps  [13s]
    A n=1000 k=50 s=50 FEAT 4000x100: 20 brains (V x seed) in one launch, 9216 steps  [16s]
    B n=2000 k=50 s=50 FEAT 4000x100: 20 brains (V x seed) in one launch, 9216 steps  [12s]
    B n=2000 k=50 s=50 FEAT 4000x100: 20 brains (V x seed) in one launch, 18432 steps  [19s]
    C n=4000 k=50 s=50 FEAT 4000x100: 20 brains (V x seed) in one launch, 18432 steps  [23s]
    A n=1000 k=50 s=50 FEAT 4000x100: 20 brains (V x seed) in one launch, 18432 steps  [21s]
    C n=4000 k=50 s=50 FEAT 4000x100: 20 brains (V x seed) in one launch, 18432 steps  [17s]
    C n=4000 k=50 s=50 FEAT 4000x100: 20 brains (V x seed) in one launch, 9216 steps  [11s]
    A n=1000 k=50 s=50 FEAT 4000x100: 20 brains (V x seed) in one launch, 9216 steps  [12s]
    B n=2000 k=50 s=50 FEAT 4000x100: 20 brains (V x seed) in one launch, 9216 steps  [10s]
    A n=1000 k=50 s=50 FEAT 4000x100: 20 brains (V x seed) in one launch, 9216 steps  [9s]
    B n=2000 k=50 s=50 FEAT 4000x100: 20 brains (V x seed) in one launch, 9216 steps  [10s]
    C n=4000 k=50 s=50 FEAT 4000x100: 20 brains (V x seed) in one launch, 9216 steps  [12s]
    C n=4000 k=50 s=50 FEAT 4000x100: 20 brains (V x seed) in one launch, 36864 steps  [31s]
    C n=4000 k=50 s=50 FEAT 4000x100: 20 brains (V x seed) in one launch, 9216 steps  [10s]
    B n=2000 k=50 s=50 FEAT 4000x100: 20 brains (V x seed) in one launch, 9216 steps  [10s]
    C n=4000 k=50 s=50 FEAT 4000x100: 20 brains (V x seed) in one launch, 9216 steps  [10s]
    A n=1000 k=50 s=50 FEAT 4000x100: 20 brains (V x seed) in one launch, 9216 steps  [10s]
    A n=1000 k=50 s=50 FEAT 4000x100: 20 brains (V x seed) in one launch, 9216 steps  [12s]
    B n=2000 k=50 s=50 FEAT 4000x100: 20 brains (V x seed) in one launch, 9216 steps  [10s]
    C n=4000 k=50 s=50 FEAT 4000x100: 20 brains (V x seed) in one launch, 9216 steps  [9s]
    A n=1000 k=50 s=50 FEAT 4000x100: 20 brains (V x seed) in one launch, 4608 steps  [4s]
    A n=1000 k=50 s=50 FEAT 4000x100: 20 brains (V x seed) in one launch, 9216 steps  [9s]
    B n=2000 k=50 s=50 FEAT 4000x100: 20 brains (V x seed) in one launch, 9216 steps  [10s]
    C n=4000 k=50 s=50 FEAT 4000x100: 20 brains (V x seed) in one launch, 9216 steps  [10s]
    A n=1000 k=50 s=50 FEAT 4000x100: 20 brains (V x seed) in one launch, 9216 steps  [10s]
    C n=4000 k=50 s=50 FEAT 4000x100: 20 brains (V x seed) in one launch, 9216 steps  [10s]
    B n=2000 k=50 s=50 FEAT 4000x100: 20 brains (V x seed) in one launch, 4608 steps  [5s]
    C n=4000 k=50 s=50 FEAT 4000x100: 20 brains (V x seed) in one launch, 4608 steps  [5s]
    B n=2000 k=50 s=50 FEAT 4000x100: 20 brains (V x seed) in one launch, 9216 steps  [12s]
    A n=1000 k=50 s=50 FEAT 4000x100: 20 brains (V x seed) in one launch, 4608 steps  [4s]
    B n=2000 k=50 s=50 FEAT 4000x100: 20 brains (V x seed) in one launch, 4608 steps  [4s]
    C n=4000 k=50 s=50 FEAT 4000x100: 20 brains (V x seed) in one launch, 36864 steps  [36s]
    C n=4000 k=50 s=50 FEAT 4000x100: 20 brains (V x seed) in one launch, 4608 steps  [6s]
    A n=1000 k=50 s=50 FEAT 4000x100: 20 brains (V x seed) in one launch, 4608 steps  [5s]
    B n=2000 k=50 s=50 FEAT 4000x100: 20 brains (V x seed) in one launch, 4608 steps  [6s]
    C n=4000 k=50 s=50 FEAT 4000x100: 20 brains (V x seed) in one launch, 4608 steps  [6s]
    B n=2000 k=50 s=50 FEAT 4000x100: 20 brains (V x seed) in one launch, 4608 steps  [5s]
    A n=1000 k=50 s=50 FEAT 4000x100: 20 brains (V x seed) in one launch, 4608 steps  [6s]
    C n=4000 k=50 s=50 FEAT 4000x100: 20 brains (V x seed) in one launch, 4608 steps  [5s]
    A n=1000 k=50 s=50 FEAT 4000x100: 20 brains (V x seed) in one launch, 4608 steps  [5s]
    C n=4000 k=50 s=50 FEAT 4000x100: 20 brains (V x seed) in one launch, 4608 steps  [5s]
    C n=4000 k=50 s=50 FEAT 4000x100: 20 brains (V x seed) in one launch, 4608 steps  [5s]
    A n=1000 k=50 s=50 FEAT 4000x100: 20 brains (V x seed) in one launch, 4608 steps  [6s]
    B n=2000 k=50 s=50 FEAT 4000x100: 20 brains (V x seed) in one launch, 4608 steps  [5s]
    B n=2000 k=50 s=50 FEAT 4000x100: 20 brains (V x seed) in one launch, 4608 steps  [7s]
    B n=2000 k=50 s=50 FEAT 4000x100: 20 brains (V x seed) in one launch, 4608 steps  [5s]
    A n=1000 k=50 s=50 FEAT 4000x100: 20 brains (V x seed) in one launch, 4608 steps  [5s]
    C n=4000 k=50 s=50 FEAT 4000x100: 20 brains (V x seed) in one launch, 4608 steps  [4s]
    A n=1000 k=50 s=50 FEAT 4000x100: 20 brains (V x seed) in one launch, 2304 steps  [2s]
    B n=2000 k=50 s=50 FEAT 4000x100: 20 brains (V x seed) in one launch, 2304 steps  [2s]
    C n=4000 k=50 s=50 FEAT 4000x100: 20 brains (V x seed) in one launch, 2304 steps  [2s]
    A n=1000 k=50 s=50 FEAT 4000x100: 20 brains (V x seed) in one launch, 2304 steps  [2s]
    C n=4000 k=50 s=50 FEAT 4000x100: 20 brains (V x seed) in one launch, 2304 steps  [2s]
    B n=2000 k=50 s=50 FEAT 4000x100: 20 brains (V x seed) in one launch, 2304 steps  [2s]
    B n=2000 k=50 s=50 FEAT 4000x100: 20 brains (V x seed) in one launch, 2304 steps  [3s]
    C n=4000 k=50 s=50 FEAT 4000x100: 20 brains (V x seed) in one launch, 2304 steps  [2s]
    A n=1000 k=50 s=50 FEAT 4000x100: 20 brains (V x seed) in one launch, 2304 steps  [2s]
    C n=4000 k=50 s=50 FEAT 4000x100: 20 brains (V x seed) in one launch, 2304 steps  [2s]
    B n=2000 k=50 s=50 FEAT 4000x100: 20 brains (V x seed) in one launch, 2304 steps  [2s]
    A n=1000 k=50 s=50 FEAT 4000x100: 20 brains (V x seed) in one launch, 2304 steps  [2s]
    A n=1000 k=50 s=50 FEAT 4000x100: 20 brains (V x seed) in one launch, 2304 steps  [4s]
    B n=2000 k=50 s=50 FEAT 4000x100: 20 brains (V x seed) in one launch, 2304 steps  [2s]
    A n=1000 k=50 s=50 FEAT 4000x100: 20 brains (V x seed) in one launch, 2304 steps  [2s]
    A n=1000 k=50 s=50 FEAT 4000x100: 20 brains (V x seed) in one launch, 1152 steps  [1s]
    B n=2000 k=50 s=50 FEAT 4000x100: 20 brains (V x seed) in one launch, 2304 steps  [3s]
    C n=4000 k=50 s=50 FEAT 4000x100: 20 brains (V x seed) in one launch, 2304 steps  [3s]
    C n=4000 k=50 s=50 FEAT 4000x100: 20 brains (V x seed) in one launch, 2304 steps  [2s]
    A n=1000 k=50 s=50 FEAT 4000x100: 20 brains (V x seed) in one launch, 2304 steps  [2s]
    B n=2000 k=50 s=50 FEAT 4000x100: 20 brains (V x seed) in one launch, 1152 steps  [1s]
    C n=4000 k=50 s=50 FEAT 4000x100: 20 brains (V x seed) in one launch, 1152 steps  [1s]
    B n=2000 k=50 s=50 FEAT 4000x100: 20 brains (V x seed) in one launch, 2304 steps  [2s]
    C n=4000 k=50 s=50 FEAT 4000x100: 20 brains (V x seed) in one launch, 2304 steps  [2s]
    A n=1000 k=50 s=50 FEAT 4000x100: 20 brains (V x seed) in one launch, 1152 steps  [1s]
    B n=2000 k=50 s=50 FEAT 4000x100: 20 brains (V x seed) in one launch, 1152 steps  [1s]
    A n=1000 k=50 s=50 FEAT 4000x100: 20 brains (V x seed) in one launch, 1152 steps  [1s]
    C n=4000 k=50 s=50 FEAT 4000x100: 20 brains (V x seed) in one launch, 1152 steps  [1s]
    C n=4000 k=50 s=50 FEAT 4000x100: 20 brains (V x seed) in one launch, 1152 steps  [1s]
    A n=1000 k=50 s=50 FEAT 4000x100: 20 brains (V x seed) in one launch, 1152 steps  [1s]
    B n=2000 k=50 s=50 FEAT 4000x100: 20 brains (V x seed) in one launch, 1152 steps  [1s]
    B n=2000 k=50 s=50 FEAT 4000x100: 20 brains (V x seed) in one launch, 1152 steps  [1s]
    C n=4000 k=50 s=50 FEAT 4000x100: 20 brains (V x seed) in one launch, 1152 steps  [1s]
    B n=2000 k=50 s=50 FEAT 4000x100: 20 brains (V x seed) in one launch, 1152 steps  [2s]
    A n=1000 k=50 s=50 FEAT 4000x100: 20 brains (V x seed) in one launch, 1152 steps  [2s]
    C n=4000 k=50 s=50 FEAT 4000x100: 20 brains (V x seed) in one launch, 1152 steps  [1s]
    A n=1000 k=50 s=50 FEAT 4000x100: 20 brains (V x seed) in one launch, 1152 steps  [1s]
    B n=2000 k=50 s=50 FEAT 4000x100: 20 brains (V x seed) in one launch, 1152 steps  [1s]
    C n=4000 k=50 s=50 FEAT 4000x100: 20 brains (V x seed) in one launch, 1152 steps  [1s]
    B n=2000 k=50 s=50 FEAT 4000x100: 20 brains (V x seed) in one launch, 1152 steps  [1s]
    A n=1000 k=50 s=50 FEAT 4000x100: 20 brains (V x seed) in one launch, 1152 steps  [1s]
    B n=2000 k=50 s=50 FEAT 4000x100: 20 brains (V x seed) in one launch, 576 steps  [1s]
    C n=4000 k=50 s=50 FEAT 4000x100: 20 brains (V x seed) in one launch, 576 steps  [1s]
    A n=1000 k=50 s=50 FEAT 4000x100: 20 brains (V x seed) in one launch, 576 steps  [1s]
    B n=2000 k=50 s=50 FEAT 4000x100: 20 brains (V x seed) in one launch, 576 steps  [1s]
    C n=4000 k=50 s=50 FEAT 4000x100: 20 brains (V x seed) in one launch, 1152 steps  [1s]
    C n=4000 k=50 s=50 FEAT 4000x100: 20 brains (V x seed) in one launch, 576 steps  [1s]
    B n=2000 k=50 s=50 FEAT 4000x100: 20 brains (V x seed) in one launch, 576 steps  [1s]
    C n=4000 k=50 s=50 FEAT 4000x100: 20 brains (V x seed) in one launch, 576 steps  [1s]
    A n=1000 k=50 s=50 FEAT 4000x100: 20 brains (V x seed) in one launch, 576 steps  [2s]
    A n=1000 k=50 s=50 FEAT 4000x100: 20 brains (V x seed) in one launch, 576 steps  [1s]
    B n=2000 k=50 s=50 FEAT 4000x100: 20 brains (V x seed) in one launch, 576 steps  [1s]
    C n=4000 k=50 s=50 FEAT 4000x100: 20 brains (V x seed) in one launch, 576 steps  [1s]
    B n=2000 k=50 s=50 FEAT 4000x100: 20 brains (V x seed) in one launch, 576 steps  [1s]
    C n=4000 k=50 s=50 FEAT 4000x100: 20 brains (V x seed) in one launch, 576 steps  [1s]
    A n=1000 k=50 s=50 FEAT 4000x100: 20 brains (V x seed) in one launch, 576 steps  [1s]
    A n=1000 k=50 s=50 FEAT 4000x100: 20 brains (V x seed) in one launch, 576 steps  [2s]
    B n=2000 k=50 s=50 FEAT 4000x100: 20 brains (V x seed) in one launch, 576 steps  [1s]
    C n=4000 k=50 s=50 FEAT 4000x100: 20 brains (V x seed) in one launch, 576 steps  [1s]
    B n=2000 k=50 s=50 FEAT 4000x100: 20 brains (V x seed) in one launch, 576 steps  [0s]
    C n=4000 k=50 s=50 FEAT 4000x100: 20 brains (V x seed) in one launch, 576 steps  [0s]
    A n=1000 k=50 s=50 FEAT 4000x100: 20 brains (V x seed) in one launch, 576 steps  [0s]
    A n=1000 k=50 s=50 FEAT 4000x100: 20 brains (V x seed) in one launch, 576 steps  [1s]
p=0.025 beta=0.0125: A 16.0 (20 censored), B 16.0 (20 censored), C 16.0 (20 censored)
p=0.025 beta=0.025: A 16.0 (20 censored), B 16.0 (20 censored), C 93.0 (0 censored)
p=0.025 beta=0.05: A 16.0 (20 censored), B 81.1 (1 censored), C 304.4 (0 censored)
p=0.025 beta=0.1: A 24.5 (9 censored), B 114.0 (0 censored), C 278.2 (0 censored)
p=0.025 beta=0.2: A 62.1 (0 censored), B 154.2 (0 censored), C 299.6 (0 censored)
p=0.025 beta=0.4: A 109.0 (0 censored), B 189.7 (0 censored), C 234.7 (0 censored)
p=0.025 beta=0.8: A 119.4 (0 censored), B 178.7 (0 censored), C 180.8 (0 censored)
    B n=2000 k=50 s=50 FEAT 4000x100: 20 brains (V x seed) in one launch, 36864 steps  [29s]
    A n=1000 k=50 s=50 FEAT 4000x100: 20 brains (V x seed) in one launch, 36864 steps  [28s]
    C n=4000 k=50 s=50 FEAT 4000x100: 20 brains (V x seed) in one launch, 36864 steps  [28s]
    A n=1000 k=50 s=50 FEAT 4000x100: 20 brains (V x seed) in one launch, 36864 steps  [28s]
    B n=2000 k=50 s=50 FEAT 4000x100: 20 brains (V x seed) in one launch, 36864 steps  [26s]
    A n=1000 k=50 s=50 FEAT 4000x100: 20 brains (V x seed) in one launch, 36864 steps  [29s]
    B n=2000 k=50 s=50 FEAT 4000x100: 20 brains (V x seed) in one launch, 36864 steps  [29s]
    C n=4000 k=50 s=50 FEAT 4000x100: 20 brains (V x seed) in one launch, 36864 steps  [33s]
    A n=1000 k=50 s=50 FEAT 4000x100: 20 brains (V x seed) in one launch, 36864 steps  [35s]
    B n=2000 k=50 s=50 FEAT 4000x100: 20 brains (V x seed) in one launch, 36864 steps  [31s]
    B n=2000 k=50 s=50 FEAT 4000x100: 20 brains (V x seed) in one launch, 36864 steps  [47s]
    A n=1000 k=50 s=50 FEAT 4000x100: 20 brains (V x seed) in one launch, 36864 steps  [46s]
    B n=2000 k=50 s=50 FEAT 4000x100: 20 brains (V x seed) in one launch, 36864 steps  [21s]
    C n=4000 k=50 s=50 FEAT 4000x100: 20 brains (V x seed) in one launch, 36864 steps  [23s]
    A n=1000 k=50 s=50 FEAT 4000x100: 20 brains (V x seed) in one launch, 18432 steps  [10s]
    A n=1000 k=50 s=50 FEAT 4000x100: 20 brains (V x seed) in one launch, 36864 steps  [22s]
    B n=2000 k=50 s=50 FEAT 4000x100: 20 brains (V x seed) in one launch, 36864 steps  [21s]
    A n=1000 k=50 s=50 FEAT 4000x100: 20 brains (V x seed) in one launch, 36864 steps  [21s]
    B n=2000 k=50 s=50 FEAT 4000x100: 20 brains (V x seed) in one launch, 18432 steps  [17s]
    A n=1000 k=50 s=50 FEAT 4000x100: 20 brains (V x seed) in one launch, 18432 steps  [13s]
    C n=4000 k=50 s=50 FEAT 4000x100: 20 brains (V x seed) in one launch, 18432 steps  [16s]
    B n=2000 k=50 s=50 FEAT 4000x100: 20 brains (V x seed) in one launch, 18432 steps  [21s]
    C n=4000 k=50 s=50 FEAT 4000x100: 20 brains (V x seed) in one launch, 18432 steps  [12s]
    A n=1000 k=50 s=50 FEAT 4000x100: 20 brains (V x seed) in one launch, 18432 steps  [13s]
    B n=2000 k=50 s=50 FEAT 4000x100: 20 brains (V x seed) in one launch, 18432 steps  [14s]
    C n=4000 k=50 s=50 FEAT 4000x100: 20 brains (V x seed) in one launch, 36864 steps  [33s]
    C n=4000 k=50 s=50 FEAT 4000x100: 20 brains (V x seed) in one launch, 18432 steps  [13s]
    A n=1000 k=50 s=50 FEAT 4000x100: 20 brains (V x seed) in one launch, 18432 steps  [13s]
    B n=2000 k=50 s=50 FEAT 4000x100: 20 brains (V x seed) in one launch, 18432 steps  [12s]
    C n=4000 k=50 s=50 FEAT 4000x100: 20 brains (V x seed) in one launch, 18432 steps  [13s]
    A n=1000 k=50 s=50 FEAT 4000x100: 20 brains (V x seed) in one launch, 18432 steps  [11s]
    B n=2000 k=50 s=50 FEAT 4000x100: 20 brains (V x seed) in one launch, 18432 steps  [9s]
    C n=4000 k=50 s=50 FEAT 4000x100: 20 brains (V x seed) in one launch, 18432 steps  [13s]
    C n=4000 k=50 s=50 FEAT 4000x100: 20 brains (V x seed) in one launch, 36864 steps  [20s]
    A n=1000 k=50 s=50 FEAT 4000x100: 20 brains (V x seed) in one launch, 18432 steps  [14s]
    B n=2000 k=50 s=50 FEAT 4000x100: 20 brains (V x seed) in one launch, 18432 steps  [17s]
    C n=4000 k=50 s=50 FEAT 4000x100: 20 brains (V x seed) in one launch, 18432 steps  [15s]
    A n=1000 k=50 s=50 FEAT 4000x100: 20 brains (V x seed) in one launch, 18432 steps  [13s]
    A n=1000 k=50 s=50 FEAT 4000x100: 20 brains (V x seed) in one launch, 9216 steps  [10s]
    B n=2000 k=50 s=50 FEAT 4000x100: 20 brains (V x seed) in one launch, 9216 steps  [8s]
    C n=4000 k=50 s=50 FEAT 4000x100: 20 brains (V x seed) in one launch, 9216 steps  [7s]
    A n=1000 k=50 s=50 FEAT 4000x100: 20 brains (V x seed) in one launch, 9216 steps  [7s]
    B n=2000 k=50 s=50 FEAT 4000x100: 20 brains (V x seed) in one launch, 9216 steps  [4s]
    C n=4000 k=50 s=50 FEAT 4000x100: 20 brains (V x seed) in one launch, 18432 steps  [17s]
    B n=2000 k=50 s=50 FEAT 4000x100: 20 brains (V x seed) in one launch, 18432 steps  [19s]
    C n=4000 k=50 s=50 FEAT 4000x100: 20 brains (V x seed) in one launch, 9216 steps  [8s]
    A n=1000 k=50 s=50 FEAT 4000x100: 20 brains (V x seed) in one launch, 9216 steps  [8s]
    B n=2000 k=50 s=50 FEAT 4000x100: 20 brains (V x seed) in one launch, 9216 steps  [8s]
    C n=4000 k=50 s=50 FEAT 4000x100: 20 brains (V x seed) in one launch, 9216 steps  [6s]
    C n=4000 k=50 s=50 FEAT 4000x100: 20 brains (V x seed) in one launch, 36864 steps  [23s]
    A n=1000 k=50 s=50 FEAT 4000x100: 20 brains (V x seed) in one launch, 9216 steps  [14s]
    A n=1000 k=50 s=50 FEAT 4000x100: 20 brains (V x seed) in one launch, 9216 steps  [6s]
    A n=1000 k=50 s=50 FEAT 4000x100: 20 brains (V x seed) in one launch, 9216 steps  [12s]
    C n=4000 k=50 s=50 FEAT 4000x100: 20 brains (V x seed) in one launch, 9216 steps  [12s]
    B n=2000 k=50 s=50 FEAT 4000x100: 20 brains (V x seed) in one launch, 9216 steps  [13s]
    C n=4000 k=50 s=50 FEAT 4000x100: 20 brains (V x seed) in one launch, 9216 steps  [11s]
    B n=2000 k=50 s=50 FEAT 4000x100: 20 brains (V x seed) in one launch, 9216 steps  [12s]
    B n=2000 k=50 s=50 FEAT 4000x100: 20 brains (V x seed) in one launch, 4608 steps  [5s]
    A n=1000 k=50 s=50 FEAT 4000x100: 20 brains (V x seed) in one launch, 4608 steps  [5s]
    B n=2000 k=50 s=50 FEAT 4000x100: 20 brains (V x seed) in one launch, 9216 steps  [11s]
    C n=4000 k=50 s=50 FEAT 4000x100: 20 brains (V x seed) in one launch, 9216 steps  [9s]
    A n=1000 k=50 s=50 FEAT 4000x100: 20 brains (V x seed) in one launch, 9216 steps  [9s]
    C n=4000 k=50 s=50 FEAT 4000x100: 20 brains (V x seed) in one launch, 9216 steps  [9s]
    B n=2000 k=50 s=50 FEAT 4000x100: 20 brains (V x seed) in one launch, 9216 steps  [10s]
    A n=1000 k=50 s=50 FEAT 4000x100: 20 brains (V x seed) in one launch, 4608 steps  [6s]
    C n=4000 k=50 s=50 FEAT 4000x100: 20 brains (V x seed) in one launch, 4608 steps  [6s]
    B n=2000 k=50 s=50 FEAT 4000x100: 20 brains (V x seed) in one launch, 4608 steps  [3s]
    C n=4000 k=50 s=50 FEAT 4000x100: 20 brains (V x seed) in one launch, 4608 steps  [4s]
    A n=1000 k=50 s=50 FEAT 4000x100: 20 brains (V x seed) in one launch, 4608 steps  [4s]
    B n=2000 k=50 s=50 FEAT 4000x100: 20 brains (V x seed) in one launch, 4608 steps  [4s]
    C n=4000 k=50 s=50 FEAT 4000x100: 20 brains (V x seed) in one launch, 4608 steps  [4s]
    A n=1000 k=50 s=50 FEAT 4000x100: 20 brains (V x seed) in one launch, 4608 steps  [4s]
    B n=2000 k=50 s=50 FEAT 4000x100: 20 brains (V x seed) in one launch, 4608 steps  [4s]
    C n=4000 k=50 s=50 FEAT 4000x100: 20 brains (V x seed) in one launch, 4608 steps  [4s]
    A n=1000 k=50 s=50 FEAT 4000x100: 20 brains (V x seed) in one launch, 4608 steps  [3s]
    B n=2000 k=50 s=50 FEAT 4000x100: 20 brains (V x seed) in one launch, 4608 steps  [3s]
    C n=4000 k=50 s=50 FEAT 4000x100: 20 brains (V x seed) in one launch, 4608 steps  [4s]
    A n=1000 k=50 s=50 FEAT 4000x100: 20 brains (V x seed) in one launch, 4608 steps  [4s]
    B n=2000 k=50 s=50 FEAT 4000x100: 20 brains (V x seed) in one launch, 4608 steps  [4s]
    C n=4000 k=50 s=50 FEAT 4000x100: 20 brains (V x seed) in one launch, 36864 steps  [35s]
    C n=4000 k=50 s=50 FEAT 4000x100: 20 brains (V x seed) in one launch, 4608 steps  [4s]
    A n=1000 k=50 s=50 FEAT 4000x100: 20 brains (V x seed) in one launch, 4608 steps  [4s]
    B n=2000 k=50 s=50 FEAT 4000x100: 20 brains (V x seed) in one launch, 4608 steps  [3s]
    A n=1000 k=50 s=50 FEAT 4000x100: 20 brains (V x seed) in one launch, 2304 steps  [2s]
    B n=2000 k=50 s=50 FEAT 4000x100: 20 brains (V x seed) in one launch, 2304 steps  [2s]
    C n=4000 k=50 s=50 FEAT 4000x100: 20 brains (V x seed) in one launch, 4608 steps  [3s]
    C n=4000 k=50 s=50 FEAT 4000x100: 20 brains (V x seed) in one launch, 2304 steps  [2s]
    A n=1000 k=50 s=50 FEAT 4000x100: 20 brains (V x seed) in one launch, 2304 steps  [3s]
    C n=4000 k=50 s=50 FEAT 4000x100: 20 brains (V x seed) in one launch, 2304 steps  [2s]
    B n=2000 k=50 s=50 FEAT 4000x100: 20 brains (V x seed) in one launch, 2304 steps  [3s]
    A n=1000 k=50 s=50 FEAT 4000x100: 20 brains (V x seed) in one launch, 2304 steps  [3s]
    B n=2000 k=50 s=50 FEAT 4000x100: 20 brains (V x seed) in one launch, 2304 steps  [2s]
    C n=4000 k=50 s=50 FEAT 4000x100: 20 brains (V x seed) in one launch, 2304 steps  [2s]
    A n=1000 k=50 s=50 FEAT 4000x100: 20 brains (V x seed) in one launch, 2304 steps  [2s]
    B n=2000 k=50 s=50 FEAT 4000x100: 20 brains (V x seed) in one launch, 2304 steps  [2s]
    C n=4000 k=50 s=50 FEAT 4000x100: 20 brains (V x seed) in one launch, 2304 steps  [3s]
    A n=1000 k=50 s=50 FEAT 4000x100: 20 brains (V x seed) in one launch, 2304 steps  [3s]
    B n=2000 k=50 s=50 FEAT 4000x100: 20 brains (V x seed) in one launch, 2304 steps  [3s]
    C n=4000 k=50 s=50 FEAT 4000x100: 20 brains (V x seed) in one launch, 2304 steps  [3s]
    A n=1000 k=50 s=50 FEAT 4000x100: 20 brains (V x seed) in one launch, 2304 steps  [2s]
    B n=2000 k=50 s=50 FEAT 4000x100: 20 brains (V x seed) in one launch, 2304 steps  [2s]
    C n=4000 k=50 s=50 FEAT 4000x100: 20 brains (V x seed) in one launch, 2304 steps  [2s]
    A n=1000 k=50 s=50 FEAT 4000x100: 20 brains (V x seed) in one launch, 2304 steps  [2s]
    A n=1000 k=50 s=50 FEAT 4000x100: 20 brains (V x seed) in one launch, 1152 steps  [1s]
    C n=4000 k=50 s=50 FEAT 4000x100: 20 brains (V x seed) in one launch, 1152 steps  [1s]
    B n=2000 k=50 s=50 FEAT 4000x100: 20 brains (V x seed) in one launch, 1152 steps  [1s]
    A n=1000 k=50 s=50 FEAT 4000x100: 20 brains (V x seed) in one launch, 1152 steps  [1s]
    B n=2000 k=50 s=50 FEAT 4000x100: 20 brains (V x seed) in one launch, 1152 steps  [1s]
    C n=4000 k=50 s=50 FEAT 4000x100: 20 brains (V x seed) in one launch, 1152 steps  [1s]
    C n=4000 k=50 s=50 FEAT 4000x100: 20 brains (V x seed) in one launch, 2304 steps  [2s]
    B n=2000 k=50 s=50 FEAT 4000x100: 20 brains (V x seed) in one launch, 2304 steps  [2s]
    A n=1000 k=50 s=50 FEAT 4000x100: 20 brains (V x seed) in one launch, 1152 steps  [1s]
    C n=4000 k=50 s=50 FEAT 4000x100: 20 brains (V x seed) in one launch, 1152 steps  [1s]
    B n=2000 k=50 s=50 FEAT 4000x100: 20 brains (V x seed) in one launch, 1152 steps  [1s]
    A n=1000 k=50 s=50 FEAT 4000x100: 20 brains (V x seed) in one launch, 1152 steps  [1s]
    B n=2000 k=50 s=50 FEAT 4000x100: 20 brains (V x seed) in one launch, 1152 steps  [1s]
    C n=4000 k=50 s=50 FEAT 4000x100: 20 brains (V x seed) in one launch, 1152 steps  [1s]
    A n=1000 k=50 s=50 FEAT 4000x100: 20 brains (V x seed) in one launch, 1152 steps  [1s]
    B n=2000 k=50 s=50 FEAT 4000x100: 20 brains (V x seed) in one launch, 1152 steps  [1s]
    C n=4000 k=50 s=50 FEAT 4000x100: 20 brains (V x seed) in one launch, 1152 steps  [1s]
    A n=1000 k=50 s=50 FEAT 4000x100: 20 brains (V x seed) in one launch, 1152 steps  [1s]
    B n=2000 k=50 s=50 FEAT 4000x100: 20 brains (V x seed) in one launch, 1152 steps  [1s]
    C n=4000 k=50 s=50 FEAT 4000x100: 20 brains (V x seed) in one launch, 1152 steps  [1s]
    A n=1000 k=50 s=50 FEAT 4000x100: 20 brains (V x seed) in one launch, 576 steps  [0s]
    A n=1000 k=50 s=50 FEAT 4000x100: 20 brains (V x seed) in one launch, 1152 steps  [1s]
    B n=2000 k=50 s=50 FEAT 4000x100: 20 brains (V x seed) in one launch, 1152 steps  [1s]
    B n=2000 k=50 s=50 FEAT 4000x100: 20 brains (V x seed) in one launch, 576 steps  [0s]
    C n=4000 k=50 s=50 FEAT 4000x100: 20 brains (V x seed) in one launch, 576 steps  [0s]
    A n=1000 k=50 s=50 FEAT 4000x100: 20 brains (V x seed) in one launch, 576 steps  [0s]
    B n=2000 k=50 s=50 FEAT 4000x100: 20 brains (V x seed) in one launch, 576 steps  [0s]
    C n=4000 k=50 s=50 FEAT 4000x100: 20 brains (V x seed) in one launch, 1152 steps  [1s]
    C n=4000 k=50 s=50 FEAT 4000x100: 20 brains (V x seed) in one launch, 576 steps  [1s]
    A n=1000 k=50 s=50 FEAT 4000x100: 20 brains (V x seed) in one launch, 576 steps  [1s]
    B n=2000 k=50 s=50 FEAT 4000x100: 20 brains (V x seed) in one launch, 576 steps  [1s]
    C n=4000 k=50 s=50 FEAT 4000x100: 20 brains (V x seed) in one launch, 576 steps  [1s]
    B n=2000 k=50 s=50 FEAT 4000x100: 20 brains (V x seed) in one launch, 576 steps  [1s]
    A n=1000 k=50 s=50 FEAT 4000x100: 20 brains (V x seed) in one launch, 576 steps  [1s]
    A n=1000 k=50 s=50 FEAT 4000x100: 20 brains (V x seed) in one launch, 576 steps  [1s]
    C n=4000 k=50 s=50 FEAT 4000x100: 20 brains (V x seed) in one launch, 576 steps  [1s]
    B n=2000 k=50 s=50 FEAT 4000x100: 20 brains (V x seed) in one launch, 576 steps  [1s]
    C n=4000 k=50 s=50 FEAT 4000x100: 20 brains (V x seed) in one launch, 576 steps  [1s]
    A n=1000 k=50 s=50 FEAT 4000x100: 20 brains (V x seed) in one launch, 576 steps  [1s]
    B n=2000 k=50 s=50 FEAT 4000x100: 20 brains (V x seed) in one launch, 576 steps  [1s]
    C n=4000 k=50 s=50 FEAT 4000x100: 20 brains (V x seed) in one launch, 576 steps  [1s]
    A n=1000 k=50 s=50 FEAT 4000x100: 20 brains (V x seed) in one launch, 576 steps  [1s]
    B n=2000 k=50 s=50 FEAT 4000x100: 20 brains (V x seed) in one launch, 576 steps  [0s]
    C n=4000 k=50 s=50 FEAT 4000x100: 20 brains (V x seed) in one launch, 576 steps  [0s]
p=0.05 beta=0.0125: A 16.0 (20 censored), B 16.0 (20 censored), C 16.1 (19 censored)
p=0.05 beta=0.025: A 16.0 (20 censored), B 17.1 (19 censored), C 303.3 (0 censored)
p=0.05 beta=0.05: A 16.0 (20 censored), B 190.2 (0 censored), C 509.2 (0 censored)
p=0.05 beta=0.1: A 58.1 (3 censored), B 154.2 (0 censored), C 333.9 (0 censored)
p=0.05 beta=0.2: A 66.5 (0 censored), B 153.3 (0 censored), C 277.7 (0 censored)
p=0.05 beta=0.4: A 95.5 (0 censored), B 163.1 (0 censored), C 175.6 (0 censored)
p=0.05 beta=0.8: A 110.1 (0 censored), B 149.1 (0 censored), C 157.2 (0 censored)
    A n=1000 k=50 s=50 FEAT 4000x100: 20 brains (V x seed) in one launch, 36864 steps  [41s]
    C n=4000 k=50 s=50 FEAT 4000x100: 20 brains (V x seed) in one launch, 36864 steps  [42s]
    A n=1000 k=50 s=50 FEAT 4000x100: 20 brains (V x seed) in one launch, 36864 steps  [42s]
    B n=2000 k=50 s=50 FEAT 4000x100: 20 brains (V x seed) in one launch, 36864 steps  [43s]
    B n=2000 k=50 s=50 FEAT 4000x100: 20 brains (V x seed) in one launch, 36864 steps  [42s]
    C n=4000 k=50 s=50 FEAT 4000x100: 20 brains (V x seed) in one launch, 36864 steps  [44s]
    B n=2000 k=50 s=50 FEAT 4000x100: 20 brains (V x seed) in one launch, 36864 steps  [47s]
    A n=1000 k=50 s=50 FEAT 4000x100: 20 brains (V x seed) in one launch, 36864 steps  [50s]
    A n=1000 k=50 s=50 FEAT 4000x100: 20 brains (V x seed) in one launch, 36864 steps  [42s]
    C n=4000 k=50 s=50 FEAT 4000x100: 20 brains (V x seed) in one launch, 36864 steps  [40s]
    B n=2000 k=50 s=50 FEAT 4000x100: 20 brains (V x seed) in one launch, 36864 steps  [45s]
    A n=1000 k=50 s=50 FEAT 4000x100: 20 brains (V x seed) in one launch, 36864 steps  [43s]
    B n=2000 k=50 s=50 FEAT 4000x100: 20 brains (V x seed) in one launch, 36864 steps  [37s]
    A n=1000 k=50 s=50 FEAT 4000x100: 20 brains (V x seed) in one launch, 36864 steps  [44s]
    B n=2000 k=50 s=50 FEAT 4000x100: 20 brains (V x seed) in one launch, 36864 steps  [39s]
    C n=4000 k=50 s=50 FEAT 4000x100: 20 brains (V x seed) in one launch, 36864 steps  [47s]
    B n=2000 k=50 s=50 FEAT 4000x100: 20 brains (V x seed) in one launch, 18432 steps  [19s]
    A n=1000 k=50 s=50 FEAT 4000x100: 20 brains (V x seed) in one launch, 18432 steps  [21s]
    C n=4000 k=50 s=50 FEAT 4000x100: 20 brains (V x seed) in one launch, 18432 steps  [21s]
    B n=2000 k=50 s=50 FEAT 4000x100: 20 brains (V x seed) in one launch, 36864 steps  [43s]
    B n=2000 k=50 s=50 FEAT 4000x100: 20 brains (V x seed) in one launch, 18432 steps  [20s]
    A n=1000 k=50 s=50 FEAT 4000x100: 20 brains (V x seed) in one launch, 18432 steps  [22s]
    C n=4000 k=50 s=50 FEAT 4000x100: 20 brains (V x seed) in one launch, 18432 steps  [20s]
    A n=1000 k=50 s=50 FEAT 4000x100: 20 brains (V x seed) in one launch, 36864 steps  [44s]
    A n=1000 k=50 s=50 FEAT 4000x100: 20 brains (V x seed) in one launch, 18432 steps  [19s]
    B n=2000 k=50 s=50 FEAT 4000x100: 20 brains (V x seed) in one launch, 18432 steps  [22s]
    C n=4000 k=50 s=50 FEAT 4000x100: 20 brains (V x seed) in one launch, 36864 steps  [35s]
    C n=4000 k=50 s=50 FEAT 4000x100: 20 brains (V x seed) in one launch, 18432 steps  [23s]
    C n=4000 k=50 s=50 FEAT 4000x100: 20 brains (V x seed) in one launch, 18432 steps  [20s]
    A n=1000 k=50 s=50 FEAT 4000x100: 20 brains (V x seed) in one launch, 18432 steps  [25s]
    B n=2000 k=50 s=50 FEAT 4000x100: 20 brains (V x seed) in one launch, 18432 steps  [24s]
    C n=4000 k=50 s=50 FEAT 4000x100: 20 brains (V x seed) in one launch, 18432 steps  [24s]
    B n=2000 k=50 s=50 FEAT 4000x100: 20 brains (V x seed) in one launch, 18432 steps  [31s]
    C n=4000 k=50 s=50 FEAT 4000x100: 20 brains (V x seed) in one launch, 18432 steps  [29s]
    A n=1000 k=50 s=50 FEAT 4000x100: 20 brains (V x seed) in one launch, 18432 steps  [26s]
    A n=1000 k=50 s=50 FEAT 4000x100: 20 brains (V x seed) in one launch, 18432 steps  [33s]
    A n=1000 k=50 s=50 FEAT 4000x100: 20 brains (V x seed) in one launch, 9216 steps  [12s]
    B n=2000 k=50 s=50 FEAT 4000x100: 20 brains (V x seed) in one launch, 9216 steps  [12s]
    C n=4000 k=50 s=50 FEAT 4000x100: 20 brains (V x seed) in one launch, 9216 steps  [8s]
    C n=4000 k=50 s=50 FEAT 4000x100: 20 brains (V x seed) in one launch, 18432 steps  [21s]
    B n=2000 k=50 s=50 FEAT 4000x100: 20 brains (V x seed) in one launch, 18432 steps  [22s]
    B n=2000 k=50 s=50 FEAT 4000x100: 20 brains (V x seed) in one launch, 18432 steps  [22s]
    A n=1000 k=50 s=50 FEAT 4000x100: 20 brains (V x seed) in one launch, 9216 steps  [14s]
    A n=1000 k=50 s=50 FEAT 4000x100: 20 brains (V x seed) in one launch, 18432 steps  [28s]
    B n=2000 k=50 s=50 FEAT 4000x100: 20 brains (V x seed) in one launch, 9216 steps  [8s]
    C n=4000 k=50 s=50 FEAT 4000x100: 20 brains (V x seed) in one launch, 36864 steps  [58s]
    C n=4000 k=50 s=50 FEAT 4000x100: 20 brains (V x seed) in one launch, 9216 steps  [9s]
    A n=1000 k=50 s=50 FEAT 4000x100: 20 brains (V x seed) in one launch, 9216 steps  [11s]
    B n=2000 k=50 s=50 FEAT 4000x100: 20 brains (V x seed) in one launch, 9216 steps  [11s]
    C n=4000 k=50 s=50 FEAT 4000x100: 20 brains (V x seed) in one launch, 9216 steps  [11s]
    B n=2000 k=50 s=50 FEAT 4000x100: 20 brains (V x seed) in one launch, 9216 steps  [10s]
    A n=1000 k=50 s=50 FEAT 4000x100: 20 brains (V x seed) in one launch, 9216 steps  [10s]
    C n=4000 k=50 s=50 FEAT 4000x100: 20 brains (V x seed) in one launch, 9216 steps  [9s]
    A n=1000 k=50 s=50 FEAT 4000x100: 20 brains (V x seed) in one launch, 9216 steps  [10s]
    B n=2000 k=50 s=50 FEAT 4000x100: 20 brains (V x seed) in one launch, 9216 steps  [9s]
    C n=4000 k=50 s=50 FEAT 4000x100: 20 brains (V x seed) in one launch, 9216 steps  [9s]
    A n=1000 k=50 s=50 FEAT 4000x100: 20 brains (V x seed) in one launch, 9216 steps  [11s]
    C n=4000 k=50 s=50 FEAT 4000x100: 20 brains (V x seed) in one launch, 9216 steps  [10s]
    B n=2000 k=50 s=50 FEAT 4000x100: 20 brains (V x seed) in one launch, 9216 steps  [11s]
    A n=1000 k=50 s=50 FEAT 4000x100: 20 brains (V x seed) in one launch, 9216 steps  [12s]
    A n=1000 k=50 s=50 FEAT 4000x100: 20 brains (V x seed) in one launch, 4608 steps  [8s]
    B n=2000 k=50 s=50 FEAT 4000x100: 20 brains (V x seed) in one launch, 9216 steps  [14s]
    B n=2000 k=50 s=50 FEAT 4000x100: 20 brains (V x seed) in one launch, 4608 steps  [7s]
    C n=4000 k=50 s=50 FEAT 4000x100: 20 brains (V x seed) in one launch, 4608 steps  [7s]
    A n=1000 k=50 s=50 FEAT 4000x100: 20 brains (V x seed) in one launch, 4608 steps  [7s]
    C n=4000 k=50 s=50 FEAT 4000x100: 20 brains (V x seed) in one launch, 9216 steps  [14s]
    B n=2000 k=50 s=50 FEAT 4000x100: 20 brains (V x seed) in one launch, 4608 steps  [6s]
    C n=4000 k=50 s=50 FEAT 4000x100: 20 brains (V x seed) in one launch, 4608 steps  [5s]
    A n=1000 k=50 s=50 FEAT 4000x100: 20 brains (V x seed) in one launch, 4608 steps  [5s]
    B n=2000 k=50 s=50 FEAT 4000x100: 20 brains (V x seed) in one launch, 4608 steps  [5s]
    C n=4000 k=50 s=50 FEAT 4000x100: 20 brains (V x seed) in one launch, 4608 steps  [5s]
    A n=1000 k=50 s=50 FEAT 4000x100: 20 brains (V x seed) in one launch, 4608 steps  [5s]
    B n=2000 k=50 s=50 FEAT 4000x100: 20 brains (V x seed) in one launch, 4608 steps  [5s]
    C n=4000 k=50 s=50 FEAT 4000x100: 20 brains (V x seed) in one launch, 4608 steps  [6s]
    A n=1000 k=50 s=50 FEAT 4000x100: 20 brains (V x seed) in one launch, 4608 steps  [6s]
    B n=2000 k=50 s=50 FEAT 4000x100: 20 brains (V x seed) in one launch, 4608 steps  [5s]
    C n=4000 k=50 s=50 FEAT 4000x100: 20 brains (V x seed) in one launch, 4608 steps  [5s]
    A n=1000 k=50 s=50 FEAT 4000x100: 20 brains (V x seed) in one launch, 4608 steps  [5s]
    B n=2000 k=50 s=50 FEAT 4000x100: 20 brains (V x seed) in one launch, 4608 steps  [5s]
    C n=4000 k=50 s=50 FEAT 4000x100: 20 brains (V x seed) in one launch, 36864 steps  [43s]
    C n=4000 k=50 s=50 FEAT 4000x100: 20 brains (V x seed) in one launch, 4608 steps  [5s]
    A n=1000 k=50 s=50 FEAT 4000x100: 20 brains (V x seed) in one launch, 2304 steps  [2s]
    B n=2000 k=50 s=50 FEAT 4000x100: 20 brains (V x seed) in one launch, 2304 steps  [2s]
    C n=4000 k=50 s=50 FEAT 4000x100: 20 brains (V x seed) in one launch, 2304 steps  [2s]
    A n=1000 k=50 s=50 FEAT 4000x100: 20 brains (V x seed) in one launch, 4608 steps  [5s]
    B n=2000 k=50 s=50 FEAT 4000x100: 20 brains (V x seed) in one launch, 4608 steps  [5s]
    B n=2000 k=50 s=50 FEAT 4000x100: 20 brains (V x seed) in one launch, 2304 steps  [2s]
    C n=4000 k=50 s=50 FEAT 4000x100: 20 brains (V x seed) in one launch, 2304 steps  [2s]
    A n=1000 k=50 s=50 FEAT 4000x100: 20 brains (V x seed) in one launch, 2304 steps  [3s]
    A n=1000 k=50 s=50 FEAT 4000x100: 20 brains (V x seed) in one launch, 2304 steps  [2s]
    C n=4000 k=50 s=50 FEAT 4000x100: 20 brains (V x seed) in one launch, 4608 steps  [5s]
    B n=2000 k=50 s=50 FEAT 4000x100: 20 brains (V x seed) in one launch, 2304 steps  [2s]
    C n=4000 k=50 s=50 FEAT 4000x100: 20 brains (V x seed) in one launch, 2304 steps  [3s]
    A n=1000 k=50 s=50 FEAT 4000x100: 20 brains (V x seed) in one launch, 2304 steps  [3s]
    B n=2000 k=50 s=50 FEAT 4000x100: 20 brains (V x seed) in one launch, 2304 steps  [3s]
    C n=4000 k=50 s=50 FEAT 4000x100: 20 brains (V x seed) in one launch, 2304 steps  [3s]
    A n=1000 k=50 s=50 FEAT 4000x100: 20 brains (V x seed) in one launch, 2304 steps  [3s]
    C n=4000 k=50 s=50 FEAT 4000x100: 20 brains (V x seed) in one launch, 2304 steps  [3s]
    B n=2000 k=50 s=50 FEAT 4000x100: 20 brains (V x seed) in one launch, 2304 steps  [3s]
    A n=1000 k=50 s=50 FEAT 4000x100: 20 brains (V x seed) in one launch, 2304 steps  [3s]
    B n=2000 k=50 s=50 FEAT 4000x100: 20 brains (V x seed) in one launch, 2304 steps  [4s]
    C n=4000 k=50 s=50 FEAT 4000x100: 20 brains (V x seed) in one launch, 2304 steps  [4s]
    A n=1000 k=50 s=50 FEAT 4000x100: 20 brains (V x seed) in one launch, 1152 steps  [2s]
    B n=2000 k=50 s=50 FEAT 4000x100: 20 brains (V x seed) in one launch, 1152 steps  [2s]
    C n=4000 k=50 s=50 FEAT 4000x100: 20 brains (V x seed) in one launch, 1152 steps  [2s]
    A n=1000 k=50 s=50 FEAT 4000x100: 20 brains (V x seed) in one launch, 1152 steps  [1s]
    A n=1000 k=50 s=50 FEAT 4000x100: 20 brains (V x seed) in one launch, 2304 steps  [4s]
    B n=2000 k=50 s=50 FEAT 4000x100: 20 brains (V x seed) in one launch, 2304 steps  [4s]
    B n=2000 k=50 s=50 FEAT 4000x100: 20 brains (V x seed) in one launch, 1152 steps  [1s]
    C n=4000 k=50 s=50 FEAT 4000x100: 20 brains (V x seed) in one launch, 1152 steps  [1s]
    B n=2000 k=50 s=50 FEAT 4000x100: 20 brains (V x seed) in one launch, 1152 steps  [1s]
    C n=4000 k=50 s=50 FEAT 4000x100: 20 brains (V x seed) in one launch, 2304 steps  [4s]
    A n=1000 k=50 s=50 FEAT 4000x100: 20 brains (V x seed) in one launch, 1152 steps  [2s]
    C n=4000 k=50 s=50 FEAT 4000x100: 20 brains (V x seed) in one launch, 1152 steps  [1s]
    A n=1000 k=50 s=50 FEAT 4000x100: 20 brains (V x seed) in one launch, 1152 steps  [1s]
    B n=2000 k=50 s=50 FEAT 4000x100: 20 brains (V x seed) in one launch, 1152 steps  [1s]
    C n=4000 k=50 s=50 FEAT 4000x100: 20 brains (V x seed) in one launch, 1152 steps  [1s]
    A n=1000 k=50 s=50 FEAT 4000x100: 20 brains (V x seed) in one launch, 1152 steps  [1s]
    B n=2000 k=50 s=50 FEAT 4000x100: 20 brains (V x seed) in one launch, 1152 steps  [1s]
    C n=4000 k=50 s=50 FEAT 4000x100: 20 brains (V x seed) in one launch, 1152 steps  [1s]
    A n=1000 k=50 s=50 FEAT 4000x100: 20 brains (V x seed) in one launch, 1152 steps  [1s]
    B n=2000 k=50 s=50 FEAT 4000x100: 20 brains (V x seed) in one launch, 1152 steps  [1s]
    A n=1000 k=50 s=50 FEAT 4000x100: 20 brains (V x seed) in one launch, 576 steps  [1s]
    C n=4000 k=50 s=50 FEAT 4000x100: 20 brains (V x seed) in one launch, 1152 steps  [1s]
    B n=2000 k=50 s=50 FEAT 4000x100: 20 brains (V x seed) in one launch, 576 steps  [1s]
    A n=1000 k=50 s=50 FEAT 4000x100: 20 brains (V x seed) in one launch, 1152 steps  [1s]
    C n=4000 k=50 s=50 FEAT 4000x100: 20 brains (V x seed) in one launch, 576 steps  [1s]
    B n=2000 k=50 s=50 FEAT 4000x100: 20 brains (V x seed) in one launch, 1152 steps  [1s]
    A n=1000 k=50 s=50 FEAT 4000x100: 20 brains (V x seed) in one launch, 576 steps  [1s]
    B n=2000 k=50 s=50 FEAT 4000x100: 20 brains (V x seed) in one launch, 576 steps  [1s]
    C n=4000 k=50 s=50 FEAT 4000x100: 20 brains (V x seed) in one launch, 1152 steps  [1s]
    C n=4000 k=50 s=50 FEAT 4000x100: 20 brains (V x seed) in one launch, 576 steps  [1s]
    A n=1000 k=50 s=50 FEAT 4000x100: 20 brains (V x seed) in one launch, 576 steps  [1s]
    B n=2000 k=50 s=50 FEAT 4000x100: 20 brains (V x seed) in one launch, 576 steps  [1s]
    C n=4000 k=50 s=50 FEAT 4000x100: 20 brains (V x seed) in one launch, 576 steps  [1s]
    A n=1000 k=50 s=50 FEAT 4000x100: 20 brains (V x seed) in one launch, 576 steps  [1s]
    B n=2000 k=50 s=50 FEAT 4000x100: 20 brains (V x seed) in one launch, 576 steps  [1s]
    C n=4000 k=50 s=50 FEAT 4000x100: 20 brains (V x seed) in one launch, 576 steps  [1s]
    A n=1000 k=50 s=50 FEAT 4000x100: 20 brains (V x seed) in one launch, 576 steps  [1s]
    B n=2000 k=50 s=50 FEAT 4000x100: 20 brains (V x seed) in one launch, 576 steps  [1s]
    C n=4000 k=50 s=50 FEAT 4000x100: 20 brains (V x seed) in one launch, 576 steps  [1s]
    A n=1000 k=50 s=50 FEAT 4000x100: 20 brains (V x seed) in one launch, 576 steps  [1s]
    B n=2000 k=50 s=50 FEAT 4000x100: 20 brains (V x seed) in one launch, 576 steps  [1s]
    C n=4000 k=50 s=50 FEAT 4000x100: 20 brains (V x seed) in one launch, 576 steps  [1s]
    A n=1000 k=50 s=50 FEAT 4000x100: 20 brains (V x seed) in one launch, 576 steps  [1s]
    B n=2000 k=50 s=50 FEAT 4000x100: 20 brains (V x seed) in one launch, 576 steps  [1s]
    C n=4000 k=50 s=50 FEAT 4000x100: 20 brains (V x seed) in one launch, 576 steps  [1s]
p=0.1 beta=0.0125: A 16.0 (20 censored), B 16.0 (20 censored), C 61.0 (1 censored)
p=0.1 beta=0.025: A 16.0 (20 censored), B 23.7 (18 censored), C 777.5 (0 censored)
p=0.1 beta=0.05: A 21.3 (16 censored), B 321.9 (0 censored), C 695.6 (0 censored)
p=0.1 beta=0.1: A 80.3 (1 censored), B 215.5 (0 censored), C 311.9 (0 censored)
p=0.1 beta=0.2: A 55.1 (2 censored), B 138.7 (0 censored), C 171.2 (0 censored)
p=0.1 beta=0.4: A 69.9 (0 censored), B 118.5 (0 censored), C 137.7 (0 censored)
p=0.1 beta=0.8: A 67.8 (0 censored), B 89.8 (0 censored), C 118.0 (0 censored)
