    B n=2000 k=50 s=50 FEAT 4000x100: 20 brains (V x seed) in one launch, 36864 steps  [19s]
    A n=1000 k=50 s=50 FEAT 4000x100: 20 brains (V x seed) in one launch, 36864 steps  [18s]
    F n=1400 k=50 s=50 FEAT 4000x100: 20 brains (V x seed) in one launch, 36864 steps  [18s]
    G n=2800 k=50 s=50 FEAT 4000x100: 20 brains (V x seed) in one launch, 36864 steps  [18s]
    G n=2800 k=50 s=50 FEAT 4000x100: 20 brains (V x seed) in one launch, 36864 steps  [17s]
    F n=1400 k=50 s=50 FEAT 4000x100: 20 brains (V x seed) in one launch, 36864 steps  [17s]
    F n=1400 k=50 s=50 FEAT 4000x100: 20 brains (V x seed) in one launch, 36864 steps  [18s]
    A n=1000 k=50 s=50 FEAT 4000x100: 20 brains (V x seed) in one launch, 36864 steps  [18s]
    B n=2000 k=50 s=50 FEAT 4000x100: 20 brains (V x seed) in one launch, 36864 steps  [20s]
    B n=2000 k=50 s=50 FEAT 4000x100: 20 brains (V x seed) in one launch, 36864 steps  [18s]
    G n=2800 k=50 s=50 FEAT 4000x100: 20 brains (V x seed) in one launch, 36864 steps  [21s]
    A n=1000 k=50 s=50 FEAT 4000x100: 20 brains (V x seed) in one launch, 36864 steps  [21s]
    F n=1400 k=50 s=50 FEAT 4000x100: 20 brains (V x seed) in one launch, 36864 steps  [16s]
    B n=2000 k=50 s=50 FEAT 4000x100: 20 brains (V x seed) in one launch, 36864 steps  [17s]
    G n=2800 k=50 s=50 FEAT 4000x100: 20 brains (V x seed) in one launch, 36864 steps  [15s]
    A n=1000 k=50 s=50 FEAT 4000x100: 20 brains (V x seed) in one launch, 36864 steps  [17s]
    A n=1000 k=50 s=50 FEAT 4000x100: 20 brains (V x seed) in one launch, 36864 steps  [15s]
    F n=1400 k=50 s=50 FEAT 4000x100: 20 brains (V x seed) in one launch, 36864 steps  [14s]
    B n=2000 k=50 s=50 FEAT 4000x100: 20 brains (V x seed) in one launch, 36864 steps  [15s]
    G n=2800 k=50 s=50 FEAT 4000x100: 20 brains (V x seed) in one launch, 36864 steps  [18s]
    A n=1000 k=50 s=50 FEAT 4000x100: 20 brains (V x seed) in one launch, 36864 steps  [14s]
    F n=1400 k=50 s=50 FEAT 4000x100: 20 brains (V x seed) in one launch, 36864 steps  [15s]
    C n=4000 k=50 s=50 FEAT 4000x100: 20 brains (V x seed) in one launch, 36864 steps  [17s]
    B n=2000 k=50 s=50 FEAT 4000x100: 20 brains (V x seed) in one launch, 36864 steps  [17s]
    C n=4000 k=50 s=50 FEAT 4000x100: 20 brains (V x seed) in one launch, 36864 steps  [16s]
    A n=1000 k=50 s=50 FEAT 4000x100: 20 brains (V x seed) in one launch, 36864 steps  [16s]
    G n=2800 k=50 s=50 FEAT 4000x100: 20 brains (V x seed) in one launch, 36864 steps  [16s]
    F n=1400 k=50 s=50 FEAT 4000x100: 20 brains (V x seed) in one launch, 36864 steps  [15s]
    A n=1000 k=50 s=50 FEAT 4000x100: 20 brains (V x seed) in one launch, 18432 steps  [20s]
    G n=2800 k=50 s=50 FEAT 4000x100: 20 brains (V x seed) in one launch, 36864 steps  [25s]
    B n=2000 k=50 s=50 FEAT 4000x100: 20 brains (V x seed) in one launch, 36864 steps  [27s]
    F n=1400 k=50 s=50 FEAT 4000x100: 20 brains (V x seed) in one launch, 18432 steps  [8s]
    B n=2000 k=50 s=50 FEAT 4000x100: 20 brains (V x seed) in one launch, 18432 steps  [9s]
    G n=2800 k=50 s=50 FEAT 4000x100: 20 brains (V x seed) in one launch, 18432 steps  [9s]
    C n=4000 k=50 s=50 FEAT 4000x100: 20 brains (V x seed) in one launch, 36864 steps  [34s]
    C n=4000 k=50 s=50 FEAT 4000x100: 20 brains (V x seed) in one launch, 18432 steps  [7s]
    C n=4000 k=50 s=50 FEAT 4000x100: 20 brains (V x seed) in one launch, 36864 steps  [15s]
    A n=1000 k=50 s=50 FEAT 4000x100: 20 brains (V x seed) in one launch, 18432 steps  [10s]
    F n=1400 k=50 s=50 FEAT 4000x100: 20 brains (V x seed) in one launch, 18432 steps  [9s]
    B n=2000 k=50 s=50 FEAT 4000x100: 20 brains (V x seed) in one launch, 18432 steps  [10s]
    G n=2800 k=50 s=50 FEAT 4000x100: 20 brains (V x seed) in one launch, 18432 steps  [9s]
    C n=4000 k=50 s=50 FEAT 4000x100: 20 brains (V x seed) in one launch, 18432 steps  [8s]
    A n=1000 k=50 s=50 FEAT 4000x100: 20 brains (V x seed) in one launch, 18432 steps  [8s]
    F n=1400 k=50 s=50 FEAT 4000x100: 20 brains (V x seed) in one launch, 18432 steps  [9s]
    B n=2000 k=50 s=50 FEAT 4000x100: 20 brains (V x seed) in one launch, 18432 steps  [9s]
    G n=2800 k=50 s=50 FEAT 4000x100: 20 brains (V x seed) in one launch, 18432 steps  [9s]
    C n=4000 k=50 s=50 FEAT 4000x100: 20 brains (V x seed) in one launch, 18432 steps  [8s]
    C n=4000 k=50 s=50 FEAT 4000x100: 20 brains (V x seed) in one launch, 36864 steps  [16s]
    A n=1000 k=50 s=50 FEAT 4000x100: 20 brains (V x seed) in one launch, 18432 steps  [8s]
    F n=1400 k=50 s=50 FEAT 4000x100: 20 brains (V x seed) in one launch, 18432 steps  [8s]
    B n=2000 k=50 s=50 FEAT 4000x100: 20 brains (V x seed) in one launch, 18432 steps  [8s]
    G n=2800 k=50 s=50 FEAT 4000x100: 20 brains (V x seed) in one launch, 18432 steps  [8s]
    C n=4000 k=50 s=50 FEAT 4000x100: 20 brains (V x seed) in one launch, 18432 steps  [8s]
    A n=1000 k=50 s=50 FEAT 4000x100: 20 brains (V x seed) in one launch, 18432 steps  [8s]
    F n=1400 k=50 s=50 FEAT 4000x100: 20 brains (V x seed) in one launch, 18432 steps  [7s]
    B n=2000 k=50 s=50 FEAT 4000x100: 20 brains (V x seed) in one launch, 18432 steps  [7s]
    G n=2800 k=50 s=50 FEAT 4000x100: 20 brains (V x seed) in one launch, 18432 steps  [8s]
    C n=4000 k=50 s=50 FEAT 4000x100: 20 brains (V x seed) in one launch, 18432 steps  [8s]
    A n=1000 k=50 s=50 FEAT 4000x100: 20 brains (V x seed) in one launch, 18432 steps  [7s]
    F n=1400 k=50 s=50 FEAT 4000x100: 20 brains (V x seed) in one launch, 18432 steps  [7s]
    B n=2000 k=50 s=50 FEAT 4000x100: 20 brains (V x seed) in one launch, 18432 steps  [7s]
    G n=2800 k=50 s=50 FEAT 4000x100: 20 brains (V x seed) in one launch, 18432 steps  [7s]
    C n=4000 k=50 s=50 FEAT 4000x100: 20 brains (V x seed) in one launch, 18432 steps  [7s]
    A n=1000 k=50 s=50 FEAT 4000x100: 20 brains (V x seed) in one launch, 9216 steps  [6s]
    A n=1000 k=50 s=50 FEAT 4000x100: 20 brains (V x seed) in one launch, 18432 steps  [14s]
    F n=1400 k=50 s=50 FEAT 4000x100: 20 brains (V x seed) in one launch, 18432 steps  [13s]
    C n=4000 k=50 s=50 FEAT 4000x100: 20 brains (V x seed) in one launch, 18432 steps  [10s]
    G n=2800 k=50 s=50 FEAT 4000x100: 20 brains (V x seed) in one launch, 18432 steps  [11s]
    B n=2000 k=50 s=50 FEAT 4000x100: 20 brains (V x seed) in one launch, 18432 steps  [13s]
    F n=1400 k=50 s=50 FEAT 4000x100: 20 brains (V x seed) in one launch, 9216 steps  [5s]
    G n=2800 k=50 s=50 FEAT 4000x100: 20 brains (V x seed) in one launch, 9216 steps  [4s]
    B n=2000 k=50 s=50 FEAT 4000x100: 20 brains (V x seed) in one launch, 9216 steps  [5s]
    F n=1400 k=50 s=50 FEAT 4000x100: 20 brains (V x seed) in one launch, 9216 steps  [5s]
    A n=1000 k=50 s=50 FEAT 4000x100: 20 brains (V x seed) in one launch, 9216 steps  [5s]
    C n=4000 k=50 s=50 FEAT 4000x100: 20 brains (V x seed) in one launch, 9216 steps  [6s]
    B n=2000 k=50 s=50 FEAT 4000x100: 20 brains (V x seed) in one launch, 9216 steps  [5s]
    G n=2800 k=50 s=50 FEAT 4000x100: 20 brains (V x seed) in one launch, 9216 steps  [5s]
    C n=4000 k=50 s=50 FEAT 4000x100: 20 brains (V x seed) in one launch, 9216 steps  [6s]
    F n=1400 k=50 s=50 FEAT 4000x100: 20 brains (V x seed) in one launch, 9216 steps  [4s]
    A n=1000 k=50 s=50 FEAT 4000x100: 20 brains (V x seed) in one launch, 9216 steps  [4s]
    B n=2000 k=50 s=50 FEAT 4000x100: 20 brains (V x seed) in one launch, 9216 steps  [5s]
    G n=2800 k=50 s=50 FEAT 4000x100: 20 brains (V x seed) in one launch, 9216 steps  [4s]
    C n=4000 k=50 s=50 FEAT 4000x100: 20 brains (V x seed) in one launch, 36864 steps  [21s]
    C n=4000 k=50 s=50 FEAT 4000x100: 20 brains (V x seed) in one launch, 9216 steps  [5s]
    A n=1000 k=50 s=50 FEAT 4000x100: 20 brains (V x seed) in one launch, 9216 steps  [5s]
    F n=1400 k=50 s=50 FEAT 4000x100: 20 brains (V x seed) in one launch, 9216 steps  [5s]
    B n=2000 k=50 s=50 FEAT 4000x100: 20 brains (V x seed) in one launch, 9216 steps  [5s]
    G n=2800 k=50 s=50 FEAT 4000x100: 20 brains (V x seed) in one launch, 9216 steps  [5s]
    C n=4000 k=50 s=50 FEAT 4000x100: 20 brains (V x seed) in one launch, 9216 steps  [5s]
    A n=1000 k=50 s=50 FEAT 4000x100: 20 brains (V x seed) in one launch, 9216 steps  [5s]
    F n=1400 k=50 s=50 FEAT 4000x100: 20 brains (V x seed) in one launch, 9216 steps  [5s]
    C n=4000 k=50 s=50 FEAT 4000x100: 20 brains (V x seed) in one launch, 36864 steps  [18s]
    B n=2000 k=50 s=50 FEAT 4000x100: 20 brains (V x seed) in one launch, 9216 steps  [4s]
    C n=4000 k=50 s=50 FEAT 4000x100: 20 brains (V x seed) in one launch, 9216 steps  [4s]
    G n=2800 k=50 s=50 FEAT 4000x100: 20 brains (V x seed) in one launch, 9216 steps  [4s]
    A n=1000 k=50 s=50 FEAT 4000x100: 20 brains (V x seed) in one launch, 9216 steps  [5s]
    F n=1400 k=50 s=50 FEAT 4000x100: 20 brains (V x seed) in one launch, 9216 steps  [4s]
    B n=2000 k=50 s=50 FEAT 4000x100: 20 brains (V x seed) in one launch, 9216 steps  [4s]
    G n=2800 k=50 s=50 FEAT 4000x100: 20 brains (V x seed) in one launch, 9216 steps  [5s]
    C n=4000 k=50 s=50 FEAT 4000x100: 20 brains (V x seed) in one launch, 9216 steps  [4s]
    A n=1000 k=50 s=50 FEAT 4000x100: 20 brains (V x seed) in one launch, 9216 steps  [5s]
    F n=1400 k=50 s=50 FEAT 4000x100: 20 brains (V x seed) in one launch, 9216 steps  [4s]
    B n=2000 k=50 s=50 FEAT 4000x100: 20 brains (V x seed) in one launch, 9216 steps  [4s]
    A n=1000 k=50 s=50 FEAT 4000x100: 20 brains (V x seed) in one launch, 4608 steps  [3s]
    F n=1400 k=50 s=50 FEAT 4000x100: 20 brains (V x seed) in one launch, 4608 steps  [2s]
    G n=2800 k=50 s=50 FEAT 4000x100: 20 brains (V x seed) in one launch, 9216 steps  [5s]
    B n=2000 k=50 s=50 FEAT 4000x100: 20 brains (V x seed) in one launch, 4608 steps  [3s]
    C n=4000 k=50 s=50 FEAT 4000x100: 20 brains (V x seed) in one launch, 9216 steps  [5s]
    G n=2800 k=50 s=50 FEAT 4000x100: 20 brains (V x seed) in one launch, 4608 steps  [3s]
    C n=4000 k=50 s=50 FEAT 4000x100: 20 brains (V x seed) in one launch, 4608 steps  [3s]
    A n=1000 k=50 s=50 FEAT 4000x100: 20 brains (V x seed) in one launch, 4608 steps  [3s]
    F n=1400 k=50 s=50 FEAT 4000x100: 20 brains (V x seed) in one launch, 4608 steps  [2s]
    B n=2000 k=50 s=50 FEAT 4000x100: 20 brains (V x seed) in one launch, 4608 steps  [2s]
    G n=2800 k=50 s=50 FEAT 4000x100: 20 brains (V x seed) in one launch, 4608 steps  [2s]
    C n=4000 k=50 s=50 FEAT 4000x100: 20 brains (V x seed) in one launch, 4608 steps  [2s]
    A n=1000 k=50 s=50 FEAT 4000x100: 20 brains (V x seed) in one launch, 4608 steps  [2s]
    F n=1400 k=50 s=50 FEAT 4000x100: 20 brains (V x seed) in one launch, 4608 steps  [2s]
    B n=2000 k=50 s=50 FEAT 4000x100: 20 brains (V x seed) in one launch, 4608 steps  [2s]
    G n=2800 k=50 s=50 FEAT 4000x100: 20 brains (V x seed) in one launch, 4608 steps  [2s]
    C n=4000 k=50 s=50 FEAT 4000x100: 20 brains (V x seed) in one launch, 4608 steps  [2s]
    A n=1000 k=50 s=50 FEAT 4000x100: 20 brains (V x seed) in one launch, 4608 steps  [2s]
    F n=1400 k=50 s=50 FEAT 4000x100: 20 brains (V x seed) in one launch, 4608 steps  [2s]
    B n=2000 k=50 s=50 FEAT 4000x100: 20 brains (V x seed) in one launch, 4608 steps  [2s]
    G n=2800 k=50 s=50 FEAT 4000x100: 20 brains (V x seed) in one launch, 4608 steps  [2s]
    C n=4000 k=50 s=50 FEAT 4000x100: 20 brains (V x seed) in one launch, 4608 steps  [2s]
    A n=1000 k=50 s=50 FEAT 4000x100: 20 brains (V x seed) in one launch, 4608 steps  [2s]
    F n=1400 k=50 s=50 FEAT 4000x100: 20 brains (V x seed) in one launch, 4608 steps  [2s]
    B n=2000 k=50 s=50 FEAT 4000x100: 20 brains (V x seed) in one launch, 4608 steps  [2s]
    G n=2800 k=50 s=50 FEAT 4000x100: 20 brains (V x seed) in one launch, 4608 steps  [2s]
    C n=4000 k=50 s=50 FEAT 4000x100: 20 brains (V x seed) in one launch, 4608 steps  [2s]
    A n=1000 k=50 s=50 FEAT 4000x100: 20 brains (V x seed) in one launch, 4608 steps  [2s]
    F n=1400 k=50 s=50 FEAT 4000x100: 20 brains (V x seed) in one launch, 4608 steps  [2s]
    G n=2800 k=50 s=50 FEAT 4000x100: 20 brains (V x seed) in one launch, 4608 steps  [2s]
    B n=2000 k=50 s=50 FEAT 4000x100: 20 brains (V x seed) in one launch, 4608 steps  [2s]
    C n=4000 k=50 s=50 FEAT 4000x100: 20 brains (V x seed) in one launch, 4608 steps  [2s]
    A n=1000 k=50 s=50 FEAT 4000x100: 20 brains (V x seed) in one launch, 4608 steps  [2s]
    F n=1400 k=50 s=50 FEAT 4000x100: 20 brains (V x seed) in one launch, 4608 steps  [2s]
    B n=2000 k=50 s=50 FEAT 4000x100: 20 brains (V x seed) in one launch, 4608 steps  [2s]
    A n=1000 k=50 s=50 FEAT 4000x100: 20 brains (V x seed) in one launch, 2304 steps  [1s]
    F n=1400 k=50 s=50 FEAT 4000x100: 20 brains (V x seed) in one launch, 2304 steps  [1s]
    B n=2000 k=50 s=50 FEAT 4000x100: 20 brains (V x seed) in one launch, 2304 steps  [1s]
    G n=2800 k=50 s=50 FEAT 4000x100: 20 brains (V x seed) in one launch, 4608 steps  [3s]
    G n=2800 k=50 s=50 FEAT 4000x100: 20 brains (V x seed) in one launch, 2304 steps  [1s]
    C n=4000 k=50 s=50 FEAT 4000x100: 20 brains (V x seed) in one launch, 4608 steps  [3s]
    C n=4000 k=50 s=50 FEAT 4000x100: 20 brains (V x seed) in one launch, 2304 steps  [1s]
    A n=1000 k=50 s=50 FEAT 4000x100: 20 brains (V x seed) in one launch, 2304 steps  [1s]
    F n=1400 k=50 s=50 FEAT 4000x100: 20 brains (V x seed) in one launch, 2304 steps  [1s]
    G n=2800 k=50 s=50 FEAT 4000x100: 20 brains (V x seed) in one launch, 2304 steps  [1s]
    B n=2000 k=50 s=50 FEAT 4000x100: 20 brains (V x seed) in one launch, 2304 steps  [1s]
    A n=1000 k=50 s=50 FEAT 4000x100: 20 brains (V x seed) in one launch, 2304 steps  [1s]
    C n=4000 k=50 s=50 FEAT 4000x100: 20 brains (V x seed) in one launch, 2304 steps  [1s]
    B n=2000 k=50 s=50 FEAT 4000x100: 20 brains (V x seed) in one launch, 2304 steps  [1s]
    F n=1400 k=50 s=50 FEAT 4000x100: 20 brains (V x seed) in one launch, 2304 steps  [1s]
    G n=2800 k=50 s=50 FEAT 4000x100: 20 brains (V x seed) in one launch, 2304 steps  [1s]
    C n=4000 k=50 s=50 FEAT 4000x100: 20 brains (V x seed) in one launch, 2304 steps  [1s]
    A n=1000 k=50 s=50 FEAT 4000x100: 20 brains (V x seed) in one launch, 2304 steps  [1s]
    F n=1400 k=50 s=50 FEAT 4000x100: 20 brains (V x seed) in one launch, 2304 steps  [1s]
    B n=2000 k=50 s=50 FEAT 4000x100: 20 brains (V x seed) in one launch, 2304 steps  [1s]
    G n=2800 k=50 s=50 FEAT 4000x100: 20 brains (V x seed) in one launch, 2304 steps  [1s]
    C n=4000 k=50 s=50 FEAT 4000x100: 20 brains (V x seed) in one launch, 2304 steps  [1s]
    A n=1000 k=50 s=50 FEAT 4000x100: 20 brains (V x seed) in one launch, 2304 steps  [1s]
    B n=2000 k=50 s=50 FEAT 4000x100: 20 brains (V x seed) in one launch, 2304 steps  [1s]
    F n=1400 k=50 s=50 FEAT 4000x100: 20 brains (V x seed) in one launch, 2304 steps  [1s]
    G n=2800 k=50 s=50 FEAT 4000x100: 20 brains (V x seed) in one launch, 2304 steps  [1s]
    C n=4000 k=50 s=50 FEAT 4000x100: 20 brains (V x seed) in one launch, 2304 steps  [1s]
    A n=1000 k=50 s=50 FEAT 4000x100: 20 brains (V x seed) in one launch, 2304 steps  [1s]
    F n=1400 k=50 s=50 FEAT 4000x100: 20 brains (V x seed) in one launch, 2304 steps  [1s]
    B n=2000 k=50 s=50 FEAT 4000x100: 20 brains (V x seed) in one launch, 2304 steps  [1s]
    G n=2800 k=50 s=50 FEAT 4000x100: 20 brains (V x seed) in one launch, 2304 steps  [1s]
    A n=1000 k=50 s=50 FEAT 4000x100: 20 brains (V x seed) in one launch, 2304 steps  [1s]
    C n=4000 k=50 s=50 FEAT 4000x100: 20 brains (V x seed) in one launch, 2304 steps  [1s]
    A n=1000 k=50 s=50 FEAT 4000x100: 20 brains (V x seed) in one launch, 1152 steps  [1s]
    F n=1400 k=50 s=50 FEAT 4000x100: 20 brains (V x seed) in one launch, 1152 steps  [1s]
    F n=1400 k=50 s=50 FEAT 4000x100: 20 brains (V x seed) in one launch, 2304 steps  [1s]
    B n=2000 k=50 s=50 FEAT 4000x100: 20 brains (V x seed) in one launch, 2304 steps  [1s]
    C n=4000 k=50 s=50 FEAT 4000x100: 20 brains (V x seed) in one launch, 2304 steps  [1s]
    G n=2800 k=50 s=50 FEAT 4000x100: 20 brains (V x seed) in one launch, 2304 steps  [1s]
    B n=2000 k=50 s=50 FEAT 4000x100: 20 brains (V x seed) in one launch, 1152 steps  [1s]
    G n=2800 k=50 s=50 FEAT 4000x100: 20 brains (V x seed) in one launch, 1152 steps  [1s]
    C n=4000 k=50 s=50 FEAT 4000x100: 20 brains (V x seed) in one launch, 1152 steps  [1s]
    F n=1400 k=50 s=50 FEAT 4000x100: 20 brains (V x seed) in one launch, 1152 steps  [1s]
    A n=1000 k=50 s=50 FEAT 4000x100: 20 brains (V x seed) in one launch, 1152 steps  [1s]
    B n=2000 k=50 s=50 FEAT 4000x100: 20 brains (V x seed) in one launch, 1152 steps  [1s]
    G n=2800 k=50 s=50 FEAT 4000x100: 20 brains (V x seed) in one launch, 1152 steps  [1s]
    C n=4000 k=50 s=50 FEAT 4000x100: 20 brains (V x seed) in one launch, 1152 steps  [1s]
    A n=1000 k=50 s=50 FEAT 4000x100: 20 brains (V x seed) in one launch, 1152 steps  [1s]
    F n=1400 k=50 s=50 FEAT 4000x100: 20 brains (V x seed) in one launch, 1152 steps  [1s]
    B n=2000 k=50 s=50 FEAT 4000x100: 20 brains (V x seed) in one launch, 1152 steps  [1s]
    C n=4000 k=50 s=50 FEAT 4000x100: 20 brains (V x seed) in one launch, 1152 steps  [1s]
    G n=2800 k=50 s=50 FEAT 4000x100: 20 brains (V x seed) in one launch, 1152 steps  [1s]
    A n=1000 k=50 s=50 FEAT 4000x100: 20 brains (V x seed) in one launch, 1152 steps  [1s]
    B n=2000 k=50 s=50 FEAT 4000x100: 20 brains (V x seed) in one launch, 1152 steps  [1s]
    F n=1400 k=50 s=50 FEAT 4000x100: 20 brains (V x seed) in one launch, 1152 steps  [1s]
    G n=2800 k=50 s=50 FEAT 4000x100: 20 brains (V x seed) in one launch, 1152 steps  [1s]
    C n=4000 k=50 s=50 FEAT 4000x100: 20 brains (V x seed) in one launch, 1152 steps  [1s]
    A n=1000 k=50 s=50 FEAT 4000x100: 20 brains (V x seed) in one launch, 1152 steps  [1s]
    F n=1400 k=50 s=50 FEAT 4000x100: 20 brains (V x seed) in one launch, 1152 steps  [1s]
    B n=2000 k=50 s=50 FEAT 4000x100: 20 brains (V x seed) in one launch, 1152 steps  [1s]
    G n=2800 k=50 s=50 FEAT 4000x100: 20 brains (V x seed) in one launch, 1152 steps  [1s]
    C n=4000 k=50 s=50 FEAT 4000x100: 20 brains (V x seed) in one launch, 1152 steps  [1s]
    A n=1000 k=50 s=50 FEAT 4000x100: 20 brains (V x seed) in one launch, 1152 steps  [1s]
    F n=1400 k=50 s=50 FEAT 4000x100: 20 brains (V x seed) in one launch, 1152 steps  [1s]
    B n=2000 k=50 s=50 FEAT 4000x100: 20 brains (V x seed) in one launch, 1152 steps  [1s]
    G n=2800 k=50 s=50 FEAT 4000x100: 20 brains (V x seed) in one launch, 1152 steps  [1s]
    C n=4000 k=50 s=50 FEAT 4000x100: 20 brains (V x seed) in one launch, 1152 steps  [1s]
    A n=1000 k=50 s=50 FEAT 4000x100: 20 brains (V x seed) in one launch, 1152 steps  [1s]
    F n=1400 k=50 s=50 FEAT 4000x100: 20 brains (V x seed) in one launch, 1152 steps  [1s]
    A n=1000 k=50 s=50 FEAT 4000x100: 20 brains (V x seed) in one launch, 576 steps  [0s]
    G n=2800 k=50 s=50 FEAT 4000x100: 20 brains (V x seed) in one launch, 1152 steps  [1s]
    B n=2000 k=50 s=50 FEAT 4000x100: 20 brains (V x seed) in one launch, 1152 steps  [1s]
    F n=1400 k=50 s=50 FEAT 4000x100: 20 brains (V x seed) in one launch, 576 steps  [0s]
    C n=4000 k=50 s=50 FEAT 4000x100: 20 brains (V x seed) in one launch, 1152 steps  [1s]
    G n=2800 k=50 s=50 FEAT 4000x100: 20 brains (V x seed) in one launch, 576 steps  [0s]
    B n=2000 k=50 s=50 FEAT 4000x100: 20 brains (V x seed) in one launch, 576 steps  [0s]
    C n=4000 k=50 s=50 FEAT 4000x100: 20 brains (V x seed) in one launch, 576 steps  [0s]
    A n=1000 k=50 s=50 FEAT 4000x100: 20 brains (V x seed) in one launch, 576 steps  [0s]
    F n=1400 k=50 s=50 FEAT 4000x100: 20 brains (V x seed) in one launch, 576 steps  [0s]
    B n=2000 k=50 s=50 FEAT 4000x100: 20 brains (V x seed) in one launch, 576 steps  [0s]
    G n=2800 k=50 s=50 FEAT 4000x100: 20 brains (V x seed) in one launch, 576 steps  [0s]
    C n=4000 k=50 s=50 FEAT 4000x100: 20 brains (V x seed) in one launch, 576 steps  [0s]
    A n=1000 k=50 s=50 FEAT 4000x100: 20 brains (V x seed) in one launch, 576 steps  [0s]
    F n=1400 k=50 s=50 FEAT 4000x100: 20 brains (V x seed) in one launch, 576 steps  [0s]
    B n=2000 k=50 s=50 FEAT 4000x100: 20 brains (V x seed) in one launch, 576 steps  [0s]
    G n=2800 k=50 s=50 FEAT 4000x100: 20 brains (V x seed) in one launch, 576 steps  [0s]
    C n=4000 k=50 s=50 FEAT 4000x100: 20 brains (V x seed) in one launch, 576 steps  [0s]
    A n=1000 k=50 s=50 FEAT 4000x100: 20 brains (V x seed) in one launch, 576 steps  [0s]
    F n=1400 k=50 s=50 FEAT 4000x100: 20 brains (V x seed) in one launch, 576 steps  [0s]
    G n=2800 k=50 s=50 FEAT 4000x100: 20 brains (V x seed) in one launch, 576 steps  [0s]
    B n=2000 k=50 s=50 FEAT 4000x100: 20 brains (V x seed) in one launch, 576 steps  [0s]
    C n=4000 k=50 s=50 FEAT 4000x100: 20 brains (V x seed) in one launch, 576 steps  [0s]
    A n=1000 k=50 s=50 FEAT 4000x100: 20 brains (V x seed) in one launch, 576 steps  [0s]
    F n=1400 k=50 s=50 FEAT 4000x100: 20 brains (V x seed) in one launch, 576 steps  [0s]
    B n=2000 k=50 s=50 FEAT 4000x100: 20 brains (V x seed) in one launch, 576 steps  [0s]
    G n=2800 k=50 s=50 FEAT 4000x100: 20 brains (V x seed) in one launch, 576 steps  [0s]
    C n=4000 k=50 s=50 FEAT 4000x100: 20 brains (V x seed) in one launch, 576 steps  [0s]
    F n=1400 k=50 s=50 FEAT 4000x100: 20 brains (V x seed) in one launch, 576 steps  [0s]
    A n=1000 k=50 s=50 FEAT 4000x100: 20 brains (V x seed) in one launch, 576 steps  [0s]
    B n=2000 k=50 s=50 FEAT 4000x100: 20 brains (V x seed) in one launch, 576 steps  [0s]
    G n=2800 k=50 s=50 FEAT 4000x100: 20 brains (V x seed) in one launch, 576 steps  [0s]
    C n=4000 k=50 s=50 FEAT 4000x100: 20 brains (V x seed) in one launch, 576 steps  [0s]
    A n=1000 k=50 s=50 FEAT 4000x100: 20 brains (V x seed) in one launch, 576 steps  [0s]
    F n=1400 k=50 s=50 FEAT 4000x100: 20 brains (V x seed) in one launch, 576 steps  [0s]
    B n=2000 k=50 s=50 FEAT 4000x100: 20 brains (V x seed) in one launch, 576 steps  [0s]
    G n=2800 k=50 s=50 FEAT 4000x100: 20 brains (V x seed) in one launch, 576 steps  [0s]
    C n=4000 k=50 s=50 FEAT 4000x100: 20 brains (V x seed) in one launch, 576 steps  [0s]
p=0.025 beta=0.0125: A 16.0 (20 censored), F 16.0 (20 censored), B 16.0 (20 censored), G 16.0 (20 censored), C 16.0 (20 censored)
p=0.025 beta=0.025: A 16.0 (20 censored), F 16.0 (20 censored), B 16.0 (20 censored), G 31.2 (7 censored), C 96.3 (0 censored)
p=0.025 beta=0.05: A 16.0 (20 censored), F 21.2 (14 censored), B 110.2 (0 censored), G 197.5 (0 censored), C 296.7 (0 censored)
p=0.025 beta=0.1: A 34.9 (5 censored), F 76.1 (0 censored), B 126.2 (0 censored), G 188.5 (0 censored), C 271.3 (0 censored)
p=0.025 beta=0.2: A 68.3 (0 censored), F 116.0 (0 censored), B 162.8 (0 censored), G 232.4 (0 censored), C 298.7 (0 censored)
p=0.025 beta=0.4: A 114.3 (0 censored), F 156.6 (0 censored), B 193.8 (0 censored), G 225.8 (0 censored), C 237.8 (0 censored)
p=0.025 beta=0.8: A 117.7 (0 censored), F 158.8 (0 censored), B 172.0 (0 censored), G 191.0 (0 censored), C 182.8 (0 censored)
    A n=1000 k=50 s=50 FEAT 4000x100: 20 brains (V x seed) in one launch, 36864 steps  [20s]
    B n=2000 k=50 s=50 FEAT 4000x100: 20 brains (V x seed) in one launch, 36864 steps  [20s]
    F n=1400 k=50 s=50 FEAT 4000x100: 20 brains (V x seed) in one launch, 36864 steps  [20s]
    G n=2800 k=50 s=50 FEAT 4000x100: 20 brains (V x seed) in one launch, 36864 steps  [19s]
    F n=1400 k=50 s=50 FEAT 4000x100: 20 brains (V x seed) in one launch, 36864 steps  [19s]
    G n=2800 k=50 s=50 FEAT 4000x100: 20 brains (V x seed) in one launch, 36864 steps  [19s]
    A n=1000 k=50 s=50 FEAT 4000x100: 20 brains (V x seed) in one launch, 36864 steps  [19s]
    F n=1400 k=50 s=50 FEAT 4000x100: 20 brains (V x seed) in one launch, 36864 steps  [20s]
    B n=2000 k=50 s=50 FEAT 4000x100: 20 brains (V x seed) in one launch, 36864 steps  [20s]
    G n=2800 k=50 s=50 FEAT 4000x100: 20 brains (V x seed) in one launch, 36864 steps  [19s]
    A n=1000 k=50 s=50 FEAT 4000x100: 20 brains (V x seed) in one launch, 36864 steps  [18s]
    A n=1000 k=50 s=50 FEAT 4000x100: 20 brains (V x seed) in one launch, 36864 steps  [20s]
    B n=2000 k=50 s=50 FEAT 4000x100: 20 brains (V x seed) in one launch, 36864 steps  [16s]
    F n=1400 k=50 s=50 FEAT 4000x100: 20 brains (V x seed) in one launch, 36864 steps  [22s]
    B n=2000 k=50 s=50 FEAT 4000x100: 20 brains (V x seed) in one launch, 36864 steps  [23s]
    G n=2800 k=50 s=50 FEAT 4000x100: 20 brains (V x seed) in one launch, 36864 steps  [22s]
    A n=1000 k=50 s=50 FEAT 4000x100: 20 brains (V x seed) in one launch, 36864 steps  [16s]
    F n=1400 k=50 s=50 FEAT 4000x100: 20 brains (V x seed) in one launch, 36864 steps  [19s]
    B n=2000 k=50 s=50 FEAT 4000x100: 20 brains (V x seed) in one launch, 36864 steps  [18s]
    G n=2800 k=50 s=50 FEAT 4000x100: 20 brains (V x seed) in one launch, 36864 steps  [18s]
    A n=1000 k=50 s=50 FEAT 4000x100: 20 brains (V x seed) in one launch, 36864 steps  [18s]
    F n=1400 k=50 s=50 FEAT 4000x100: 20 brains (V x seed) in one launch, 36864 steps  [20s]
    C n=4000 k=50 s=50 FEAT 4000x100: 20 brains (V x seed) in one launch, 36864 steps  [23s]
    B n=2000 k=50 s=50 FEAT 4000x100: 20 brains (V x seed) in one launch, 36864 steps  [24s]
    C n=4000 k=50 s=50 FEAT 4000x100: 20 brains (V x seed) in one launch, 36864 steps  [20s]
    A n=1000 k=50 s=50 FEAT 4000x100: 20 brains (V x seed) in one launch, 36864 steps  [22s]
    F n=1400 k=50 s=50 FEAT 4000x100: 20 brains (V x seed) in one launch, 36864 steps  [21s]
    G n=2800 k=50 s=50 FEAT 4000x100: 20 brains (V x seed) in one launch, 36864 steps  [22s]
    A n=1000 k=50 s=50 FEAT 4000x100: 20 brains (V x seed) in one launch, 18432 steps  [21s]
    B n=2000 k=50 s=50 FEAT 4000x100: 20 brains (V x seed) in one launch, 36864 steps  [31s]
    G n=2800 k=50 s=50 FEAT 4000x100: 20 brains (V x seed) in one launch, 36864 steps  [26s]
    F n=1400 k=50 s=50 FEAT 4000x100: 20 brains (V x seed) in one launch, 18432 steps  [8s]
    G n=2800 k=50 s=50 FEAT 4000x100: 20 brains (V x seed) in one launch, 18432 steps  [9s]
    B n=2000 k=50 s=50 FEAT 4000x100: 20 brains (V x seed) in one launch, 18432 steps  [10s]
    C n=4000 k=50 s=50 FEAT 4000x100: 20 brains (V x seed) in one launch, 36864 steps  [37s]
    C n=4000 k=50 s=50 FEAT 4000x100: 20 brains (V x seed) in one launch, 18432 steps  [8s]
    C n=4000 k=50 s=50 FEAT 4000x100: 20 brains (V x seed) in one launch, 36864 steps  [16s]
    A n=1000 k=50 s=50 FEAT 4000x100: 20 brains (V x seed) in one launch, 18432 steps  [11s]
    F n=1400 k=50 s=50 FEAT 4000x100: 20 brains (V x seed) in one launch, 18432 steps  [11s]
    B n=2000 k=50 s=50 FEAT 4000x100: 20 brains (V x seed) in one launch, 18432 steps  [10s]
    G n=2800 k=50 s=50 FEAT 4000x100: 20 brains (V x seed) in one launch, 18432 steps  [9s]
    C n=4000 k=50 s=50 FEAT 4000x100: 20 brains (V x seed) in one launch, 18432 steps  [9s]
    A n=1000 k=50 s=50 FEAT 4000x100: 20 brains (V x seed) in one launch, 18432 steps  [9s]
    F n=1400 k=50 s=50 FEAT 4000x100: 20 brains (V x seed) in one launch, 18432 steps  [9s]
    B n=2000 k=50 s=50 FEAT 4000x100: 20 brains (V x seed) in one launch, 18432 steps  [8s]
    G n=2800 k=50 s=50 FEAT 4000x100: 20 brains (V x seed) in one launch, 18432 steps  [9s]
    C n=4000 k=50 s=50 FEAT 4000x100: 20 brains (V x seed) in one launch, 36864 steps  [17s]
    C n=4000 k=50 s=50 FEAT 4000x100: 20 brains (V x seed) in one launch, 18432 steps  [9s]
    A n=1000 k=50 s=50 FEAT 4000x100: 20 brains (V x seed) in one launch, 18432 steps  [8s]
    F n=1400 k=50 s=50 FEAT 4000x100: 20 brains (V x seed) in one launch, 18432 steps  [8s]
    B n=2000 k=50 s=50 FEAT 4000x100: 20 brains (V x seed) in one launch, 18432 steps  [8s]
    G n=2800 k=50 s=50 FEAT 4000x100: 20 brains (V x seed) in one launch, 18432 steps  [8s]
    C n=4000 k=50 s=50 FEAT 4000x100: 20 brains (V x seed) in one launch, 18432 steps  [8s]
    A n=1000 k=50 s=50 FEAT 4000x100: 20 brains (V x seed) in one launch, 18432 steps  [8s]
    F n=1400 k=50 s=50 FEAT 4000x100: 20 brains (V x seed) in one launch, 18432 steps  [8s]
    B n=2000 k=50 s=50 FEAT 4000x100: 20 brains (V x seed) in one launch, 18432 steps  [8s]
    G n=2800 k=50 s=50 FEAT 4000x100: 20 brains (V x seed) in one launch, 18432 steps  [8s]
    C n=4000 k=50 s=50 FEAT 4000x100: 20 brains (V x seed) in one launch, 18432 steps  [8s]
    A n=1000 k=50 s=50 FEAT 4000x100: 20 brains (V x seed) in one launch, 18432 steps  [8s]
    F n=1400 k=50 s=50 FEAT 4000x100: 20 brains (V x seed) in one launch, 18432 steps  [8s]
    B n=2000 k=50 s=50 FEAT 4000x100: 20 brains (V x seed) in one launch, 18432 steps  [8s]
    G n=2800 k=50 s=50 FEAT 4000x100: 20 brains (V x seed) in one launch, 18432 steps  [8s]
    C n=4000 k=50 s=50 FEAT 4000x100: 20 brains (V x seed) in one launch, 18432 steps  [8s]
    A n=1000 k=50 s=50 FEAT 4000x100: 20 brains (V x seed) in one launch, 18432 steps  [15s]
    A n=1000 k=50 s=50 FEAT 4000x100: 20 brains (V x seed) in one launch, 9216 steps  [7s]
    G n=2800 k=50 s=50 FEAT 4000x100: 20 brains (V x seed) in one launch, 18432 steps  [11s]
    C n=4000 k=50 s=50 FEAT 4000x100: 20 brains (V x seed) in one launch, 18432 steps  [10s]
    B n=2000 k=50 s=50 FEAT 4000x100: 20 brains (V x seed) in one launch, 18432 steps  [13s]
    F n=1400 k=50 s=50 FEAT 4000x100: 20 brains (V x seed) in one launch, 18432 steps  [15s]
    F n=1400 k=50 s=50 FEAT 4000x100: 20 brains (V x seed) in one launch, 9216 steps  [5s]
    B n=2000 k=50 s=50 FEAT 4000x100: 20 brains (V x seed) in one launch, 9216 steps  [5s]
    G n=2800 k=50 s=50 FEAT 4000x100: 20 brains (V x seed) in one launch, 9216 steps  [6s]
    C n=4000 k=50 s=50 FEAT 4000x100: 20 brains (V x seed) in one launch, 9216 steps  [6s]
    A n=1000 k=50 s=50 FEAT 4000x100: 20 brains (V x seed) in one launch, 9216 steps  [6s]
    F n=1400 k=50 s=50 FEAT 4000x100: 20 brains (V x seed) in one launch, 9216 steps  [6s]
    B n=2000 k=50 s=50 FEAT 4000x100: 20 brains (V x seed) in one launch, 9216 steps  [5s]
    G n=2800 k=50 s=50 FEAT 4000x100: 20 brains (V x seed) in one launch, 9216 steps  [6s]
    C n=4000 k=50 s=50 FEAT 4000x100: 20 brains (V x seed) in one launch, 9216 steps  [5s]
    A n=1000 k=50 s=50 FEAT 4000x100: 20 brains (V x seed) in one launch, 9216 steps  [5s]
    F n=1400 k=50 s=50 FEAT 4000x100: 20 brains (V x seed) in one launch, 9216 steps  [5s]
    B n=2000 k=50 s=50 FEAT 4000x100: 20 brains (V x seed) in one launch, 9216 steps  [5s]
    G n=2800 k=50 s=50 FEAT 4000x100: 20 brains (V x seed) in one launch, 9216 steps  [5s]
    C n=4000 k=50 s=50 FEAT 4000x100: 20 brains (V x seed) in one launch, 36864 steps  [23s]
    C n=4000 k=50 s=50 FEAT 4000x100: 20 brains (V x seed) in one launch, 9216 steps  [5s]
    A n=1000 k=50 s=50 FEAT 4000x100: 20 brains (V x seed) in one launch, 9216 steps  [5s]
    F n=1400 k=50 s=50 FEAT 4000x100: 20 brains (V x seed) in one launch, 9216 steps  [5s]
    B n=2000 k=50 s=50 FEAT 4000x100: 20 brains (V x seed) in one launch, 9216 steps  [5s]
    G n=2800 k=50 s=50 FEAT 4000x100: 20 brains (V x seed) in one launch, 9216 steps  [5s]
    C n=4000 k=50 s=50 FEAT 4000x100: 20 brains (V x seed) in one launch, 9216 steps  [5s]
    A n=1000 k=50 s=50 FEAT 4000x100: 20 brains (V x seed) in one launch, 9216 steps  [5s]
    F n=1400 k=50 s=50 FEAT 4000x100: 20 brains (V x seed) in one launch, 9216 steps  [5s]
    B n=2000 k=50 s=50 FEAT 4000x100: 20 brains (V x seed) in one launch, 9216 steps  [5s]
    G n=2800 k=50 s=50 FEAT 4000x100: 20 brains (V x seed) in one launch, 9216 steps  [5s]
    C n=4000 k=50 s=50 FEAT 4000x100: 20 brains (V x seed) in one launch, 36864 steps  [20s]
    C n=4000 k=50 s=50 FEAT 4000x100: 20 brains (V x seed) in one launch, 9216 steps  [6s]
    A n=1000 k=50 s=50 FEAT 4000x100: 20 brains (V x seed) in one launch, 9216 steps  [5s]
    F n=1400 k=50 s=50 FEAT 4000x100: 20 brains (V x seed) in one launch, 9216 steps  [5s]
    B n=2000 k=50 s=50 FEAT 4000x100: 20 brains (V x seed) in one launch, 9216 steps  [5s]
    G n=2800 k=50 s=50 FEAT 4000x100: 20 brains (V x seed) in one launch, 9216 steps  [5s]
    C n=4000 k=50 s=50 FEAT 4000x100: 20 brains (V x seed) in one launch, 9216 steps  [5s]
    A n=1000 k=50 s=50 FEAT 4000x100: 20 brains (V x seed) in one launch, 9216 steps  [5s]
    F n=1400 k=50 s=50 FEAT 4000x100: 20 brains (V x seed) in one launch, 9216 steps  [5s]
    A n=1000 k=50 s=50 FEAT 4000x100: 20 brains (V x seed) in one launch, 4608 steps  [3s]
    B n=2000 k=50 s=50 FEAT 4000x100: 20 brains (V x seed) in one launch, 9216 steps  [5s]
    F n=1400 k=50 s=50 FEAT 4000x100: 20 brains (V x seed) in one launch, 4608 steps  [3s]
    G n=2800 k=50 s=50 FEAT 4000x100: 20 brains (V x seed) in one launch, 9216 steps  [5s]
    B n=2000 k=50 s=50 FEAT 4000x100: 20 brains (V x seed) in one launch, 4608 steps  [2s]
    G n=2800 k=50 s=50 FEAT 4000x100: 20 brains (V x seed) in one launch, 4608 steps  [2s]
    C n=4000 k=50 s=50 FEAT 4000x100: 20 brains (V x seed) in one launch, 9216 steps  [5s]
    C n=4000 k=50 s=50 FEAT 4000x100: 20 brains (V x seed) in one launch, 4608 steps  [3s]
    A n=1000 k=50 s=50 FEAT 4000x100: 20 brains (V x seed) in one launch, 4608 steps  [3s]
    F n=1400 k=50 s=50 FEAT 4000x100: 20 brains (V x seed) in one launch, 4608 steps  [3s]
    B n=2000 k=50 s=50 FEAT 4000x100: 20 brains (V x seed) in one launch, 4608 steps  [3s]
    G n=2800 k=50 s=50 FEAT 4000x100: 20 brains (V x seed) in one launch, 4608 steps  [3s]
    C n=4000 k=50 s=50 FEAT 4000x100: 20 brains (V x seed) in one launch, 4608 steps  [2s]
    A n=1000 k=50 s=50 FEAT 4000x100: 20 brains (V x seed) in one launch, 4608 steps  [3s]
    B n=2000 k=50 s=50 FEAT 4000x100: 20 brains (V x seed) in one launch, 4608 steps  [2s]
    F n=1400 k=50 s=50 FEAT 4000x100: 20 brains (V x seed) in one launch, 4608 steps  [3s]
    G n=2800 k=50 s=50 FEAT 4000x100: 20 brains (V x seed) in one launch, 4608 steps  [3s]
    C n=4000 k=50 s=50 FEAT 4000x100: 20 brains (V x seed) in one launch, 4608 steps  [3s]
    A n=1000 k=50 s=50 FEAT 4000x100: 20 brains (V x seed) in one launch, 4608 steps  [3s]
    F n=1400 k=50 s=50 FEAT 4000x100: 20 brains (V x seed) in one launch, 4608 steps  [3s]
    B n=2000 k=50 s=50 FEAT 4000x100: 20 brains (V x seed) in one launch, 4608 steps  [3s]
    G n=2800 k=50 s=50 FEAT 4000x100: 20 brains (V x seed) in one launch, 4608 steps  [3s]
    C n=4000 k=50 s=50 FEAT 4000x100: 20 brains (V x seed) in one launch, 4608 steps  [3s]
    A n=1000 k=50 s=50 FEAT 4000x100: 20 brains (V x seed) in one launch, 4608 steps  [3s]
    F n=1400 k=50 s=50 FEAT 4000x100: 20 brains (V x seed) in one launch, 4608 steps  [3s]
    B n=2000 k=50 s=50 FEAT 4000x100: 20 brains (V x seed) in one launch, 4608 steps  [3s]
    G n=2800 k=50 s=50 FEAT 4000x100: 20 brains (V x seed) in one launch, 4608 steps  [3s]
    C n=4000 k=50 s=50 FEAT 4000x100: 20 brains (V x seed) in one launch, 4608 steps  [3s]
    A n=1000 k=50 s=50 FEAT 4000x100: 20 brains (V x seed) in one launch, 4608 steps  [3s]
    F n=1400 k=50 s=50 FEAT 4000x100: 20 brains (V x seed) in one launch, 4608 steps  [2s]
    B n=2000 k=50 s=50 FEAT 4000x100: 20 brains (V x seed) in one launch, 4608 steps  [2s]
    G n=2800 k=50 s=50 FEAT 4000x100: 20 brains (V x seed) in one launch, 4608 steps  [2s]
    C n=4000 k=50 s=50 FEAT 4000x100: 20 brains (V x seed) in one launch, 4608 steps  [2s]
    A n=1000 k=50 s=50 FEAT 4000x100: 20 brains (V x seed) in one launch, 4608 steps  [2s]
    F n=1400 k=50 s=50 FEAT 4000x100: 20 brains (V x seed) in one launch, 4608 steps  [2s]
    A n=1000 k=50 s=50 FEAT 4000x100: 20 brains (V x seed) in one launch, 2304 steps  [1s]
    B n=2000 k=50 s=50 FEAT 4000x100: 20 brains (V x seed) in one launch, 4608 steps  [2s]
    F n=1400 k=50 s=50 FEAT 4000x100: 20 brains (V x seed) in one launch, 2304 steps  [1s]
    G n=2800 k=50 s=50 FEAT 4000x100: 20 brains (V x seed) in one launch, 4608 steps  [2s]
    B n=2000 k=50 s=50 FEAT 4000x100: 20 brains (V x seed) in one launch, 2304 steps  [1s]
    G n=2800 k=50 s=50 FEAT 4000x100: 20 brains (V x seed) in one launch, 2304 steps  [1s]
    C n=4000 k=50 s=50 FEAT 4000x100: 20 brains (V x seed) in one launch, 4608 steps  [3s]
    C n=4000 k=50 s=50 FEAT 4000x100: 20 brains (V x seed) in one launch, 2304 steps  [1s]
    A n=1000 k=50 s=50 FEAT 4000x100: 20 brains (V x seed) in one launch, 2304 steps  [1s]
    F n=1400 k=50 s=50 FEAT 4000x100: 20 brains (V x seed) in one launch, 2304 steps  [1s]
    G n=2800 k=50 s=50 FEAT 4000x100: 20 brains (V x seed) in one launch, 2304 steps  [1s]
    B n=2000 k=50 s=50 FEAT 4000x100: 20 brains (V x seed) in one launch, 2304 steps  [1s]
    C n=4000 k=50 s=50 FEAT 4000x100: 20 brains (V x seed) in one launch, 2304 steps  [1s]
    A n=1000 k=50 s=50 FEAT 4000x100: 20 brains (V x seed) in one launch, 2304 steps  [1s]
    F n=1400 k=50 s=50 FEAT 4000x100: 20 brains (V x seed) in one launch, 2304 steps  [1s]
    B n=2000 k=50 s=50 FEAT 4000x100: 20 brains (V x seed) in one launch, 2304 steps  [1s]
    G n=2800 k=50 s=50 FEAT 4000x100: 20 brains (V x seed) in one launch, 2304 steps  [1s]
    C n=4000 k=50 s=50 FEAT 4000x100: 20 brains (V x seed) in one launch, 2304 steps  [1s]
    A n=1000 k=50 s=50 FEAT 4000x100: 20 brains (V x seed) in one launch, 2304 steps  [1s]
    B n=2000 k=50 s=50 FEAT 4000x100: 20 brains (V x seed) in one launch, 2304 steps  [1s]
    G n=2800 k=50 s=50 FEAT 4000x100: 20 brains (V x seed) in one launch, 2304 steps  [1s]
    F n=1400 k=50 s=50 FEAT 4000x100: 20 brains (V x seed) in one launch, 2304 steps  [1s]
    C n=4000 k=50 s=50 FEAT 4000x100: 20 brains (V x seed) in one launch, 2304 steps  [1s]
    A n=1000 k=50 s=50 FEAT 4000x100: 20 brains (V x seed) in one launch, 2304 steps  [1s]
    F n=1400 k=50 s=50 FEAT 4000x100: 20 brains (V x seed) in one launch, 2304 steps  [1s]
    G n=2800 k=50 s=50 FEAT 4000x100: 20 brains (V x seed) in one launch, 2304 steps  [1s]
    C n=4000 k=50 s=50 FEAT 4000x100: 20 brains (V x seed) in one launch, 2304 steps  [1s]
    B n=2000 k=50 s=50 FEAT 4000x100: 20 brains (V x seed) in one launch, 2304 steps  [1s]
    A n=1000 k=50 s=50 FEAT 4000x100: 20 brains (V x seed) in one launch, 2304 steps  [1s]
    B n=2000 k=50 s=50 FEAT 4000x100: 20 brains (V x seed) in one launch, 2304 steps  [1s]
    F n=1400 k=50 s=50 FEAT 4000x100: 20 brains (V x seed) in one launch, 2304 steps  [1s]
    G n=2800 k=50 s=50 FEAT 4000x100: 20 brains (V x seed) in one launch, 2304 steps  [1s]
    C n=4000 k=50 s=50 FEAT 4000x100: 20 brains (V x seed) in one launch, 2304 steps  [1s]
    A n=1000 k=50 s=50 FEAT 4000x100: 20 brains (V x seed) in one launch, 2304 steps  [1s]
    F n=1400 k=50 s=50 FEAT 4000x100: 20 brains (V x seed) in one launch, 2304 steps  [1s]
    A n=1000 k=50 s=50 FEAT 4000x100: 20 brains (V x seed) in one launch, 1152 steps  [1s]
    F n=1400 k=50 s=50 FEAT 4000x100: 20 brains (V x seed) in one launch, 1152 steps  [1s]
    B n=2000 k=50 s=50 FEAT 4000x100: 20 brains (V x seed) in one launch, 2304 steps  [1s]
    G n=2800 k=50 s=50 FEAT 4000x100: 20 brains (V x seed) in one launch, 2304 steps  [1s]
    B n=2000 k=50 s=50 FEAT 4000x100: 20 brains (V x seed) in one launch, 1152 steps  [1s]
    G n=2800 k=50 s=50 FEAT 4000x100: 20 brains (V x seed) in one launch, 1152 steps  [1s]
    C n=4000 k=50 s=50 FEAT 4000x100: 20 brains (V x seed) in one launch, 2304 steps  [1s]
    C n=4000 k=50 s=50 FEAT 4000x100: 20 brains (V x seed) in one launch, 1152 steps  [1s]
    A n=1000 k=50 s=50 FEAT 4000x100: 20 brains (V x seed) in one launch, 1152 steps  [1s]
    F n=1400 k=50 s=50 FEAT 4000x100: 20 brains (V x seed) in one launch, 1152 steps  [1s]
    B n=2000 k=50 s=50 FEAT 4000x100: 20 brains (V x seed) in one launch, 1152 steps  [1s]
    G n=2800 k=50 s=50 FEAT 4000x100: 20 brains (V x seed) in one launch, 1152 steps  [1s]
    C n=4000 k=50 s=50 FEAT 4000x100: 20 brains (V x seed) in one launch, 1152 steps  [1s]
    A n=1000 k=50 s=50 FEAT 4000x100: 20 brains (V x seed) in one launch, 1152 steps  [1s]
    F n=1400 k=50 s=50 FEAT 4000x100: 20 brains (V x seed) in one launch, 1152 steps  [1s]
    B n=2000 k=50 s=50 FEAT 4000x100: 20 brains (V x seed) in one launch, 1152 steps  [1s]
    G n=2800 k=50 s=50 FEAT 4000x100: 20 brains (V x seed) in one launch, 1152 steps  [1s]
    C n=4000 k=50 s=50 FEAT 4000x100: 20 brains (V x seed) in one launch, 1152 steps  [1s]
    A n=1000 k=50 s=50 FEAT 4000x100: 20 brains (V x seed) in one launch, 1152 steps  [1s]
    F n=1400 k=50 s=50 FEAT 4000x100: 20 brains (V x seed) in one launch, 1152 steps  [1s]
    B n=2000 k=50 s=50 FEAT 4000x100: 20 brains (V x seed) in one launch, 1152 steps  [1s]
    G n=2800 k=50 s=50 FEAT 4000x100: 20 brains (V x seed) in one launch, 1152 steps  [1s]
    C n=4000 k=50 s=50 FEAT 4000x100: 20 brains (V x seed) in one launch, 1152 steps  [1s]
    A n=1000 k=50 s=50 FEAT 4000x100: 20 brains (V x seed) in one launch, 1152 steps  [1s]
    F n=1400 k=50 s=50 FEAT 4000x100: 20 brains (V x seed) in one launch, 1152 steps  [1s]
    B n=2000 k=50 s=50 FEAT 4000x100: 20 brains (V x seed) in one launch, 1152 steps  [1s]
    G n=2800 k=50 s=50 FEAT 4000x100: 20 brains (V x seed) in one launch, 1152 steps  [1s]
    C n=4000 k=50 s=50 FEAT 4000x100: 20 brains (V x seed) in one launch, 1152 steps  [1s]
    A n=1000 k=50 s=50 FEAT 4000x100: 20 brains (V x seed) in one launch, 1152 steps  [1s]
    F n=1400 k=50 s=50 FEAT 4000x100: 20 brains (V x seed) in one launch, 1152 steps  [1s]
    B n=2000 k=50 s=50 FEAT 4000x100: 20 brains (V x seed) in one launch, 1152 steps  [1s]
    G n=2800 k=50 s=50 FEAT 4000x100: 20 brains (V x seed) in one launch, 1152 steps  [1s]
    C n=4000 k=50 s=50 FEAT 4000x100: 20 brains (V x seed) in one launch, 1152 steps  [1s]
    A n=1000 k=50 s=50 FEAT 4000x100: 20 brains (V x seed) in one launch, 1152 steps  [1s]
    F n=1400 k=50 s=50 FEAT 4000x100: 20 brains (V x seed) in one launch, 1152 steps  [1s]
    A n=1000 k=50 s=50 FEAT 4000x100: 20 brains (V x seed) in one launch, 576 steps  [0s]
    B n=2000 k=50 s=50 FEAT 4000x100: 20 brains (V x seed) in one launch, 1152 steps  [1s]
    F n=1400 k=50 s=50 FEAT 4000x100: 20 brains (V x seed) in one launch, 576 steps  [0s]
    G n=2800 k=50 s=50 FEAT 4000x100: 20 brains (V x seed) in one launch, 1152 steps  [1s]
    B n=2000 k=50 s=50 FEAT 4000x100: 20 brains (V x seed) in one launch, 576 steps  [0s]
    C n=4000 k=50 s=50 FEAT 4000x100: 20 brains (V x seed) in one launch, 1152 steps  [1s]
    G n=2800 k=50 s=50 FEAT 4000x100: 20 brains (V x seed) in one launch, 576 steps  [0s]
    C n=4000 k=50 s=50 FEAT 4000x100: 20 brains (V x seed) in one launch, 576 steps  [0s]
    A n=1000 k=50 s=50 FEAT 4000x100: 20 brains (V x seed) in one launch, 576 steps  [0s]
    F n=1400 k=50 s=50 FEAT 4000x100: 20 brains (V x seed) in one launch, 576 steps  [0s]
    B n=2000 k=50 s=50 FEAT 4000x100: 20 brains (V x seed) in one launch, 576 steps  [0s]
    C n=4000 k=50 s=50 FEAT 4000x100: 20 brains (V x seed) in one launch, 576 steps  [0s]
    G n=2800 k=50 s=50 FEAT 4000x100: 20 brains (V x seed) in one launch, 576 steps  [0s]
    A n=1000 k=50 s=50 FEAT 4000x100: 20 brains (V x seed) in one launch, 576 steps  [0s]
    F n=1400 k=50 s=50 FEAT 4000x100: 20 brains (V x seed) in one launch, 576 steps  [0s]
    G n=2800 k=50 s=50 FEAT 4000x100: 20 brains (V x seed) in one launch, 576 steps  [0s]
    B n=2000 k=50 s=50 FEAT 4000x100: 20 brains (V x seed) in one launch, 576 steps  [0s]
    C n=4000 k=50 s=50 FEAT 4000x100: 20 brains (V x seed) in one launch, 576 steps  [0s]
    A n=1000 k=50 s=50 FEAT 4000x100: 20 brains (V x seed) in one launch, 576 steps  [0s]
    F n=1400 k=50 s=50 FEAT 4000x100: 20 brains (V x seed) in one launch, 576 steps  [0s]
    B n=2000 k=50 s=50 FEAT 4000x100: 20 brains (V x seed) in one launch, 576 steps  [0s]
    G n=2800 k=50 s=50 FEAT 4000x100: 20 brains (V x seed) in one launch, 576 steps  [0s]
    C n=4000 k=50 s=50 FEAT 4000x100: 20 brains (V x seed) in one launch, 576 steps  [0s]
    A n=1000 k=50 s=50 FEAT 4000x100: 20 brains (V x seed) in one launch, 576 steps  [0s]
    F n=1400 k=50 s=50 FEAT 4000x100: 20 brains (V x seed) in one launch, 576 steps  [0s]
    B n=2000 k=50 s=50 FEAT 4000x100: 20 brains (V x seed) in one launch, 576 steps  [0s]
    G n=2800 k=50 s=50 FEAT 4000x100: 20 brains (V x seed) in one launch, 576 steps  [0s]
    A n=1000 k=50 s=50 FEAT 4000x100: 20 brains (V x seed) in one launch, 576 steps  [0s]
    C n=4000 k=50 s=50 FEAT 4000x100: 20 brains (V x seed) in one launch, 576 steps  [0s]
    B n=2000 k=50 s=50 FEAT 4000x100: 20 brains (V x seed) in one launch, 576 steps  [0s]
    F n=1400 k=50 s=50 FEAT 4000x100: 20 brains (V x seed) in one launch, 576 steps  [0s]
    G n=2800 k=50 s=50 FEAT 4000x100: 20 brains (V x seed) in one launch, 576 steps  [0s]
    C n=4000 k=50 s=50 FEAT 4000x100: 20 brains (V x seed) in one launch, 576 steps  [0s]
    A n=1000 k=50 s=50 FEAT 4000x100: 20 brains (V x seed) in one launch, 576 steps  [0s]
    F n=1400 k=50 s=50 FEAT 4000x100: 20 brains (V x seed) in one launch, 576 steps  [0s]
    B n=2000 k=50 s=50 FEAT 4000x100: 20 brains (V x seed) in one launch, 576 steps  [0s]
    G n=2800 k=50 s=50 FEAT 4000x100: 20 brains (V x seed) in one launch, 576 steps  [0s]
    C n=4000 k=50 s=50 FEAT 4000x100: 20 brains (V x seed) in one launch, 576 steps  [0s]
p=0.05 beta=0.0125: A 16.0 (20 censored), F 16.0 (20 censored), B 16.0 (20 censored), G 16.0 (20 censored), C 16.5 (16 censored)
p=0.05 beta=0.025: A 16.0 (20 censored), F 16.0 (20 censored), B 16.0 (20 censored), G 150.1 (0 censored), C 286.7 (0 censored)
p=0.05 beta=0.05: A 17.2 (18 censored), F 61.1 (4 censored), B 185.7 (0 censored), G 314.5 (0 censored), C 498.0 (0 censored)
p=0.05 beta=0.1: A 68.0 (1 censored), F 104.0 (0 censored), B 161.4 (0 censored), G 266.8 (0 censored), C 330.7 (0 censored)
p=0.05 beta=0.2: A 76.2 (0 censored), F 111.9 (0 censored), B 147.8 (0 censored), G 222.5 (0 censored), C 275.9 (0 censored)
p=0.05 beta=0.4: A 95.8 (0 censored), F 133.6 (0 censored), B 162.1 (0 censored), G 176.8 (0 censored), C 175.4 (0 censored)
p=0.05 beta=0.8: A 109.5 (0 censored), F 131.7 (0 censored), B 152.6 (0 censored), G 155.0 (0 censored), C 155.6 (0 censored)
    A n=1000 k=50 s=50 FEAT 4000x100: 20 brains (V x seed) in one launch, 36864 steps  [32s]
    G n=2800 k=50 s=50 FEAT 4000x100: 20 brains (V x seed) in one launch, 36864 steps  [31s]
    B n=2000 k=50 s=50 FEAT 4000x100: 20 brains (V x seed) in one launch, 36864 steps  [33s]
    F n=1400 k=50 s=50 FEAT 4000x100: 20 brains (V x seed) in one launch, 36864 steps  [32s]
    B n=2000 k=50 s=50 FEAT 4000x100: 20 brains (V x seed) in one launch, 36864 steps  [29s]
    G n=2800 k=50 s=50 FEAT 4000x100: 20 brains (V x seed) in one launch, 36864 steps  [33s]
    F n=1400 k=50 s=50 FEAT 4000x100: 20 brains (V x seed) in one launch, 36864 steps  [33s]
    A n=1000 k=50 s=50 FEAT 4000x100: 20 brains (V x seed) in one launch, 36864 steps  [63s]
    G n=2800 k=50 s=50 FEAT 4000x100: 20 brains (V x seed) in one launch, 36864 steps  [34s]
    B n=2000 k=50 s=50 FEAT 4000x100: 20 brains (V x seed) in one launch, 36864 steps  [36s]
    F n=1400 k=50 s=50 FEAT 4000x100: 20 brains (V x seed) in one launch, 36864 steps  [58s]
    A n=1000 k=50 s=50 FEAT 4000x100: 20 brains (V x seed) in one launch, 36864 steps  [34s]
    F n=1400 k=50 s=50 FEAT 4000x100: 20 brains (V x seed) in one launch, 36864 steps  [33s]
    B n=2000 k=50 s=50 FEAT 4000x100: 20 brains (V x seed) in one launch, 36864 steps  [34s]
    G n=2800 k=50 s=50 FEAT 4000x100: 20 brains (V x seed) in one launch, 36864 steps  [32s]
    A n=1000 k=50 s=50 FEAT 4000x100: 20 brains (V x seed) in one launch, 36864 steps  [30s]
    A n=1000 k=50 s=50 FEAT 4000x100: 20 brains (V x seed) in one launch, 36864 steps  [34s]
    F n=1400 k=50 s=50 FEAT 4000x100: 20 brains (V x seed) in one launch, 36864 steps  [35s]
    B n=2000 k=50 s=50 FEAT 4000x100: 20 brains (V x seed) in one launch, 36864 steps  [38s]
    G n=2800 k=50 s=50 FEAT 4000x100: 20 brains (V x seed) in one launch, 36864 steps  [39s]
    A n=1000 k=50 s=50 FEAT 4000x100: 20 brains (V x seed) in one launch, 36864 steps  [39s]
    C n=4000 k=50 s=50 FEAT 4000x100: 20 brains (V x seed) in one launch, 36864 steps  [35s]
    F n=1400 k=50 s=50 FEAT 4000x100: 20 brains (V x seed) in one launch, 36864 steps  [39s]
    B n=2000 k=50 s=50 FEAT 4000x100: 20 brains (V x seed) in one launch, 36864 steps  [38s]
    C n=4000 k=50 s=50 FEAT 4000x100: 20 brains (V x seed) in one launch, 36864 steps  [95s]
    A n=1000 k=50 s=50 FEAT 4000x100: 20 brains (V x seed) in one launch, 36864 steps  [133s]
    G n=2800 k=50 s=50 FEAT 4000x100: 20 brains (V x seed) in one launch, 36864 steps  [196s]
    F n=1400 k=50 s=50 FEAT 4000x100: 20 brains (V x seed) in one launch, 36864 steps  [205s]
    A n=1000 k=50 s=50 FEAT 4000x100: 20 brains (V x seed) in one launch, 18432 steps  [39s]
    B n=2000 k=50 s=50 FEAT 4000x100: 20 brains (V x seed) in one launch, 36864 steps  [162s]
    G n=2800 k=50 s=50 FEAT 4000x100: 20 brains (V x seed) in one launch, 36864 steps  [119s]
    F n=1400 k=50 s=50 FEAT 4000x100: 20 brains (V x seed) in one launch, 18432 steps  [17s]
    G n=2800 k=50 s=50 FEAT 4000x100: 20 brains (V x seed) in one launch, 18432 steps  [15s]
    B n=2000 k=50 s=50 FEAT 4000x100: 20 brains (V x seed) in one launch, 18432 steps  [16s]
    C n=4000 k=50 s=50 FEAT 4000x100: 20 brains (V x seed) in one launch, 18432 steps  [15s]
    C n=4000 k=50 s=50 FEAT 4000x100: 20 brains (V x seed) in one launch, 36864 steps  [72s]
    A n=1000 k=50 s=50 FEAT 4000x100: 20 brains (V x seed) in one launch, 18432 steps  [14s]
    F n=1400 k=50 s=50 FEAT 4000x100: 20 brains (V x seed) in one launch, 18432 steps  [15s]
    C n=4000 k=50 s=50 FEAT 4000x100: 20 brains (V x seed) in one launch, 36864 steps  [31s]
    G n=2800 k=50 s=50 FEAT 4000x100: 20 brains (V x seed) in one launch, 18432 steps  [14s]
    B n=2000 k=50 s=50 FEAT 4000x100: 20 brains (V x seed) in one launch, 18432 steps  [16s]
    C n=4000 k=50 s=50 FEAT 4000x100: 20 brains (V x seed) in one launch, 18432 steps  [15s]
    A n=1000 k=50 s=50 FEAT 4000x100: 20 brains (V x seed) in one launch, 18432 steps  [15s]
    F n=1400 k=50 s=50 FEAT 4000x100: 20 brains (V x seed) in one launch, 18432 steps  [15s]
    B n=2000 k=50 s=50 FEAT 4000x100: 20 brains (V x seed) in one launch, 18432 steps  [15s]
    G n=2800 k=50 s=50 FEAT 4000x100: 20 brains (V x seed) in one launch, 18432 steps  [15s]
    C n=4000 k=50 s=50 FEAT 4000x100: 20 brains (V x seed) in one launch, 18432 steps  [15s]
    C n=4000 k=50 s=50 FEAT 4000x100: 20 brains (V x seed) in one launch, 36864 steps  [29s]
    A n=1000 k=50 s=50 FEAT 4000x100: 20 brains (V x seed) in one launch, 18432 steps  [17s]
    F n=1400 k=50 s=50 FEAT 4000x100: 20 brains (V x seed) in one launch, 18432 steps  [16s]
    B n=2000 k=50 s=50 FEAT 4000x100: 20 brains (V x seed) in one launch, 18432 steps  [17s]
    G n=2800 k=50 s=50 FEAT 4000x100: 20 brains (V x seed) in one launch, 18432 steps  [17s]
    C n=4000 k=50 s=50 FEAT 4000x100: 20 brains (V x seed) in one launch, 18432 steps  [18s]
    A n=1000 k=50 s=50 FEAT 4000x100: 20 brains (V x seed) in one launch, 18432 steps  [18s]
    F n=1400 k=50 s=50 FEAT 4000x100: 20 brains (V x seed) in one launch, 18432 steps  [18s]
    B n=2000 k=50 s=50 FEAT 4000x100: 20 brains (V x seed) in one launch, 18432 steps  [18s]
    G n=2800 k=50 s=50 FEAT 4000x100: 20 brains (V x seed) in one launch, 18432 steps  [17s]
    C n=4000 k=50 s=50 FEAT 4000x100: 20 brains (V x seed) in one launch, 18432 steps  [17s]
    A n=1000 k=50 s=50 FEAT 4000x100: 20 brains (V x seed) in one launch, 18432 steps  [18s]
    F n=1400 k=50 s=50 FEAT 4000x100: 20 brains (V x seed) in one launch, 18432 steps  [17s]
    B n=2000 k=50 s=50 FEAT 4000x100: 20 brains (V x seed) in one launch, 18432 steps  [18s]
    G n=2800 k=50 s=50 FEAT 4000x100: 20 brains (V x seed) in one launch, 18432 steps  [17s]
    C n=4000 k=50 s=50 FEAT 4000x100: 20 brains (V x seed) in one launch, 18432 steps  [16s]
    A n=1000 k=50 s=50 FEAT 4000x100: 20 brains (V x seed) in one launch, 9216 steps  [10s]
    G n=2800 k=50 s=50 FEAT 4000x100: 20 brains (V x seed) in one launch, 18432 steps  [18s]
    B n=2000 k=50 s=50 FEAT 4000x100: 20 brains (V x seed) in one launch, 18432 steps  [22s]
    C n=4000 k=50 s=50 FEAT 4000x100: 20 brains (V x seed) in one launch, 18432 steps  [19s]
    F n=1400 k=50 s=50 FEAT 4000x100: 20 brains (V x seed) in one launch, 18432 steps  [23s]
    A n=1000 k=50 s=50 FEAT 4000x100: 20 brains (V x seed) in one launch, 18432 steps  [27s]
    F n=1400 k=50 s=50 FEAT 4000x100: 20 brains (V x seed) in one launch, 9216 steps  [8s]
    B n=2000 k=50 s=50 FEAT 4000x100: 20 brains (V x seed) in one launch, 9216 steps  [8s]
    G n=2800 k=50 s=50 FEAT 4000x100: 20 brains (V x seed) in one launch, 9216 steps  [8s]
    C n=4000 k=50 s=50 FEAT 4000x100: 20 brains (V x seed) in one launch, 9216 steps  [8s]
    F n=1400 k=50 s=50 FEAT 4000x100: 20 brains (V x seed) in one launch, 9216 steps  [8s]
    A n=1000 k=50 s=50 FEAT 4000x100: 20 brains (V x seed) in one launch, 9216 steps  [11s]
    B n=2000 k=50 s=50 FEAT 4000x100: 20 brains (V x seed) in one launch, 9216 steps  [7s]
    G n=2800 k=50 s=50 FEAT 4000x100: 20 brains (V x seed) in one launch, 9216 steps  [8s]
    C n=4000 k=50 s=50 FEAT 4000x100: 20 brains (V x seed) in one launch, 9216 steps  [8s]
    A n=1000 k=50 s=50 FEAT 4000x100: 20 brains (V x seed) in one launch, 9216 steps  [9s]
    F n=1400 k=50 s=50 FEAT 4000x100: 20 brains (V x seed) in one launch, 9216 steps  [11s]
    B n=2000 k=50 s=50 FEAT 4000x100: 20 brains (V x seed) in one launch, 9216 steps  [8s]
    G n=2800 k=50 s=50 FEAT 4000x100: 20 brains (V x seed) in one launch, 9216 steps  [8s]
    C n=4000 k=50 s=50 FEAT 4000x100: 20 brains (V x seed) in one launch, 9216 steps  [9s]
    A n=1000 k=50 s=50 FEAT 4000x100: 20 brains (V x seed) in one launch, 9216 steps  [8s]
    C n=4000 k=50 s=50 FEAT 4000x100: 20 brains (V x seed) in one launch, 36864 steps  [41s]
    F n=1400 k=50 s=50 FEAT 4000x100: 20 brains (V x seed) in one launch, 9216 steps  [11s]
    B n=2000 k=50 s=50 FEAT 4000x100: 20 brains (V x seed) in one launch, 9216 steps  [8s]
    C n=4000 k=50 s=50 FEAT 4000x100: 20 brains (V x seed) in one launch, 9216 steps  [8s]
    G n=2800 k=50 s=50 FEAT 4000x100: 20 brains (V x seed) in one launch, 9216 steps  [8s]
    A n=1000 k=50 s=50 FEAT 4000x100: 20 brains (V x seed) in one launch, 9216 steps  [9s]
    F n=1400 k=50 s=50 FEAT 4000x100: 20 brains (V x seed) in one launch, 9216 steps  [9s]
    C n=4000 k=50 s=50 FEAT 4000x100: 20 brains (V x seed) in one launch, 36864 steps  [33s]
    B n=2000 k=50 s=50 FEAT 4000x100: 20 brains (V x seed) in one launch, 9216 steps  [9s]
    G n=2800 k=50 s=50 FEAT 4000x100: 20 brains (V x seed) in one launch, 9216 steps  [10s]
    C n=4000 k=50 s=50 FEAT 4000x100: 20 brains (V x seed) in one launch, 9216 steps  [9s]
    F n=1400 k=50 s=50 FEAT 4000x100: 20 brains (V x seed) in one launch, 9216 steps  [9s]
    A n=1000 k=50 s=50 FEAT 4000x100: 20 brains (V x seed) in one launch, 9216 steps  [9s]
    B n=2000 k=50 s=50 FEAT 4000x100: 20 brains (V x seed) in one launch, 9216 steps  [9s]
    G n=2800 k=50 s=50 FEAT 4000x100: 20 brains (V x seed) in one launch, 9216 steps  [10s]
    C n=4000 k=50 s=50 FEAT 4000x100: 20 brains (V x seed) in one launch, 9216 steps  [9s]
    A n=1000 k=50 s=50 FEAT 4000x100: 20 brains (V x seed) in one launch, 4608 steps  [4s]
    A n=1000 k=50 s=50 FEAT 4000x100: 20 brains (V x seed) in one launch, 9216 steps  [9s]
    F n=1400 k=50 s=50 FEAT 4000x100: 20 brains (V x seed) in one launch, 9216 steps  [8s]
    F n=1400 k=50 s=50 FEAT 4000x100: 20 brains (V x seed) in one launch, 4608 steps  [5s]
    B n=2000 k=50 s=50 FEAT 4000x100: 20 brains (V x seed) in one launch, 4608 steps  [4s]
    B n=2000 k=50 s=50 FEAT 4000x100: 20 brains (V x seed) in one launch, 9216 steps  [9s]
    G n=2800 k=50 s=50 FEAT 4000x100: 20 brains (V x seed) in one launch, 9216 steps  [8s]
    G n=2800 k=50 s=50 FEAT 4000x100: 20 brains (V x seed) in one launch, 4608 steps  [4s]
    C n=4000 k=50 s=50 FEAT 4000x100: 20 brains (V x seed) in one launch, 4608 steps  [4s]
    C n=4000 k=50 s=50 FEAT 4000x100: 20 brains (V x seed) in one launch, 9216 steps  [9s]
    A n=1000 k=50 s=50 FEAT 4000x100: 20 brains (V x seed) in one launch, 4608 steps  [5s]
    F n=1400 k=50 s=50 FEAT 4000x100: 20 brains (V x seed) in one launch, 4608 steps  [4s]
    B n=2000 k=50 s=50 FEAT 4000x100: 20 brains (V x seed) in one launch, 4608 steps  [5s]
    A n=1000 k=50 s=50 FEAT 4000x100: 20 brains (V x seed) in one launch, 4608 steps  [4s]
    C n=4000 k=50 s=50 FEAT 4000x100: 20 brains (V x seed) in one launch, 4608 steps  [4s]
    G n=2800 k=50 s=50 FEAT 4000x100: 20 brains (V x seed) in one launch, 4608 steps  [5s]
    F n=1400 k=50 s=50 FEAT 4000x100: 20 brains (V x seed) in one launch, 4608 steps  [4s]
    G n=2800 k=50 s=50 FEAT 4000x100: 20 brains (V x seed) in one launch, 4608 steps  [4s]
    B n=2000 k=50 s=50 FEAT 4000x100: 20 brains (V x seed) in one launch, 4608 steps  [5s]
    C n=4000 k=50 s=50 FEAT 4000x100: 20 brains (V x seed) in one launch, 4608 steps  [5s]
    A n=1000 k=50 s=50 FEAT 4000x100: 20 brains (V x seed) in one launch, 4608 steps  [5s]
    F n=1400 k=50 s=50 FEAT 4000x100: 20 brains (V x seed) in one launch, 4608 steps  [4s]
    B n=2000 k=50 s=50 FEAT 4000x100: 20 brains (V x seed) in one launch, 4608 steps  [4s]
    C n=4000 k=50 s=50 FEAT 4000x100: 20 brains (V x seed) in one launch, 4608 steps  [4s]
    A n=1000 k=50 s=50 FEAT 4000x100: 20 brains (V x seed) in one launch, 4608 steps  [4s]
    G n=2800 k=50 s=50 FEAT 4000x100: 20 brains (V x seed) in one launch, 4608 steps  [5s]
    F n=1400 k=50 s=50 FEAT 4000x100: 20 brains (V x seed) in one launch, 4608 steps  [6s]
    B n=2000 k=50 s=50 FEAT 4000x100: 20 brains (V x seed) in one launch, 4608 steps  [4s]
    G n=2800 k=50 s=50 FEAT 4000x100: 20 brains (V x seed) in one launch, 4608 steps  [4s]
    C n=4000 k=50 s=50 FEAT 4000x100: 20 brains (V x seed) in one launch, 4608 steps  [4s]
    A n=1000 k=50 s=50 FEAT 4000x100: 20 brains (V x seed) in one launch, 4608 steps  [4s]
    F n=1400 k=50 s=50 FEAT 4000x100: 20 brains (V x seed) in one launch, 4608 steps  [4s]
    B n=2000 k=50 s=50 FEAT 4000x100: 20 brains (V x seed) in one launch, 4608 steps  [4s]
    G n=2800 k=50 s=50 FEAT 4000x100: 20 brains (V x seed) in one launch, 4608 steps  [5s]
    C n=4000 k=50 s=50 FEAT 4000x100: 20 brains (V x seed) in one launch, 4608 steps  [4s]
    A n=1000 k=50 s=50 FEAT 4000x100: 20 brains (V x seed) in one launch, 4608 steps  [4s]
    F n=1400 k=50 s=50 FEAT 4000x100: 20 brains (V x seed) in one launch, 4608 steps  [4s]
    B n=2000 k=50 s=50 FEAT 4000x100: 20 brains (V x seed) in one launch, 4608 steps  [4s]
    G n=2800 k=50 s=50 FEAT 4000x100: 20 brains (V x seed) in one launch, 4608 steps  [4s]
    A n=1000 k=50 s=50 FEAT 4000x100: 20 brains (V x seed) in one launch, 2304 steps  [3s]
    C n=4000 k=50 s=50 FEAT 4000x100: 20 brains (V x seed) in one launch, 4608 steps  [4s]
    F n=1400 k=50 s=50 FEAT 4000x100: 20 brains (V x seed) in one launch, 2304 steps  [2s]
    B n=2000 k=50 s=50 FEAT 4000x100: 20 brains (V x seed) in one launch, 2304 steps  [2s]
    G n=2800 k=50 s=50 FEAT 4000x100: 20 brains (V x seed) in one launch, 2304 steps  [2s]
    C n=4000 k=50 s=50 FEAT 4000x100: 20 brains (V x seed) in one launch, 2304 steps  [2s]
    A n=1000 k=50 s=50 FEAT 4000x100: 20 brains (V x seed) in one launch, 2304 steps  [2s]
    F n=1400 k=50 s=50 FEAT 4000x100: 20 brains (V x seed) in one launch, 2304 steps  [2s]
    B n=2000 k=50 s=50 FEAT 4000x100: 20 brains (V x seed) in one launch, 2304 steps  [2s]
    G n=2800 k=50 s=50 FEAT 4000x100: 20 brains (V x seed) in one launch, 2304 steps  [2s]
    F n=1400 k=50 s=50 FEAT 4000x100: 20 brains (V x seed) in one launch, 2304 steps  [2s]
    C n=4000 k=50 s=50 FEAT 4000x100: 20 brains (V x seed) in one launch, 2304 steps  [2s]
    A n=1000 k=50 s=50 FEAT 4000x100: 20 brains (V x seed) in one launch, 2304 steps  [2s]
    B n=2000 k=50 s=50 FEAT 4000x100: 20 brains (V x seed) in one launch, 2304 steps  [2s]
    G n=2800 k=50 s=50 FEAT 4000x100: 20 brains (V x seed) in one launch, 2304 steps  [2s]
    C n=4000 k=50 s=50 FEAT 4000x100: 20 brains (V x seed) in one launch, 2304 steps  [2s]
    A n=1000 k=50 s=50 FEAT 4000x100: 20 brains (V x seed) in one launch, 2304 steps  [2s]
    F n=1400 k=50 s=50 FEAT 4000x100: 20 brains (V x seed) in one launch, 2304 steps  [2s]
    B n=2000 k=50 s=50 FEAT 4000x100: 20 brains (V x seed) in one launch, 2304 steps  [2s]
    G n=2800 k=50 s=50 FEAT 4000x100: 20 brains (V x seed) in one launch, 2304 steps  [2s]
    A n=1000 k=50 s=50 FEAT 4000x100: 20 brains (V x seed) in one launch, 2304 steps  [2s]
    F n=1400 k=50 s=50 FEAT 4000x100: 20 brains (V x seed) in one launch, 2304 steps  [2s]
    C n=4000 k=50 s=50 FEAT 4000x100: 20 brains (V x seed) in one launch, 2304 steps  [2s]
    B n=2000 k=50 s=50 FEAT 4000x100: 20 brains (V x seed) in one launch, 2304 steps  [2s]
    G n=2800 k=50 s=50 FEAT 4000x100: 20 brains (V x seed) in one launch, 2304 steps  [2s]
    C n=4000 k=50 s=50 FEAT 4000x100: 20 brains (V x seed) in one launch, 2304 steps  [2s]
    A n=1000 k=50 s=50 FEAT 4000x100: 20 brains (V x seed) in one launch, 2304 steps  [2s]
    B n=2000 k=50 s=50 FEAT 4000x100: 20 brains (V x seed) in one launch, 2304 steps  [2s]
    G n=2800 k=50 s=50 FEAT 4000x100: 20 brains (V x seed) in one launch, 2304 steps  [2s]
    F n=1400 k=50 s=50 FEAT 4000x100: 20 brains (V x seed) in one launch, 2304 steps  [2s]
    C n=4000 k=50 s=50 FEAT 4000x100: 20 brains (V x seed) in one launch, 2304 steps  [2s]
    A n=1000 k=50 s=50 FEAT 4000x100: 20 brains (V x seed) in one launch, 2304 steps  [2s]
    F n=1400 k=50 s=50 FEAT 4000x100: 20 brains (V x seed) in one launch, 2304 steps  [2s]
    A n=1000 k=50 s=50 FEAT 4000x100: 20 brains (V x seed) in one launch, 1152 steps  [1s]
    B n=2000 k=50 s=50 FEAT 4000x100: 20 brains (V x seed) in one launch, 2304 steps  [2s]
    F n=1400 k=50 s=50 FEAT 4000x100: 20 brains (V x seed) in one launch, 1152 steps  [1s]
    B n=2000 k=50 s=50 FEAT 4000x100: 20 brains (V x seed) in one launch, 1152 steps  [1s]
    G n=2800 k=50 s=50 FEAT 4000x100: 20 brains (V x seed) in one launch, 2304 steps  [2s]
    G n=2800 k=50 s=50 FEAT 4000x100: 20 brains (V x seed) in one launch, 1152 steps  [1s]
    C n=4000 k=50 s=50 FEAT 4000x100: 20 brains (V x seed) in one launch, 1152 steps  [1s]
    C n=4000 k=50 s=50 FEAT 4000x100: 20 brains (V x seed) in one launch, 2304 steps  [2s]
    A n=1000 k=50 s=50 FEAT 4000x100: 20 brains (V x seed) in one launch, 1152 steps  [1s]
    F n=1400 k=50 s=50 FEAT 4000x100: 20 brains (V x seed) in one launch, 1152 steps  [1s]
    B n=2000 k=50 s=50 FEAT 4000x100: 20 brains (V x seed) in one launch, 1152 steps  [1s]
    G n=2800 k=50 s=50 FEAT 4000x100: 20 brains (V x seed) in one launch, 1152 steps  [1s]
    C n=4000 k=50 s=50 FEAT 4000x100: 20 brains (V x seed) in one launch, 1152 steps  [1s]
    A n=1000 k=50 s=50 FEAT 4000x100: 20 brains (V x seed) in one launch, 1152 steps  [1s]
    F n=1400 k=50 s=50 FEAT 4000x100: 20 brains (V x seed) in one launch, 1152 steps  [1s]
    B n=2000 k=50 s=50 FEAT 4000x100: 20 brains (V x seed) in one launch, 1152 steps  [1s]
    G n=2800 k=50 s=50 FEAT 4000x100: 20 brains (V x seed) in one launch, 1152 steps  [1s]
    C n=4000 k=50 s=50 FEAT 4000x100: 20 brains (V x seed) in one launch, 1152 steps  [1s]
    A n=1000 k=50 s=50 FEAT 4000x100: 20 brains (V x seed) in one launch, 1152 steps  [1s]
    F n=1400 k=50 s=50 FEAT 4000x100: 20 brains (V x seed) in one launch, 1152 steps  [1s]
    B n=2000 k=50 s=50 FEAT 4000x100: 20 brains (V x seed) in one launch, 1152 steps  [1s]
    G n=2800 k=50 s=50 FEAT 4000x100: 20 brains (V x seed) in one launch, 1152 steps  [1s]
    A n=1000 k=50 s=50 FEAT 4000x100: 20 brains (V x seed) in one launch, 1152 steps  [1s]
    C n=4000 k=50 s=50 FEAT 4000x100: 20 brains (V x seed) in one launch, 1152 steps  [1s]
    F n=1400 k=50 s=50 FEAT 4000x100: 20 brains (V x seed) in one launch, 1152 steps  [1s]
    B n=2000 k=50 s=50 FEAT 4000x100: 20 brains (V x seed) in one launch, 1152 steps  [1s]
    G n=2800 k=50 s=50 FEAT 4000x100: 20 brains (V x seed) in one launch, 1152 steps  [1s]
    C n=4000 k=50 s=50 FEAT 4000x100: 20 brains (V x seed) in one launch, 1152 steps  [1s]
    A n=1000 k=50 s=50 FEAT 4000x100: 20 brains (V x seed) in one launch, 1152 steps  [1s]
    F n=1400 k=50 s=50 FEAT 4000x100: 20 brains (V x seed) in one launch, 1152 steps  [1s]
    C n=4000 k=50 s=50 FEAT 4000x100: 20 brains (V x seed) in one launch, 1152 steps  [1s]
    B n=2000 k=50 s=50 FEAT 4000x100: 20 brains (V x seed) in one launch, 1152 steps  [1s]
    G n=2800 k=50 s=50 FEAT 4000x100: 20 brains (V x seed) in one launch, 1152 steps  [1s]
    A n=1000 k=50 s=50 FEAT 4000x100: 20 brains (V x seed) in one launch, 1152 steps  [1s]
    F n=1400 k=50 s=50 FEAT 4000x100: 20 brains (V x seed) in one launch, 1152 steps  [1s]
    A n=1000 k=50 s=50 FEAT 4000x100: 20 brains (V x seed) in one launch, 576 steps  [0s]
    F n=1400 k=50 s=50 FEAT 4000x100: 20 brains (V x seed) in one launch, 576 steps  [1s]
    B n=2000 k=50 s=50 FEAT 4000x100: 20 brains (V x seed) in one launch, 1152 steps  [1s]
    B n=2000 k=50 s=50 FEAT 4000x100: 20 brains (V x seed) in one launch, 576 steps  [1s]
    G n=2800 k=50 s=50 FEAT 4000x100: 20 brains (V x seed) in one launch, 576 steps  [1s]
    G n=2800 k=50 s=50 FEAT 4000x100: 20 brains (V x seed) in one launch, 1152 steps  [1s]
    C n=4000 k=50 s=50 FEAT 4000x100: 20 brains (V x seed) in one launch, 1152 steps  [1s]
    A n=1000 k=50 s=50 FEAT 4000x100: 20 brains (V x seed) in one launch, 576 steps  [1s]
    F n=1400 k=50 s=50 FEAT 4000x100: 20 brains (V x seed) in one launch, 576 steps  [1s]
    C n=4000 k=50 s=50 FEAT 4000x100: 20 brains (V x seed) in one launch, 576 steps  [1s]
    G n=2800 k=50 s=50 FEAT 4000x100: 20 brains (V x seed) in one launch, 576 steps  [1s]
    B n=2000 k=50 s=50 FEAT 4000x100: 20 brains (V x seed) in one launch, 576 steps  [1s]
    C n=4000 k=50 s=50 FEAT 4000x100: 20 brains (V x seed) in one launch, 576 steps  [1s]
    A n=1000 k=50 s=50 FEAT 4000x100: 20 brains (V x seed) in one launch, 576 steps  [1s]
    B n=2000 k=50 s=50 FEAT 4000x100: 20 brains (V x seed) in one launch, 576 steps  [1s]
    F n=1400 k=50 s=50 FEAT 4000x100: 20 brains (V x seed) in one launch, 576 steps  [1s]
    G n=2800 k=50 s=50 FEAT 4000x100: 20 brains (V x seed) in one launch, 576 steps  [1s]
    A n=1000 k=50 s=50 FEAT 4000x100: 20 brains (V x seed) in one launch, 576 steps  [1s]
    C n=4000 k=50 s=50 FEAT 4000x100: 20 brains (V x seed) in one launch, 576 steps  [1s]
    F n=1400 k=50 s=50 FEAT 4000x100: 20 brains (V x seed) in one launch, 576 steps  [1s]
    B n=2000 k=50 s=50 FEAT 4000x100: 20 brains (V x seed) in one launch, 576 steps  [1s]
    G n=2800 k=50 s=50 FEAT 4000x100: 20 brains (V x seed) in one launch, 576 steps  [1s]
    C n=4000 k=50 s=50 FEAT 4000x100: 20 brains (V x seed) in one launch, 576 steps  [1s]
    A n=1000 k=50 s=50 FEAT 4000x100: 20 brains (V x seed) in one launch, 576 steps  [1s]
    F n=1400 k=50 s=50 FEAT 4000x100: 20 brains (V x seed) in one launch, 576 steps  [1s]
    B n=2000 k=50 s=50 FEAT 4000x100: 20 brains (V x seed) in one launch, 576 steps  [1s]
    G n=2800 k=50 s=50 FEAT 4000x100: 20 brains (V x seed) in one launch, 576 steps  [1s]
    C n=4000 k=50 s=50 FEAT 4000x100: 20 brains (V x seed) in one launch, 576 steps  [1s]
    A n=1000 k=50 s=50 FEAT 4000x100: 20 brains (V x seed) in one launch, 576 steps  [0s]
    F n=1400 k=50 s=50 FEAT 4000x100: 20 brains (V x seed) in one launch, 576 steps  [1s]
    B n=2000 k=50 s=50 FEAT 4000x100: 20 brains (V x seed) in one launch, 576 steps  [1s]
    G n=2800 k=50 s=50 FEAT 4000x100: 20 brains (V x seed) in one launch, 576 steps  [1s]
    C n=4000 k=50 s=50 FEAT 4000x100: 20 brains (V x seed) in one launch, 576 steps  [1s]
    A n=1000 k=50 s=50 FEAT 4000x100: 20 brains (V x seed) in one launch, 576 steps  [0s]
    F n=1400 k=50 s=50 FEAT 4000x100: 20 brains (V x seed) in one launch, 576 steps  [1s]
    B n=2000 k=50 s=50 FEAT 4000x100: 20 brains (V x seed) in one launch, 576 steps  [1s]
    G n=2800 k=50 s=50 FEAT 4000x100: 20 brains (V x seed) in one launch, 576 steps  [1s]
    C n=4000 k=50 s=50 FEAT 4000x100: 20 brains (V x seed) in one launch, 576 steps  [0s]
p=0.1 beta=0.0125: A 16.0 (20 censored), F 16.0 (20 censored), B 16.0 (20 censored), G 16.1 (19 censored), C 59.5 (0 censored)
p=0.1 beta=0.025: A 16.0 (20 censored), F 16.0 (20 censored), B 22.4 (13 censored), G 490.9 (0 censored), C 791.5 (0 censored)
p=0.1 beta=0.05: A 23.9 (16 censored), F 152.1 (0 censored), B 310.6 (0 censored), G 536.1 (0 censored), C 711.5 (0 censored)
p=0.1 beta=0.1: A 83.8 (0 censored), F 143.7 (0 censored), B 227.1 (0 censored), G 275.4 (0 censored), C 309.5 (0 censored)
p=0.1 beta=0.2: A 59.2 (0 censored), F 97.8 (0 censored), B 144.0 (0 censored), G 164.8 (0 censored), C 165.4 (0 censored)
p=0.1 beta=0.4: A 71.7 (0 censored), F 98.8 (0 censored), B 115.9 (0 censored), G 131.5 (0 censored), C 138.3 (0 censored)
p=0.1 beta=0.8: A 63.9 (0 censored), F 75.8 (0 censored), B 86.5 (0 censored), G 108.8 (0 censored), C 120.1 (0 censored)
