    A n=1000 k=50 s=50 FEAT 4000x100: 20 brains (V x seed) in one launch, 576 steps  [176s]
    A n=1000 k=50 s=50 FEAT 4000x100: 20 brains (V x seed) in one launch, 1152 steps  [1s]
    A n=1000 k=50 s=50 FEAT 4000x100: 20 brains (V x seed) in one launch, 2304 steps  [1s]
    A n=1000 k=50 s=50 FEAT 4000x100: 20 brains (V x seed) in one launch, 4608 steps  [2s]
    A n=1000 k=50 s=50 FEAT 4000x100: 20 brains (V x seed) in one launch, 9216 steps  [4s]
    A n=1000 k=50 s=50 FEAT 4000x100: 20 brains (V x seed) in one launch, 18432 steps  [9s]
    A n=1000 k=50 s=50 FEAT 4000x100: 20 brains (V x seed) in one launch, 36864 steps  [18s]
      V=  16: type-acc 0.062 0.062 0.062 0.062 0.062 0.062 0.062 0.062 0.062 0.062 0.062 0.062 0.062 0.062 0.062 0.062 0.062 0.062 0.062 0.062  (chance 0.062)
      V=  32: type-acc 0.031 0.031 0.031 0.000 0.031 0.031 0.031 0.062 0.031 0.062 0.062 0.062 0.031 0.065 0.031 0.031 0.031 0.031 0.031 0.031  (chance 0.031)
      V=  64: type-acc 0.062 0.016 0.016 0.016 0.031 0.047 0.062 0.016 0.016 0.048 0.031 0.016 0.031 0.016 0.016 0.031 0.062 0.016 0.094 0.000  (chance 0.016)
      V= 128: type-acc 0.047 0.079 0.055 0.047 0.047 0.070 0.055 0.078 0.055 0.047 0.070 0.047 0.102 0.039 0.055 0.055 0.070 0.102 0.078 0.094  (chance 0.008)
      V= 256: type-acc 0.082 0.082 0.102 0.098 0.109 0.078 0.129 0.066 0.094 0.105 0.137 0.078 0.109 0.090 0.090 0.125 0.109 0.109 0.133 0.125  (chance 0.004)
      V= 512: type-acc 0.072 0.061 0.066 0.086 0.076 0.080 0.088 0.064 0.076 0.078 0.070 0.068 0.076 0.096 0.080 0.072 0.090 0.072 0.098 0.080  (chance 0.002)
      V=1024: type-acc 0.034 0.043 0.029 0.045 0.036 0.032 0.045 0.048 0.031 0.038 0.049 0.030 0.034 0.032 0.029 0.036 0.034 0.037 0.042 0.037  (chance 0.001)
    B n=2000 k=50 s=50 FEAT 4000x100: 20 brains (V x seed) in one launch, 576 steps  [0s]
    B n=2000 k=50 s=50 FEAT 4000x100: 20 brains (V x seed) in one launch, 1152 steps  [1s]
    B n=2000 k=50 s=50 FEAT 4000x100: 20 brains (V x seed) in one launch, 2304 steps  [1s]
    B n=2000 k=50 s=50 FEAT 4000x100: 20 brains (V x seed) in one launch, 4608 steps  [2s]
    B n=2000 k=50 s=50 FEAT 4000x100: 20 brains (V x seed) in one launch, 9216 steps  [4s]
    B n=2000 k=50 s=50 FEAT 4000x100: 20 brains (V x seed) in one launch, 18432 steps  [9s]
    B n=2000 k=50 s=50 FEAT 4000x100: 20 brains (V x seed) in one launch, 36864 steps  [18s]
      V=  16: type-acc 0.250 0.188 0.250 0.375 0.312 0.125 0.250 0.375 0.188 0.125 0.375 0.000 0.312 0.125 0.188 0.250 0.375 0.250 0.188 0.250  (chance 0.062)
      V=  32: type-acc 0.188 0.188 0.375 0.250 0.250 0.188 0.125 0.188 0.312 0.375 0.312 0.188 0.281 0.355 0.500 0.312 0.219 0.344 0.188 0.281  (chance 0.031)
      V=  64: type-acc 0.406 0.281 0.250 0.234 0.406 0.250 0.172 0.266 0.234 0.238 0.203 0.312 0.266 0.250 0.312 0.219 0.281 0.250 0.234 0.219  (chance 0.016)
      V= 128: type-acc 0.273 0.268 0.305 0.297 0.312 0.281 0.336 0.281 0.305 0.289 0.320 0.289 0.273 0.312 0.281 0.281 0.336 0.336 0.312 0.234  (chance 0.008)
      V= 256: type-acc 0.297 0.266 0.289 0.266 0.305 0.246 0.293 0.277 0.293 0.297 0.258 0.262 0.289 0.293 0.223 0.266 0.250 0.246 0.277 0.262  (chance 0.004)
      V= 512: type-acc 0.230 0.225 0.197 0.219 0.229 0.233 0.238 0.217 0.218 0.240 0.245 0.241 0.234 0.232 0.252 0.246 0.231 0.211 0.247 0.215  (chance 0.002)
      V=1024: type-acc 0.121 0.145 0.142 0.135 0.148 0.157 0.145 0.157 0.130 0.137 0.143 0.137 0.143 0.156 0.135 0.143 0.147 0.134 0.129 0.133  (chance 0.001)
    C n=4000 k=50 s=50 FEAT 4000x100: 20 brains (V x seed) in one launch, 576 steps  [0s]
    C n=4000 k=50 s=50 FEAT 4000x100: 20 brains (V x seed) in one launch, 1152 steps  [1s]
    C n=4000 k=50 s=50 FEAT 4000x100: 20 brains (V x seed) in one launch, 2304 steps  [1s]
    C n=4000 k=50 s=50 FEAT 4000x100: 20 brains (V x seed) in one launch, 4608 steps  [2s]
    C n=4000 k=50 s=50 FEAT 4000x100: 20 brains (V x seed) in one launch, 9216 steps  [4s]
    C n=4000 k=50 s=50 FEAT 4000x100: 20 brains (V x seed) in one launch, 18432 steps  [9s]
    C n=4000 k=50 s=50 FEAT 4000x100: 20 brains (V x seed) in one launch, 36864 steps  [18s]
      V=  16: type-acc 0.750 0.562 0.562 0.688 0.688 0.875 0.562 0.812 0.750 0.500 0.688 0.750 0.875 0.562 0.688 0.750 0.750 0.375 0.625 0.750  (chance 0.062)
      V=  32: type-acc 0.656 0.656 0.812 0.500 0.719 0.531 0.719 0.625 0.688 0.625 0.562 0.469 0.625 0.645 0.656 0.656 0.562 0.750 0.625 0.656  (chance 0.031)
      V=  64: type-acc 0.516 0.609 0.609 0.625 0.500 0.531 0.484 0.562 0.578 0.460 0.438 0.609 0.469 0.438 0.625 0.562 0.594 0.531 0.672 0.547  (chance 0.016)
      V= 128: type-acc 0.539 0.457 0.547 0.539 0.547 0.500 0.445 0.508 0.461 0.602 0.453 0.453 0.453 0.477 0.516 0.547 0.516 0.484 0.430 0.469  (chance 0.008)
      V= 256: type-acc 0.406 0.434 0.445 0.398 0.402 0.352 0.430 0.402 0.445 0.434 0.406 0.438 0.410 0.438 0.375 0.414 0.449 0.453 0.430 0.402  (chance 0.004)
      V= 512: type-acc 0.338 0.324 0.320 0.328 0.344 0.317 0.336 0.332 0.306 0.316 0.362 0.325 0.332 0.316 0.324 0.359 0.348 0.328 0.364 0.360  (chance 0.002)
      V=1024: type-acc 0.249 0.248 0.218 0.227 0.229 0.232 0.216 0.243 0.235 0.242 0.238 0.246 0.226 0.267 0.245 0.226 0.256 0.232 0.213 0.226  (chance 0.001)
p=0.025 beta=0.0125: A 16.0 (20 censored), B 16.0 (20 censored), C 16.0 (20 censored)
    A n=1000 k=50 s=50 FEAT 4000x100: 20 brains (V x seed) in one launch, 576 steps  [0s]
    A n=1000 k=50 s=50 FEAT 4000x100: 20 brains (V x seed) in one launch, 1152 steps  [1s]
    A n=1000 k=50 s=50 FEAT 4000x100: 20 brains (V x seed) in one launch, 2304 steps  [1s]
    A n=1000 k=50 s=50 FEAT 4000x100: 20 brains (V x seed) in one launch, 4608 steps  [2s]
    A n=1000 k=50 s=50 FEAT 4000x100: 20 brains (V x seed) in one launch, 9216 steps  [4s]
    A n=1000 k=50 s=50 FEAT 4000x100: 20 brains (V x seed) in one launch, 18432 steps  [10s]
    A n=1000 k=50 s=50 FEAT 4000x100: 20 brains (V x seed) in one launch, 36864 steps  [18s]
      V=  16: type-acc 0.250 0.250 0.188 0.125 0.062 0.312 0.188 0.375 0.188 0.062 0.125 0.125 0.062 0.250 0.188 0.188 0.250 0.312 0.250 0.188  (chance 0.062)
      V=  32: type-acc 0.188 0.094 0.250 0.219 0.281 0.156 0.156 0.125 0.406 0.281 0.219 0.188 0.312 0.194 0.219 0.188 0.344 0.188 0.312 0.094  (chance 0.031)
      V=  64: type-acc 0.297 0.297 0.312 0.359 0.297 0.297 0.281 0.312 0.250 0.222 0.312 0.359 0.266 0.297 0.266 0.297 0.312 0.266 0.219 0.250  (chance 0.016)
      V= 128: type-acc 0.320 0.370 0.367 0.383 0.320 0.367 0.430 0.367 0.352 0.406 0.445 0.406 0.398 0.438 0.352 0.344 0.305 0.375 0.367 0.406  (chance 0.008)
      V= 256: type-acc 0.305 0.320 0.391 0.316 0.281 0.270 0.320 0.375 0.324 0.340 0.348 0.340 0.359 0.367 0.336 0.375 0.297 0.266 0.340 0.293  (chance 0.004)
      V= 512: type-acc 0.223 0.209 0.195 0.213 0.184 0.227 0.201 0.188 0.175 0.205 0.174 0.198 0.215 0.225 0.182 0.203 0.198 0.176 0.198 0.190  (chance 0.002)
      V=1024: type-acc 0.078 0.091 0.073 0.074 0.080 0.077 0.076 0.079 0.069 0.087 0.092 0.071 0.078 0.070 0.072 0.065 0.072 0.072 0.084 0.071  (chance 0.001)
    B n=2000 k=50 s=50 FEAT 4000x100: 20 brains (V x seed) in one launch, 576 steps  [0s]
    B n=2000 k=50 s=50 FEAT 4000x100: 20 brains (V x seed) in one launch, 1152 steps  [1s]
    B n=2000 k=50 s=50 FEAT 4000x100: 20 brains (V x seed) in one launch, 2304 steps  [1s]
    B n=2000 k=50 s=50 FEAT 4000x100: 20 brains (V x seed) in one launch, 4608 steps  [2s]
    B n=2000 k=50 s=50 FEAT 4000x100: 20 brains (V x seed) in one launch, 9216 steps  [5s]
    B n=2000 k=50 s=50 FEAT 4000x100: 20 brains (V x seed) in one launch, 18432 steps  [9s]
    B n=2000 k=50 s=50 FEAT 4000x100: 20 brains (V x seed) in one launch, 36864 steps  [19s]
      V=  16: type-acc 0.875 0.625 0.750 0.625 0.562 0.625 0.562 0.750 0.562 0.625 0.562 0.625 0.812 0.625 0.688 0.812 0.625 0.625 0.625 0.625  (chance 0.062)
      V=  32: type-acc 0.719 0.781 0.781 0.656 0.812 0.719 0.625 0.750 0.719 0.688 0.844 0.688 0.688 0.774 0.750 0.750 0.688 0.750 0.719 0.625  (chance 0.031)
      V=  64: type-acc 0.812 0.750 0.781 0.812 0.688 0.734 0.672 0.750 0.719 0.714 0.734 0.688 0.688 0.703 0.703 0.766 0.656 0.734 0.719 0.672  (chance 0.016)
      V= 128: type-acc 0.719 0.717 0.695 0.703 0.672 0.766 0.734 0.750 0.719 0.734 0.758 0.695 0.688 0.688 0.680 0.688 0.711 0.766 0.711 0.688  (chance 0.008)
      V= 256: type-acc 0.664 0.625 0.672 0.645 0.641 0.613 0.605 0.730 0.641 0.680 0.664 0.648 0.664 0.664 0.609 0.652 0.668 0.637 0.641 0.613  (chance 0.004)
      V= 512: type-acc 0.479 0.490 0.492 0.516 0.479 0.483 0.479 0.490 0.494 0.531 0.540 0.481 0.492 0.500 0.545 0.521 0.487 0.494 0.513 0.544  (chance 0.002)
      V=1024: type-acc 0.272 0.302 0.285 0.270 0.289 0.294 0.302 0.303 0.298 0.325 0.281 0.288 0.289 0.280 0.309 0.289 0.294 0.290 0.288 0.276  (chance 0.001)
    C n=4000 k=50 s=50 FEAT 4000x100: 20 brains (V x seed) in one launch, 576 steps  [0s]
    C n=4000 k=50 s=50 FEAT 4000x100: 20 brains (V x seed) in one launch, 1152 steps  [1s]
    C n=4000 k=50 s=50 FEAT 4000x100: 20 brains (V x seed) in one launch, 2304 steps  [1s]
    C n=4000 k=50 s=50 FEAT 4000x100: 20 brains (V x seed) in one launch, 4608 steps  [2s]
    C n=4000 k=50 s=50 FEAT 4000x100: 20 brains (V x seed) in one launch, 9216 steps  [5s]
    C n=4000 k=50 s=50 FEAT 4000x100: 20 brains (V x seed) in one launch, 18432 steps  [9s]
    C n=4000 k=50 s=50 FEAT 4000x100: 20 brains (V x seed) in one launch, 36864 steps  [22s]
      V=  16: type-acc 1.000 0.938 0.875 0.812 1.000 0.938 0.938 0.875 0.938 0.938 0.812 0.938 0.938 1.000 1.000 1.000 0.938 0.938 0.875 0.938  (chance 0.062)
      V=  32: type-acc 0.969 0.969 0.969 0.938 0.938 0.969 0.938 0.938 0.906 0.844 0.906 0.875 0.875 1.000 0.938 0.969 0.875 0.938 0.969 0.875  (chance 0.031)
      V=  64: type-acc 0.938 0.922 0.953 0.953 0.859 0.922 0.891 0.922 0.875 0.921 0.922 0.891 0.906 0.938 0.875 0.922 0.875 0.891 0.938 0.906  (chance 0.016)
      V= 128: type-acc 0.875 0.882 0.875 0.938 0.875 0.883 0.891 0.875 0.844 0.898 0.898 0.945 0.852 0.844 0.867 0.883 0.891 0.922 0.898 0.875  (chance 0.008)
      V= 256: type-acc 0.832 0.812 0.824 0.824 0.812 0.820 0.816 0.828 0.820 0.816 0.840 0.844 0.820 0.828 0.816 0.793 0.820 0.820 0.816 0.809  (chance 0.004)
      V= 512: type-acc 0.709 0.684 0.715 0.688 0.680 0.669 0.684 0.695 0.686 0.707 0.685 0.656 0.699 0.713 0.715 0.715 0.728 0.705 0.722 0.683  (chance 0.002)
      V=1024: type-acc 0.512 0.558 0.528 0.520 0.504 0.522 0.528 0.547 0.496 0.543 0.539 0.518 0.490 0.534 0.509 0.523 0.514 0.523 0.519 0.496  (chance 0.001)
p=0.025 beta=0.025: A 16.0 (20 censored), B 16.0 (20 censored), C 93.0 (0 censored)
    A n=1000 k=50 s=50 FEAT 4000x100: 20 brains (V x seed) in one launch, 576 steps  [0s]
    A n=1000 k=50 s=50 FEAT 4000x100: 20 brains (V x seed) in one launch, 1152 steps  [1s]
    A n=1000 k=50 s=50 FEAT 4000x100: 20 brains (V x seed) in one launch, 2304 steps  [1s]
    A n=1000 k=50 s=50 FEAT 4000x100: 20 brains (V x seed) in one launch, 4608 steps  [2s]
    A n=1000 k=50 s=50 FEAT 4000x100: 20 brains (V x seed) in one launch, 9216 steps  [5s]
    A n=1000 k=50 s=50 FEAT 4000x100: 20 brains (V x seed) in one launch, 18432 steps  [9s]
    A n=1000 k=50 s=50 FEAT 4000x100: 20 brains (V x seed) in one launch, 36864 steps  [19s]
      V=  16: type-acc 0.812 0.625 0.562 0.688 0.438 0.750 0.562 0.688 0.562 0.812 0.688 0.750 0.750 0.750 0.688 0.750 0.875 0.750 0.438 0.625  (chance 0.062)
      V=  32: type-acc 0.719 0.750 0.812 0.438 0.688 0.750 0.750 0.688 0.625 0.719 0.719 0.625 0.750 0.742 0.750 0.781 0.750 0.750 0.688 0.656  (chance 0.031)
      V=  64: type-acc 0.703 0.781 0.766 0.781 0.750 0.688 0.672 0.828 0.734 0.714 0.703 0.688 0.703 0.766 0.719 0.656 0.703 0.750 0.656 0.719  (chance 0.016)
      V= 128: type-acc 0.688 0.724 0.680 0.719 0.688 0.688 0.727 0.703 0.648 0.680 0.758 0.727 0.688 0.711 0.648 0.680 0.688 0.727 0.602 0.734  (chance 0.008)
      V= 256: type-acc 0.438 0.523 0.520 0.496 0.508 0.469 0.547 0.574 0.543 0.559 0.570 0.562 0.559 0.516 0.504 0.527 0.535 0.512 0.508 0.535  (chance 0.004)
      V= 512: type-acc 0.291 0.289 0.297 0.279 0.266 0.286 0.283 0.275 0.273 0.279 0.237 0.268 0.285 0.297 0.266 0.275 0.305 0.258 0.299 0.258  (chance 0.002)
      V=1024: type-acc 0.102 0.107 0.075 0.078 0.086 0.094 0.101 0.119 0.088 0.112 0.105 0.082 0.092 0.085 0.091 0.081 0.083 0.083 0.103 0.084  (chance 0.001)
    B n=2000 k=50 s=50 FEAT 4000x100: 20 brains (V x seed) in one launch, 576 steps  [0s]
    B n=2000 k=50 s=50 FEAT 4000x100: 20 brains (V x seed) in one launch, 1152 steps  [1s]
    B n=2000 k=50 s=50 FEAT 4000x100: 20 brains (V x seed) in one launch, 2304 steps  [1s]
    B n=2000 k=50 s=50 FEAT 4000x100: 20 brains (V x seed) in one launch, 4608 steps  [2s]
    B n=2000 k=50 s=50 FEAT 4000x100: 20 brains (V x seed) in one launch, 9216 steps  [5s]
    B n=2000 k=50 s=50 FEAT 4000x100: 20 brains (V x seed) in one launch, 18432 steps  [9s]
    B n=2000 k=50 s=50 FEAT 4000x100: 20 brains (V x seed) in one launch, 36864 steps  [18s]
      V=  16: type-acc 1.000 0.938 0.875 0.938 0.875 0.875 0.875 0.875 0.812 0.875 0.875 0.938 0.938 0.938 0.875 0.875 1.000 0.938 0.875 0.875  (chance 0.062)
      V=  32: type-acc 0.906 0.938 1.000 0.875 0.938 0.875 0.938 0.938 0.938 0.906 0.938 0.781 0.875 0.968 0.906 0.938 0.875 0.938 0.938 0.844  (chance 0.031)
      V=  64: type-acc 0.922 0.906 0.938 0.953 0.891 0.891 0.891 0.922 0.922 0.873 0.859 0.875 0.875 0.875 0.875 0.906 0.875 0.969 0.875 0.891  (chance 0.016)
      V= 128: type-acc 0.875 0.882 0.898 0.906 0.859 0.914 0.867 0.898 0.867 0.875 0.906 0.906 0.859 0.898 0.836 0.859 0.852 0.922 0.898 0.844  (chance 0.008)
      V= 256: type-acc 0.848 0.762 0.820 0.871 0.812 0.793 0.809 0.820 0.797 0.824 0.844 0.832 0.789 0.848 0.812 0.820 0.820 0.805 0.809 0.785  (chance 0.004)
      V= 512: type-acc 0.629 0.600 0.656 0.652 0.604 0.624 0.605 0.619 0.631 0.650 0.646 0.605 0.584 0.641 0.631 0.619 0.613 0.615 0.646 0.632  (chance 0.002)
      V=1024: type-acc 0.321 0.372 0.337 0.341 0.366 0.373 0.364 0.370 0.380 0.377 0.355 0.341 0.359 0.370 0.379 0.354 0.368 0.348 0.369 0.337  (chance 0.001)
    C n=4000 k=50 s=50 FEAT 4000x100: 20 brains (V x seed) in one launch, 576 steps  [0s]
    C n=4000 k=50 s=50 FEAT 4000x100: 20 brains (V x seed) in one launch, 1152 steps  [1s]
    C n=4000 k=50 s=50 FEAT 4000x100: 20 brains (V x seed) in one launch, 2304 steps  [1s]
    C n=4000 k=50 s=50 FEAT 4000x100: 20 brains (V x seed) in one launch, 4608 steps  [2s]
    C n=4000 k=50 s=50 FEAT 4000x100: 20 brains (V x seed) in one launch, 9216 steps  [5s]
    C n=4000 k=50 s=50 FEAT 4000x100: 20 brains (V x seed) in one launch, 18432 steps  [9s]
    C n=4000 k=50 s=50 FEAT 4000x100: 20 brains (V x seed) in one launch, 36864 steps  [19s]
      V=  16: type-acc 1.000 1.000 0.938 1.000 1.000 0.938 1.000 1.000 1.000 1.000 0.938 1.000 0.938 1.000 1.000 1.000 1.000 1.000 1.000 1.000  (chance 0.062)
      V=  32: type-acc 0.969 1.000 1.000 1.000 1.000 1.000 1.000 1.000 0.969 1.000 1.000 1.000 0.938 1.000 1.000 0.969 0.969 1.000 1.000 0.969  (chance 0.031)
      V=  64: type-acc 0.984 0.969 0.984 0.984 1.000 1.000 0.969 0.953 1.000 0.984 0.984 0.953 0.953 1.000 1.000 1.000 0.938 0.984 1.000 0.969  (chance 0.016)
      V= 128: type-acc 0.945 0.945 0.977 0.969 0.953 0.961 0.945 0.961 0.930 0.953 0.969 0.984 0.930 0.953 0.922 0.977 0.938 0.961 0.977 0.938  (chance 0.008)
      V= 256: type-acc 0.941 0.906 0.949 0.918 0.918 0.926 0.906 0.930 0.941 0.914 0.941 0.949 0.891 0.945 0.922 0.922 0.934 0.949 0.918 0.918  (chance 0.004)
      V= 512: type-acc 0.834 0.832 0.840 0.836 0.820 0.830 0.820 0.830 0.831 0.828 0.804 0.804 0.846 0.830 0.832 0.797 0.828 0.820 0.847 0.820  (chance 0.002)
      V=1024: type-acc 0.614 0.647 0.628 0.618 0.630 0.623 0.648 0.646 0.616 0.638 0.624 0.640 0.611 0.635 0.613 0.641 0.637 0.634 0.630 0.609  (chance 0.001)
p=0.025 beta=0.05: A 16.0 (20 censored), B 81.1 (1 censored), C 304.4 (0 censored)
    A n=1000 k=50 s=50 FEAT 4000x100: 20 brains (V x seed) in one launch, 576 steps  [0s]
    A n=1000 k=50 s=50 FEAT 4000x100: 20 brains (V x seed) in one launch, 1152 steps  [1s]
    A n=1000 k=50 s=50 FEAT 4000x100: 20 brains (V x seed) in one launch, 2304 steps  [1s]
    A n=1000 k=50 s=50 FEAT 4000x100: 20 brains (V x seed) in one launch, 4608 steps  [2s]
    A n=1000 k=50 s=50 FEAT 4000x100: 20 brains (V x seed) in one launch, 9216 steps  [4s]
    A n=1000 k=50 s=50 FEAT 4000x100: 20 brains (V x seed) in one launch, 18432 steps  [9s]
    A n=1000 k=50 s=50 FEAT 4000x100: 20 brains (V x seed) in one launch, 36864 steps  [18s]
      V=  16: type-acc 0.875 0.938 0.875 0.812 0.875 0.875 0.938 0.938 0.812 0.812 0.750 0.875 0.875 1.000 0.812 0.875 0.938 0.938 0.938 0.812  (chance 0.062)
      V=  32: type-acc 0.844 0.875 0.938 0.844 0.875 0.812 0.875 0.812 0.812 0.875 0.875 0.812 0.906 0.903 0.938 0.938 0.875 0.906 0.875 0.875  (chance 0.031)
      V=  64: type-acc 0.875 0.859 0.844 0.875 0.797 0.828 0.812 0.844 0.797 0.794 0.844 0.812 0.875 0.875 0.797 0.828 0.812 0.875 0.797 0.828  (chance 0.016)
      V= 128: type-acc 0.789 0.748 0.812 0.781 0.758 0.758 0.797 0.750 0.742 0.797 0.805 0.797 0.750 0.773 0.758 0.695 0.773 0.812 0.711 0.812  (chance 0.008)
      V= 256: type-acc 0.516 0.570 0.621 0.551 0.574 0.566 0.570 0.625 0.609 0.586 0.613 0.551 0.582 0.555 0.582 0.602 0.586 0.566 0.539 0.566  (chance 0.004)
      V= 512: type-acc 0.309 0.299 0.301 0.307 0.277 0.327 0.299 0.307 0.300 0.318 0.268 0.268 0.309 0.311 0.273 0.291 0.294 0.301 0.305 0.252  (chance 0.002)
      V=1024: type-acc 0.108 0.104 0.080 0.080 0.090 0.091 0.100 0.112 0.090 0.099 0.112 0.088 0.109 0.098 0.094 0.087 0.092 0.083 0.101 0.086  (chance 0.001)
    B n=2000 k=50 s=50 FEAT 4000x100: 20 brains (V x seed) in one launch, 576 steps  [0s]
    B n=2000 k=50 s=50 FEAT 4000x100: 20 brains (V x seed) in one launch, 1152 steps  [1s]
    B n=2000 k=50 s=50 FEAT 4000x100: 20 brains (V x seed) in one launch, 2304 steps  [1s]
    B n=2000 k=50 s=50 FEAT 4000x100: 20 brains (V x seed) in one launch, 4608 steps  [2s]
    B n=2000 k=50 s=50 FEAT 4000x100: 20 brains (V x seed) in one launch, 9216 steps  [5s]
    B n=2000 k=50 s=50 FEAT 4000x100: 20 brains (V x seed) in one launch, 18432 steps  [10s]
    B n=2000 k=50 s=50 FEAT 4000x100: 20 brains (V x seed) in one launch, 36864 steps  [19s]
      V=  16: type-acc 1.000 1.000 0.938 1.000 1.000 0.938 1.000 1.000 1.000 1.000 0.812 1.000 0.938 1.000 1.000 1.000 1.000 1.000 1.000 1.000  (chance 0.062)
      V=  32: type-acc 0.969 0.938 1.000 1.000 1.000 1.000 0.969 0.969 0.969 0.969 1.000 0.906 1.000 0.968 0.969 0.938 0.938 1.000 0.969 1.000  (chance 0.031)
      V=  64: type-acc 0.953 0.953 0.953 0.984 0.969 0.922 0.969 0.938 0.953 0.873 0.969 0.938 0.953 0.922 0.906 0.969 0.953 0.969 0.938 0.922  (chance 0.016)
      V= 128: type-acc 0.867 0.882 0.891 0.922 0.883 0.922 0.898 0.867 0.859 0.891 0.938 0.930 0.852 0.875 0.852 0.914 0.875 0.922 0.914 0.836  (chance 0.008)
      V= 256: type-acc 0.863 0.770 0.789 0.836 0.797 0.797 0.801 0.824 0.812 0.816 0.840 0.820 0.781 0.824 0.781 0.785 0.801 0.805 0.855 0.793  (chance 0.004)
      V= 512: type-acc 0.598 0.643 0.670 0.646 0.592 0.614 0.609 0.639 0.624 0.639 0.646 0.603 0.623 0.648 0.650 0.592 0.632 0.613 0.654 0.636  (chance 0.002)
      V=1024: type-acc 0.328 0.373 0.332 0.334 0.376 0.360 0.364 0.363 0.354 0.385 0.354 0.352 0.344 0.358 0.358 0.354 0.345 0.344 0.342 0.316  (chance 0.001)
    C n=4000 k=50 s=50 FEAT 4000x100: 20 brains (V x seed) in one launch, 576 steps  [0s]
    C n=4000 k=50 s=50 FEAT 4000x100: 20 brains (V x seed) in one launch, 1152 steps  [1s]
    C n=4000 k=50 s=50 FEAT 4000x100: 20 brains (V x seed) in one launch, 2304 steps  [1s]
    C n=4000 k=50 s=50 FEAT 4000x100: 20 brains (V x seed) in one launch, 4608 steps  [2s]
    C n=4000 k=50 s=50 FEAT 4000x100: 20 brains (V x seed) in one launch, 9216 steps  [5s]
    C n=4000 k=50 s=50 FEAT 4000x100: 20 brains (V x seed) in one launch, 18432 steps  [9s]
