    A n=1000 k=50 s=50 FEAT 4000x100: 20 brains (V x seed) in one launch, 576 steps  [96s]
    A n=1000 k=50 s=50 FEAT 4000x100: 20 brains (V x seed) in one launch, 1152 steps  [1s]
    A n=1000 k=50 s=50 FEAT 4000x100: 20 brains (V x seed) in one launch, 2304 steps  [1s]
    A n=1000 k=50 s=50 FEAT 4000x100: 20 brains (V x seed) in one launch, 4608 steps  [2s]
    A n=1000 k=50 s=50 FEAT 4000x100: 20 brains (V x seed) in one launch, 9216 steps  [5s]
    A n=1000 k=50 s=50 FEAT 4000x100: 20 brains (V x seed) in one launch, 18432 steps  [9s]
    A n=1000 k=50 s=50 FEAT 4000x100: 20 brains (V x seed) in one launch, 36864 steps  [19s]
      V=  16: type-acc 0.188 0.000 0.062 0.062 0.125 0.188 0.250 0.188 0.250 0.188 0.188 0.062 0.375 0.125 0.250 0.125 0.188 0.188 0.188 0.188  (chance 0.062)
      V=  32: type-acc 0.312 0.281 0.156 0.188 0.250 0.219 0.438 0.344 0.250 0.188 0.156 0.250 0.281 0.156 0.188 0.156 0.281 0.281 0.281 0.219  (chance 0.031)
      V=  64: type-acc 0.375 0.359 0.297 0.391 0.453 0.328 0.413 0.375 0.406 0.453 0.344 0.375 0.312 0.359 0.375 0.359 0.391 0.406 0.422 0.422  (chance 0.016)
      V= 128: type-acc 0.562 0.414 0.461 0.430 0.523 0.492 0.492 0.430 0.453 0.492 0.449 0.531 0.531 0.461 0.508 0.477 0.531 0.469 0.469 0.469  (chance 0.008)
      V= 256: type-acc 0.461 0.520 0.527 0.477 0.496 0.504 0.453 0.469 0.488 0.480 0.510 0.457 0.523 0.508 0.504 0.477 0.484 0.539 0.516 0.469  (chance 0.004)
      V= 512: type-acc 0.342 0.368 0.389 0.357 0.354 0.332 0.336 0.338 0.340 0.322 0.369 0.330 0.348 0.350 0.381 0.340 0.326 0.331 0.359 0.321  (chance 0.002)
      V=1024: type-acc 0.165 0.176 0.170 0.149 0.152 0.168 0.195 0.167 0.189 0.173 0.160 0.181 0.169 0.166 0.180 0.170 0.167 0.206 0.176 0.151  (chance 0.001)
    B n=2000 k=50 s=50 FEAT 4000x100: 20 brains (V x seed) in one launch, 576 steps  [0s]
    B n=2000 k=50 s=50 FEAT 4000x100: 20 brains (V x seed) in one launch, 1152 steps  [1s]
    B n=2000 k=50 s=50 FEAT 4000x100: 20 brains (V x seed) in one launch, 2304 steps  [1s]
    B n=2000 k=50 s=50 FEAT 4000x100: 20 brains (V x seed) in one launch, 4608 steps  [2s]
    B n=2000 k=50 s=50 FEAT 4000x100: 20 brains (V x seed) in one launch, 9216 steps  [4s]
    B n=2000 k=50 s=50 FEAT 4000x100: 20 brains (V x seed) in one launch, 18432 steps  [9s]
    B n=2000 k=50 s=50 FEAT 4000x100: 20 brains (V x seed) in one launch, 36864 steps  [18s]
      V=  16: type-acc 0.812 0.625 0.812 0.750 0.562 0.750 0.562 0.688 0.750 0.812 0.562 0.875 0.875 0.812 0.875 0.750 0.750 0.750 0.688 0.812  (chance 0.062)
      V=  32: type-acc 0.844 0.906 0.750 0.719 0.750 0.781 0.875 0.656 0.875 0.781 0.844 0.781 0.750 0.719 0.875 0.812 0.688 0.781 0.875 0.750  (chance 0.031)
      V=  64: type-acc 0.844 0.781 0.797 0.875 0.797 0.812 0.889 0.766 0.781 0.828 0.797 0.875 0.781 0.750 0.812 0.797 0.828 0.812 0.828 0.781  (chance 0.016)
      V= 128: type-acc 0.812 0.828 0.742 0.812 0.867 0.836 0.836 0.883 0.828 0.852 0.740 0.727 0.805 0.820 0.867 0.812 0.828 0.852 0.820 0.812  (chance 0.008)
      V= 256: type-acc 0.762 0.793 0.785 0.770 0.785 0.820 0.738 0.781 0.785 0.777 0.792 0.824 0.816 0.770 0.809 0.730 0.762 0.770 0.770 0.758  (chance 0.004)
      V= 512: type-acc 0.663 0.665 0.637 0.656 0.640 0.637 0.627 0.627 0.641 0.627 0.684 0.656 0.628 0.684 0.652 0.645 0.643 0.641 0.627 0.659  (chance 0.002)
      V=1024: type-acc 0.406 0.437 0.417 0.419 0.427 0.448 0.468 0.423 0.460 0.433 0.429 0.424 0.473 0.407 0.432 0.405 0.413 0.454 0.450 0.444  (chance 0.001)
    C n=4000 k=50 s=50 FEAT 4000x100: 20 brains (V x seed) in one launch, 576 steps  [0s]
    C n=4000 k=50 s=50 FEAT 4000x100: 20 brains (V x seed) in one launch, 1152 steps  [1s]
    C n=4000 k=50 s=50 FEAT 4000x100: 20 brains (V x seed) in one launch, 2304 steps  [1s]
    C n=4000 k=50 s=50 FEAT 4000x100: 20 brains (V x seed) in one launch, 4608 steps  [2s]
    C n=4000 k=50 s=50 FEAT 4000x100: 20 brains (V x seed) in one launch, 9216 steps  [5s]
    C n=4000 k=50 s=50 FEAT 4000x100: 20 brains (V x seed) in one launch, 18432 steps  [9s]
    C n=4000 k=50 s=50 FEAT 4000x100: 20 brains (V x seed) in one launch, 36864 steps  [19s]
      V=  16: type-acc 1.000 1.000 0.938 0.938 1.000 1.000 1.000 1.000 1.000 1.000 0.938 1.000 1.000 1.000 0.938 1.000 1.000 0.938 1.000 0.938  (chance 0.062)
      V=  32: type-acc 0.969 1.000 1.000 1.000 1.000 1.000 0.969 0.969 0.969 1.000 0.969 0.938 1.000 1.000 1.000 0.938 0.938 1.000 1.000 0.969  (chance 0.031)
      V=  64: type-acc 0.953 0.969 0.984 0.969 0.969 0.984 0.937 0.953 0.953 0.953 0.938 1.000 0.953 0.984 0.922 0.938 0.984 0.953 0.984 0.969  (chance 0.016)
      V= 128: type-acc 0.945 0.984 0.930 0.961 0.977 0.891 0.914 0.945 0.953 0.938 0.898 0.930 0.953 0.945 0.930 0.969 0.984 0.969 0.938 0.969  (chance 0.008)
      V= 256: type-acc 0.891 0.910 0.910 0.922 0.926 0.910 0.926 0.891 0.930 0.875 0.914 0.941 0.902 0.918 0.906 0.918 0.918 0.926 0.910 0.926  (chance 0.004)
      V= 512: type-acc 0.840 0.851 0.838 0.822 0.885 0.832 0.848 0.824 0.855 0.850 0.855 0.836 0.826 0.855 0.862 0.877 0.820 0.835 0.840 0.845  (chance 0.002)
      V=1024: type-acc 0.696 0.709 0.712 0.713 0.704 0.691 0.721 0.709 0.747 0.699 0.707 0.700 0.700 0.710 0.717 0.714 0.720 0.713 0.721 0.726  (chance 0.001)
p=0.05 beta=0.025: A 16.0 (20 censored), B 16.9 (19 censored), C 294.9 (0 censored)
    A n=1000 k=50 s=50 FEAT 4000x100: 20 brains (V x seed) in one launch, 576 steps  [0s]
    A n=1000 k=50 s=50 FEAT 4000x100: 20 brains (V x seed) in one launch, 1152 steps  [1s]
    A n=1000 k=50 s=50 FEAT 4000x100: 20 brains (V x seed) in one launch, 2304 steps  [1s]
    A n=1000 k=50 s=50 FEAT 4000x100: 20 brains (V x seed) in one launch, 4608 steps  [2s]
    A n=1000 k=50 s=50 FEAT 4000x100: 20 brains (V x seed) in one launch, 9216 steps  [4s]
    A n=1000 k=50 s=50 FEAT 4000x100: 20 brains (V x seed) in one launch, 18432 steps  [9s]
    A n=1000 k=50 s=50 FEAT 4000x100: 20 brains (V x seed) in one launch, 36864 steps  [18s]
      V=  16: type-acc 0.750 0.812 0.625 0.625 0.812 0.688 0.750 0.875 0.750 0.688 0.688 0.812 0.812 0.750 0.812 0.875 0.688 0.812 0.750 0.812  (chance 0.062)
      V=  32: type-acc 0.750 0.844 0.844 0.906 0.875 0.656 0.875 0.844 0.750 0.812 0.812 0.781 0.812 0.781 0.844 0.781 0.719 0.844 0.844 0.719  (chance 0.031)
      V=  64: type-acc 0.859 0.812 0.891 0.828 0.844 0.750 0.889 0.797 0.812 0.828 0.719 0.891 0.891 0.844 0.766 0.844 0.781 0.828 0.859 0.828  (chance 0.016)
      V= 128: type-acc 0.844 0.812 0.766 0.859 0.836 0.789 0.797 0.781 0.711 0.828 0.780 0.773 0.781 0.812 0.781 0.812 0.797 0.781 0.734 0.758  (chance 0.008)
      V= 256: type-acc 0.625 0.691 0.676 0.625 0.707 0.711 0.676 0.594 0.680 0.668 0.663 0.668 0.676 0.652 0.656 0.648 0.605 0.680 0.621 0.645  (chance 0.004)
      V= 512: type-acc 0.391 0.448 0.447 0.434 0.399 0.346 0.389 0.416 0.418 0.396 0.434 0.377 0.432 0.416 0.468 0.445 0.426 0.388 0.414 0.413  (chance 0.002)
      V=1024: type-acc 0.161 0.190 0.160 0.133 0.151 0.163 0.188 0.162 0.184 0.160 0.149 0.171 0.178 0.156 0.168 0.148 0.153 0.195 0.150 0.137  (chance 0.001)
    B n=2000 k=50 s=50 FEAT 4000x100: 20 brains (V x seed) in one launch, 576 steps  [0s]
    B n=2000 k=50 s=50 FEAT 4000x100: 20 brains (V x seed) in one launch, 1152 steps  [1s]
    B n=2000 k=50 s=50 FEAT 4000x100: 20 brains (V x seed) in one launch, 2304 steps  [1s]
    B n=2000 k=50 s=50 FEAT 4000x100: 20 brains (V x seed) in one launch, 4608 steps  [2s]
    B n=2000 k=50 s=50 FEAT 4000x100: 20 brains (V x seed) in one launch, 9216 steps  [4s]
    B n=2000 k=50 s=50 FEAT 4000x100: 20 brains (V x seed) in one launch, 18432 steps  [9s]
    B n=2000 k=50 s=50 FEAT 4000x100: 20 brains (V x seed) in one launch, 36864 steps  [19s]
      V=  16: type-acc 0.938 1.000 0.938 1.000 0.938 0.938 1.000 1.000 1.000 1.000 0.938 0.938 1.000 0.938 1.000 1.000 1.000 0.875 0.938 0.938  (chance 0.062)
      V=  32: type-acc 0.906 1.000 0.969 1.000 0.969 0.938 1.000 0.969 0.969 1.000 0.938 0.938 0.969 1.000 1.000 1.000 0.969 1.000 0.969 0.969  (chance 0.031)
      V=  64: type-acc 0.969 0.938 0.969 0.953 0.953 0.953 0.937 0.953 0.969 0.938 0.969 0.969 0.938 0.953 0.906 0.969 0.969 0.938 0.984 0.938  (chance 0.016)
      V= 128: type-acc 0.938 0.938 0.906 0.961 0.961 0.938 0.953 0.914 0.938 0.945 0.921 0.930 0.961 0.938 0.922 0.938 0.945 0.953 0.961 0.961  (chance 0.008)
      V= 256: type-acc 0.828 0.883 0.879 0.883 0.875 0.895 0.867 0.840 0.906 0.863 0.878 0.914 0.902 0.863 0.867 0.895 0.848 0.887 0.855 0.859  (chance 0.004)
      V= 512: type-acc 0.710 0.750 0.742 0.768 0.722 0.732 0.697 0.732 0.730 0.732 0.777 0.721 0.744 0.762 0.745 0.748 0.750 0.702 0.713 0.720  (chance 0.002)
      V=1024: type-acc 0.466 0.511 0.475 0.480 0.491 0.493 0.492 0.473 0.528 0.476 0.471 0.471 0.498 0.451 0.479 0.472 0.468 0.515 0.494 0.492  (chance 0.001)
    C n=4000 k=50 s=50 FEAT 4000x100: 20 brains (V x seed) in one launch, 576 steps  [0s]
    C n=4000 k=50 s=50 FEAT 4000x100: 20 brains (V x seed) in one launch, 1152 steps  [1s]
    C n=4000 k=50 s=50 FEAT 4000x100: 20 brains (V x seed) in one launch, 2304 steps  [1s]
    C n=4000 k=50 s=50 FEAT 4000x100: 20 brains (V x seed) in one launch, 4608 steps  [2s]
    C n=4000 k=50 s=50 FEAT 4000x100: 20 brains (V x seed) in one launch, 9216 steps  [5s]
    C n=4000 k=50 s=50 FEAT 4000x100: 20 brains (V x seed) in one launch, 18432 steps  [9s]
    C n=4000 k=50 s=50 FEAT 4000x100: 20 brains (V x seed) in one launch, 36864 steps  [19s]
      V=  16: type-acc 1.000 1.000 1.000 1.000 1.000 1.000 1.000 1.000 1.000 1.000 1.000 1.000 1.000 1.000 1.000 1.000 1.000 1.000 1.000 1.000  (chance 0.062)
      V=  32: type-acc 1.000 1.000 1.000 1.000 1.000 1.000 1.000 1.000 1.000 1.000 1.000 1.000 1.000 1.000 1.000 0.969 0.969 1.000 1.000 1.000  (chance 0.031)
      V=  64: type-acc 0.969 1.000 0.984 1.000 1.000 1.000 0.952 0.984 1.000 1.000 1.000 1.000 1.000 0.984 0.969 1.000 1.000 0.953 1.000 0.984  (chance 0.016)
      V= 128: type-acc 0.977 0.992 0.961 0.992 0.992 0.953 0.977 0.969 0.953 0.984 0.976 0.945 0.977 0.992 0.945 0.984 0.992 1.000 0.984 0.977  (chance 0.008)
      V= 256: type-acc 0.945 0.953 0.926 0.969 0.949 0.965 0.969 0.934 0.965 0.941 0.949 0.973 0.957 0.961 0.930 0.980 0.945 0.965 0.961 0.961  (chance 0.004)
      V= 512: type-acc 0.871 0.896 0.910 0.920 0.912 0.887 0.910 0.891 0.922 0.904 0.930 0.906 0.912 0.914 0.917 0.922 0.902 0.892 0.916 0.881  (chance 0.002)
      V=1024: type-acc 0.766 0.769 0.763 0.771 0.759 0.746 0.772 0.755 0.798 0.743 0.760 0.755 0.757 0.757 0.773 0.752 0.761 0.767 0.762 0.741  (chance 0.001)
p=0.05 beta=0.05: A 16.9 (19 censored), B 202.6 (0 censored), C 516.8 (0 censored)
    A n=1000 k=50 s=50 FEAT 4000x100: 20 brains (V x seed) in one launch, 576 steps  [0s]
    A n=1000 k=50 s=50 FEAT 4000x100: 20 brains (V x seed) in one launch, 1152 steps  [1s]
    A n=1000 k=50 s=50 FEAT 4000x100: 20 brains (V x seed) in one launch, 2304 steps  [1s]
    A n=1000 k=50 s=50 FEAT 4000x100: 20 brains (V x seed) in one launch, 4608 steps  [2s]
    A n=1000 k=50 s=50 FEAT 4000x100: 20 brains (V x seed) in one launch, 9216 steps  [4s]
    A n=1000 k=50 s=50 FEAT 4000x100: 20 brains (V x seed) in one launch, 18432 steps  [9s]
    A n=1000 k=50 s=50 FEAT 4000x100: 20 brains (V x seed) in one launch, 36864 steps  [18s]
      V=  16: type-acc 0.812 1.000 0.938 0.938 0.938 0.875 0.875 1.000 0.938 0.875 0.875 0.938 1.000 0.875 0.938 0.938 0.875 0.938 0.875 0.938  (chance 0.062)
      V=  32: type-acc 0.938 0.969 0.969 0.969 1.000 0.938 1.000 0.938 0.875 0.938 0.875 0.938 0.969 0.969 0.969 0.844 0.875 0.938 0.969 0.969  (chance 0.031)
      V=  64: type-acc 0.875 0.922 0.953 0.953 0.938 0.906 0.905 0.938 0.875 0.938 0.891 0.969 0.953 0.938 0.844 0.922 0.906 0.859 0.922 0.922  (chance 0.016)
      V= 128: type-acc 0.859 0.852 0.812 0.891 0.914 0.789 0.859 0.820 0.742 0.883 0.850 0.844 0.828 0.797 0.852 0.875 0.852 0.867 0.836 0.820  (chance 0.008)
      V= 256: type-acc 0.637 0.656 0.664 0.672 0.738 0.656 0.738 0.574 0.668 0.629 0.671 0.664 0.684 0.625 0.676 0.660 0.613 0.629 0.641 0.625  (chance 0.004)
      V= 512: type-acc 0.342 0.384 0.363 0.375 0.364 0.332 0.332 0.344 0.324 0.342 0.369 0.344 0.348 0.373 0.379 0.352 0.365 0.327 0.334 0.344  (chance 0.002)
      V=1024: type-acc 0.111 0.153 0.125 0.123 0.127 0.142 0.135 0.129 0.147 0.135 0.130 0.122 0.135 0.131 0.145 0.126 0.142 0.135 0.126 0.129  (chance 0.001)
    B n=2000 k=50 s=50 FEAT 4000x100: 20 brains (V x seed) in one launch, 576 steps  [0s]
    B n=2000 k=50 s=50 FEAT 4000x100: 20 brains (V x seed) in one launch, 1152 steps  [1s]
    B n=2000 k=50 s=50 FEAT 4000x100: 20 brains (V x seed) in one launch, 2304 steps  [1s]
    B n=2000 k=50 s=50 FEAT 4000x100: 20 brains (V x seed) in one launch, 4608 steps  [2s]
    B n=2000 k=50 s=50 FEAT 4000x100: 20 brains (V x seed) in one launch, 9216 steps  [5s]
    B n=2000 k=50 s=50 FEAT 4000x100: 20 brains (V x seed) in one launch, 18432 steps  [9s]
    B n=2000 k=50 s=50 FEAT 4000x100: 20 brains (V x seed) in one launch, 36864 steps  [19s]
      V=  16: type-acc 1.000 1.000 1.000 1.000 0.938 1.000 1.000 1.000 1.000 1.000 0.938 1.000 1.000 1.000 1.000 1.000 1.000 0.938 1.000 0.938  (chance 0.062)
      V=  32: type-acc 0.938 1.000 0.969 1.000 0.969 0.938 1.000 0.969 0.969 1.000 0.906 0.938 1.000 1.000 1.000 0.969 0.969 0.969 0.969 0.969  (chance 0.031)
      V=  64: type-acc 0.969 0.953 0.984 0.984 0.953 0.969 0.968 0.984 0.938 0.953 0.969 1.000 0.984 0.953 0.938 0.922 0.984 0.938 0.969 0.969  (chance 0.016)
      V= 128: type-acc 0.930 0.953 0.906 0.945 0.938 0.859 0.953 0.906 0.891 0.938 0.906 0.898 0.938 0.906 0.914 0.938 0.922 0.953 0.945 0.945  (chance 0.008)
      V= 256: type-acc 0.855 0.887 0.848 0.887 0.863 0.883 0.879 0.855 0.875 0.824 0.855 0.883 0.879 0.855 0.875 0.863 0.824 0.891 0.855 0.824  (chance 0.004)
      V= 512: type-acc 0.697 0.697 0.699 0.699 0.703 0.672 0.691 0.695 0.711 0.691 0.717 0.680 0.693 0.738 0.713 0.701 0.717 0.653 0.691 0.703  (chance 0.002)
      V=1024: type-acc 0.395 0.395 0.401 0.414 0.416 0.422 0.409 0.401 0.439 0.391 0.393 0.385 0.425 0.387 0.391 0.412 0.407 0.402 0.423 0.410  (chance 0.001)
    C n=4000 k=50 s=50 FEAT 4000x100: 20 brains (V x seed) in one launch, 576 steps  [0s]
    C n=4000 k=50 s=50 FEAT 4000x100: 20 brains (V x seed) in one launch, 1152 steps  [1s]
    C n=4000 k=50 s=50 FEAT 4000x100: 20 brains (V x seed) in one launch, 2304 steps  [1s]
    C n=4000 k=50 s=50 FEAT 4000x100: 20 brains (V x seed) in one launch, 4608 steps  [2s]
    C n=4000 k=50 s=50 FEAT 4000x100: 20 brains (V x seed) in one launch, 9216 steps  [5s]
    C n=4000 k=50 s=50 FEAT 4000x100: 20 brains (V x seed) in one launch, 18432 steps  [9s]
    C n=4000 k=50 s=50 FEAT 4000x100: 20 brains (V x seed) in one launch, 36864 steps  [19s]
      V=  16: type-acc 1.000 1.000 1.000 1.000 1.000 1.000 1.000 1.000 1.000 1.000 1.000 1.000 1.000 1.000 1.000 1.000 1.000 1.000 1.000 1.000  (chance 0.062)
      V=  32: type-acc 1.000 1.000 1.000 1.000 1.000 1.000 1.000 1.000 1.000 1.000 1.000 1.000 1.000 1.000 1.000 1.000 1.000 1.000 1.000 0.969  (chance 0.031)
      V=  64: type-acc 0.984 1.000 0.984 1.000 1.000 1.000 0.968 0.984 1.000 1.000 0.984 1.000 1.000 1.000 0.969 0.984 1.000 0.984 1.000 0.984  (chance 0.016)
      V= 128: type-acc 0.961 0.977 0.961 0.992 0.977 0.938 0.961 0.930 0.938 0.977 0.969 0.945 0.992 0.984 0.953 0.969 0.984 0.984 0.961 0.977  (chance 0.008)
      V= 256: type-acc 0.902 0.953 0.895 0.945 0.949 0.938 0.945 0.926 0.938 0.895 0.918 0.930 0.938 0.891 0.914 0.953 0.926 0.961 0.934 0.949  (chance 0.004)
      V= 512: type-acc 0.838 0.847 0.844 0.863 0.855 0.848 0.865 0.838 0.873 0.850 0.844 0.846 0.843 0.863 0.851 0.852 0.838 0.818 0.846 0.843  (chance 0.002)
      V=1024: type-acc 0.614 0.631 0.647 0.641 0.617 0.639 0.640 0.625 0.664 0.622 0.630 0.599 0.631 0.618 0.627 0.624 0.641 0.630 0.636 0.611  (chance 0.001)
p=0.05 beta=0.1: A 73.8 (1 censored), B 166.4 (0 censored), C 324.4 (0 censored)
    A n=1000 k=50 s=50 FEAT 4000x100: 20 brains (V x seed) in one launch, 576 steps  [0s]
    A n=1000 k=50 s=50 FEAT 4000x100: 20 brains (V x seed) in one launch, 1152 steps  [1s]
    A n=1000 k=50 s=50 FEAT 4000x100: 20 brains (V x seed) in one launch, 2304 steps  [1s]
    A n=1000 k=50 s=50 FEAT 4000x100: 20 brains (V x seed) in one launch, 4608 steps  [2s]
    A n=1000 k=50 s=50 FEAT 4000x100: 20 brains (V x seed) in one launch, 9216 steps  [4s]
    A n=1000 k=50 s=50 FEAT 4000x100: 20 brains (V x seed) in one launch, 18432 steps  [9s]
    A n=1000 k=50 s=50 FEAT 4000x100: 20 brains (V x seed) in one launch, 36864 steps  [19s]
      V=  16: type-acc 1.000 1.000 1.000 1.000 1.000 0.938 1.000 1.000 1.000 0.938 0.938 0.938 1.000 1.000 1.000 0.938 1.000 0.938 0.938 0.938  (chance 0.062)
      V=  32: type-acc 0.938 0.969 0.969 0.969 1.000 0.938 1.000 1.000 0.969 0.969 0.906 0.938 1.000 0.938 1.000 0.875 0.906 0.938 0.969 1.000  (chance 0.031)
      V=  64: type-acc 0.891 0.953 0.953 0.922 0.953 0.891 0.937 0.906 0.922 0.938 0.969 0.953 0.922 0.906 0.875 0.938 0.953 0.859 0.953 0.906  (chance 0.016)
      V= 128: type-acc 0.836 0.828 0.781 0.859 0.867 0.789 0.836 0.828 0.773 0.836 0.803 0.836 0.812 0.766 0.797 0.852 0.828 0.844 0.812 0.789  (chance 0.008)
      V= 256: type-acc 0.562 0.566 0.609 0.594 0.617 0.574 0.645 0.566 0.637 0.602 0.612 0.641 0.645 0.562 0.574 0.570 0.559 0.574 0.566 0.598  (chance 0.004)
      V= 512: type-acc 0.311 0.331 0.328 0.359 0.292 0.281 0.320 0.322 0.299 0.332 0.322 0.320 0.290 0.334 0.352 0.322 0.328 0.278 0.320 0.301  (chance 0.002)
      V=1024: type-acc 0.108 0.120 0.108 0.109 0.116 0.121 0.121 0.119 0.129 0.111 0.111 0.107 0.116 0.129 0.122 0.110 0.123 0.143 0.110 0.125  (chance 0.001)
    B n=2000 k=50 s=50 FEAT 4000x100: 20 brains (V x seed) in one launch, 576 steps  [0s]
    B n=2000 k=50 s=50 FEAT 4000x100: 20 brains (V x seed) in one launch, 1152 steps  [1s]
    B n=2000 k=50 s=50 FEAT 4000x100: 20 brains (V x seed) in one launch, 2304 steps  [1s]
    B n=2000 k=50 s=50 FEAT 4000x100: 20 brains (V x seed) in one launch, 4608 steps  [2s]
    B n=2000 k=50 s=50 FEAT 4000x100: 20 brains (V x seed) in one launch, 9216 steps  [5s]
    B n=2000 k=50 s=50 FEAT 4000x100: 20 brains (V x seed) in one launch, 18432 steps  [10s]
    B n=2000 k=50 s=50 FEAT 4000x100: 20 brains (V x seed) in one launch, 36864 steps  [19s]
      V=  16: type-acc 1.000 1.000 1.000 1.000 1.000 1.000 1.000 1.000 1.000 1.000 1.000 1.000 1.000 1.000 1.000 1.000 1.000 1.000 1.000 1.000  (chance 0.062)
      V=  32: type-acc 1.000 1.000 1.000 1.000 1.000 0.969 1.000 0.969 1.000 1.000 0.969 1.000 1.000 1.000 1.000 1.000 1.000 1.000 0.969 1.000  (chance 0.031)
      V=  64: type-acc 0.984 0.984 0.984 0.984 1.000 0.984 0.952 0.953 0.969 0.953 0.984 1.000 0.984 0.969 0.938 0.938 1.000 0.969 0.984 0.953  (chance 0.016)
      V= 128: type-acc 0.938 0.930 0.922 0.922 0.922 0.891 0.961 0.906 0.891 0.938 0.921 0.906 0.945 0.945 0.922 0.930 0.969 0.930 0.961 0.945  (chance 0.008)
      V= 256: type-acc 0.828 0.891 0.828 0.840 0.848 0.836 0.832 0.836 0.828 0.801 0.792 0.859 0.867 0.828 0.840 0.812 0.793 0.867 0.828 0.824  (chance 0.004)
      V= 512: type-acc 0.605 0.599 0.625 0.594 0.595 0.598 0.564 0.582 0.594 0.602 0.635 0.592 0.585 0.613 0.611 0.602 0.613 0.584 0.590 0.636  (chance 0.002)
      V=1024: type-acc 0.299 0.302 0.315 0.303 0.310 0.332 0.308 0.309 0.335 0.293 0.291 0.309 0.328 0.288 0.313 0.317 0.298 0.328 0.316 0.314  (chance 0.001)
    C n=4000 k=50 s=50 FEAT 4000x100: 20 brains (V x seed) in one launch, 576 steps  [0s]
    C n=4000 k=50 s=50 FEAT 4000x100: 20 brains (V x seed) in one launch, 1152 steps  [1s]
    C n=4000 k=50 s=50 FEAT 4000x100: 20 brains (V x seed) in one launch, 2304 steps  [1s]
    C n=4000 k=50 s=50 FEAT 4000x100: 20 brains (V x seed) in one launch, 4608 steps  [2s]
    C n=4000 k=50 s=50 FEAT 4000x100: 20 brains (V x seed) in one launch, 9216 steps  [6s]
    C n=4000 k=50 s=50 FEAT 4000x100: 20 brains (V x seed) in one launch, 18432 steps  [11s]
    C n=4000 k=50 s=50 FEAT 4000x100: 20 brains (V x seed) in one launch, 36864 steps  [23s]
      V=  16: type-acc 1.000 1.000 1.000 1.000 1.000 1.000 1.000 1.000 1.000 1.000 1.000 1.000 1.000 1.000 1.000 1.000 1.000 1.000 1.000 1.000  (chance 0.062)
      V=  32: type-acc 1.000 1.000 1.000 1.000 1.000 1.000 1.000 1.000 1.000 1.000 1.000 1.000 1.000 1.000 1.000 1.000 1.000 1.000 1.000 1.000  (chance 0.031)
      V=  64: type-acc 1.000 0.984 1.000 1.000 1.000 1.000 1.000 1.000 1.000 1.000 1.000 1.000 1.000 1.000 1.000 1.000 1.000 1.000 1.000 1.000  (chance 0.016)
      V= 128: type-acc 0.992 0.992 0.984 1.000 0.984 0.992 0.969 0.945 0.984 0.984 0.992 0.961 1.000 1.000 0.969 0.984 0.992 1.000 0.992 0.984  (chance 0.008)
      V= 256: type-acc 0.914 0.945 0.926 0.953 0.938 0.926 0.953 0.902 0.926 0.934 0.902 0.926 0.910 0.914 0.934 0.918 0.902 0.922 0.926 0.949  (chance 0.004)
      V= 512: type-acc 0.697 0.730 0.740 0.717 0.728 0.707 0.736 0.711 0.697 0.699 0.717 0.750 0.734 0.768 0.701 0.713 0.705 0.716 0.725 0.706  (chance 0.002)
      V=1024: type-acc 0.411 0.401 0.428 0.430 0.404 0.396 0.414 0.408 0.407 0.398 0.393 0.382 0.394 0.403 0.400 0.414 0.414 0.416 0.407 0.396  (chance 0.001)
p=0.05 beta=0.2: A 74.7 (0 censored), B 159.2 (0 censored), C 278.9 (0 censored)
    A n=1000 k=50 s=50 FEAT 4000x100: 20 brains (V x seed) in one launch, 576 steps  [0s]
    A n=1000 k=50 s=50 FEAT 4000x100: 20 brains (V x seed) in one launch, 1152 steps  [1s]
    A n=1000 k=50 s=50 FEAT 4000x100: 20 brains (V x seed) in one launch, 2304 steps  [1s]
    A n=1000 k=50 s=50 FEAT 4000x100: 20 brains (V x seed) in one launch, 4608 steps  [2s]
    A n=1000 k=50 s=50 FEAT 4000x100: 20 brains (V x seed) in one launch, 9216 steps  [5s]
    A n=1000 k=50 s=50 FEAT 4000x100: 20 brains (V x seed) in one launch, 18432 steps  [10s]
    A n=1000 k=50 s=50 FEAT 4000x100: 20 brains (V x seed) in one launch, 36864 steps  [20s]
      V=  16: type-acc 1.000 1.000 1.000 1.000 1.000 1.000 1.000 1.000 1.000 1.000 1.000 1.000 1.000 1.000 1.000 1.000 1.000 1.000 1.000 1.000  (chance 0.062)
      V=  32: type-acc 1.000 1.000 0.969 1.000 1.000 0.969 1.000 1.000 1.000 1.000 0.938 1.000 1.000 1.000 1.000 0.969 0.969 1.000 0.969 1.000  (chance 0.031)
      V=  64: type-acc 0.953 1.000 0.969 0.953 0.984 0.969 0.952 0.984 0.953 0.969 0.984 1.000 0.984 0.953 0.953 0.891 0.984 0.906 1.000 0.922  (chance 0.016)
      V= 128: type-acc 0.906 0.828 0.828 0.891 0.883 0.852 0.875 0.836 0.828 0.844 0.882 0.852 0.867 0.828 0.820 0.914 0.875 0.898 0.891 0.883  (chance 0.008)
      V= 256: type-acc 0.570 0.539 0.629 0.629 0.629 0.562 0.598 0.543 0.598 0.582 0.584 0.578 0.594 0.598 0.586 0.574 0.566 0.621 0.574 0.566  (chance 0.004)
      V= 512: type-acc 0.266 0.297 0.293 0.297 0.249 0.252 0.291 0.287 0.262 0.299 0.297 0.291 0.256 0.311 0.279 0.277 0.279 0.269 0.277 0.282  (chance 0.002)
      V=1024: type-acc 0.094 0.096 0.081 0.084 0.097 0.098 0.099 0.085 0.098 0.098 0.082 0.084 0.105 0.097 0.110 0.087 0.096 0.110 0.089 0.088  (chance 0.001)
    B n=2000 k=50 s=50 FEAT 4000x100: 20 brains (V x seed) in one launch, 576 steps  [0s]
    B n=2000 k=50 s=50 FEAT 4000x100: 20 brains (V x seed) in one launch, 1152 steps  [1s]
    B n=2000 k=50 s=50 FEAT 4000x100: 20 brains (V x seed) in one launch, 2304 steps  [1s]
    B n=2000 k=50 s=50 FEAT 4000x100: 20 brains (V x seed) in one launch, 4608 steps  [2s]
    B n=2000 k=50 s=50 FEAT 4000x100: 20 brains (V x seed) in one launch, 9216 steps  [5s]
    B n=2000 k=50 s=50 FEAT 4000x100: 20 brains (V x seed) in one launch, 18432 steps  [10s]
    B n=2000 k=50 s=50 FEAT 4000x100: 20 brains (V x seed) in one launch, 36864 steps  [20s]
      V=  16: type-acc 1.000 1.000 1.000 1.000 1.000 1.000 1.000 1.000 1.000 1.000 1.000 1.000 1.000 1.000 1.000 1.000 1.000 1.000 1.000 1.000  (chance 0.062)
      V=  32: type-acc 1.000 1.000 1.000 1.000 1.000 1.000 1.000 1.000 1.000 1.000 1.000 1.000 1.000 1.000 1.000 1.000 1.000 1.000 1.000 1.000  (chance 0.031)
      V=  64: type-acc 1.000 1.000 1.000 1.000 1.000 1.000 0.984 1.000 1.000 0.984 1.000 1.000 1.000 1.000 1.000 1.000 1.000 0.969 1.000 1.000  (chance 0.016)
      V= 128: type-acc 0.961 0.953 0.961 0.969 0.945 0.945 0.969 0.945 0.953 0.945 0.945 0.922 0.961 0.969 0.945 0.961 0.977 0.945 0.977 0.969  (chance 0.008)
      V= 256: type-acc 0.801 0.832 0.805 0.805 0.789 0.828 0.801 0.766 0.781 0.801 0.745 0.801 0.797 0.777 0.801 0.762 0.746 0.844 0.793 0.797  (chance 0.004)
      V= 512: type-acc 0.495 0.474 0.506 0.520 0.491 0.482 0.484 0.498 0.469 0.498 0.508 0.504 0.470 0.543 0.491 0.510 0.504 0.459 0.523 0.538  (chance 0.002)
      V=1024: type-acc 0.247 0.235 0.225 0.228 0.235 0.242 0.232 0.257 0.253 0.229 0.238 0.248 0.246 0.229 0.221 0.233 0.249 0.260 0.250 0.241  (chance 0.001)
    C n=4000 k=50 s=50 FEAT 4000x100: 20 brains (V x seed) in one launch, 576 steps  [0s]
    C n=4000 k=50 s=50 FEAT 4000x100: 20 brains (V x seed) in one launch, 1152 steps  [1s]
    C n=4000 k=50 s=50 FEAT 4000x100: 20 brains (V x seed) in one launch, 2304 steps  [1s]
    C n=4000 k=50 s=50 FEAT 4000x100: 20 brains (V x seed) in one launch, 4608 steps  [2s]
    C n=4000 k=50 s=50 FEAT 4000x100: 20 brains (V x seed) in one launch, 9216 steps  [5s]
    C n=4000 k=50 s=50 FEAT 4000x100: 20 brains (V x seed) in one launch, 18432 steps  [10s]
    C n=4000 k=50 s=50 FEAT 4000x100: 20 brains (V x seed) in one launch, 36864 steps  [20s]
      V=  16: type-acc 1.000 1.000 1.000 1.000 1.000 1.000 1.000 1.000 1.000 1.000 1.000 1.000 1.000 1.000 1.000 1.000 1.000 1.000 1.000 1.000  (chance 0.062)
      V=  32: type-acc 1.000 1.000 1.000 1.000 1.000 1.000 1.000 1.000 1.000 1.000 1.000 1.000 1.000 1.000 1.000 1.000 1.000 1.000 1.000 1.000  (chance 0.031)
      V=  64: type-acc 1.000 0.984 1.000 1.000 1.000 1.000 1.000 1.000 1.000 1.000 1.000 1.000 1.000 1.000 1.000 1.000 1.000 1.000 1.000 0.984  (chance 0.016)
      V= 128: type-acc 1.000 0.984 0.977 0.969 1.000 0.977 0.984 0.953 0.977 0.977 0.953 0.961 0.969 0.992 0.961 0.961 0.977 0.969 1.000 0.977  (chance 0.008)
      V= 256: type-acc 0.801 0.820 0.809 0.824 0.844 0.828 0.840 0.805 0.828 0.805 0.737 0.812 0.805 0.816 0.859 0.781 0.805 0.828 0.828 0.809  (chance 0.004)
      V= 512: type-acc 0.523 0.544 0.555 0.564 0.534 0.539 0.561 0.527 0.535 0.555 0.578 0.541 0.550 0.584 0.546 0.572 0.590 0.539 0.537 0.560  (chance 0.002)
      V=1024: type-acc 0.294 0.309 0.304 0.294 0.288 0.316 0.296 0.323 0.293 0.285 0.298 0.305 0.303 0.287 0.293 0.308 0.309 0.306 0.294 0.296  (chance 0.001)
p=0.05 beta=0.4: A 103.8 (0 censored), B 163.0 (0 censored), C 178.4 (0 censored)
    A n=1000 k=50 s=50 FEAT 4000x100: 20 brains (V x seed) in one launch, 576 steps  [2s]
    A n=1000 k=50 s=50 FEAT 4000x100: 20 brains (V x seed) in one launch, 1152 steps  [1s]
    A n=1000 k=50 s=50 FEAT 4000x100: 20 brains (V x seed) in one launch, 2304 steps  [1s]
    A n=1000 k=50 s=50 FEAT 4000x100: 20 brains (V x seed) in one launch, 4608 steps  [2s]
    A n=1000 k=50 s=50 FEAT 4000x100: 20 brains (V x seed) in one launch, 9216 steps  [4s]
    A n=1000 k=50 s=50 FEAT 4000x100: 20 brains (V x seed) in one launch, 18432 steps  [9s]
    A n=1000 k=50 s=50 FEAT 4000x100: 20 brains (V x seed) in one launch, 36864 steps  [17s]
      V=  16: type-acc 0.125 0.125 0.062 0.188 0.188 0.125 0.188 0.250 0.188 0.188 0.062 0.125 0.188 0.125 0.125 0.125 0.125 0.438 0.188 0.125  (chance 0.062)
      V=  32: type-acc 0.281 0.250 0.188 0.125 0.156 0.156 0.281 0.375 0.281 0.219 0.219 0.281 0.156 0.250 0.156 0.125 0.344 0.188 0.312 0.219  (chance 0.031)
      V=  64: type-acc 0.266 0.266 0.328 0.250 0.219 0.312 0.254 0.344 0.312 0.375 0.297 0.281 0.344 0.328 0.281 0.266 0.297 0.312 0.359 0.344  (chance 0.016)
      V= 128: type-acc 0.375 0.375 0.398 0.359 0.414 0.422 0.375 0.375 0.375 0.352 0.402 0.352 0.383 0.367 0.391 0.320 0.367 0.430 0.445 0.383  (chance 0.008)
      V= 256: type-acc 0.324 0.316 0.363 0.371 0.359 0.332 0.293 0.363 0.355 0.348 0.302 0.391 0.285 0.297 0.352 0.340 0.289 0.402 0.355 0.316  (chance 0.004)
      V= 512: type-acc 0.190 0.174 0.197 0.182 0.198 0.188 0.172 0.197 0.193 0.193 0.207 0.182 0.202 0.195 0.198 0.195 0.209 0.194 0.209 0.200  (chance 0.002)
      V=1024: type-acc 0.064 0.068 0.072 0.078 0.060 0.066 0.065 0.075 0.094 0.082 0.072 0.078 0.062 0.085 0.079 0.067 0.084 0.068 0.078 0.074  (chance 0.001)
    B n=2000 k=50 s=50 FEAT 4000x100: 20 brains (V x seed) in one launch, 576 steps  [0s]
    B n=2000 k=50 s=50 FEAT 4000x100: 20 brains (V x seed) in one launch, 1152 steps  [1s]
    B n=2000 k=50 s=50 FEAT 4000x100: 20 brains (V x seed) in one launch, 2304 steps  [1s]
    B n=2000 k=50 s=50 FEAT 4000x100: 20 brains (V x seed) in one launch, 4608 steps  [2s]
    B n=2000 k=50 s=50 FEAT 4000x100: 20 brains (V x seed) in one launch, 9216 steps  [5s]
    B n=2000 k=50 s=50 FEAT 4000x100: 20 brains (V x seed) in one launch, 18432 steps  [9s]
    B n=2000 k=50 s=50 FEAT 4000x100: 20 brains (V x seed) in one launch, 36864 steps  [18s]
      V=  16: type-acc 0.562 0.688 0.500 0.875 0.562 0.750 0.438 0.688 0.750 0.750 0.625 0.688 0.875 0.750 0.500 0.812 0.750 0.688 0.625 0.812  (chance 0.062)
      V=  32: type-acc 0.688 0.781 0.750 0.781 0.719 0.781 0.844 0.719 0.812 0.656 0.750 0.688 0.719 0.781 0.688 0.906 0.781 0.812 0.750 0.688  (chance 0.031)
      V=  64: type-acc 0.672 0.656 0.719 0.734 0.781 0.781 0.825 0.719 0.781 0.688 0.703 0.734 0.688 0.812 0.781 0.781 0.750 0.781 0.750 0.719  (chance 0.016)
      V= 128: type-acc 0.688 0.703 0.688 0.711 0.750 0.695 0.703 0.672 0.727 0.758 0.732 0.719 0.758 0.680 0.734 0.805 0.719 0.766 0.727 0.734  (chance 0.008)
      V= 256: type-acc 0.652 0.625 0.660 0.633 0.715 0.633 0.637 0.648 0.676 0.680 0.682 0.684 0.625 0.602 0.660 0.676 0.637 0.699 0.680 0.652  (chance 0.004)
      V= 512: type-acc 0.507 0.515 0.492 0.508 0.474 0.508 0.439 0.504 0.500 0.480 0.504 0.479 0.505 0.500 0.479 0.500 0.455 0.541 0.502 0.501  (chance 0.002)
      V=1024: type-acc 0.299 0.278 0.322 0.317 0.292 0.297 0.290 0.320 0.288 0.292 0.274 0.297 0.299 0.316 0.299 0.308 0.300 0.304 0.273 0.295  (chance 0.001)
    C n=4000 k=50 s=50 FEAT 4000x100: 20 brains (V x seed) in one launch, 576 steps  [0s]
    C n=4000 k=50 s=50 FEAT 4000x100: 20 brains (V x seed) in one launch, 1152 steps  [1s]
    C n=4000 k=50 s=50 FEAT 4000x100: 20 brains (V x seed) in one launch, 2304 steps  [1s]
    C n=4000 k=50 s=50 FEAT 4000x100: 20 brains (V x seed) in one launch, 4608 steps  [2s]
    C n=4000 k=50 s=50 FEAT 4000x100: 20 brains (V x seed) in one launch, 9216 steps  [4s]
    C n=4000 k=50 s=50 FEAT 4000x100: 20 brains (V x seed) in one launch, 18432 steps  [9s]
    C n=4000 k=50 s=50 FEAT 4000x100: 20 brains (V x seed) in one launch, 36864 steps  [18s]
      V=  16: type-acc 0.875 1.000 0.938 1.000 1.000 0.938 0.938 0.938 0.812 0.938 0.938 0.875 1.000 1.000 1.000 1.000 0.938 0.938 0.938 0.938  (chance 0.062)
      V=  32: type-acc 0.875 0.906 0.938 0.938 0.938 0.938 1.000 1.000 0.969 0.875 0.844 0.906 0.969 0.969 0.969 0.875 0.938 0.906 0.906 0.938  (chance 0.031)
      V=  64: type-acc 0.953 0.938 0.922 0.938 0.953 0.922 0.921 0.906 0.953 0.906 0.922 0.969 0.875 0.938 0.891 0.906 0.938 0.953 0.906 0.891  (chance 0.016)
      V= 128: type-acc 0.852 0.891 0.891 0.898 0.867 0.852 0.859 0.898 0.891 0.891 0.843 0.859 0.930 0.836 0.875 0.883 0.812 0.836 0.945 0.859  (chance 0.008)
      V= 256: type-acc 0.840 0.824 0.805 0.836 0.789 0.840 0.781 0.801 0.820 0.805 0.827 0.824 0.832 0.836 0.820 0.836 0.797 0.812 0.855 0.855  (chance 0.004)
      V= 512: type-acc 0.708 0.687 0.695 0.727 0.699 0.693 0.682 0.719 0.727 0.676 0.709 0.672 0.738 0.732 0.709 0.701 0.678 0.733 0.703 0.691  (chance 0.002)
      V=1024: type-acc 0.527 0.529 0.540 0.527 0.523 0.532 0.542 0.548 0.507 0.547 0.502 0.528 0.515 0.525 0.533 0.532 0.515 0.517 0.506 0.537  (chance 0.001)
p=0.025 beta=0.025: A 16.0 (20 censored), B 16.9 (19 censored), C 97.9 (0 censored)
    A n=1000 k=50 s=50 FEAT 4000x100: 20 brains (V x seed) in one launch, 576 steps  [0s]
    A n=1000 k=50 s=50 FEAT 4000x100: 20 brains (V x seed) in one launch, 1152 steps  [1s]
    A n=1000 k=50 s=50 FEAT 4000x100: 20 brains (V x seed) in one launch, 2304 steps  [1s]
    A n=1000 k=50 s=50 FEAT 4000x100: 20 brains (V x seed) in one launch, 4608 steps  [2s]
    A n=1000 k=50 s=50 FEAT 4000x100: 20 brains (V x seed) in one launch, 9216 steps  [4s]
    A n=1000 k=50 s=50 FEAT 4000x100: 20 brains (V x seed) in one launch, 18432 steps  [9s]
    A n=1000 k=50 s=50 FEAT 4000x100: 20 brains (V x seed) in one launch, 36864 steps  [17s]
      V=  16: type-acc 0.750 0.750 0.688 0.625 0.750 0.688 0.625 0.812 0.812 0.562 0.688 0.750 0.688 0.688 0.688 0.812 0.625 0.812 0.625 0.688  (chance 0.062)
      V=  32: type-acc 0.719 0.781 0.656 0.812 0.844 0.719 0.844 0.781 0.688 0.750 0.688 0.812 0.750 0.781 0.781 0.812 0.719 0.750 0.812 0.719  (chance 0.031)
      V=  64: type-acc 0.688 0.688 0.766 0.766 0.781 0.656 0.794 0.797 0.750 0.719 0.719 0.719 0.797 0.875 0.672 0.797 0.781 0.734 0.812 0.766  (chance 0.016)
      V= 128: type-acc 0.656 0.711 0.734 0.750 0.734 0.688 0.695 0.680 0.766 0.734 0.685 0.656 0.703 0.664 0.734 0.695 0.672 0.781 0.719 0.734  (chance 0.008)
      V= 256: type-acc 0.523 0.535 0.523 0.574 0.547 0.574 0.492 0.520 0.508 0.555 0.506 0.547 0.523 0.500 0.547 0.484 0.434 0.574 0.539 0.508  (chance 0.004)
      V= 512: type-acc 0.288 0.235 0.258 0.285 0.288 0.256 0.240 0.279 0.262 0.305 0.277 0.283 0.256 0.295 0.257 0.250 0.279 0.314 0.275 0.276  (chance 0.002)
      V=1024: type-acc 0.098 0.089 0.090 0.100 0.077 0.082 0.091 0.083 0.094 0.091 0.095 0.103 0.079 0.096 0.092 0.087 0.096 0.098 0.089 0.097  (chance 0.001)
    B n=2000 k=50 s=50 FEAT 4000x100: 20 brains (V x seed) in one launch, 576 steps  [0s]
    B n=2000 k=50 s=50 FEAT 4000x100: 20 brains (V x seed) in one launch, 1152 steps  [1s]
    B n=2000 k=50 s=50 FEAT 4000x100: 20 brains (V x seed) in one launch, 2304 steps  [1s]
    B n=2000 k=50 s=50 FEAT 4000x100: 20 brains (V x seed) in one launch, 4608 steps  [2s]
    B n=2000 k=50 s=50 FEAT 4000x100: 20 brains (V x seed) in one launch, 9216 steps  [4s]
    B n=2000 k=50 s=50 FEAT 4000x100: 20 brains (V x seed) in one launch, 18432 steps  [8s]
    B n=2000 k=50 s=50 FEAT 4000x100: 20 brains (V x seed) in one launch, 36864 steps  [17s]
      V=  16: type-acc 0.812 0.938 0.875 1.000 0.938 1.000 0.938 1.000 1.000 1.000 0.938 0.875 1.000 0.875 1.000 0.875 0.938 1.000 0.875 0.938  (chance 0.062)
      V=  32: type-acc 0.906 0.969 1.000 0.969 0.938 0.938 0.969 0.938 0.938 0.906 0.875 0.906 0.938 0.969 0.969 0.938 0.969 0.906 0.969 0.906  (chance 0.031)
      V=  64: type-acc 0.922 0.812 0.922 0.906 0.922 0.891 0.937 0.906 0.938 0.891 0.953 0.922 0.922 0.969 0.859 0.922 0.891 0.922 0.953 0.938  (chance 0.016)
      V= 128: type-acc 0.867 0.875 0.891 0.906 0.914 0.875 0.875 0.867 0.859 0.883 0.882 0.883 0.906 0.805 0.898 0.898 0.867 0.898 0.898 0.914  (chance 0.008)
      V= 256: type-acc 0.766 0.777 0.797 0.828 0.844 0.824 0.809 0.797 0.793 0.797 0.808 0.836 0.809 0.797 0.840 0.797 0.805 0.828 0.805 0.824  (chance 0.004)
      V= 512: type-acc 0.632 0.611 0.611 0.625 0.622 0.613 0.588 0.641 0.672 0.605 0.648 0.592 0.624 0.650 0.619 0.637 0.586 0.657 0.617 0.634  (chance 0.002)
      V=1024: type-acc 0.358 0.354 0.409 0.373 0.334 0.341 0.339 0.373 0.334 0.360 0.338 0.345 0.354 0.358 0.366 0.372 0.376 0.346 0.343 0.346  (chance 0.001)
    C n=4000 k=50 s=50 FEAT 4000x100: 20 brains (V x seed) in one launch, 576 steps  [0s]
    C n=4000 k=50 s=50 FEAT 4000x100: 20 brains (V x seed) in one launch, 1152 steps  [1s]
    C n=4000 k=50 s=50 FEAT 4000x100: 20 brains (V x seed) in one launch, 2304 steps  [1s]
    C n=4000 k=50 s=50 FEAT 4000x100: 20 brains (V x seed) in one launch, 4608 steps  [2s]
    C n=4000 k=50 s=50 FEAT 4000x100: 20 brains (V x seed) in one launch, 9216 steps  [4s]
    C n=4000 k=50 s=50 FEAT 4000x100: 20 brains (V x seed) in one launch, 18432 steps  [9s]
    C n=4000 k=50 s=50 FEAT 4000x100: 20 brains (V x seed) in one launch, 36864 steps  [18s]
      V=  16: type-acc 1.000 1.000 1.000 0.938 1.000 1.000 1.000 1.000 1.000 1.000 1.000 1.000 1.000 1.000 1.000 1.000 1.000 0.938 1.000 0.938  (chance 0.062)
      V=  32: type-acc 0.969 1.000 1.000 1.000 1.000 1.000 1.000 1.000 1.000 1.000 0.938 1.000 1.000 1.000 1.000 1.000 1.000 1.000 1.000 1.000  (chance 0.031)
      V=  64: type-acc 0.984 1.000 0.984 1.000 0.969 0.984 0.968 0.984 1.000 0.969 0.984 0.984 1.000 1.000 0.969 1.000 0.984 0.969 1.000 1.000  (chance 0.016)
      V= 128: type-acc 0.930 0.984 0.961 0.969 0.961 0.938 0.938 0.977 0.961 0.945 0.961 0.953 0.977 0.977 0.969 0.969 0.938 0.961 0.953 0.977  (chance 0.008)
      V= 256: type-acc 0.895 0.945 0.918 0.914 0.941 0.930 0.906 0.902 0.922 0.906 0.918 0.922 0.941 0.926 0.918 0.898 0.930 0.934 0.934 0.938  (chance 0.004)
      V= 512: type-acc 0.816 0.836 0.838 0.818 0.816 0.836 0.803 0.826 0.857 0.820 0.848 0.781 0.808 0.830 0.835 0.832 0.820 0.816 0.807 0.795  (chance 0.002)
      V=1024: type-acc 0.620 0.637 0.660 0.635 0.611 0.629 0.632 0.646 0.606 0.640 0.625 0.647 0.621 0.637 0.626 0.635 0.641 0.646 0.625 0.639  (chance 0.001)
p=0.025 beta=0.05: A 16.0 (20 censored), B 95.6 (0 censored), C 295.8 (0 censored)
    A n=1000 k=50 s=50 FEAT 4000x100: 20 brains (V x seed) in one launch, 576 steps  [0s]
    A n=1000 k=50 s=50 FEAT 4000x100: 20 brains (V x seed) in one launch, 1152 steps  [1s]
    A n=1000 k=50 s=50 FEAT 4000x100: 20 brains (V x seed) in one launch, 2304 steps  [1s]
    A n=1000 k=50 s=50 FEAT 4000x100: 20 brains (V x seed) in one launch, 4608 steps  [2s]
    A n=1000 k=50 s=50 FEAT 4000x100: 20 brains (V x seed) in one launch, 9216 steps  [4s]
    A n=1000 k=50 s=50 FEAT 4000x100: 20 brains (V x seed) in one launch, 18432 steps  [9s]
    A n=1000 k=50 s=50 FEAT 4000x100: 20 brains (V x seed) in one launch, 36864 steps  [18s]
      V=  16: type-acc 0.938 0.938 0.938 0.938 0.875 0.875 0.875 1.000 0.938 1.000 0.875 0.875 0.875 0.938 0.875 0.812 0.938 0.938 0.875 0.938  (chance 0.062)
      V=  32: type-acc 0.844 0.938 0.906 0.906 0.938 0.906 0.969 0.844 0.875 0.875 0.875 0.844 0.875 0.875 0.906 0.906 0.906 0.875 0.906 0.938  (chance 0.031)
      V=  64: type-acc 0.828 0.891 0.859 0.859 0.859 0.875 0.873 0.859 0.828 0.859 0.844 0.859 0.859 0.906 0.891 0.797 0.906 0.828 0.859 0.875  (chance 0.016)
      V= 128: type-acc 0.773 0.812 0.844 0.812 0.820 0.742 0.727 0.766 0.805 0.781 0.764 0.742 0.773 0.758 0.828 0.797 0.773 0.875 0.805 0.852  (chance 0.008)
      V= 256: type-acc 0.566 0.609 0.527 0.586 0.629 0.621 0.559 0.566 0.535 0.598 0.565 0.547 0.574 0.582 0.602 0.551 0.523 0.570 0.613 0.594  (chance 0.004)
      V= 512: type-acc 0.323 0.256 0.275 0.285 0.311 0.283 0.248 0.301 0.270 0.301 0.314 0.289 0.294 0.291 0.269 0.268 0.297 0.341 0.314 0.292  (chance 0.002)
      V=1024: type-acc 0.104 0.101 0.095 0.099 0.084 0.071 0.101 0.095 0.101 0.097 0.099 0.101 0.075 0.081 0.090 0.087 0.094 0.103 0.093 0.087  (chance 0.001)
    B n=2000 k=50 s=50 FEAT 4000x100: 20 brains (V x seed) in one launch, 576 steps  [0s]
    B n=2000 k=50 s=50 FEAT 4000x100: 20 brains (V x seed) in one launch, 1152 steps  [1s]
    B n=2000 k=50 s=50 FEAT 4000x100: 20 brains (V x seed) in one launch, 2304 steps  [1s]
    B n=2000 k=50 s=50 FEAT 4000x100: 20 brains (V x seed) in one launch, 4608 steps  [2s]
    B n=2000 k=50 s=50 FEAT 4000x100: 20 brains (V x seed) in one launch, 9216 steps  [4s]
    B n=2000 k=50 s=50 FEAT 4000x100: 20 brains (V x seed) in one launch, 18432 steps  [9s]
    B n=2000 k=50 s=50 FEAT 4000x100: 20 brains (V x seed) in one launch, 36864 steps  [17s]
      V=  16: type-acc 1.000 1.000 1.000 1.000 1.000 1.000 1.000 1.000 1.000 1.000 1.000 0.938 1.000 1.000 1.000 0.938 1.000 1.000 1.000 1.000  (chance 0.062)
      V=  32: type-acc 0.938 1.000 1.000 1.000 1.000 1.000 0.969 0.969 0.969 0.969 0.969 0.906 1.000 1.000 0.969 0.969 0.969 0.969 0.969 1.000  (chance 0.031)
      V=  64: type-acc 0.906 0.906 0.969 1.000 0.953 0.953 0.937 0.953 0.953 0.953 0.953 0.969 0.984 0.984 0.922 0.969 0.984 0.953 0.984 0.938  (chance 0.016)
      V= 128: type-acc 0.883 0.906 0.914 0.914 0.930 0.875 0.898 0.891 0.859 0.883 0.858 0.867 0.914 0.859 0.867 0.922 0.875 0.930 0.891 0.922  (chance 0.008)
      V= 256: type-acc 0.770 0.809 0.820 0.816 0.832 0.801 0.812 0.812 0.828 0.809 0.827 0.793 0.797 0.793 0.797 0.789 0.832 0.816 0.832 0.801  (chance 0.004)
      V= 512: type-acc 0.605 0.634 0.627 0.615 0.628 0.611 0.615 0.650 0.674 0.625 0.652 0.629 0.616 0.619 0.613 0.678 0.592 0.690 0.631 0.630  (chance 0.002)
      V=1024: type-acc 0.358 0.345 0.383 0.369 0.331 0.333 0.349 0.367 0.320 0.360 0.345 0.342 0.356 0.357 0.343 0.371 0.372 0.333 0.348 0.350  (chance 0.001)
    C n=4000 k=50 s=50 FEAT 4000x100: 20 brains (V x seed) in one launch, 576 steps  [0s]
    C n=4000 k=50 s=50 FEAT 4000x100: 20 brains (V x seed) in one launch, 1152 steps  [1s]
    C n=4000 k=50 s=50 FEAT 4000x100: 20 brains (V x seed) in one launch, 2304 steps  [1s]
    C n=4000 k=50 s=50 FEAT 4000x100: 20 brains (V x seed) in one launch, 4608 steps  [2s]
    C n=4000 k=50 s=50 FEAT 4000x100: 20 brains (V x seed) in one launch, 9216 steps  [4s]
    C n=4000 k=50 s=50 FEAT 4000x100: 20 brains (V x seed) in one launch, 18432 steps  [9s]
    C n=4000 k=50 s=50 FEAT 4000x100: 20 brains (V x seed) in one launch, 36864 steps  [18s]
      V=  16: type-acc 1.000 1.000 1.000 1.000 1.000 1.000 1.000 1.000 1.000 1.000 1.000 1.000 1.000 1.000 1.000 1.000 1.000 1.000 1.000 1.000  (chance 0.062)
      V=  32: type-acc 1.000 1.000 1.000 1.000 1.000 1.000 1.000 1.000 1.000 1.000 1.000 1.000 1.000 1.000 1.000 1.000 1.000 1.000 1.000 1.000  (chance 0.031)
      V=  64: type-acc 1.000 1.000 0.984 1.000 1.000 1.000 0.952 0.984 1.000 0.984 1.000 1.000 1.000 0.984 0.984 1.000 1.000 1.000 1.000 0.984  (chance 0.016)
      V= 128: type-acc 0.953 0.969 0.977 0.984 0.969 0.977 0.961 0.992 0.977 0.945 0.984 0.969 0.977 0.992 0.953 0.969 0.953 0.953 0.977 0.992  (chance 0.008)
      V= 256: type-acc 0.887 0.941 0.926 0.914 0.930 0.949 0.906 0.906 0.918 0.887 0.906 0.926 0.930 0.918 0.895 0.906 0.926 0.922 0.926 0.930  (chance 0.004)
      V= 512: type-acc 0.802 0.814 0.791 0.785 0.796 0.795 0.826 0.783 0.836 0.809 0.820 0.779 0.816 0.820 0.804 0.828 0.818 0.798 0.816 0.798  (chance 0.002)
      V=1024: type-acc 0.581 0.596 0.604 0.587 0.579 0.600 0.587 0.606 0.569 0.570 0.576 0.582 0.589 0.597 0.581 0.597 0.587 0.595 0.562 0.591  (chance 0.001)
p=0.025 beta=0.1: A 36.1 (3 censored), B 119.5 (0 censored), C 282.0 (0 censored)
    A n=1000 k=50 s=50 FEAT 4000x100: 20 brains (V x seed) in one launch, 576 steps  [0s]
    A n=1000 k=50 s=50 FEAT 4000x100: 20 brains (V x seed) in one launch, 1152 steps  [1s]
    A n=1000 k=50 s=50 FEAT 4000x100: 20 brains (V x seed) in one launch, 2304 steps  [1s]
    A n=1000 k=50 s=50 FEAT 4000x100: 20 brains (V x seed) in one launch, 4608 steps  [2s]
    A n=1000 k=50 s=50 FEAT 4000x100: 20 brains (V x seed) in one launch, 9216 steps  [4s]
    A n=1000 k=50 s=50 FEAT 4000x100: 20 brains (V x seed) in one launch, 18432 steps  [8s]
    A n=1000 k=50 s=50 FEAT 4000x100: 20 brains (V x seed) in one launch, 36864 steps  [17s]
      V=  16: type-acc 1.000 1.000 1.000 1.000 0.938 1.000 0.938 1.000 1.000 1.000 0.938 0.938 1.000 1.000 1.000 0.938 1.000 1.000 1.000 1.000  (chance 0.062)
      V=  32: type-acc 0.969 0.969 0.969 1.000 0.969 0.969 1.000 0.938 0.969 0.969 0.906 0.938 0.969 1.000 1.000 0.938 0.969 1.000 0.969 1.000  (chance 0.031)
      V=  64: type-acc 0.922 0.922 0.922 0.938 0.922 0.906 0.905 0.875 0.906 0.938 0.875 0.875 0.953 0.969 0.875 0.938 0.953 0.859 0.922 0.938  (chance 0.016)
      V= 128: type-acc 0.789 0.820 0.867 0.852 0.812 0.805 0.805 0.797 0.820 0.859 0.756 0.734 0.844 0.781 0.797 0.852 0.836 0.859 0.797 0.883  (chance 0.008)
      V= 256: type-acc 0.641 0.617 0.602 0.574 0.629 0.648 0.559 0.582 0.574 0.621 0.608 0.605 0.602 0.590 0.609 0.594 0.539 0.594 0.645 0.578  (chance 0.004)
      V= 512: type-acc 0.311 0.250 0.264 0.289 0.313 0.275 0.240 0.301 0.275 0.330 0.334 0.275 0.266 0.307 0.287 0.311 0.303 0.318 0.285 0.292  (chance 0.002)
      V=1024: type-acc 0.092 0.079 0.089 0.084 0.074 0.071 0.076 0.081 0.080 0.100 0.089 0.090 0.084 0.087 0.092 0.092 0.085 0.093 0.079 0.090  (chance 0.001)
    B n=2000 k=50 s=50 FEAT 4000x100: 20 brains (V x seed) in one launch, 576 steps  [0s]
    B n=2000 k=50 s=50 FEAT 4000x100: 20 brains (V x seed) in one launch, 1152 steps  [1s]
    B n=2000 k=50 s=50 FEAT 4000x100: 20 brains (V x seed) in one launch, 2304 steps  [1s]
    B n=2000 k=50 s=50 FEAT 4000x100: 20 brains (V x seed) in one launch, 4608 steps  [2s]
    B n=2000 k=50 s=50 FEAT 4000x100: 20 brains (V x seed) in one launch, 9216 steps  [4s]
    B n=2000 k=50 s=50 FEAT 4000x100: 20 brains (V x seed) in one launch, 18432 steps  [9s]
    B n=2000 k=50 s=50 FEAT 4000x100: 20 brains (V x seed) in one launch, 36864 steps  [17s]
      V=  16: type-acc 1.000 1.000 1.000 1.000 1.000 1.000 1.000 1.000 1.000 1.000 1.000 1.000 1.000 1.000 1.000 1.000 1.000 1.000 1.000 1.000  (chance 0.062)
      V=  32: type-acc 1.000 1.000 1.000 1.000 1.000 1.000 1.000 1.000 1.000 1.000 1.000 1.000 1.000 1.000 1.000 1.000 1.000 1.000 0.969 1.000  (chance 0.031)
      V=  64: type-acc 0.922 1.000 1.000 1.000 0.969 0.984 0.984 1.000 0.984 0.969 0.969 0.984 1.000 0.984 0.984 0.984 1.000 1.000 1.000 0.969  (chance 0.016)
      V= 128: type-acc 0.945 0.930 0.945 0.945 0.961 0.922 0.906 0.906 0.898 0.922 0.890 0.906 0.953 0.922 0.922 0.930 0.922 0.930 0.938 0.953  (chance 0.008)
      V= 256: type-acc 0.820 0.836 0.816 0.828 0.832 0.820 0.832 0.840 0.855 0.809 0.835 0.836 0.828 0.816 0.824 0.824 0.836 0.855 0.848 0.848  (chance 0.004)
      V= 512: type-acc 0.597 0.614 0.594 0.604 0.607 0.615 0.605 0.648 0.605 0.629 0.678 0.607 0.634 0.602 0.615 0.625 0.621 0.657 0.631 0.611  (chance 0.002)
      V=1024: type-acc 0.330 0.320 0.333 0.323 0.296 0.323 0.324 0.324 0.287 0.314 0.314 0.305 0.323 0.327 0.319 0.342 0.326 0.308 0.310 0.315  (chance 0.001)
    C n=4000 k=50 s=50 FEAT 4000x100: 20 brains (V x seed) in one launch, 576 steps  [0s]
    C n=4000 k=50 s=50 FEAT 4000x100: 20 brains (V x seed) in one launch, 1152 steps  [1s]
    C n=4000 k=50 s=50 FEAT 4000x100: 20 brains (V x seed) in one launch, 2304 steps  [1s]
    C n=4000 k=50 s=50 FEAT 4000x100: 20 brains (V x seed) in one launch, 4608 steps  [2s]
    C n=4000 k=50 s=50 FEAT 4000x100: 20 brains (V x seed) in one launch, 9216 steps  [4s]
    C n=4000 k=50 s=50 FEAT 4000x100: 20 brains (V x seed) in one launch, 18432 steps  [9s]
    C n=4000 k=50 s=50 FEAT 4000x100: 20 brains (V x seed) in one launch, 36864 steps  [18s]
      V=  16: type-acc 1.000 1.000 1.000 1.000 1.000 1.000 1.000 1.000 1.000 1.000 1.000 1.000 1.000 1.000 1.000 1.000 1.000 1.000 1.000 1.000  (chance 0.062)
      V=  32: type-acc 1.000 1.000 1.000 1.000 1.000 1.000 1.000 1.000 1.000 1.000 1.000 1.000 1.000 1.000 1.000 1.000 1.000 1.000 1.000 1.000  (chance 0.031)
      V=  64: type-acc 1.000 1.000 1.000 1.000 1.000 1.000 0.984 1.000 1.000 0.984 1.000 1.000 1.000 1.000 1.000 1.000 1.000 1.000 1.000 0.984  (chance 0.016)
      V= 128: type-acc 0.992 1.000 1.000 0.992 1.000 0.984 0.969 0.992 0.977 0.992 0.992 1.000 1.000 1.000 0.953 0.984 0.977 0.992 0.992 0.992  (chance 0.008)
      V= 256: type-acc 0.941 0.961 0.953 0.953 0.926 0.945 0.926 0.934 0.961 0.918 0.922 0.926 0.930 0.926 0.930 0.934 0.969 0.938 0.949 0.941  (chance 0.004)
      V= 512: type-acc 0.775 0.777 0.779 0.756 0.795 0.781 0.793 0.756 0.799 0.773 0.773 0.775 0.795 0.791 0.754 0.807 0.797 0.810 0.789 0.773  (chance 0.002)
      V=1024: type-acc 0.465 0.493 0.530 0.486 0.479 0.509 0.495 0.526 0.474 0.481 0.458 0.475 0.511 0.491 0.479 0.521 0.480 0.481 0.493 0.467  (chance 0.001)
p=0.025 beta=0.2: A 72.2 (0 censored), B 153.9 (0 censored), C 304.0 (0 censored)
    A n=1000 k=50 s=50 FEAT 4000x100: 20 brains (V x seed) in one launch, 576 steps  [0s]
    A n=1000 k=50 s=50 FEAT 4000x100: 20 brains (V x seed) in one launch, 1152 steps  [1s]
    A n=1000 k=50 s=50 FEAT 4000x100: 20 brains (V x seed) in one launch, 2304 steps  [1s]
    A n=1000 k=50 s=50 FEAT 4000x100: 20 brains (V x seed) in one launch, 4608 steps  [2s]
    A n=1000 k=50 s=50 FEAT 4000x100: 20 brains (V x seed) in one launch, 9216 steps  [4s]
    A n=1000 k=50 s=50 FEAT 4000x100: 20 brains (V x seed) in one launch, 18432 steps  [8s]
    A n=1000 k=50 s=50 FEAT 4000x100: 20 brains (V x seed) in one launch, 36864 steps  [18s]
      V=  16: type-acc 1.000 1.000 1.000 1.000 1.000 1.000 1.000 1.000 1.000 1.000 1.000 1.000 1.000 1.000 1.000 1.000 1.000 1.000 1.000 1.000  (chance 0.062)
      V=  32: type-acc 1.000 1.000 1.000 1.000 1.000 1.000 1.000 1.000 0.969 1.000 0.969 1.000 1.000 1.000 1.000 0.969 1.000 1.000 1.000 1.000  (chance 0.031)
      V=  64: type-acc 0.953 1.000 1.000 0.969 0.984 1.000 0.952 1.000 0.969 0.984 0.969 0.969 0.984 0.969 0.922 0.984 1.000 0.922 1.000 0.969  (chance 0.016)
      V= 128: type-acc 0.859 0.859 0.938 0.930 0.844 0.891 0.891 0.891 0.859 0.914 0.843 0.859 0.859 0.836 0.852 0.906 0.867 0.945 0.891 0.914  (chance 0.008)
      V= 256: type-acc 0.629 0.637 0.594 0.664 0.680 0.648 0.586 0.637 0.594 0.652 0.600 0.656 0.562 0.629 0.652 0.602 0.605 0.621 0.680 0.637  (chance 0.004)
      V= 512: type-acc 0.266 0.258 0.281 0.275 0.299 0.264 0.229 0.279 0.293 0.293 0.312 0.248 0.272 0.297 0.275 0.305 0.283 0.294 0.244 0.292  (chance 0.002)
      V=1024: type-acc 0.081 0.074 0.073 0.080 0.072 0.069 0.076 0.075 0.070 0.089 0.074 0.077 0.073 0.080 0.080 0.084 0.070 0.086 0.063 0.087  (chance 0.001)
    B n=2000 k=50 s=50 FEAT 4000x100: 20 brains (V x seed) in one launch, 576 steps  [0s]
    B n=2000 k=50 s=50 FEAT 4000x100: 20 brains (V x seed) in one launch, 1152 steps  [1s]
    B n=2000 k=50 s=50 FEAT 4000x100: 20 brains (V x seed) in one launch, 2304 steps  [1s]
    B n=2000 k=50 s=50 FEAT 4000x100: 20 brains (V x seed) in one launch, 4608 steps  [2s]
    B n=2000 k=50 s=50 FEAT 4000x100: 20 brains (V x seed) in one launch, 9216 steps  [4s]
    B n=2000 k=50 s=50 FEAT 4000x100: 20 brains (V x seed) in one launch, 18432 steps  [8s]
    B n=2000 k=50 s=50 FEAT 4000x100: 20 brains (V x seed) in one launch, 36864 steps  [20s]
      V=  16: type-acc 1.000 1.000 1.000 1.000 1.000 1.000 1.000 1.000 1.000 1.000 1.000 1.000 1.000 1.000 1.000 1.000 1.000 1.000 1.000 1.000  (chance 0.062)
      V=  32: type-acc 1.000 1.000 1.000 1.000 1.000 1.000 1.000 1.000 1.000 1.000 1.000 1.000 1.000 1.000 1.000 1.000 1.000 1.000 1.000 1.000  (chance 0.031)
      V=  64: type-acc 1.000 1.000 1.000 1.000 1.000 1.000 1.000 1.000 1.000 1.000 1.000 1.000 1.000 1.000 1.000 1.000 1.000 1.000 1.000 1.000  (chance 0.016)
      V= 128: type-acc 0.961 0.969 0.969 0.961 0.961 0.961 0.953 0.969 0.938 0.961 0.961 0.953 0.977 0.977 0.969 0.984 0.961 0.977 0.969 0.984  (chance 0.008)
      V= 256: type-acc 0.844 0.855 0.801 0.844 0.840 0.832 0.840 0.848 0.863 0.809 0.839 0.832 0.832 0.828 0.840 0.805 0.832 0.855 0.863 0.871  (chance 0.004)
      V= 512: type-acc 0.558 0.575 0.547 0.562 0.552 0.568 0.549 0.576 0.570 0.586 0.604 0.576 0.595 0.580 0.566 0.584 0.568 0.592 0.572 0.564  (chance 0.002)
      V=1024: type-acc 0.291 0.285 0.315 0.274 0.257 0.268 0.274 0.290 0.246 0.280 0.267 0.259 0.272 0.263 0.269 0.294 0.284 0.276 0.255 0.271  (chance 0.001)
    C n=4000 k=50 s=50 FEAT 4000x100: 20 brains (V x seed) in one launch, 576 steps  [0s]
    C n=4000 k=50 s=50 FEAT 4000x100: 20 brains (V x seed) in one launch, 1152 steps  [1s]
    C n=4000 k=50 s=50 FEAT 4000x100: 20 brains (V x seed) in one launch, 2304 steps  [1s]
    C n=4000 k=50 s=50 FEAT 4000x100: 20 brains (V x seed) in one launch, 4608 steps  [2s]
    C n=4000 k=50 s=50 FEAT 4000x100: 20 brains (V x seed) in one launch, 9216 steps  [4s]
    C n=4000 k=50 s=50 FEAT 4000x100: 20 brains (V x seed) in one launch, 18432 steps  [8s]
    C n=4000 k=50 s=50 FEAT 4000x100: 20 brains (V x seed) in one launch, 36864 steps  [17s]
      V=  16: type-acc 1.000 1.000 1.000 1.000 1.000 1.000 1.000 1.000 1.000 1.000 1.000 1.000 1.000 1.000 1.000 1.000 1.000 1.000 1.000 1.000  (chance 0.062)
      V=  32: type-acc 1.000 1.000 1.000 1.000 1.000 1.000 1.000 1.000 1.000 1.000 1.000 1.000 1.000 1.000 1.000 1.000 1.000 1.000 1.000 1.000  (chance 0.031)
      V=  64: type-acc 1.000 1.000 1.000 1.000 1.000 1.000 1.000 1.000 1.000 1.000 1.000 1.000 1.000 1.000 1.000 1.000 1.000 1.000 1.000 1.000  (chance 0.016)
      V= 128: type-acc 1.000 0.992 0.992 0.984 0.969 0.977 0.969 0.977 0.961 0.984 0.984 0.984 0.992 0.992 0.969 0.969 0.977 0.992 0.992 0.984  (chance 0.008)
      V= 256: type-acc 0.887 0.918 0.875 0.914 0.910 0.910 0.883 0.871 0.879 0.867 0.898 0.910 0.902 0.883 0.906 0.875 0.922 0.895 0.906 0.891  (chance 0.004)
      V= 512: type-acc 0.646 0.626 0.611 0.643 0.671 0.660 0.656 0.635 0.652 0.643 0.666 0.613 0.634 0.656 0.635 0.680 0.668 0.661 0.672 0.640  (chance 0.002)
      V=1024: type-acc 0.350 0.363 0.357 0.354 0.326 0.349 0.344 0.358 0.313 0.343 0.335 0.338 0.361 0.339 0.335 0.354 0.328 0.343 0.334 0.339  (chance 0.001)
p=0.025 beta=0.4: A 112.9 (0 censored), B 184.2 (0 censored), C 243.4 (0 censored)
    A n=1000 k=50 s=50 FEAT 4000x100: 20 brains (V x seed) in one launch, 576 steps  [2s]
    A n=1000 k=50 s=50 FEAT 4000x100: 20 brains (V x seed) in one launch, 1152 steps  [1s]
    A n=1000 k=50 s=50 FEAT 4000x100: 20 brains (V x seed) in one launch, 2304 steps  [2s]
    A n=1000 k=50 s=50 FEAT 4000x100: 20 brains (V x seed) in one launch, 4608 steps  [4s]
    A n=1000 k=50 s=50 FEAT 4000x100: 20 brains (V x seed) in one launch, 9216 steps  [7s]
    A n=1000 k=50 s=50 FEAT 4000x100: 20 brains (V x seed) in one launch, 18432 steps  [15s]
    A n=1000 k=50 s=50 FEAT 4000x100: 20 brains (V x seed) in one launch, 36864 steps  [32s]
      V=  16: type-acc 0.125 0.062 0.188 0.188 0.062 0.125 0.125 0.125 0.125 0.188 0.188 0.125 0.125 0.062 0.125 0.062 0.062 0.125 0.125 0.250  (chance 0.062)
      V=  32: type-acc 0.344 0.219 0.188 0.312 0.219 0.219 0.219 0.312 0.219 0.250 0.219 0.281 0.281 0.188 0.156 0.188 0.219 0.125 0.094 0.125  (chance 0.031)
      V=  64: type-acc 0.359 0.297 0.359 0.312 0.531 0.312 0.413 0.312 0.344 0.438 0.328 0.375 0.391 0.391 0.422 0.375 0.484 0.438 0.438 0.438  (chance 0.016)
      V= 128: type-acc 0.602 0.492 0.516 0.516 0.547 0.562 0.547 0.578 0.531 0.617 0.598 0.602 0.461 0.516 0.578 0.500 0.453 0.547 0.547 0.586  (chance 0.008)
      V= 256: type-acc 0.605 0.613 0.609 0.613 0.609 0.594 0.637 0.609 0.594 0.609 0.592 0.590 0.652 0.555 0.625 0.582 0.621 0.633 0.598 0.605  (chance 0.004)
      V= 512: type-acc 0.540 0.517 0.541 0.512 0.568 0.492 0.535 0.496 0.539 0.553 0.572 0.527 0.523 0.535 0.574 0.553 0.504 0.576 0.488 0.568  (chance 0.002)
      V=1024: type-acc 0.317 0.302 0.295 0.286 0.293 0.292 0.311 0.317 0.290 0.324 0.351 0.291 0.328 0.306 0.303 0.313 0.332 0.308 0.306 0.304  (chance 0.001)
    B n=2000 k=50 s=50 FEAT 4000x100: 20 brains (V x seed) in one launch, 576 steps  [0s]
    B n=2000 k=50 s=50 FEAT 4000x100: 20 brains (V x seed) in one launch, 1152 steps  [1s]
    B n=2000 k=50 s=50 FEAT 4000x100: 20 brains (V x seed) in one launch, 2304 steps  [2s]
    B n=2000 k=50 s=50 FEAT 4000x100: 20 brains (V x seed) in one launch, 4608 steps  [4s]
    B n=2000 k=50 s=50 FEAT 4000x100: 20 brains (V x seed) in one launch, 9216 steps  [7s]
    B n=2000 k=50 s=50 FEAT 4000x100: 20 brains (V x seed) in one launch, 18432 steps  [14s]
    B n=2000 k=50 s=50 FEAT 4000x100: 20 brains (V x seed) in one launch, 36864 steps  [31s]
      V=  16: type-acc 0.625 0.688 0.688 0.625 0.812 0.812 0.875 0.562 0.938 0.750 0.938 0.812 0.812 0.750 0.750 0.812 0.875 0.875 0.750 0.812  (chance 0.062)
      V=  32: type-acc 0.844 0.906 0.781 0.812 0.844 0.875 0.812 0.812 0.781 0.750 0.875 0.750 0.812 0.781 0.844 0.719 0.688 0.781 0.906 0.781  (chance 0.031)
      V=  64: type-acc 0.766 0.828 0.812 0.781 0.844 0.859 0.857 0.891 0.797 0.812 0.812 0.875 0.828 0.891 0.734 0.812 0.844 0.859 0.797 0.859  (chance 0.016)
      V= 128: type-acc 0.867 0.859 0.859 0.836 0.883 0.852 0.859 0.844 0.852 0.859 0.874 0.836 0.852 0.914 0.836 0.891 0.891 0.844 0.883 0.906  (chance 0.008)
      V= 256: type-acc 0.848 0.875 0.855 0.848 0.832 0.867 0.863 0.855 0.863 0.855 0.875 0.855 0.898 0.863 0.879 0.859 0.879 0.887 0.863 0.898  (chance 0.004)
      V= 512: type-acc 0.793 0.804 0.811 0.816 0.816 0.787 0.791 0.824 0.840 0.797 0.807 0.775 0.804 0.816 0.835 0.830 0.824 0.816 0.789 0.812  (chance 0.002)
      V=1024: type-acc 0.691 0.642 0.651 0.651 0.641 0.675 0.659 0.663 0.664 0.688 0.702 0.671 0.680 0.671 0.684 0.654 0.660 0.667 0.664 0.659  (chance 0.001)
    C n=4000 k=50 s=50 FEAT 4000x100: 20 brains (V x seed) in one launch, 576 steps  [0s]
    C n=4000 k=50 s=50 FEAT 4000x100: 20 brains (V x seed) in one launch, 1152 steps  [1s]
    C n=4000 k=50 s=50 FEAT 4000x100: 20 brains (V x seed) in one launch, 2304 steps  [2s]
    C n=4000 k=50 s=50 FEAT 4000x100: 20 brains (V x seed) in one launch, 4608 steps  [4s]
    C n=4000 k=50 s=50 FEAT 4000x100: 20 brains (V x seed) in one launch, 9216 steps  [7s]
    C n=4000 k=50 s=50 FEAT 4000x100: 20 brains (V x seed) in one launch, 18432 steps  [15s]
    C n=4000 k=50 s=50 FEAT 4000x100: 20 brains (V x seed) in one launch, 36864 steps  [31s]
      V=  16: type-acc 1.000 1.000 1.000 1.000 1.000 1.000 1.000 1.000 1.000 1.000 1.000 0.938 1.000 1.000 1.000 1.000 1.000 1.000 1.000 1.000  (chance 0.062)
      V=  32: type-acc 1.000 0.969 1.000 1.000 1.000 1.000 1.000 1.000 1.000 1.000 1.000 1.000 1.000 1.000 1.000 1.000 1.000 1.000 1.000 0.969  (chance 0.031)
      V=  64: type-acc 0.984 0.984 1.000 0.984 1.000 1.000 0.968 1.000 0.984 0.969 1.000 1.000 1.000 1.000 0.969 0.984 1.000 1.000 1.000 1.000  (chance 0.016)
      V= 128: type-acc 0.977 0.992 0.984 1.000 0.992 0.961 0.984 1.000 0.984 0.984 0.984 0.977 0.984 0.992 0.977 0.984 1.000 0.984 0.992 0.984  (chance 0.008)
      V= 256: type-acc 0.965 0.988 0.965 0.980 0.977 0.980 0.969 0.953 0.977 0.969 0.969 0.973 0.973 0.973 0.980 0.969 0.980 0.980 0.977 0.969  (chance 0.004)
      V= 512: type-acc 0.924 0.926 0.941 0.953 0.953 0.947 0.938 0.930 0.939 0.932 0.938 0.945 0.947 0.941 0.949 0.953 0.938 0.939 0.934 0.949  (chance 0.002)
      V=1024: type-acc 0.852 0.873 0.871 0.881 0.879 0.885 0.877 0.882 0.890 0.885 0.878 0.865 0.877 0.903 0.886 0.886 0.864 0.877 0.878 0.877  (chance 0.001)
p=0.1 beta=0.025: A 16.0 (20 censored), B 35.6 (14 censored), C 811.6 (1 censored)
    A n=1000 k=50 s=50 FEAT 4000x100: 20 brains (V x seed) in one launch, 576 steps  [1s]
    A n=1000 k=50 s=50 FEAT 4000x100: 20 brains (V x seed) in one launch, 1152 steps  [1s]
    A n=1000 k=50 s=50 FEAT 4000x100: 20 brains (V x seed) in one launch, 2304 steps  [2s]
    A n=1000 k=50 s=50 FEAT 4000x100: 20 brains (V x seed) in one launch, 4608 steps  [4s]
    A n=1000 k=50 s=50 FEAT 4000x100: 20 brains (V x seed) in one launch, 9216 steps  [7s]
    A n=1000 k=50 s=50 FEAT 4000x100: 20 brains (V x seed) in one launch, 18432 steps  [15s]
    A n=1000 k=50 s=50 FEAT 4000x100: 20 brains (V x seed) in one launch, 36864 steps  [34s]
      V=  16: type-acc 0.688 0.875 0.750 0.750 0.812 0.812 0.688 0.688 0.875 0.938 0.750 0.938 0.625 0.812 0.750 0.938 0.688 0.938 0.750 0.875  (chance 0.062)
      V=  32: type-acc 0.812 0.812 0.969 0.969 0.938 0.906 0.906 0.781 0.812 0.750 0.844 0.875 0.812 0.844 0.938 0.906 0.781 0.875 0.906 0.844  (chance 0.031)
      V=  64: type-acc 0.859 0.875 0.812 0.906 0.906 0.906 0.921 0.859 0.812 0.875 0.875 0.828 0.891 0.922 0.859 0.875 0.891 0.844 0.922 0.875  (chance 0.016)
      V= 128: type-acc 0.875 0.844 0.844 0.914 0.867 0.867 0.844 0.828 0.844 0.906 0.874 0.859 0.828 0.836 0.867 0.828 0.891 0.828 0.852 0.867  (chance 0.008)
      V= 256: type-acc 0.746 0.750 0.738 0.789 0.750 0.742 0.758 0.805 0.742 0.805 0.710 0.762 0.789 0.715 0.773 0.730 0.758 0.781 0.789 0.746  (chance 0.004)
      V= 512: type-acc 0.517 0.499 0.520 0.496 0.524 0.459 0.521 0.494 0.551 0.496 0.521 0.484 0.523 0.480 0.542 0.488 0.453 0.584 0.486 0.497  (chance 0.002)
      V=1024: type-acc 0.202 0.215 0.208 0.211 0.208 0.187 0.219 0.211 0.194 0.226 0.253 0.216 0.218 0.211 0.209 0.220 0.207 0.230 0.212 0.212  (chance 0.001)
    B n=2000 k=50 s=50 FEAT 4000x100: 20 brains (V x seed) in one launch, 576 steps  [0s]
    B n=2000 k=50 s=50 FEAT 4000x100: 20 brains (V x seed) in one launch, 1152 steps  [1s]
    B n=2000 k=50 s=50 FEAT 4000x100: 20 brains (V x seed) in one launch, 2304 steps  [2s]
    B n=2000 k=50 s=50 FEAT 4000x100: 20 brains (V x seed) in one launch, 4608 steps  [4s]
    B n=2000 k=50 s=50 FEAT 4000x100: 20 brains (V x seed) in one launch, 9216 steps  [7s]
    B n=2000 k=50 s=50 FEAT 4000x100: 20 brains (V x seed) in one launch, 18432 steps  [15s]
    B n=2000 k=50 s=50 FEAT 4000x100: 20 brains (V x seed) in one launch, 36864 steps  [32s]
      V=  16: type-acc 1.000 1.000 1.000 1.000 0.938 1.000 0.938 1.000 1.000 1.000 0.938 0.938 1.000 1.000 0.938 1.000 1.000 1.000 0.938 0.938  (chance 0.062)
      V=  32: type-acc 0.969 1.000 1.000 1.000 1.000 0.969 1.000 1.000 0.969 0.969 0.969 1.000 1.000 0.969 1.000 0.938 0.969 1.000 1.000 1.000  (chance 0.031)
      V=  64: type-acc 0.969 0.969 0.984 0.984 0.984 1.000 0.952 1.000 0.938 0.969 0.984 0.984 0.984 0.984 0.906 0.969 1.000 0.953 1.000 0.984  (chance 0.016)
      V= 128: type-acc 0.961 0.977 0.977 0.992 0.984 0.953 0.961 0.984 0.953 0.930 0.937 0.930 0.953 0.992 0.938 0.977 0.984 0.969 0.977 0.961  (chance 0.008)
      V= 256: type-acc 0.918 0.934 0.895 0.941 0.914 0.945 0.926 0.934 0.953 0.930 0.910 0.945 0.949 0.926 0.930 0.957 0.938 0.938 0.906 0.941  (chance 0.004)
      V= 512: type-acc 0.802 0.840 0.844 0.848 0.838 0.811 0.816 0.824 0.848 0.842 0.846 0.807 0.820 0.850 0.849 0.848 0.877 0.841 0.852 0.841  (chance 0.002)
      V=1024: type-acc 0.631 0.615 0.611 0.566 0.609 0.604 0.599 0.598 0.611 0.611 0.633 0.600 0.618 0.598 0.613 0.602 0.587 0.614 0.600 0.626  (chance 0.001)
    C n=4000 k=50 s=50 FEAT 4000x100: 20 brains (V x seed) in one launch, 576 steps  [0s]
    C n=4000 k=50 s=50 FEAT 4000x100: 20 brains (V x seed) in one launch, 1152 steps  [1s]
    C n=4000 k=50 s=50 FEAT 4000x100: 20 brains (V x seed) in one launch, 2304 steps  [2s]
    C n=4000 k=50 s=50 FEAT 4000x100: 20 brains (V x seed) in one launch, 4608 steps  [4s]
    C n=4000 k=50 s=50 FEAT 4000x100: 20 brains (V x seed) in one launch, 9216 steps  [8s]
    C n=4000 k=50 s=50 FEAT 4000x100: 20 brains (V x seed) in one launch, 18432 steps  [15s]
    C n=4000 k=50 s=50 FEAT 4000x100: 20 brains (V x seed) in one launch, 36864 steps  [30s]
      V=  16: type-acc 1.000 1.000 1.000 1.000 1.000 1.000 1.000 1.000 1.000 1.000 1.000 1.000 1.000 1.000 1.000 1.000 1.000 1.000 1.000 1.000  (chance 0.062)
      V=  32: type-acc 1.000 1.000 1.000 1.000 1.000 1.000 1.000 1.000 1.000 1.000 1.000 1.000 1.000 1.000 1.000 1.000 1.000 1.000 1.000 1.000  (chance 0.031)
      V=  64: type-acc 1.000 1.000 0.984 1.000 1.000 1.000 0.952 1.000 1.000 0.984 1.000 1.000 1.000 1.000 0.984 1.000 1.000 1.000 1.000 1.000  (chance 0.016)
      V= 128: type-acc 0.992 0.992 0.992 1.000 1.000 0.977 0.992 0.992 0.992 0.992 1.000 0.992 0.992 1.000 1.000 0.992 1.000 1.000 1.000 0.984  (chance 0.008)
      V= 256: type-acc 0.984 0.992 0.973 0.988 0.977 0.984 0.984 0.980 0.992 0.973 0.980 0.973 0.980 0.977 0.992 0.980 0.980 0.984 0.988 0.988  (chance 0.004)
      V= 512: type-acc 0.937 0.941 0.957 0.955 0.963 0.949 0.959 0.949 0.953 0.963 0.953 0.941 0.959 0.957 0.959 0.961 0.969 0.955 0.949 0.941  (chance 0.002)
      V=1024: type-acc 0.816 0.827 0.858 0.833 0.830 0.818 0.826 0.826 0.861 0.844 0.854 0.827 0.848 0.844 0.849 0.840 0.840 0.840 0.844 0.826  (chance 0.001)
p=0.1 beta=0.05: A 47.5 (8 censored), B 321.5 (0 censored), C 707.8 (0 censored)
    A n=1000 k=50 s=50 FEAT 4000x100: 20 brains (V x seed) in one launch, 576 steps  [0s]
    A n=1000 k=50 s=50 FEAT 4000x100: 20 brains (V x seed) in one launch, 1152 steps  [1s]
    A n=1000 k=50 s=50 FEAT 4000x100: 20 brains (V x seed) in one launch, 2304 steps  [2s]
    A n=1000 k=50 s=50 FEAT 4000x100: 20 brains (V x seed) in one launch, 4608 steps  [4s]
    A n=1000 k=50 s=50 FEAT 4000x100: 20 brains (V x seed) in one launch, 9216 steps  [8s]
    A n=1000 k=50 s=50 FEAT 4000x100: 20 brains (V x seed) in one launch, 18432 steps  [17s]
    A n=1000 k=50 s=50 FEAT 4000x100: 20 brains (V x seed) in one launch, 36864 steps  [46s]
      V=  16: type-acc 0.875 1.000 0.875 0.938 0.938 0.938 0.938 1.000 0.938 0.938 0.812 0.938 1.000 0.938 1.000 0.875 0.938 0.875 1.000 0.938  (chance 0.062)
      V=  32: type-acc 0.906 0.906 1.000 1.000 1.000 0.938 1.000 0.969 0.969 0.969 0.906 0.844 1.000 1.000 1.000 0.906 0.969 0.969 0.969 0.938  (chance 0.031)
      V=  64: type-acc 0.906 0.891 0.938 0.938 0.938 0.938 0.952 0.875 0.922 0.938 0.953 0.922 0.953 0.969 0.891 0.922 0.953 0.859 0.969 0.969  (chance 0.016)
      V= 128: type-acc 0.938 0.859 0.875 0.891 0.875 0.898 0.906 0.844 0.867 0.922 0.906 0.875 0.852 0.906 0.875 0.867 0.859 0.859 0.883 0.898  (chance 0.008)
      V= 256: type-acc 0.703 0.688 0.633 0.652 0.684 0.691 0.684 0.707 0.680 0.656 0.655 0.648 0.742 0.609 0.656 0.699 0.668 0.762 0.664 0.660  (chance 0.004)
      V= 512: type-acc 0.397 0.360 0.365 0.381 0.397 0.375 0.395 0.373 0.354 0.395 0.408 0.359 0.411 0.400 0.409 0.357 0.357 0.390 0.389 0.401  (chance 0.002)
      V=1024: type-acc 0.157 0.165 0.173 0.177 0.155 0.180 0.174 0.182 0.156 0.178 0.179 0.182 0.176 0.168 0.166 0.165 0.176 0.180 0.181 0.167  (chance 0.001)
    B n=2000 k=50 s=50 FEAT 4000x100: 20 brains (V x seed) in one launch, 576 steps  [0s]
    B n=2000 k=50 s=50 FEAT 4000x100: 20 brains (V x seed) in one launch, 1152 steps  [1s]
    B n=2000 k=50 s=50 FEAT 4000x100: 20 brains (V x seed) in one launch, 2304 steps  [2s]
    B n=2000 k=50 s=50 FEAT 4000x100: 20 brains (V x seed) in one launch, 4608 steps  [4s]
    B n=2000 k=50 s=50 FEAT 4000x100: 20 brains (V x seed) in one launch, 9216 steps  [8s]
    B n=2000 k=50 s=50 FEAT 4000x100: 20 brains (V x seed) in one launch, 18432 steps  [16s]
    B n=2000 k=50 s=50 FEAT 4000x100: 20 brains (V x seed) in one launch, 36864 steps  [35s]
      V=  16: type-acc 1.000 1.000 1.000 0.938 1.000 1.000 1.000 1.000 1.000 1.000 0.938 0.938 1.000 1.000 1.000 1.000 1.000 1.000 1.000 1.000  (chance 0.062)
      V=  32: type-acc 1.000 1.000 1.000 1.000 1.000 1.000 1.000 1.000 0.969 1.000 0.875 1.000 1.000 0.969 1.000 0.969 0.969 1.000 0.969 0.969  (chance 0.031)
      V=  64: type-acc 0.969 0.984 0.984 0.984 0.938 0.969 0.937 0.984 0.938 0.938 1.000 1.000 0.969 0.969 0.891 0.953 0.984 0.953 1.000 0.984  (chance 0.016)
      V= 128: type-acc 0.953 0.938 0.969 0.961 0.953 0.930 0.930 0.930 0.883 0.906 0.961 0.922 0.945 0.930 0.953 0.961 0.977 0.961 0.961 0.938  (chance 0.008)
      V= 256: type-acc 0.883 0.898 0.879 0.891 0.918 0.871 0.887 0.863 0.906 0.891 0.855 0.922 0.895 0.906 0.906 0.871 0.879 0.906 0.891 0.898  (chance 0.004)
      V= 512: type-acc 0.697 0.716 0.734 0.762 0.738 0.713 0.734 0.713 0.750 0.721 0.742 0.693 0.728 0.746 0.737 0.740 0.770 0.737 0.754 0.708  (chance 0.002)
      V=1024: type-acc 0.426 0.415 0.444 0.408 0.436 0.440 0.448 0.445 0.420 0.449 0.447 0.412 0.431 0.436 0.435 0.453 0.426 0.416 0.424 0.457  (chance 0.001)
    C n=4000 k=50 s=50 FEAT 4000x100: 20 brains (V x seed) in one launch, 576 steps  [1s]
    C n=4000 k=50 s=50 FEAT 4000x100: 20 brains (V x seed) in one launch, 1152 steps  [1s]
    C n=4000 k=50 s=50 FEAT 4000x100: 20 brains (V x seed) in one launch, 2304 steps  [2s]
    C n=4000 k=50 s=50 FEAT 4000x100: 20 brains (V x seed) in one launch, 4608 steps  [4s]
    C n=4000 k=50 s=50 FEAT 4000x100: 20 brains (V x seed) in one launch, 9216 steps  [8s]
    C n=4000 k=50 s=50 FEAT 4000x100: 20 brains (V x seed) in one launch, 18432 steps  [16s]
    C n=4000 k=50 s=50 FEAT 4000x100: 20 brains (V x seed) in one launch, 36864 steps  [34s]
      V=  16: type-acc 1.000 1.000 1.000 1.000 1.000 1.000 1.000 1.000 1.000 1.000 1.000 1.000 1.000 1.000 1.000 1.000 1.000 1.000 1.000 1.000  (chance 0.062)
      V=  32: type-acc 1.000 1.000 1.000 1.000 1.000 1.000 1.000 1.000 1.000 1.000 1.000 1.000 1.000 1.000 1.000 1.000 1.000 1.000 1.000 1.000  (chance 0.031)
      V=  64: type-acc 0.969 1.000 0.984 1.000 1.000 0.984 0.937 1.000 0.984 0.984 0.984 0.984 0.984 0.984 0.969 0.984 1.000 0.984 1.000 1.000  (chance 0.016)
      V= 128: type-acc 0.961 0.945 0.969 0.992 0.977 0.961 0.953 0.945 0.961 0.984 0.961 0.945 0.961 0.977 0.977 0.984 0.984 0.992 0.969 0.969  (chance 0.008)
      V= 256: type-acc 0.895 0.941 0.926 0.949 0.945 0.934 0.941 0.930 0.945 0.910 0.898 0.957 0.949 0.945 0.938 0.957 0.945 0.957 0.949 0.945  (chance 0.004)
      V= 512: type-acc 0.795 0.800 0.791 0.834 0.830 0.799 0.789 0.787 0.824 0.781 0.812 0.832 0.793 0.812 0.806 0.846 0.832 0.800 0.826 0.818  (chance 0.002)
      V=1024: type-acc 0.516 0.483 0.512 0.483 0.479 0.479 0.508 0.492 0.503 0.484 0.502 0.483 0.506 0.477 0.489 0.501 0.476 0.500 0.508 0.464  (chance 0.001)
p=0.1 beta=0.1: A 99.3 (0 censored), B 229.1 (0 censored), C 314.6 (0 censored)
    A n=1000 k=50 s=50 FEAT 4000x100: 20 brains (V x seed) in one launch, 576 steps  [1s]
    A n=1000 k=50 s=50 FEAT 4000x100: 20 brains (V x seed) in one launch, 1152 steps  [1s]
    A n=1000 k=50 s=50 FEAT 4000x100: 20 brains (V x seed) in one launch, 2304 steps  [2s]
    A n=1000 k=50 s=50 FEAT 4000x100: 20 brains (V x seed) in one launch, 4608 steps  [4s]
    A n=1000 k=50 s=50 FEAT 4000x100: 20 brains (V x seed) in one launch, 9216 steps  [8s]
    A n=1000 k=50 s=50 FEAT 4000x100: 20 brains (V x seed) in one launch, 18432 steps  [17s]
    A n=1000 k=50 s=50 FEAT 4000x100: 20 brains (V x seed) in one launch, 36864 steps  [38s]
      V=  16: type-acc 0.875 1.000 0.875 0.938 0.938 1.000 0.875 1.000 1.000 1.000 1.000 0.875 0.938 0.938 1.000 0.875 1.000 1.000 1.000 0.938  (chance 0.062)
      V=  32: type-acc 0.906 0.938 1.000 0.969 0.969 0.969 1.000 0.938 0.938 0.938 0.906 0.875 1.000 0.969 1.000 0.938 0.969 0.938 0.938 0.844  (chance 0.031)
      V=  64: type-acc 0.875 0.906 0.875 0.969 0.891 0.875 0.952 0.922 0.891 0.906 0.906 0.938 0.953 0.906 0.875 0.891 0.938 0.844 0.891 0.969  (chance 0.016)
      V= 128: type-acc 0.891 0.781 0.859 0.836 0.781 0.812 0.859 0.781 0.812 0.867 0.850 0.766 0.789 0.852 0.859 0.844 0.812 0.789 0.812 0.805  (chance 0.008)
      V= 256: type-acc 0.574 0.582 0.566 0.613 0.598 0.594 0.594 0.602 0.633 0.621 0.561 0.570 0.629 0.582 0.523 0.551 0.645 0.617 0.562 0.594  (chance 0.004)
      V= 512: type-acc 0.348 0.319 0.348 0.330 0.339 0.332 0.361 0.318 0.324 0.350 0.338 0.318 0.315 0.316 0.340 0.332 0.326 0.333 0.361 0.329  (chance 0.002)
      V=1024: type-acc 0.149 0.120 0.136 0.132 0.128 0.140 0.141 0.134 0.133 0.141 0.130 0.131 0.142 0.141 0.131 0.138 0.149 0.141 0.140 0.146  (chance 0.001)
    B n=2000 k=50 s=50 FEAT 4000x100: 20 brains (V x seed) in one launch, 576 steps  [1s]
    B n=2000 k=50 s=50 FEAT 4000x100: 20 brains (V x seed) in one launch, 1152 steps  [1s]
    B n=2000 k=50 s=50 FEAT 4000x100: 20 brains (V x seed) in one launch, 2304 steps  [2s]
    B n=2000 k=50 s=50 FEAT 4000x100: 20 brains (V x seed) in one launch, 4608 steps  [4s]
    B n=2000 k=50 s=50 FEAT 4000x100: 20 brains (V x seed) in one launch, 9216 steps  [8s]
    B n=2000 k=50 s=50 FEAT 4000x100: 20 brains (V x seed) in one launch, 18432 steps  [17s]
    B n=2000 k=50 s=50 FEAT 4000x100: 20 brains (V x seed) in one launch, 36864 steps  [37s]
      V=  16: type-acc 1.000 1.000 1.000 1.000 1.000 1.000 1.000 1.000 1.000 1.000 1.000 1.000 1.000 1.000 1.000 0.938 1.000 1.000 0.938 1.000  (chance 0.062)
      V=  32: type-acc 1.000 0.938 1.000 1.000 1.000 0.969 0.969 1.000 0.969 1.000 0.938 0.938 1.000 1.000 0.969 0.969 0.906 1.000 0.969 1.000  (chance 0.031)
      V=  64: type-acc 0.953 0.938 0.969 0.984 0.953 0.984 0.921 1.000 0.922 0.969 0.969 1.000 0.969 0.984 0.938 0.984 1.000 0.938 0.969 1.000  (chance 0.016)
      V= 128: type-acc 0.930 0.906 0.961 0.938 0.875 0.906 0.945 0.914 0.922 0.914 0.890 0.883 0.930 0.922 0.938 0.961 0.914 0.938 0.938 0.906  (chance 0.008)
      V= 256: type-acc 0.793 0.828 0.773 0.824 0.805 0.797 0.766 0.801 0.812 0.812 0.784 0.844 0.840 0.781 0.812 0.766 0.801 0.820 0.809 0.789  (chance 0.004)
      V= 512: type-acc 0.550 0.568 0.572 0.582 0.575 0.568 0.584 0.555 0.570 0.566 0.592 0.561 0.548 0.574 0.548 0.592 0.590 0.580 0.561 0.568  (chance 0.002)
      V=1024: type-acc 0.320 0.319 0.287 0.297 0.299 0.310 0.311 0.324 0.283 0.323 0.289 0.300 0.307 0.293 0.295 0.308 0.291 0.322 0.291 0.303  (chance 0.001)
    C n=4000 k=50 s=50 FEAT 4000x100: 20 brains (V x seed) in one launch, 576 steps  [1s]
    C n=4000 k=50 s=50 FEAT 4000x100: 20 brains (V x seed) in one launch, 1152 steps  [1s]
    C n=4000 k=50 s=50 FEAT 4000x100: 20 brains (V x seed) in one launch, 2304 steps  [2s]
    C n=4000 k=50 s=50 FEAT 4000x100: 20 brains (V x seed) in one launch, 4608 steps  [4s]
    C n=4000 k=50 s=50 FEAT 4000x100: 20 brains (V x seed) in one launch, 9216 steps  [9s]
    C n=4000 k=50 s=50 FEAT 4000x100: 20 brains (V x seed) in one launch, 18432 steps  [16s]
    C n=4000 k=50 s=50 FEAT 4000x100: 20 brains (V x seed) in one launch, 36864 steps  [34s]
      V=  16: type-acc 1.000 1.000 1.000 1.000 1.000 1.000 1.000 1.000 1.000 1.000 1.000 1.000 1.000 1.000 1.000 1.000 1.000 1.000 1.000 1.000  (chance 0.062)
      V=  32: type-acc 1.000 1.000 1.000 1.000 1.000 1.000 1.000 1.000 0.969 1.000 1.000 0.969 1.000 1.000 1.000 0.969 1.000 1.000 1.000 1.000  (chance 0.031)
      V=  64: type-acc 0.969 0.984 0.984 1.000 1.000 0.969 0.984 0.969 1.000 0.969 1.000 1.000 0.984 1.000 0.984 1.000 1.000 0.984 1.000 1.000  (chance 0.016)
      V= 128: type-acc 0.969 0.953 0.992 0.953 0.961 0.953 0.945 0.945 0.953 0.977 0.969 0.969 0.961 0.953 0.992 0.953 0.977 0.953 0.953 0.961  (chance 0.008)
      V= 256: type-acc 0.770 0.836 0.832 0.824 0.832 0.797 0.840 0.797 0.832 0.789 0.804 0.801 0.816 0.820 0.801 0.812 0.801 0.840 0.840 0.777  (chance 0.004)
      V= 512: type-acc 0.542 0.556 0.561 0.566 0.560 0.576 0.584 0.551 0.553 0.547 0.572 0.574 0.540 0.543 0.542 0.590 0.604 0.573 0.590 0.573  (chance 0.002)
      V=1024: type-acc 0.315 0.337 0.322 0.319 0.304 0.308 0.331 0.331 0.325 0.331 0.330 0.326 0.313 0.303 0.331 0.333 0.310 0.316 0.319 0.297  (chance 0.001)
p=0.1 beta=0.2: A 66.1 (0 censored), B 143.1 (0 censored), C 171.4 (0 censored)
    A n=1000 k=50 s=50 FEAT 4000x100: 20 brains (V x seed) in one launch, 576 steps  [1s]
    A n=1000 k=50 s=50 FEAT 4000x100: 20 brains (V x seed) in one launch, 1152 steps  [1s]
    A n=1000 k=50 s=50 FEAT 4000x100: 20 brains (V x seed) in one launch, 2304 steps  [2s]
    A n=1000 k=50 s=50 FEAT 4000x100: 20 brains (V x seed) in one launch, 4608 steps  [4s]
    A n=1000 k=50 s=50 FEAT 4000x100: 20 brains (V x seed) in one launch, 9216 steps  [8s]
    A n=1000 k=50 s=50 FEAT 4000x100: 20 brains (V x seed) in one launch, 18432 steps  [17s]
    A n=1000 k=50 s=50 FEAT 4000x100: 20 brains (V x seed) in one launch, 36864 steps  [38s]
      V=  16: type-acc 0.875 1.000 0.938 1.000 0.938 1.000 0.938 1.000 1.000 1.000 1.000 1.000 1.000 1.000 1.000 1.000 1.000 1.000 1.000 1.000  (chance 0.062)
      V=  32: type-acc 0.969 0.938 1.000 1.000 1.000 1.000 1.000 1.000 1.000 1.000 0.938 0.938 1.000 1.000 1.000 0.938 0.969 1.000 0.969 1.000  (chance 0.031)
      V=  64: type-acc 0.938 0.922 0.969 0.953 0.891 0.891 0.921 0.922 0.922 0.953 0.922 0.953 0.953 0.938 0.891 0.969 0.953 0.891 0.938 0.953  (chance 0.016)
      V= 128: type-acc 0.797 0.742 0.836 0.812 0.789 0.852 0.883 0.758 0.789 0.805 0.803 0.773 0.828 0.836 0.789 0.859 0.773 0.820 0.812 0.773  (chance 0.008)
      V= 256: type-acc 0.480 0.551 0.500 0.520 0.523 0.578 0.562 0.523 0.531 0.562 0.545 0.559 0.527 0.551 0.520 0.543 0.574 0.551 0.539 0.590  (chance 0.004)
      V= 512: type-acc 0.264 0.266 0.268 0.281 0.262 0.270 0.271 0.262 0.264 0.268 0.285 0.248 0.264 0.283 0.273 0.270 0.264 0.253 0.256 0.278  (chance 0.002)
      V=1024: type-acc 0.104 0.090 0.111 0.108 0.088 0.104 0.106 0.095 0.106 0.104 0.104 0.094 0.093 0.095 0.092 0.106 0.107 0.105 0.109 0.107  (chance 0.001)
    B n=2000 k=50 s=50 FEAT 4000x100: 20 brains (V x seed) in one launch, 576 steps  [1s]
    B n=2000 k=50 s=50 FEAT 4000x100: 20 brains (V x seed) in one launch, 1152 steps  [1s]
    B n=2000 k=50 s=50 FEAT 4000x100: 20 brains (V x seed) in one launch, 2304 steps  [2s]
    B n=2000 k=50 s=50 FEAT 4000x100: 20 brains (V x seed) in one launch, 4608 steps  [4s]
    B n=2000 k=50 s=50 FEAT 4000x100: 20 brains (V x seed) in one launch, 9216 steps  [8s]
    B n=2000 k=50 s=50 FEAT 4000x100: 20 brains (V x seed) in one launch, 18432 steps  [17s]
    B n=2000 k=50 s=50 FEAT 4000x100: 20 brains (V x seed) in one launch, 36864 steps  [37s]
      V=  16: type-acc 1.000 1.000 1.000 1.000 1.000 1.000 1.000 1.000 1.000 1.000 1.000 1.000 1.000 1.000 1.000 1.000 1.000 1.000 1.000 1.000  (chance 0.062)
      V=  32: type-acc 1.000 1.000 1.000 1.000 1.000 1.000 1.000 1.000 1.000 1.000 1.000 1.000 1.000 1.000 1.000 1.000 0.969 1.000 1.000 1.000  (chance 0.031)
      V=  64: type-acc 0.969 0.969 0.953 0.984 0.969 0.984 1.000 1.000 0.969 0.969 0.938 0.969 0.984 0.953 0.953 0.984 0.984 1.000 0.984 1.000  (chance 0.016)
      V= 128: type-acc 0.867 0.852 0.945 0.898 0.867 0.906 0.883 0.922 0.891 0.836 0.858 0.875 0.883 0.891 0.867 0.906 0.938 0.930 0.906 0.898  (chance 0.008)
      V= 256: type-acc 0.703 0.723 0.660 0.715 0.723 0.750 0.703 0.691 0.727 0.723 0.690 0.727 0.734 0.727 0.734 0.645 0.723 0.719 0.727 0.723  (chance 0.004)
      V= 512: type-acc 0.444 0.464 0.455 0.441 0.452 0.438 0.467 0.445 0.443 0.459 0.484 0.430 0.444 0.465 0.426 0.422 0.455 0.437 0.443 0.436  (chance 0.002)
      V=1024: type-acc 0.228 0.215 0.215 0.218 0.220 0.232 0.213 0.227 0.221 0.229 0.218 0.216 0.231 0.219 0.222 0.231 0.209 0.228 0.222 0.214  (chance 0.001)
    C n=4000 k=50 s=50 FEAT 4000x100: 20 brains (V x seed) in one launch, 576 steps  [1s]
    C n=4000 k=50 s=50 FEAT 4000x100: 20 brains (V x seed) in one launch, 1152 steps  [1s]
    C n=4000 k=50 s=50 FEAT 4000x100: 20 brains (V x seed) in one launch, 2304 steps  [2s]
    C n=4000 k=50 s=50 FEAT 4000x100: 20 brains (V x seed) in one launch, 4608 steps  [4s]
    C n=4000 k=50 s=50 FEAT 4000x100: 20 brains (V x seed) in one launch, 9216 steps  [10s]
    C n=4000 k=50 s=50 FEAT 4000x100: 20 brains (V x seed) in one launch, 18432 steps  [17s]
    C n=4000 k=50 s=50 FEAT 4000x100: 20 brains (V x seed) in one launch, 36864 steps  [37s]
      V=  16: type-acc 1.000 1.000 1.000 1.000 1.000 1.000 1.000 1.000 1.000 0.938 1.000 1.000 1.000 1.000 1.000 1.000 1.000 1.000 1.000 1.000  (chance 0.062)
      V=  32: type-acc 1.000 1.000 1.000 1.000 1.000 1.000 1.000 1.000 0.969 1.000 1.000 1.000 1.000 1.000 1.000 1.000 1.000 1.000 1.000 1.000  (chance 0.031)
      V=  64: type-acc 1.000 0.969 0.969 1.000 1.000 0.984 1.000 1.000 0.984 0.984 1.000 0.984 0.984 0.984 0.984 0.984 1.000 0.984 0.984 0.984  (chance 0.016)
      V= 128: type-acc 0.953 0.922 0.945 0.891 0.922 0.914 0.938 0.906 0.898 0.906 0.921 0.914 0.906 0.953 0.945 0.938 0.953 0.945 0.938 0.914  (chance 0.008)
      V= 256: type-acc 0.688 0.750 0.684 0.754 0.746 0.730 0.703 0.695 0.695 0.699 0.671 0.707 0.738 0.719 0.762 0.742 0.730 0.781 0.727 0.715  (chance 0.004)
      V= 512: type-acc 0.454 0.470 0.463 0.461 0.468 0.461 0.443 0.445 0.471 0.438 0.486 0.426 0.466 0.449 0.446 0.455 0.494 0.447 0.451 0.477  (chance 0.002)
      V=1024: type-acc 0.262 0.239 0.247 0.253 0.243 0.250 0.255 0.258 0.240 0.242 0.238 0.244 0.242 0.236 0.246 0.240 0.245 0.250 0.250 0.238  (chance 0.001)
p=0.1 beta=0.4: A 76.7 (0 censored), B 118.0 (0 censored), C 139.6 (0 censored)
