(2000, 60) c=1: rank-1 16, completion 16
(2000, 60) c=2: rank-1 16, completion 16
(2000, 60) c=3: rank-1 16, completion 16
(2000, 60) c=4: rank-1 16, completion 16
(2000, 60) c=5: rank-1 825, completion 17
(2000, 60) c=6: rank-1 657, completion 108
(2000, 60) c=8: rank-1 525, completion 192
(2000, 60) c=11: rank-1 477, completion 210
(2000, 60) c=16: rank-1 687, completion 277
(2000, 60) c=23: rank-1 756, completion 573
(2000, 60) c=32: rank-1 678, completion 625
(4000, 120) c=1: rank-1 16, completion 16
(4000, 120) c=2: rank-1 16, completion 16
(4000, 120) c=3: rank-1 16, completion 16
(4000, 120) c=4: rank-1 1005, completion 100
(4000, 120) c=5: rank-1 873, completion 311
(4000, 120) c=6: rank-1 743, completion 356
(4000, 120) c=8: rank-1 691, completion 350
(4000, 120) c=11: rank-1 910, completion 392
(4000, 120) c=16: rank-1 1231, completion 711
(4000, 120) c=23: rank-1 1238, completion 888
(4000, 120) c=32: rank-1 1017, completion 887
(4000, 60) c=1: rank-1 16, completion 16
(4000, 60) c=2: rank-1 16, completion 16
(4000, 60) c=3: rank-1 16, completion 16
(4000, 60) c=4: rank-1 16, completion 16
(4000, 60) c=5: rank-1 3623, completion 16
(4000, 60) c=6: rank-1 3055, completion 483
(4000, 60) c=8: rank-1 2539, completion 869
(4000, 60) c=11: rank-1 2619, completion 1010
(4000, 60) c=16: rank-1 3164, completion 1556
(4000, 60) c=23: rank-1 3299, completion 2457
(4000, 60) c=32: rank-1 2574, completion 2499
(8000, 120) c=1: rank-1 16, completion 16
(8000, 120) c=2: rank-1 16, completion 16
(8000, 120) c=3: rank-1 16, completion 16
(8000, 120) c=4: rank-1 4712, completion 284
(8000, 120) c=5: rank-1 4214, completion 1554
(8000, 120) c=6: rank-1 3997, completion 1867
(8000, 120) c=8: rank-1 4421, completion 2042
(8000, 120) c=11: rank-1 4993, completion 2582
(8000, 120) c=16: rank-1 5021, completion 3727
(8000, 120) c=23: rank-1 5017, completion 4021
(8000, 120) c=32: rank-1 3737, completion 3547
(8000, 60) c=1: rank-1 16, completion 16
(8000, 60) c=2: rank-1 16, completion 16
(8000, 60) c=3: rank-1 16, completion 16
(8000, 60) c=4: rank-1 19208, completion 16
(8000, 60) c=5: rank-1 15131, completion 16
(8000, 60) c=6: rank-1 13256, completion 1670
(8000, 60) c=8: rank-1 11103, completion 3478
(8000, 60) c=11: rank-1 11788, completion 4489
(8000, 60) c=16: rank-1 13020, completion 6805
(8000, 60) c=23: rank-1 12957, completion 9929
(8000, 60) c=32: rank-1 10069, completion 9968
(2000, 30) c=1: rank-1 16, completion 16
(2000, 30) c=2: rank-1 16, completion 16
(2000, 30) c=3: rank-1 16, completion 16
(2000, 30) c=4: rank-1 16, completion 16
(2000, 30) c=5: rank-1 16, completion 16
(2000, 30) c=6: rank-1 2783, completion 16
(2000, 30) c=8: rank-1 1795, completion 168
(2000, 30) c=11: rank-1 1257, completion 335
(2000, 30) c=16: rank-1 1231, completion 353
(2000, 30) c=23: rank-1 1768, completion 1115
(2000, 30) c=32: rank-1 1752, completion 1314
(4000, 30) c=1: rank-1 16, completion 16
(4000, 30) c=2: rank-1 16, completion 16
(4000, 30) c=3: rank-1 16, completion 16
(4000, 30) c=4: rank-1 16, completion 16
(4000, 30) c=5: rank-1 15221, completion 16
(4000, 30) c=6: rank-1 11161, completion 16
(4000, 30) c=8: rank-1 7402, completion 599
(4000, 30) c=11: rank-1 5154, completion 1197
(4000, 30) c=16: rank-1 5387, completion 1383
(4000, 30) c=23: rank-1 6984, completion 4331
(4000, 30) c=32: rank-1 6428, completion 4990
wrote C:\Github\assemblies-runs-20260930b\research\results\runs\memory.write-strength\write-strength-20260930\results.json
